/opt/conda/lib/python3.11/site-packages/timm/models/layers/__init__.py:49: FutureWarning: Importing from timm.models.layers is deprecated, please import via timm.layers
  warnings.warn(f"Importing from {__name__} is deprecated, please import via timm.layers", FutureWarning)
============================================================
Model: echodiffusion_ambi  Dataset: soundspaces
BS: 128  LR: 0.0001  Opt: AdamW
============================================================
Loaded scene split from /root/local1/changwoo/matterport3d_0303renew/scene_split.json
  train: 72, val: 9, test: 9
[train] 23560 samples (fast cache: samples_train_erp_8b3be925d3ae.json) [ambisonic=ON]
  Precomputed SH basis matrix: (131072, 4) (order=1)
Loaded scene split from /root/local1/changwoo/matterport3d_0303renew/scene_split.json
  train: 72, val: 9, test: 9
[val] 2951 samples (fast cache: samples_val_erp_be0f29dd7abf.json) [ambisonic=ON]
  Precomputed SH basis matrix: (131072, 4) (order=1)
Train: 23560, Val: 2951
  [echodiff_ambi] foa_mode=condition K=8 spec_in=2 use_cide=False gate_learnable=True
Model: echodiffusion_ambi (37.4M params)
Epoch [1/40] L:0.6710 D:0.6270 F:0.0000 195s
Epoch [2/40] L:0.2698 D:0.2259 F:0.0000 184s
Epoch [3/40] L:0.2565 D:0.2127 F:0.0000 183s
Epoch [4/40] L:0.2486 D:0.2050 F:0.0000 184s
  [val] starting (24 batches)
  [val] done (24 batches, 23s)
  Val L:0.2383 ABS:0.4315 RMSE:1.4231 d1:0.5016
  >> Best (score:1.1256 RMSE:1.4231 ABS:0.4315)
Epoch [5/40] L:0.2439 D:0.2003 F:0.0000 184s
Epoch [6/40] L:0.2393 D:0.1958 F:0.0000 184s
Epoch [7/40] L:0.2361 D:0.1927 F:0.0000 185s
Epoch [8/40] L:0.2319 D:0.1886 F:0.0000 184s
  [val] starting (24 batches)
  [val] done (24 batches, 24s)
  Val L:0.2507 ABS:0.5869 RMSE:1.4083 d1:0.4567
Epoch [9/40] L:0.2268 D:0.1837 F:0.0000 185s
Epoch [10/40] L:0.2226 D:0.1795 F:0.0000 186s
Epoch [11/40] L:0.2186 D:0.1756 F:0.0000 185s
Epoch [12/40] L:0.2123 D:0.1695 F:0.0000 184s
  [val] starting (24 batches)
  [val] done (24 batches, 23s)
  Val L:0.2454 ABS:0.3853 RMSE:1.4607 d1:0.4848
Epoch [13/40] L:0.2043 D:0.1616 F:0.0000 185s
Epoch [14/40] L:0.1968 D:0.1542 F:0.0000 184s
Epoch [15/40] L:0.1893 D:0.1468 F:0.0000 184s
Epoch [16/40] L:0.1837 D:0.1413 F:0.0000 184s
  [val] starting (24 batches)
  [val] done (24 batches, 24s)
  Val L:0.2419 ABS:0.4375 RMSE:1.4075 d1:0.5218
  >> Best (score:1.1165 RMSE:1.4075 ABS:0.4375)
Epoch [17/40] L:0.1772 D:0.1349 F:0.0000 184s
Epoch [18/40] L:0.1711 D:0.1290 F:0.0000 184s
Epoch [19/40] L:0.1655 D:0.1235 F:0.0000 185s
Epoch [20/40] L:0.1603 D:0.1184 F:0.0000 183s
  [val] starting (24 batches)
  [val] done (24 batches, 24s)
  Val L:0.2499 ABS:0.4193 RMSE:1.4242 d1:0.5106
Epoch [21/40] L:0.1558 D:0.1140 F:0.0000 185s
Epoch [22/40] L:0.1513 D:0.1096 F:0.0000 185s
Epoch [23/40] L:0.1472 D:0.1056 F:0.0000 184s
Epoch [24/40] L:0.1439 D:0.1025 F:0.0000 184s
  [val] starting (24 batches)
  [val] done (24 batches, 23s)
  Val L:0.2488 ABS:0.4395 RMSE:1.4305 d1:0.5257
Epoch [25/40] L:0.1391 D:0.0979 F:0.0000 183s
Epoch [26/40] L:0.1346 D:0.0935 F:0.0000 184s
Epoch [27/40] L:0.1303 D:0.0893 F:0.0000 183s
Epoch [28/40] L:0.1304 D:0.0896 F:0.0000 184s
  [val] starting (24 batches)
  [val] done (24 batches, 23s)
  Val L:0.2621 ABS:0.4167 RMSE:1.4670 d1:0.5006
Epoch [29/40] L:0.1263 D:0.0856 F:0.0000 184s
Epoch [30/40] L:0.1259 D:0.0854 F:0.0000 185s
Epoch [31/40] L:0.1240 D:0.0836 F:0.0000 183s
Epoch [32/40] L:0.1218 D:0.0816 F:0.0000 183s
  [val] starting (24 batches)
  [val] done (24 batches, 23s)
  Val L:0.2514 ABS:0.4385 RMSE:1.4358 d1:0.5350
Epoch [33/40] L:0.1190 D:0.0789 F:0.0000 183s
Epoch [34/40] L:0.1158 D:0.0759 F:0.0000 185s
Epoch [35/40] L:0.1157 D:0.0759 F:0.0000 186s
Epoch [36/40] L:0.1154 D:0.0758 F:0.0000 184s
  [val] starting (24 batches)
  [val] done (24 batches, 23s)
  Val L:0.2607 ABS:0.4364 RMSE:1.4583 d1:0.5158
Epoch [37/40] L:0.1150 D:0.0755 F:0.0000 183s
Epoch [38/40] L:0.1130 D:0.0737 F:0.0000 183s
Epoch [39/40] L:0.1101 D:0.0710 F:0.0000 184s
Epoch [40/40] L:0.1077 D:0.0687 F:0.0000 185s
  [val] starting (24 batches)
  [val] done (24 batches, 23s)
  Val L:0.2663 ABS:0.4365 RMSE:1.4813 d1:0.5123

Done. Best score:1.1165 RMSE:1.4075 ABS:0.4375
