============================================================
Model: audio_depth_foa  Dataset: soundspaces
BS: 32  LR: 0.001  Opt: AdamW
============================================================
Loaded scene split from /root/storage/matterport3d_0303renew/scene_split.json
  train: 72, val: 9, test: 9
[train] 23560 samples from 72 scenes (filtered 5240 with >10% no-depth) [ambisonic=ON]
  Precomputed SH basis matrix: (131072, 4) (order=1)
Loaded scene split from /root/storage/matterport3d_0303renew/scene_split.json
  train: 72, val: 9, test: 9
[val] 2951 samples from 9 scenes (filtered 592 with >10% no-depth) [ambisonic=ON]
  Precomputed SH basis matrix: (131072, 4) (order=1)
Train: 23560, Val: 2951
Model: audio_depth_foa (55.0M params)
Epoch [1/40] L:0.5595 D:0.2544 F:0.0685 H:0.3697 KL:0.0000 335s
Epoch [2/40] L:0.4855 D:0.2192 F:0.0519 H:0.3682 KL:0.0000 303s
Epoch [3/40] L:0.4607 D:0.2073 F:0.0463 H:0.3695 KL:0.0000 258s
Epoch [4/40] L:0.4464 D:0.2006 F:0.0427 H:0.3663 KL:0.0000 238s
  Val L:0.5159 ABS:0.4720 RMSE:1.2830 d1:0.4900
  >> Best (score:1.0397 RMSE:1.2830 ABS:0.4720)
Epoch [5/40] L:0.4320 D:0.1939 F:0.0397 H:0.3621 KL:0.0000 246s
Epoch [6/40] L:0.4212 D:0.1889 F:0.0380 H:0.3579 KL:0.0000 241s
Epoch [7/40] L:0.4121 D:0.1847 F:0.0363 H:0.3537 KL:0.0000 244s
Epoch [8/40] L:0.4049 D:0.1813 F:0.0358 H:0.3516 KL:0.0000 246s
  Val L:0.4791 ABS:0.4216 RMSE:1.2360 d1:0.5027
  >> Best (score:0.9916 RMSE:1.2360 ABS:0.4216)
Epoch [9/40] L:0.3965 D:0.1772 F:0.0347 H:0.3512 KL:0.0000 234s
Epoch [10/40] L:0.3896 D:0.1738 F:0.0341 H:0.3516 KL:0.0000 232s
Epoch [11/40] L:0.3812 D:0.1698 F:0.0337 H:0.3490 KL:0.0000 228s
Epoch [12/40] L:0.3730 D:0.1659 F:0.0330 H:0.3459 KL:0.0000 237s
  Val L:0.4806 ABS:0.3964 RMSE:1.2570 d1:0.5160
Epoch [13/40] L:0.3641 D:0.1618 F:0.0326 H:0.3395 KL:0.0000 245s
Epoch [14/40] L:0.3540 D:0.1572 F:0.0320 H:0.3331 KL:0.0000 221s
Epoch [15/40] L:0.3450 D:0.1530 F:0.0319 H:0.3266 KL:0.0000 241s
Epoch [16/40] L:0.3340 D:0.1478 F:0.0314 H:0.3204 KL:0.0000 230s
  Val L:0.4769 ABS:0.3964 RMSE:1.2245 d1:0.5336
  >> Best (score:0.9761 RMSE:1.2245 ABS:0.3964)
Epoch [17/40] L:0.3228 D:0.1425 F:0.0310 H:0.3166 KL:0.0000 237s
Epoch [18/40] L:0.3114 D:0.1370 F:0.0310 H:0.3121 KL:0.0000 232s
Epoch [19/40] L:0.3003 D:0.1317 F:0.0302 H:0.3086 KL:0.0000 220s
Epoch [20/40] L:0.2882 D:0.1258 F:0.0302 H:0.3051 KL:0.0000 222s
  Val L:0.5055 ABS:0.4611 RMSE:1.2495 d1:0.5295
Epoch [21/40] L:0.2777 D:0.1208 F:0.0298 H:0.3017 KL:0.0000 223s
Epoch [22/40] L:0.2650 D:0.1147 F:0.0292 H:0.2981 KL:0.0000 233s
Epoch [23/40] L:0.2539 D:0.1092 F:0.0291 H:0.2967 KL:0.0000 233s
Epoch [24/40] L:0.2430 D:0.1040 F:0.0291 H:0.2924 KL:0.0000 224s
  Val L:0.5254 ABS:0.3990 RMSE:1.2764 d1:0.5213
Epoch [25/40] L:0.2340 D:0.0996 F:0.0288 H:0.2910 KL:0.0000 222s
Epoch [26/40] L:0.2229 D:0.0943 F:0.0282 H:0.2877 KL:0.0000 223s
Epoch [27/40] L:0.2132 D:0.0896 F:0.0280 H:0.2842 KL:0.0000 211s
Epoch [28/40] L:0.2054 D:0.0858 F:0.0277 H:0.2825 KL:0.0000 226s
  Val L:0.5253 ABS:0.4399 RMSE:1.2748 d1:0.5287
Epoch [29/40] L:0.1973 D:0.0819 F:0.0273 H:0.2810 KL:0.0000 206s
Epoch [30/40] L:0.1905 D:0.0786 F:0.0271 H:0.2793 KL:0.0000 198s
Epoch [31/40] L:0.1843 D:0.0755 F:0.0270 H:0.2785 KL:0.0000 190s
Epoch [32/40] L:0.1777 D:0.0723 F:0.0270 H:0.2765 KL:0.0000 199s
  Val L:0.5508 ABS:0.4797 RMSE:1.3184 d1:0.5258
Epoch [33/40] L:0.1713 D:0.0693 F:0.0265 H:0.2741 KL:0.0000 194s
Epoch [34/40] L:0.1661 D:0.0669 F:0.0262 H:0.2716 KL:0.0000 186s
Epoch [35/40] L:0.1611 D:0.0644 F:0.0261 H:0.2716 KL:0.0000 191s
Epoch [36/40] L:0.1556 D:0.0618 F:0.0259 H:0.2689 KL:0.0000 180s
  Val L:0.5386 ABS:0.4375 RMSE:1.3028 d1:0.5296
Epoch [37/40] L:0.1509 D:0.0595 F:0.0257 H:0.2683 KL:0.0000 173s
Epoch [38/40] L:0.1466 D:0.0574 F:0.0256 H:0.2666 KL:0.0000 181s
Epoch [39/40] L:0.1435 D:0.0559 F:0.0254 H:0.2657 KL:0.0000 177s
Epoch [40/40] L:0.1394 D:0.0540 F:0.0251 H:0.2634 KL:0.0000 178s
  Val L:0.5470 ABS:0.4690 RMSE:1.3181 d1:0.5304

Done. Best score:0.9761 RMSE:1.2245 ABS:0.3964
