Some weights of Wav2Vec2Model were not initialized from the model checkpoint at facebook/wav2vec2-base-960h and are newly initialized: ['masked_spec_embed']
You should probably TRAIN this model on a down-stream task to be able to use it for predictions and inference.
wandb: [wandb.login()] Loaded credentials for https://api.wandb.ai from /root/.netrc.
wandb: Currently logged in as: branden to https://api.wandb.ai. Use `wandb login --relogin` to force relogin
wandb: setting up run k5zgfdqd
wandb: Tracking run with wandb version 0.25.1
wandb: Run data is saved locally in /root/storage/implementation/shared_audio/baseline/wandb/run-20260409_230914-k5zgfdqd
wandb: Run `wandb offline` to turn off syncing.
wandb: Syncing run echodiffusion_soundspaces_BS16_Lr5e-05_AdamW_exp124_echodiff_wav2vec_lr5e5_bs16
wandb: ⭐️ View project at https://wandb.ai/branden/neurips_audio_depth
wandb: 🚀 View run at https://wandb.ai/branden/neurips_audio_depth/runs/k5zgfdqd
============================================================
Model: echodiffusion  Dataset: soundspaces
BS: 16  LR: 5e-05  Opt: AdamW
============================================================
Loaded scene split from /root/storage/matterport3d_0303renew/scene_split.json
  train: 72, val: 9, test: 9
[train] 23560 samples from 72 scenes (filtered 5240 with >10% no-depth) [waveform=ON]
Loaded scene split from /root/storage/matterport3d_0303renew/scene_split.json
  train: 72, val: 9, test: 9
[val] 2951 samples from 9 scenes (filtered 592 with >10% no-depth) [waveform=ON]
Train: 23560, Val: 2951
Model: echodiffusion (132.6M params)
Epoch [1/40] L:0.3141 D:0.3141 736s
Epoch [2/40] L:0.2053 D:0.2053 734s
Epoch [3/40] L:0.1925 D:0.1925 734s
Epoch [4/40] L:0.1857 D:0.1857 737s
  Val L:0.2393 ABS:0.4075 RMSE:1.3262 d1:0.4503
  >> Best (score:1.0506 RMSE:1.3262 ABS:0.4075)
Epoch [5/40] L:0.1800 D:0.1800 742s
Epoch [6/40] L:0.1743 D:0.1743 739s
Epoch [7/40] L:0.1685 D:0.1685 741s
Epoch [8/40] L:0.1620 D:0.1620 738s
  Val L:0.2282 ABS:0.4398 RMSE:1.2479 d1:0.5156
  >> Best (score:1.0055 RMSE:1.2479 ABS:0.4398)
Epoch [9/40] L:0.1566 D:0.1566 739s
Epoch [10/40] L:0.1497 D:0.1497 735s
Epoch [11/40] L:0.1438 D:0.1438 737s
Epoch [12/40] L:0.1373 D:0.1373 736s
  Val L:0.2366 ABS:0.4807 RMSE:1.2534 d1:0.5134
Epoch [13/40] L:0.1322 D:0.1322 733s
Epoch [14/40] L:0.1269 D:0.1269 736s
Epoch [15/40] L:0.1220 D:0.1220 737s
Epoch [16/40] L:0.1174 D:0.1174 725s
  Val L:0.2372 ABS:0.4151 RMSE:1.2617 d1:0.5254
Epoch [17/40] L:0.1135 D:0.1135 720s
Epoch [18/40] L:0.1095 D:0.1095 719s
Epoch [19/40] L:0.1058 D:0.1058 715s
Epoch [20/40] L:0.1026 D:0.1026 714s
  Val L:0.2427 ABS:0.4450 RMSE:1.2708 d1:0.5209
Epoch [21/40] L:0.0993 D:0.0993 714s
Epoch [22/40] L:0.0967 D:0.0967 716s
Epoch [23/40] L:0.0939 D:0.0939 713s
Epoch [24/40] L:0.0917 D:0.0917 711s
  Val L:0.2495 ABS:0.4539 RMSE:1.2955 d1:0.5225
Epoch [25/40] L:0.0893 D:0.0893 716s
Epoch [26/40] L:0.0873 D:0.0873 714s
Epoch [27/40] L:0.0849 D:0.0849 715s
Epoch [28/40] L:0.0831 D:0.0831 715s
  Val L:0.2468 ABS:0.4497 RMSE:1.2918 d1:0.5297
Epoch [29/40] L:0.0812 D:0.0812 716s
Epoch [30/40] L:0.0796 D:0.0796 715s
Epoch [31/40] L:0.0782 D:0.0782 715s
Epoch [32/40] L:0.0766 D:0.0766 716s
  Val L:0.2524 ABS:0.4575 RMSE:1.3073 d1:0.5323
Epoch [33/40] L:0.0750 D:0.0750 716s
Epoch [34/40] L:0.0734 D:0.0734 720s
Epoch [35/40] L:0.0717 D:0.0717 717s
Epoch [36/40] L:0.0707 D:0.0707 735s
  Val L:0.2537 ABS:0.4563 RMSE:1.3160 d1:0.5336
Epoch [37/40] L:0.0697 D:0.0697 736s
Epoch [38/40] L:0.0683 D:0.0683 737s
Epoch [39/40] L:0.0668 D:0.0668 734s
Epoch [40/40] L:0.0654 D:0.0654 734s
wandb: updating run metadata
wandb: uploading output.log; uploading wandb-summary.json; uploading config.yaml
wandb: uploading output.log; uploading wandb-summary.json
wandb: uploading history steps 39-39, summary, console lines 51-53
wandb: 
wandb: Run history:
wandb: best/abs_rel ▁█
wandb:   best/epoch ▁█
wandb:    best/rmse █▁
wandb:   best/score █▁
wandb:        epoch ▁▁▁▂▂▂▂▂▂▃▃▃▃▃▄▄▄▄▄▄▅▅▅▅▅▅▆▆▆▆▆▇▇▇▇▇▇███
wandb:  train/depth █▅▅▄▄▄▄▄▄▃▃▃▃▃▃▂▂▂▂▂▂▂▂▂▂▂▂▁▁▁▁▁▁▁▁▁▁▁▁▁
wandb:   train/loss █▅▅▄▄▄▄▄▄▃▃▃▃▃▃▂▂▂▂▂▂▂▂▂▂▂▂▁▁▁▁▁▁▁▁▁▁▁▁▁
wandb:  val/abs_rel ▁▄█▂▅▅▅▆▆▆
wandb:   val/delta1 ▁▆▆▇▇▇▇███
wandb:   val/delta2 ▁▆▆█▇▆▇█▇█
wandb:           +5 ...
wandb: 
wandb: Run summary:
wandb: best/abs_rel 0.43982
wandb:   best/epoch 8
wandb:    best/rmse 1.24789
wandb:   best/score 1.00547
wandb:        epoch 40
wandb:  train/depth 0.06543
wandb:   train/loss 0.06543
wandb:  val/abs_rel 0.45806
wandb:   val/delta1 0.53689
wandb:   val/delta2 0.7228
wandb:           +5 ...
wandb: 
wandb: 🚀 View run echodiffusion_soundspaces_BS16_Lr5e-05_AdamW_exp124_echodiff_wav2vec_lr5e5_bs16 at: https://wandb.ai/branden/neurips_audio_depth/runs/k5zgfdqd
wandb: ⭐️ View project at: https://wandb.ai/branden/neurips_audio_depth
wandb: Synced 5 W&B file(s), 0 media file(s), 0 artifact file(s) and 0 other file(s)
wandb: Find logs at: ./wandb/run-20260409_230914-k5zgfdqd/logs
  Val L:0.2651 ABS:0.4581 RMSE:1.3423 d1:0.5369

Done. Best score:1.0055 RMSE:1.2479 ABS:0.4398
