============================================================
Model: audio_depth_foa  Dataset: soundspaces
BS: 32  LR: 0.0005  Opt: AdamW
============================================================
Loaded scene split from /root/storage/matterport3d_0303renew/scene_split.json
  train: 72, val: 9, test: 9
[train] 23560 samples from 72 scenes (filtered 5240 with >10% no-depth) [ambisonic=ON]
  Precomputed SH basis matrix: (131072, 4) (order=1)
Loaded scene split from /root/storage/matterport3d_0303renew/scene_split.json
  train: 72, val: 9, test: 9
[val] 2951 samples from 9 scenes (filtered 592 with >10% no-depth) [ambisonic=ON]
  Precomputed SH basis matrix: (131072, 4) (order=1)
Train: 23560, Val: 2951
Model: audio_depth_foa (55.0M params)
  [Warmup] SH branch frozen for 5 epochs
Epoch [1/40] L:0.2541 D:0.2541 129s
Epoch [2/40] L:0.2144 D:0.2144 128s
Epoch [3/40] L:0.2009 D:0.2009 127s
Epoch [4/40] L:0.1938 D:0.1938 154s
  Val L:0.2350 ABS:0.4321 RMSE:1.2950 d1:0.4969
  >> Best (score:1.0361 RMSE:1.2950 ABS:0.4321)
Epoch [5/40] L:0.1896 D:0.1896 127s
  [Warmup done] SH branch unfrozen
Epoch [6/40] L:0.2304 D:0.1876 F:0.0714 H:0.3928 KL:0.0000 119s
Epoch [7/40] L:0.2206 D:0.1835 F:0.0489 H:0.3466 KL:0.0000 118s
Epoch [8/40] L:0.2149 D:0.1800 F:0.0452 H:0.3263 KL:0.0000 118s
  Val L:0.2622 ABS:0.4049 RMSE:1.2775 d1:0.4983
  >> Best (score:1.0157 RMSE:1.2775 ABS:0.4049)
Epoch [9/40] L:0.2101 D:0.1761 F:0.0426 H:0.3191 KL:0.0000 119s
Epoch [10/40] L:0.2059 D:0.1727 F:0.0411 H:0.3116 KL:0.0000 118s
Epoch [11/40] L:0.2003 D:0.1688 F:0.0393 H:0.2952 KL:0.0000 128s
Epoch [12/40] L:0.1959 D:0.1651 F:0.0385 H:0.2886 KL:0.0000 118s
  Val L:0.2498 ABS:0.4063 RMSE:1.2339 d1:0.5172
  >> Best (score:0.9856 RMSE:1.2339 ABS:0.4063)
Epoch [13/40] L:0.1917 D:0.1612 F:0.0374 H:0.2865 KL:0.0000 124s
Epoch [14/40] L:0.1870 D:0.1567 F:0.0364 H:0.2847 KL:0.0000 127s
Epoch [15/40] L:0.1821 D:0.1522 F:0.0357 H:0.2815 KL:0.0000 121s
Epoch [16/40] L:0.1773 D:0.1476 F:0.0355 H:0.2798 KL:0.0000 118s
  Val L:0.2585 ABS:0.4322 RMSE:1.2381 d1:0.5092
Epoch [17/40] L:0.1722 D:0.1428 F:0.0346 H:0.2772 KL:0.0000 118s
Epoch [18/40] L:0.1668 D:0.1377 F:0.0340 H:0.2746 KL:0.0000 118s
Epoch [19/40] L:0.1614 D:0.1326 F:0.0336 H:0.2721 KL:0.0000 119s
Epoch [20/40] L:0.1556 D:0.1270 F:0.0331 H:0.2695 KL:0.0000 118s
  Val L:0.2575 ABS:0.4288 RMSE:1.2384 d1:0.5302
Epoch [21/40] L:0.1505 D:0.1221 F:0.0330 H:0.2673 KL:0.0000 118s
Epoch [22/40] L:0.1453 D:0.1172 F:0.0323 H:0.2652 KL:0.0000 118s
Epoch [23/40] L:0.1401 D:0.1122 F:0.0321 H:0.2624 KL:0.0000 120s
Epoch [24/40] L:0.1355 D:0.1079 F:0.0318 H:0.2603 KL:0.0000 126s
  Val L:0.2686 ABS:0.4088 RMSE:1.2621 d1:0.5225
Epoch [25/40] L:0.1303 D:0.1030 F:0.0312 H:0.2575 KL:0.0000 121s
Epoch [26/40] L:0.1260 D:0.0989 F:0.0311 H:0.2553 KL:0.0000 119s
Epoch [27/40] L:0.1222 D:0.0953 F:0.0309 H:0.2537 KL:0.0000 118s
Epoch [28/40] L:0.1173 D:0.0908 F:0.0302 H:0.2499 KL:0.0000 118s
  Val L:0.2733 ABS:0.4417 RMSE:1.2690 d1:0.5284
Epoch [29/40] L:0.1135 D:0.0871 F:0.0301 H:0.2482 KL:0.0000 125s
Epoch [30/40] L:0.1101 D:0.0840 F:0.0299 H:0.2464 KL:0.0000 118s
Epoch [31/40] L:0.1067 D:0.0809 F:0.0292 H:0.2436 KL:0.0000 118s
Epoch [32/40] L:0.1034 D:0.0777 F:0.0292 H:0.2419 KL:0.0000 119s
  Val L:0.2776 ABS:0.4264 RMSE:1.2776 d1:0.5328
Epoch [33/40] L:0.1005 D:0.0751 F:0.0289 H:0.2399 KL:0.0000 120s
Epoch [34/40] L:0.0979 D:0.0726 F:0.0286 H:0.2394 KL:0.0000 187s
Epoch [35/40] L:0.0949 D:0.0699 F:0.0284 H:0.2364 KL:0.0000 115s
Epoch [36/40] L:0.0923 D:0.0675 F:0.0282 H:0.2343 KL:0.0000 116s
  Val L:0.2786 ABS:0.4436 RMSE:1.2843 d1:0.5297
Epoch [37/40] L:0.0899 D:0.0652 F:0.0279 H:0.2332 KL:0.0000 116s
Epoch [38/40] L:0.0877 D:0.0632 F:0.0277 H:0.2312 KL:0.0000 122s
Epoch [39/40] L:0.0861 D:0.0617 F:0.0274 H:0.2299 KL:0.0000 117s
Epoch [40/40] L:0.0838 D:0.0596 F:0.0272 H:0.2291 KL:0.0000 130s
  Val L:0.2817 ABS:0.4327 RMSE:1.2977 d1:0.5345

Done. Best score:0.9856 RMSE:1.2339 ABS:0.4063
