Some weights of Wav2Vec2Model were not initialized from the model checkpoint at facebook/wav2vec2-base-960h and are newly initialized: ['masked_spec_embed']
You should probably TRAIN this model on a down-stream task to be able to use it for predictions and inference.
wandb: [wandb.login()] Loaded credentials for https://api.wandb.ai from /root/.netrc.
wandb: Currently logged in as: branden to https://api.wandb.ai. Use `wandb login --relogin` to force relogin
wandb: setting up run 0w97lqe5
wandb: Tracking run with wandb version 0.25.1
wandb: Run data is saved locally in /root/storage/implementation/shared_audio/baseline/wandb/run-20260410_222114-0w97lqe5
wandb: Run `wandb offline` to turn off syncing.
wandb: Syncing run echodiffusion_soundspaces_BS8_Lr0.0001_AdamW_exp125_echodiff_wav2vec_lr1e4_bs8
wandb: ⭐️ View project at https://wandb.ai/branden/neurips_audio_depth
wandb: 🚀 View run at https://wandb.ai/branden/neurips_audio_depth/runs/0w97lqe5
============================================================
Model: echodiffusion  Dataset: soundspaces
BS: 8  LR: 0.0001  Opt: AdamW
============================================================
Loaded scene split from /root/storage/matterport3d_0303renew/scene_split.json
  train: 72, val: 9, test: 9
[train] 23560 samples from 72 scenes (filtered 5240 with >10% no-depth) [waveform=ON]
Loaded scene split from /root/storage/matterport3d_0303renew/scene_split.json
  train: 72, val: 9, test: 9
[val] 2951 samples from 9 scenes (filtered 592 with >10% no-depth) [waveform=ON]
Train: 23560, Val: 2951
Model: echodiffusion (132.6M params)
Epoch [1/40] L:0.2703 D:0.2703 1288s
Epoch [2/40] L:0.2208 D:0.2208 1279s
Epoch [3/40] L:0.2022 D:0.2022 1270s
Epoch [4/40] L:0.1959 D:0.1959 1261s
  Val L:0.2422 ABS:0.4430 RMSE:1.3299 d1:0.4617
  >> Best (score:1.0639 RMSE:1.3299 ABS:0.4430)
Epoch [5/40] L:0.1911 D:0.1911 1246s
Epoch [6/40] L:0.1878 D:0.1878 1252s
Epoch [7/40] L:0.1850 D:0.1850 1250s
Epoch [8/40] L:0.1825 D:0.1825 1250s
  Val L:0.2229 ABS:0.4276 RMSE:1.2397 d1:0.5222
  >> Best (score:0.9961 RMSE:1.2397 ABS:0.4276)
Epoch [9/40] L:0.1802 D:0.1802 1252s
Epoch [10/40] L:0.1775 D:0.1775 1253s
Epoch [11/40] L:0.1754 D:0.1754 1255s
Epoch [12/40] L:0.1727 D:0.1727 1251s
  Val L:0.2378 ABS:0.3939 RMSE:1.3218 d1:0.4729
Epoch [13/40] L:0.1702 D:0.1702 1249s
Epoch [14/40] L:0.1682 D:0.1682 1249s
Epoch [15/40] L:0.1647 D:0.1647 1250s
Epoch [16/40] L:0.1616 D:0.1616 1254s
  Val L:0.2292 ABS:0.4450 RMSE:1.2504 d1:0.5186
Epoch [17/40] L:0.1584 D:0.1584 1252s
Epoch [18/40] L:0.1555 D:0.1555 1250s
Epoch [19/40] L:0.1519 D:0.1519 1250s
Epoch [20/40] L:0.1479 D:0.1479 1251s
  Val L:0.2231 ABS:0.4273 RMSE:1.2315 d1:0.5358
  >> Best (score:0.9902 RMSE:1.2315 ABS:0.4273)
Epoch [21/40] L:0.1441 D:0.1441 1258s
Epoch [22/40] L:0.1408 D:0.1408 1259s
Epoch [23/40] L:0.1368 D:0.1368 1247s
Epoch [24/40] L:0.1332 D:0.1332 1248s
  Val L:0.2282 ABS:0.4256 RMSE:1.2412 d1:0.5389
Epoch [25/40] L:0.1295 D:0.1295 1263s
Epoch [26/40] L:0.1259 D:0.1259 1257s
Epoch [27/40] L:0.1227 D:0.1227 1253s
Epoch [28/40] L:0.1192 D:0.1192 1253s
  Val L:0.2371 ABS:0.4351 RMSE:1.2681 d1:0.5334
Epoch [29/40] L:0.1164 D:0.1164 1252s
Epoch [30/40] L:0.1142 D:0.1142 1251s
Epoch [31/40] L:0.1111 D:0.1111 1254s
Epoch [32/40] L:0.1092 D:0.1092 1252s
  Val L:0.2388 ABS:0.4347 RMSE:1.2658 d1:0.5324
Epoch [33/40] L:0.1060 D:0.1060 1250s
Epoch [34/40] L:0.1037 D:0.1037 1255s
Epoch [35/40] L:0.1017 D:0.1017 1255s
Epoch [36/40] L:0.0998 D:0.0998 1254s
  Val L:0.2415 ABS:0.4799 RMSE:1.2737 d1:0.5298
Epoch [37/40] L:0.0979 D:0.0979 1252s
Epoch [38/40] L:0.0957 D:0.0957 1252s
Epoch [39/40] L:0.0941 D:0.0941 1251s
Epoch [40/40] L:0.0924 D:0.0924 1251s
wandb: updating run metadata
wandb: uploading config.yaml; uploading output.log; uploading wandb-summary.json
wandb: uploading history steps 39-39, summary, console lines 53-54
wandb: 
wandb: Run history:
wandb: best/abs_rel █▁▁
wandb:   best/epoch ▁▃█
wandb:    best/rmse █▂▁
wandb:   best/score █▂▁
wandb:        epoch ▁▁▁▂▂▂▂▂▂▃▃▃▃▃▄▄▄▄▄▄▅▅▅▅▅▅▆▆▆▆▆▇▇▇▇▇▇███
wandb:  train/depth █▆▅▅▅▅▅▅▄▄▄▄▄▄▄▄▄▃▃▃▃▃▃▃▂▂▂▂▂▂▂▂▂▁▁▁▁▁▁▁
wandb:   train/loss █▆▅▅▅▅▅▅▄▄▄▄▄▄▄▄▄▃▃▃▃▃▃▃▂▂▂▂▂▂▂▂▂▁▁▁▁▁▁▁
wandb:  val/abs_rel ▅▄▁▅▄▄▄▄█▆
wandb:   val/delta1 ▁▆▂▆███▇▇▇
wandb:   val/delta2 ▁▆▃▅██▇▇▆▅
wandb:           +5 ...
wandb: 
wandb: Run summary:
wandb: best/abs_rel 0.42725
wandb:   best/epoch 20
wandb:    best/rmse 1.23148
wandb:   best/score 0.99021
wandb:        epoch 40
wandb:  train/depth 0.0924
wandb:   train/loss 0.0924
wandb:  val/abs_rel 0.4571
wandb:   val/delta1 0.53112
wandb:   val/delta2 0.71733
wandb:           +5 ...
wandb: 
wandb: 🚀 View run echodiffusion_soundspaces_BS8_Lr0.0001_AdamW_exp125_echodiff_wav2vec_lr1e4_bs8 at: https://wandb.ai/branden/neurips_audio_depth/runs/0w97lqe5
wandb: ⭐️ View project at: https://wandb.ai/branden/neurips_audio_depth
wandb: Synced 5 W&B file(s), 0 media file(s), 0 artifact file(s) and 0 other file(s)
wandb: Find logs at: ./wandb/run-20260410_222114-0w97lqe5/logs
  Val L:0.2496 ABS:0.4571 RMSE:1.3046 d1:0.5311

Done. Best score:0.9902 RMSE:1.2315 ABS:0.4273
