wandb: [wandb.login()] Loaded credentials for https://api.wandb.ai from WANDB_API_KEY.
wandb: Currently logged in as: branden to https://api.wandb.ai. Use `wandb login --relogin` to force relogin
wandb: setting up run xy40sbpp
wandb: Tracking run with wandb version 0.25.1
wandb: Run data is saved locally in /root/storage/implementation/shared_audio/baseline/wandb/run-20260407_155937-xy40sbpp
wandb: Run `wandb offline` to turn off syncing.
wandb: Syncing run pretrained_resnet_soundspaces_BS32_Lr0.0005_AdamW_exp58_resnet_lr5e4_bs32
wandb: ⭐️ View project at https://wandb.ai/branden/neurips_audio_depth
wandb: 🚀 View run at https://wandb.ai/branden/neurips_audio_depth/runs/xy40sbpp
============================================================
Model: pretrained_resnet  Dataset: soundspaces
BS: 32  LR: 0.0005  Opt: AdamW
============================================================
Loaded scene split from /root/storage/matterport3d_0303renew/scene_split.json
  train: 72, val: 9, test: 9
[train] 23560 samples from 72 scenes (filtered 5240 with >10% no-depth)
Loaded scene split from /root/storage/matterport3d_0303renew/scene_split.json
  train: 72, val: 9, test: 9
[val] 2951 samples from 9 scenes (filtered 592 with >10% no-depth)
Train: 23560, Val: 2951
Model: pretrained_resnet (30.0M params)
Epoch [1/40] L:0.2618 D:0.2618 2548s
Epoch [2/40] L:0.2233 D:0.2233 162s
Epoch [3/40] L:0.2152 D:0.2152 162s
Epoch [4/40] L:0.2088 D:0.2088 166s
  Val L:0.2650 ABS:0.4734 RMSE:1.3864 d1:0.4614
  >> Best (score:1.1125 RMSE:1.3864 ABS:0.4734)
Epoch [5/40] L:0.2027 D:0.2027 164s
Epoch [6/40] L:0.1967 D:0.1967 160s
Epoch [7/40] L:0.1891 D:0.1891 161s
Epoch [8/40] L:0.1804 D:0.1804 161s
  Val L:0.3289 ABS:0.6641 RMSE:1.5253 d1:0.3533
Epoch [9/40] L:0.1713 D:0.1713 161s
Epoch [10/40] L:0.1613 D:0.1613 167s
Epoch [11/40] L:0.1527 D:0.1527 162s
Epoch [12/40] L:0.1447 D:0.1447 160s
  Val L:0.3262 ABS:0.6854 RMSE:1.5209 d1:0.4209
Epoch [13/40] L:0.1371 D:0.1371 160s
Epoch [14/40] L:0.1315 D:0.1315 167s
Epoch [15/40] L:0.1260 D:0.1260 162s
Epoch [16/40] L:0.1215 D:0.1215 161s
  Val L:0.4192 ABS:0.8984 RMSE:1.8924 d1:0.3641
Epoch [17/40] L:0.1163 D:0.1163 160s
Epoch [18/40] L:0.1124 D:0.1124 161s
Epoch [19/40] L:0.1087 D:0.1087 163s
Epoch [20/40] L:0.1053 D:0.1053 169s
  Val L:0.2692 ABS:0.4507 RMSE:1.3557 d1:0.4782
  >> Best (score:1.0842 RMSE:1.3557 ABS:0.4507)
Epoch [21/40] L:0.1021 D:0.1021 161s
Epoch [22/40] L:0.0993 D:0.0993 164s
Epoch [23/40] L:0.0965 D:0.0965 161s
Epoch [24/40] L:0.0942 D:0.0942 161s
  Val L:0.2666 ABS:0.4364 RMSE:1.3830 d1:0.4865
Epoch [25/40] L:0.0919 D:0.0919 161s
Epoch [26/40] L:0.0897 D:0.0897 161s
Epoch [27/40] L:0.0875 D:0.0875 161s
Epoch [28/40] L:0.0858 D:0.0858 162s
  Val L:0.2650 ABS:0.5142 RMSE:1.3422 d1:0.4995
Epoch [29/40] L:0.0837 D:0.0837 162s
Epoch [30/40] L:0.0821 D:0.0821 169s
Epoch [31/40] L:0.0808 D:0.0808 161s
Epoch [32/40] L:0.0791 D:0.0791 160s
  Val L:0.2803 ABS:0.4937 RMSE:1.3840 d1:0.4728
Epoch [33/40] L:0.0775 D:0.0775 161s
Epoch [34/40] L:0.0762 D:0.0762 161s
Epoch [35/40] L:0.0748 D:0.0748 161s
Epoch [36/40] L:0.0732 D:0.0732 162s
  Val L:0.2741 ABS:0.5412 RMSE:1.3797 d1:0.4951
Epoch [37/40] L:0.0720 D:0.0720 161s
Epoch [38/40] L:0.0710 D:0.0710 162s
Epoch [39/40] L:0.0694 D:0.0694 161s
Epoch [40/40] L:0.0682 D:0.0682 168s
wandb: updating run metadata
wandb: uploading history steps 39-39, summary, console lines 51-53
wandb: 
wandb: Run history:
wandb: best/abs_rel █▁
wandb:   best/epoch ▁█
wandb:    best/rmse █▁
wandb:   best/score █▁
wandb:        epoch ▁▁▁▂▂▂▂▂▂▃▃▃▃▃▄▄▄▄▄▄▅▅▅▅▅▅▆▆▆▆▆▇▇▇▇▇▇███
wandb:  train/depth █▇▆▆▆▆▅▅▅▄▄▄▃▃▃▃▃▃▂▂▂▂▂▂▂▂▂▂▂▂▁▁▁▁▁▁▁▁▁▁
wandb:   train/loss █▇▆▆▆▆▅▅▅▄▄▄▃▃▃▃▃▃▂▂▂▂▂▂▂▂▂▂▂▂▁▁▁▁▁▁▁▁▁▁
wandb:  val/abs_rel ▂▄▅█▁▁▂▂▃▂
wandb:   val/delta1 ▆▁▄▁▇▇█▇██
wandb:   val/delta2 ▇▁▅▁▇▇█▇▇█
wandb:           +5 ...
wandb: 
wandb: Run summary:
wandb: best/abs_rel 0.45068
wandb:   best/epoch 20
wandb:    best/rmse 1.35567
wandb:   best/score 1.08418
wandb:        epoch 40
wandb:  train/depth 0.06822
wandb:   train/loss 0.06822
wandb:  val/abs_rel 0.48805
wandb:   val/delta1 0.50444
wandb:   val/delta2 0.69705
wandb:           +5 ...
wandb: 
wandb: 🚀 View run pretrained_resnet_soundspaces_BS32_Lr0.0005_AdamW_exp58_resnet_lr5e4_bs32 at: https://wandb.ai/branden/neurips_audio_depth/runs/xy40sbpp
wandb: ⭐️ View project at: https://wandb.ai/branden/neurips_audio_depth
wandb: Synced 5 W&B file(s), 0 media file(s), 0 artifact file(s) and 0 other file(s)
wandb: Find logs at: ./wandb/run-20260407_155937-xy40sbpp/logs
  Val L:0.2654 ABS:0.4881 RMSE:1.3486 d1:0.5044

Done. Best score:1.0842 RMSE:1.3557 ABS:0.4507
