wandb: [wandb.login()] Loaded credentials for https://api.wandb.ai from WANDB_API_KEY.
wandb: Currently logged in as: branden to https://api.wandb.ai. Use `wandb login --relogin` to force relogin
wandb: setting up run v5a7v0yd
wandb: Tracking run with wandb version 0.25.1
wandb: Run data is saved locally in /root/storage/implementation/shared_audio/baseline/wandb/run-20260408_003908-v5a7v0yd
wandb: Run `wandb offline` to turn off syncing.
wandb: Syncing run echonet_soundspaces_BS16_Lr0.0005_AdamW_exp67_echonet_lr5e4_bs16
wandb: ⭐️ View project at https://wandb.ai/branden/neurips_audio_depth
wandb: 🚀 View run at https://wandb.ai/branden/neurips_audio_depth/runs/v5a7v0yd
============================================================
Model: echonet  Dataset: soundspaces
BS: 16  LR: 0.0005  Opt: AdamW
============================================================
Loaded scene split from /root/storage/matterport3d_0303renew/scene_split.json
  train: 72, val: 9, test: 9
[train] 23560 samples from 72 scenes (filtered 5240 with >10% no-depth)
Loaded scene split from /root/storage/matterport3d_0303renew/scene_split.json
  train: 72, val: 9, test: 9
[val] 2951 samples from 9 scenes (filtered 592 with >10% no-depth)
Train: 23560, Val: 2951
Model: echonet (321.3M params)
Epoch [1/40] L:0.2405 D:0.2405 5428s
Epoch [2/40] L:0.2198 D:0.2198 5427s
Epoch [3/40] L:0.2125 D:0.2125 5824s
Epoch [4/40] L:0.2078 D:0.2078 5426s
  Val L:5.0077 ABS:1.2629 RMSE:2.1536 d1:0.1906
  >> Best (score:1.8864 RMSE:2.1536 ABS:1.2629)
Epoch [5/40] L:0.2045 D:0.2045 5419s
Epoch [6/40] L:0.1996 D:0.1996 5419s
Epoch [7/40] L:0.1909 D:0.1909 5419s
Epoch [8/40] L:0.1837 D:0.1837 5419s
  Val L:0.8384 ABS:1.1386 RMSE:2.0169 d1:0.2084
  >> Best (score:1.7534 RMSE:2.0169 ABS:1.1386)
Epoch [9/40] L:0.1792 D:0.1792 5420s
Epoch [10/40] L:0.1746 D:0.1746 5420s
Epoch [11/40] L:0.1699 D:0.1699 5421s
Epoch [12/40] L:0.1646 D:0.1646 5422s
  Val L:0.4529 ABS:1.0257 RMSE:1.9642 d1:0.2184
  >> Best (score:1.6826 RMSE:1.9642 ABS:1.0257)
Epoch [13/40] L:0.1601 D:0.1601 5421s
Epoch [14/40] L:0.1563 D:0.1563 5421s
Epoch [15/40] L:0.1522 D:0.1522 5421s
Epoch [16/40] L:0.1484 D:0.1484 5421s
  Val L:0.4414 ABS:1.0187 RMSE:1.9231 d1:0.2211
  >> Best (score:1.6518 RMSE:1.9231 ABS:1.0187)
Epoch [17/40] L:0.1449 D:0.1449 5421s
Epoch [18/40] L:0.1411 D:0.1411 5422s
Epoch [19/40] L:0.1380 D:0.1380 5423s
Epoch [20/40] L:0.1346 D:0.1346 5423s
  Val L:0.4477 ABS:1.0402 RMSE:1.9435 d1:0.2183
