wandb: [wandb.login()] Loaded credentials for https://api.wandb.ai from WANDB_API_KEY.
wandb: Currently logged in as: branden to https://api.wandb.ai. Use `wandb login --relogin` to force relogin
wandb: setting up run y1z0wow4
wandb: Tracking run with wandb version 0.25.1
wandb: Run data is saved locally in /root/storage/implementation/shared_audio/baseline/wandb/run-20260407_235338-y1z0wow4
wandb: Run `wandb offline` to turn off syncing.
wandb: Syncing run echonet_soundspaces_BS8_Lr0.001_AdamW_exp66_echonet_lr1e3_bs8
wandb: ⭐️ View project at https://wandb.ai/branden/neurips_audio_depth
wandb: 🚀 View run at https://wandb.ai/branden/neurips_audio_depth/runs/y1z0wow4
============================================================
Model: echonet  Dataset: soundspaces
BS: 8  LR: 0.001  Opt: AdamW
============================================================
Loaded scene split from /root/storage/matterport3d_0303renew/scene_split.json
  train: 72, val: 9, test: 9
[train] 23560 samples from 72 scenes (filtered 5240 with >10% no-depth)
Loaded scene split from /root/storage/matterport3d_0303renew/scene_split.json
  train: 72, val: 9, test: 9
[val] 2951 samples from 9 scenes (filtered 592 with >10% no-depth)
Train: 23560, Val: 2951
Model: echonet (321.3M params)
Epoch [1/40] L:0.2436 D:0.2436 6639s
Epoch [2/40] L:0.2292 D:0.2292 6636s
Epoch [3/40] L:0.2250 D:0.2250 6636s
Epoch [4/40] L:0.2210 D:0.2210 6634s
  Val L:6.8049 ABS:0.6939 RMSE:1.4948 d1:0.2537
  >> Best (score:1.2546 RMSE:1.4948 ABS:0.6939)
Epoch [5/40] L:0.2162 D:0.2162 6633s
Epoch [6/40] L:0.2132 D:0.2132 6635s
Epoch [7/40] L:0.2107 D:0.2107 6634s
Epoch [8/40] L:0.2043 D:0.2043 6632s
  Val L:5.8028 ABS:0.5880 RMSE:1.4446 d1:0.3343
  >> Best (score:1.1876 RMSE:1.4446 ABS:0.5880)
Epoch [9/40] L:0.1995 D:0.1995 6640s
Epoch [10/40] L:0.1960 D:0.1960 6631s
Epoch [11/40] L:0.1939 D:0.1939 6630s
Epoch [12/40] L:0.1904 D:0.1904 6630s
  Val L:2.5961 ABS:0.5713 RMSE:1.3720 d1:0.3578
  >> Best (score:1.1318 RMSE:1.3720 ABS:0.5713)
Epoch [13/40] L:0.1890 D:0.1890 6629s
Epoch [14/40] L:0.1865 D:0.1865 6633s
Epoch [15/40] L:0.1854 D:0.1854 6632s
Epoch [16/40] L:0.1828 D:0.1828 6633s
  Val L:0.2751 ABS:0.5440 RMSE:1.2886 d1:0.4105
  >> Best (score:1.0652 RMSE:1.2886 ABS:0.5440)
Epoch [17/40] L:0.1808 D:0.1808 6633s
