wandb: [wandb.login()] Loaded credentials for https://api.wandb.ai from WANDB_API_KEY.
wandb: Currently logged in as: branden to https://api.wandb.ai. Use `wandb login --relogin` to force relogin
wandb: setting up run 343xbg4a
wandb: Tracking run with wandb version 0.25.1
wandb: Run data is saved locally in /root/storage/implementation/shared_audio/baseline/wandb/run-20260411_051721-343xbg4a
wandb: Run `wandb offline` to turn off syncing.
wandb: Syncing run unet_256_soundspaces_BS32_Lr0.0003_AdamW_exp97_foa_lr3e4_dw1.0_fw0.1_hw0.1
wandb: ⭐️ View project at https://wandb.ai/branden/neurips_audio_depth
wandb: 🚀 View run at https://wandb.ai/branden/neurips_audio_depth/runs/343xbg4a
============================================================
Model: audio_depth_foa  Dataset: soundspaces
BS: 32  LR: 0.0003  Opt: AdamW
============================================================
Loaded scene split from /root/storage/matterport3d_0303renew/scene_split.json
  train: 72, val: 9, test: 9
[train] 23560 samples from 72 scenes (filtered 5240 with >10% no-depth) [ambisonic=ON]
  Precomputed SH basis matrix: (131072, 4) (order=1)
Loaded scene split from /root/storage/matterport3d_0303renew/scene_split.json
  train: 72, val: 9, test: 9
[val] 2951 samples from 9 scenes (filtered 592 with >10% no-depth) [ambisonic=ON]
  Precomputed SH basis matrix: (131072, 4) (order=1)
Train: 23560, Val: 2951
Model: audio_depth_foa (55.0M params)
Epoch [1/40] L:0.3028 D:0.2584 F:0.0851 H:0.3587 KL:0.0000 174s
Epoch [2/40] L:0.2556 D:0.2186 F:0.0479 H:0.3217 KL:0.0000 183s
Epoch [3/40] L:0.2435 D:0.2052 F:0.0445 H:0.3389 KL:0.0000 170s
Epoch [4/40] L:0.2353 D:0.1967 F:0.0421 H:0.3444 KL:0.0000 180s
  Val L:0.2728 ABS:0.4378 RMSE:1.3183 d1:0.4905
  >> Best (score:1.0542 RMSE:1.3183 ABS:0.4378)
Epoch [5/40] L:0.2287 D:0.1902 F:0.0402 H:0.3449 KL:0.0000 175s
Epoch [6/40] L:0.2246 D:0.1864 F:0.0387 H:0.3438 KL:0.0000 185s
Epoch [7/40] L:0.2201 D:0.1833 F:0.0377 H:0.3303 KL:0.0000 177s
Epoch [8/40] L:0.2151 D:0.1789 F:0.0364 H:0.3257 KL:0.0000 177s
  Val L:0.2607 ABS:0.4083 RMSE:1.2790 d1:0.4941
  >> Best (score:1.0178 RMSE:1.2790 ABS:0.4083)
Epoch [9/40] L:0.2112 D:0.1751 F:0.0356 H:0.3255 KL:0.0000 178s
Epoch [10/40] L:0.2069 D:0.1711 F:0.0347 H:0.3230 KL:0.0000 170s
Epoch [11/40] L:0.2013 D:0.1663 F:0.0348 H:0.3156 KL:0.0000 178s
Epoch [12/40] L:0.1958 D:0.1611 F:0.0339 H:0.3129 KL:0.0000 188s
  Val L:0.2569 ABS:0.3949 RMSE:1.2453 d1:0.5154
  >> Best (score:0.9902 RMSE:1.2453 ABS:0.3949)
Epoch [13/40] L:0.1909 D:0.1562 F:0.0332 H:0.3134 KL:0.0000 199s
Epoch [14/40] L:0.1857 D:0.1512 F:0.0330 H:0.3121 KL:0.0000 182s
Epoch [15/40] L:0.1782 D:0.1452 F:0.0327 H:0.2970 KL:0.0000 190s
Epoch [16/40] L:0.1715 D:0.1397 F:0.0324 H:0.2858 KL:0.0000 197s
  Val L:0.2641 ABS:0.4195 RMSE:1.2682 d1:0.5198
Epoch [17/40] L:0.1650 D:0.1336 F:0.0322 H:0.2818 KL:0.0000 190s
Epoch [18/40] L:0.1588 D:0.1278 F:0.0317 H:0.2776 KL:0.0000 187s
Epoch [19/40] L:0.1528 D:0.1222 F:0.0316 H:0.2743 KL:0.0000 172s
Epoch [20/40] L:0.1469 D:0.1167 F:0.0313 H:0.2703 KL:0.0000 199s
  Val L:0.2680 ABS:0.4154 RMSE:1.2526 d1:0.5236
Epoch [21/40] L:0.1410 D:0.1112 F:0.0310 H:0.2671 KL:0.0000 194s
Epoch [22/40] L:0.1359 D:0.1065 F:0.0310 H:0.2632 KL:0.0000 211s
Epoch [23/40] L:0.1298 D:0.1008 F:0.0305 H:0.2594 KL:0.0000 252s
Epoch [24/40] L:0.1250 D:0.0964 F:0.0303 H:0.2554 KL:0.0000 233s
  Val L:0.2783 ABS:0.4190 RMSE:1.2764 d1:0.5296
Epoch [25/40] L:0.1201 D:0.0920 F:0.0300 H:0.2513 KL:0.0000 201s
Epoch [26/40] L:0.1155 D:0.0878 F:0.0294 H:0.2486 KL:0.0000 217s
Epoch [27/40] L:0.1112 D:0.0839 F:0.0292 H:0.2440 KL:0.0000 203s
Epoch [28/40] L:0.1077 D:0.0806 F:0.0291 H:0.2419 KL:0.0000 234s
  Val L:0.2791 ABS:0.4328 RMSE:1.2804 d1:0.5231
Epoch [29/40] L:0.1049 D:0.0780 F:0.0289 H:0.2405 KL:0.0000 242s
Epoch [30/40] L:0.1009 D:0.0743 F:0.0284 H:0.2369 KL:0.0000 243s
Epoch [31/40] L:0.0978 D:0.0715 F:0.0285 H:0.2345 KL:0.0000 221s
Epoch [32/40] L:0.0951 D:0.0690 F:0.0283 H:0.2322 KL:0.0000 237s
  Val L:0.2835 ABS:0.4309 RMSE:1.3026 d1:0.5352
Epoch [33/40] L:0.0931 D:0.0672 F:0.0278 H:0.2306 KL:0.0000 216s
Epoch [34/40] L:0.0904 D:0.0648 F:0.0273 H:0.2282 KL:0.0000 230s
Epoch [35/40] L:0.0883 D:0.0628 F:0.0276 H:0.2275 KL:0.0000 244s
Epoch [36/40] L:0.0862 D:0.0610 F:0.0271 H:0.2252 KL:0.0000 239s
  Val L:0.2780 ABS:0.4370 RMSE:1.2887 d1:0.5323
Epoch [37/40] L:0.0837 D:0.0587 F:0.0269 H:0.2233 KL:0.0000 231s
Epoch [38/40] L:0.0819 D:0.0570 F:0.0267 H:0.2224 KL:0.0000 234s
Epoch [39/40] L:0.0801 D:0.0554 F:0.0263 H:0.2204 KL:0.0000 245s
Epoch [40/40] L:0.0782 D:0.0537 F:0.0261 H:0.2194 KL:0.0000 242s
wandb: updating run metadata
wandb: uploading summary, console lines 53-54
wandb: 
wandb: Run history:
wandb: best/abs_rel █▃▁
wandb:   best/epoch ▁▅█
wandb:    best/rmse █▄▁
wandb:   best/score █▄▁
wandb:        epoch ▁▁▁▂▂▂▂▂▂▃▃▃▃▃▄▄▄▄▄▄▅▅▅▅▅▅▆▆▆▆▆▇▇▇▇▇▇███
wandb:  train/depth █▇▆▆▆▆▅▅▅▅▅▅▅▄▄▄▄▄▃▃▃▃▃▂▂▂▂▂▂▂▂▂▁▁▁▁▁▁▁▁
wandb:    train/foa █▄▃▃▃▂▂▂▂▂▂▂▂▂▂▂▂▂▂▂▂▂▂▁▁▁▁▁▁▁▁▁▁▁▁▁▁▁▁▁
wandb:   train/hist █▆▇▇▇▇▇▆▆▆▆▆▆▆▅▄▄▄▄▄▃▃▃▃▃▂▂▂▂▂▂▂▂▁▁▁▁▁▁▁
wandb:     train/kl ▁▁▁▁▁▁▁▁▁▁▁▁▁▁▁▁▁▁▁▁▁▁▁▁▁▁▁▁▁▁▁▁▁▁▁▁▁▁▁▁
wandb:   train/loss █▇▆▆▆▆▅▅▅▅▅▅▅▄▄▄▄▄▃▃▃▃▃▂▂▂▂▂▂▂▂▂▁▁▁▁▁▁▁▁
wandb:           +8 ...
wandb: 
wandb: Run summary:
wandb: best/abs_rel 0.3949
wandb:   best/epoch 12
wandb:    best/rmse 1.24527
wandb:   best/score 0.99016
wandb:        epoch 40
wandb:  train/depth 0.05366
wandb:    train/foa 0.02611
wandb:   train/hist 0.2194
wandb:     train/kl 0
wandb:   train/loss 0.07821
wandb:           +8 ...
wandb: 
wandb: 🚀 View run unet_256_soundspaces_BS32_Lr0.0003_AdamW_exp97_foa_lr3e4_dw1.0_fw0.1_hw0.1 at: https://wandb.ai/branden/neurips_audio_depth/runs/343xbg4a
wandb: ⭐️ View project at: https://wandb.ai/branden/neurips_audio_depth
wandb: Synced 5 W&B file(s), 0 media file(s), 0 artifact file(s) and 0 other file(s)
wandb: Find logs at: ./wandb/run-20260411_051721-343xbg4a/logs
  Val L:0.2833 ABS:0.4310 RMSE:1.3065 d1:0.5371

Done. Best score:0.9902 RMSE:1.2453 ABS:0.3949
