wandb: [wandb.login()] Loaded credentials for https://api.wandb.ai from WANDB_API_KEY.
wandb: Currently logged in as: branden to https://api.wandb.ai. Use `wandb login --relogin` to force relogin
wandb: setting up run 2bfv16i0
wandb: Tracking run with wandb version 0.25.1
wandb: Run data is saved locally in /root/storage/implementation/shared_audio/baseline/wandb/run-20260411_034336-2bfv16i0
wandb: Run `wandb offline` to turn off syncing.
wandb: Syncing run unet_256_soundspaces_BS32_Lr0.0002_AdamW_exp96_foa_lr2e4_dw1.0_fw0.1_hw0.1
wandb: ⭐️ View project at https://wandb.ai/branden/neurips_audio_depth
wandb: 🚀 View run at https://wandb.ai/branden/neurips_audio_depth/runs/2bfv16i0
============================================================
Model: audio_depth_foa  Dataset: soundspaces
BS: 32  LR: 0.0002  Opt: AdamW
============================================================
Loaded scene split from /root/storage/matterport3d_0303renew/scene_split.json
  train: 72, val: 9, test: 9
[train] 23560 samples from 72 scenes (filtered 5240 with >10% no-depth) [ambisonic=ON]
  Precomputed SH basis matrix: (131072, 4) (order=1)
Loaded scene split from /root/storage/matterport3d_0303renew/scene_split.json
  train: 72, val: 9, test: 9
[val] 2951 samples from 9 scenes (filtered 592 with >10% no-depth) [ambisonic=ON]
  Precomputed SH basis matrix: (131072, 4) (order=1)
Train: 23560, Val: 2951
Model: audio_depth_foa (55.0M params)
Epoch [1/40] L:0.2997 D:0.2560 F:0.0757 H:0.3608 KL:0.0000 174s
Epoch [2/40] L:0.2536 D:0.2158 F:0.0500 H:0.3283 KL:0.0000 173s
Epoch [3/40] L:0.2433 D:0.2051 F:0.0456 H:0.3367 KL:0.0000 171s
Epoch [4/40] L:0.2355 D:0.1970 F:0.0436 H:0.3410 KL:0.0000 186s
  Val L:0.2712 ABS:0.4609 RMSE:1.2638 d1:0.4864
  >> Best (score:1.0229 RMSE:1.2638 ABS:0.4609)
Epoch [5/40] L:0.2302 D:0.1917 F:0.0419 H:0.3433 KL:0.0000 192s
Epoch [6/40] L:0.2261 D:0.1876 F:0.0404 H:0.3448 KL:0.0000 179s
Epoch [7/40] L:0.2216 D:0.1832 F:0.0392 H:0.3453 KL:0.0000 186s
Epoch [8/40] L:0.2170 D:0.1791 F:0.0383 H:0.3404 KL:0.0000 183s
  Val L:0.2651 ABS:0.4148 RMSE:1.2614 d1:0.5085
  >> Best (score:1.0074 RMSE:1.2614 ABS:0.4148)
Epoch [9/40] L:0.2116 D:0.1747 F:0.0375 H:0.3320 KL:0.0000 172s
Epoch [10/40] L:0.2069 D:0.1710 F:0.0366 H:0.3227 KL:0.0000 185s
Epoch [11/40] L:0.2018 D:0.1661 F:0.0358 H:0.3208 KL:0.0000 184s
Epoch [12/40] L:0.1971 D:0.1616 F:0.0357 H:0.3199 KL:0.0000 170s
  Val L:0.2504 ABS:0.4236 RMSE:1.2210 d1:0.5302
  >> Best (score:0.9817 RMSE:1.2210 ABS:0.4236)
Epoch [13/40] L:0.1912 D:0.1560 F:0.0349 H:0.3174 KL:0.0000 176s
Epoch [14/40] L:0.1859 D:0.1509 F:0.0346 H:0.3163 KL:0.0000 156s
Epoch [15/40] L:0.1798 D:0.1451 F:0.0341 H:0.3130 KL:0.0000 153s
Epoch [16/40] L:0.1730 D:0.1401 F:0.0335 H:0.2951 KL:0.0000 152s
  Val L:0.2553 ABS:0.4096 RMSE:1.2318 d1:0.5225
Epoch [17/40] L:0.1657 D:0.1337 F:0.0334 H:0.2862 KL:0.0000 155s
Epoch [18/40] L:0.1602 D:0.1287 F:0.0331 H:0.2821 KL:0.0000 155s
Epoch [19/40] L:0.1544 D:0.1233 F:0.0329 H:0.2783 KL:0.0000 194s
Epoch [20/40] L:0.1485 D:0.1177 F:0.0326 H:0.2750 KL:0.0000 195s
  Val L:0.2629 ABS:0.4246 RMSE:1.2397 d1:0.5283
Epoch [21/40] L:0.1431 D:0.1126 F:0.0321 H:0.2724 KL:0.0000 183s
Epoch [22/40] L:0.1376 D:0.1075 F:0.0321 H:0.2690 KL:0.0000 186s
Epoch [23/40] L:0.1318 D:0.1022 F:0.0316 H:0.2648 KL:0.0000 164s
Epoch [24/40] L:0.1269 D:0.0976 F:0.0314 H:0.2617 KL:0.0000 171s
  Val L:0.2762 ABS:0.4351 RMSE:1.2686 d1:0.5330
Epoch [25/40] L:0.1224 D:0.0933 F:0.0312 H:0.2593 KL:0.0000 179s
Epoch [26/40] L:0.1174 D:0.0886 F:0.0309 H:0.2563 KL:0.0000 180s
Epoch [27/40] L:0.1132 D:0.0849 F:0.0307 H:0.2529 KL:0.0000 161s
Epoch [28/40] L:0.1092 D:0.0813 F:0.0303 H:0.2495 KL:0.0000 183s
  Val L:0.2742 ABS:0.4327 RMSE:1.2698 d1:0.5393
Epoch [29/40] L:0.1060 D:0.0782 F:0.0299 H:0.2479 KL:0.0000 173s
Epoch [30/40] L:0.1030 D:0.0755 F:0.0299 H:0.2458 KL:0.0000 176s
Epoch [31/40] L:0.0999 D:0.0726 F:0.0296 H:0.2430 KL:0.0000 167s
Epoch [32/40] L:0.0971 D:0.0701 F:0.0293 H:0.2409 KL:0.0000 179s
  Val L:0.2761 ABS:0.4455 RMSE:1.2756 d1:0.5345
Epoch [33/40] L:0.0948 D:0.0679 F:0.0291 H:0.2401 KL:0.0000 176s
Epoch [34/40] L:0.0921 D:0.0654 F:0.0290 H:0.2380 KL:0.0000 177s
Epoch [35/40] L:0.0894 D:0.0629 F:0.0285 H:0.2364 KL:0.0000 176s
Epoch [36/40] L:0.0874 D:0.0611 F:0.0285 H:0.2345 KL:0.0000 186s
  Val L:0.2785 ABS:0.4422 RMSE:1.2860 d1:0.5407
Epoch [37/40] L:0.0854 D:0.0592 F:0.0283 H:0.2344 KL:0.0000 168s
Epoch [38/40] L:0.0836 D:0.0576 F:0.0280 H:0.2322 KL:0.0000 178s
Epoch [39/40] L:0.0821 D:0.0561 F:0.0279 H:0.2317 KL:0.0000 177s
Epoch [40/40] L:0.0804 D:0.0547 F:0.0277 H:0.2295 KL:0.0000 166s
wandb: updating run metadata
wandb: uploading output.log; uploading wandb-summary.json; uploading config.yaml
wandb: uploading summary, console lines 53-54
wandb: 
wandb: Run history:
wandb: best/abs_rel █▁▂
wandb:   best/epoch ▁▅█
wandb:    best/rmse ██▁
wandb:   best/score █▅▁
wandb:        epoch ▁▁▁▂▂▂▂▂▂▃▃▃▃▃▄▄▄▄▄▄▅▅▅▅▅▅▆▆▆▆▆▇▇▇▇▇▇███
wandb:  train/depth █▇▆▆▆▆▅▅▅▅▅▅▅▄▄▄▄▄▃▃▃▃▃▂▂▂▂▂▂▂▂▂▁▁▁▁▁▁▁▁
wandb:    train/foa █▄▄▃▃▃▃▃▂▂▂▂▂▂▂▂▂▂▂▂▂▂▂▂▂▁▁▁▁▁▁▁▁▁▁▁▁▁▁▁
wandb:   train/hist █▆▇▇▇▇▇▇▆▆▆▆▆▆▅▄▄▄▄▃▃▃▃▃▃▂▂▂▂▂▂▂▂▁▁▁▁▁▁▁
wandb:     train/kl ▁▁▁▁▁▁▁▁▁▁▁▁▁▁▁▁▁▁▁▁▁▁▁▁▁▁▁▁▁▁▁▁▁▁▁▁▁▁▁▁
wandb:   train/loss █▇▆▆▆▆▆▅▅▅▅▅▅▄▄▄▄▄▃▃▃▃▃▂▂▂▂▂▂▂▂▂▁▁▁▁▁▁▁▁
wandb:           +8 ...
wandb: 
wandb: Run summary:
wandb: best/abs_rel 0.42355
wandb:   best/epoch 12
wandb:    best/rmse 1.22096
wandb:   best/score 0.98174
wandb:        epoch 40
wandb:  train/depth 0.05466
wandb:    train/foa 0.02769
wandb:   train/hist 0.2295
wandb:     train/kl 0
wandb:   train/loss 0.08038
wandb:           +8 ...
wandb: 
wandb: 🚀 View run unet_256_soundspaces_BS32_Lr0.0002_AdamW_exp96_foa_lr2e4_dw1.0_fw0.1_hw0.1 at: https://wandb.ai/branden/neurips_audio_depth/runs/2bfv16i0
wandb: ⭐️ View project at: https://wandb.ai/branden/neurips_audio_depth
wandb: Synced 5 W&B file(s), 0 media file(s), 0 artifact file(s) and 0 other file(s)
wandb: Find logs at: ./wandb/run-20260411_034336-2bfv16i0/logs
  Val L:0.2846 ABS:0.4342 RMSE:1.3031 d1:0.5362

Done. Best score:0.9817 RMSE:1.2210 ABS:0.4236
