/opt/conda/lib/python3.11/site-packages/timm/models/layers/__init__.py:49: FutureWarning: Importing from timm.models.layers is deprecated, please import via timm.layers
  warnings.warn(f"Importing from {__name__} is deprecated, please import via timm.layers", FutureWarning)
============================================================
Model: renew_single  Dataset: soundspaces
BS: 32  LR: 0.0001  Opt: AdamW
============================================================
Loaded scene split from /root/local1/changwoo/matterport3d_0303_renew/scene_split.json
  train: 72, val: 9, test: 9
[train] 23560 samples (fast cache: samples_train_erp_8b3be925d3ae.json) [ambisonic=ON]
  Precomputed SH basis matrix: (131072, 4) (order=1)
Loaded scene split from /root/local1/changwoo/matterport3d_0303_renew/scene_split.json
  train: 72, val: 9, test: 9
[val] 2951 samples (fast cache: samples_val_erp_be0f29dd7abf.json) [ambisonic=ON]
  Precomputed SH basis matrix: (131072, 4) (order=1)
Train: 23560, Val: 2951
Model: renew_single (183.8M params)
Epoch [1/40] L:0.3262 D:0.2815 F:0.2815 316s
Epoch [2/40] L:0.2766 D:0.2385 F:0.2784 314s
Epoch [3/40] L:0.2706 D:0.2328 F:0.2781 314s
Epoch [4/40] L:0.2605 D:0.2231 F:0.2782 314s
  Val L:0.2927 ABS:0.4467 RMSE:1.4839 d1:0.4904
  >> Best (score:1.1728 RMSE:1.4839 ABS:0.4467)
Epoch [5/40] L:0.2515 D:0.2146 F:0.2790 314s
Epoch [6/40] L:0.2442 D:0.2076 F:0.2795 314s
Epoch [7/40] L:0.2380 D:0.2017 F:0.2800 314s
Epoch [8/40] L:0.2335 D:0.1975 F:0.2805 314s
  Val L:0.2742 ABS:0.4131 RMSE:1.4542 d1:0.4773
  >> Best (score:1.1418 RMSE:1.4542 ABS:0.4131)
Epoch [9/40] L:0.2296 D:0.1938 F:0.2809 314s
Epoch [10/40] L:0.2257 D:0.1900 F:0.2813 314s
Epoch [11/40] L:0.2227 D:0.1872 F:0.2815 314s
Epoch [12/40] L:0.2200 D:0.1846 F:0.2818 314s
  Val L:0.2588 ABS:0.3934 RMSE:1.3957 d1:0.5186
  >> Best (score:1.0950 RMSE:1.3957 ABS:0.3934)
Epoch [13/40] L:0.2169 D:0.1817 F:0.2822 314s
Epoch [14/40] L:0.2138 D:0.1787 F:0.2825 314s
Epoch [15/40] L:0.2108 D:0.1757 F:0.2821 314s
Epoch [16/40] L:0.2081 D:0.1731 F:0.2827 314s
  Val L:0.2603 ABS:0.4157 RMSE:1.3846 d1:0.5247
  >> Best (score:1.0940 RMSE:1.3846 ABS:0.4157)
Epoch [17/40] L:0.2046 D:0.1696 F:0.2828 314s
Epoch [18/40] L:0.2019 D:0.1670 F:0.2827 314s
Epoch [19/40] L:0.1990 D:0.1639 F:0.2835 315s
Epoch [20/40] L:0.1948 D:0.1600 F:0.2832 315s
  Val L:0.2676 ABS:0.4384 RMSE:1.3825 d1:0.5364
Epoch [21/40] L:0.1918 D:0.1570 F:0.2833 315s
Epoch [22/40] L:0.1878 D:0.1531 F:0.2832 316s
Epoch [23/40] L:0.1837 D:0.1490 F:0.2834 315s
Epoch [24/40] L:0.1791 D:0.1445 F:0.2836 315s
  Val L:0.2682 ABS:0.4170 RMSE:1.3837 d1:0.5327
  >> Best (score:1.0937 RMSE:1.3837 ABS:0.4170)
Epoch [25/40] L:0.1759 D:0.1414 F:0.2839 314s
Epoch [26/40] L:0.1717 D:0.1372 F:0.2839 314s
Epoch [27/40] L:0.1681 D:0.1337 F:0.2840 314s
Epoch [28/40] L:0.1636 D:0.1292 F:0.2843 314s
  Val L:0.2668 ABS:0.3926 RMSE:1.3939 d1:0.5427
  >> Best (score:1.0935 RMSE:1.3939 ABS:0.3926)
Epoch [29/40] L:0.1594 D:0.1251 F:0.2843 315s
Epoch [30/40] L:0.1549 D:0.1207 F:0.2845 314s
Epoch [31/40] L:0.1517 D:0.1175 F:0.2847 314s
Epoch [32/40] L:0.1473 D:0.1132 F:0.2850 314s
  Val L:0.2762 ABS:0.4046 RMSE:1.4158 d1:0.5390
Epoch [33/40] L:0.1435 D:0.1095 F:0.2851 314s
Epoch [34/40] L:0.1393 D:0.1053 F:0.2854 314s
Epoch [35/40] L:0.1369 D:0.1030 F:0.2857 314s
Epoch [36/40] L:0.1329 D:0.0990 F:0.2859 314s
  Val L:0.2777 ABS:0.4247 RMSE:1.4159 d1:0.5343
Epoch [37/40] L:0.1293 D:0.0956 F:0.2861 315s
Epoch [38/40] L:0.1261 D:0.0925 F:0.2862 314s
Epoch [39/40] L:0.1241 D:0.0905 F:0.2865 313s
Epoch [40/40] L:0.1204 D:0.0870 F:0.2869 313s
  Val L:0.2822 ABS:0.4151 RMSE:1.4341 d1:0.5436

Done. Best score:1.0935 RMSE:1.3939 ABS:0.3926
