/opt/conda/lib/python3.11/site-packages/timm/models/layers/__init__.py:49: FutureWarning: Importing from timm.models.layers is deprecated, please import via timm.layers
  warnings.warn(f"Importing from {__name__} is deprecated, please import via timm.layers", FutureWarning)
Warning: You are sending unauthenticated requests to the HF Hub. Please set a HF_TOKEN to enable higher rate limits and faster downloads.
============================================================
Model: echodiffusion_ambi_sh  Dataset: soundspaces
BS: 128  LR: 5e-05  Opt: AdamW
============================================================
Loaded scene split from /root/local1/changwoo/matterport3d_0303renew/scene_split.json
  train: 72, val: 9, test: 9
[train] 23560 samples (fast cache: samples_train_erp_8b3be925d3ae.json) [ambisonic=ON] [waveform=ON]
  Precomputed SH basis matrix: (131072, 4) (order=1)
Loaded scene split from /root/local1/changwoo/matterport3d_0303renew/scene_split.json
  train: 72, val: 9, test: 9
[val] 2951 samples (fast cache: samples_val_erp_be0f29dd7abf.json) [ambisonic=ON] [waveform=ON]
  Precomputed SH basis matrix: (131072, 4) (order=1)
Train: 23560, Val: 2951
Loading weights:   0%|          | 0/210 [00:00<?, ?it/s]Loading weights: 100%|██████████| 210/210 [00:00<00:00, 7490.53it/s]
[transformers] [1mWav2Vec2Model LOAD REPORT[0m from: facebook/wav2vec2-base-960h
Key               | Status     | 
------------------+------------+-
lm_head.bias      | UNEXPECTED | 
lm_head.weight    | UNEXPECTED | 
masked_spec_embed | MISSING    | 

Notes:
- UNEXPECTED:	can be ignored when loading from different task/architecture; not ok if you expect identical arch.
- MISSING:	those params were newly initialized because missing from the checkpoint. Consider training on your downstream task.
  [echodiff_ambi_sh] K=8 sh_order=5 C_sh=36  unet_ch=64  dec_ch=[256, 128, 64]  use_cide=True  total=167.92M  trainable=73.55M
Model: echodiffusion_ambi_sh (167.9M params)
/opt/conda/lib/python3.11/site-packages/torch/nn/modules/linear.py:125: UserWarning: Attempting to run cuBLAS, but there was no current CUDA context! Attempting to set the primary context... (Triggered internally at /pytorch/aten/src/ATen/cuda/CublasHandlePool.cpp:179.)
  return F.linear(input, self.weight, self.bias)
Epoch [1/40] L:0.8409 D:0.8409 F:0.0000 262s
Epoch [2/40] L:0.2265 D:0.2265 F:0.0000 258s
Epoch [3/40] L:0.2158 D:0.2158 F:0.0000 256s
Epoch [4/40] L:0.2063 D:0.2063 F:0.0000 255s
  [val] starting (24 batches)
  [val] done (24 batches, 28s)
  Val L:0.2506 ABS:0.5177 RMSE:1.4097 d1:0.5002
  >> Best (score:1.1421 RMSE:1.4097 ABS:0.5177)
Epoch [5/40] L:0.2011 D:0.2011 F:0.0000 256s
Epoch [6/40] L:0.1962 D:0.1962 F:0.0000 256s
Epoch [7/40] L:0.1904 D:0.1904 F:0.0000 256s
Epoch [8/40] L:0.1833 D:0.1833 F:0.0000 257s
  [val] starting (24 batches)
  [val] done (24 batches, 34s)
  Val L:0.2353 ABS:0.4549 RMSE:1.3963 d1:0.5000
  >> Best (score:1.1139 RMSE:1.3963 ABS:0.4549)
Epoch [9/40] L:0.1756 D:0.1756 F:0.0000 258s
Epoch [10/40] L:0.1676 D:0.1676 F:0.0000 259s
Epoch [11/40] L:0.1592 D:0.1592 F:0.0000 258s
Epoch [12/40] L:0.1513 D:0.1513 F:0.0000 257s
  [val] starting (24 batches)
  [val] done (24 batches, 28s)
  Val L:0.2765 ABS:0.4045 RMSE:1.4736 d1:0.4543
Epoch [13/40] L:0.1435 D:0.1435 F:0.0000 261s
Epoch [14/40] L:0.1374 D:0.1374 F:0.0000 256s
Epoch [15/40] L:0.1300 D:0.1300 F:0.0000 258s
Epoch [16/40] L:0.1238 D:0.1238 F:0.0000 258s
  [val] starting (24 batches)
  [val] done (24 batches, 30s)
  Val L:0.2495 ABS:0.4882 RMSE:1.4193 d1:0.5112
Epoch [17/40] L:0.1174 D:0.1174 F:0.0000 258s
Epoch [18/40] L:0.1127 D:0.1127 F:0.0000 262s
Epoch [19/40] L:0.1090 D:0.1090 F:0.0000 257s
Epoch [20/40] L:0.1032 D:0.1032 F:0.0000 257s
  [val] starting (24 batches)
  [val] done (24 batches, 30s)
  Val L:0.2684 ABS:0.4290 RMSE:1.4496 d1:0.4850
Epoch [21/40] L:0.0999 D:0.0999 F:0.0000 256s
Epoch [22/40] L:0.0970 D:0.0970 F:0.0000 257s
Epoch [23/40] L:0.0930 D:0.0930 F:0.0000 256s
Epoch [24/40] L:0.0900 D:0.0900 F:0.0000 256s
  [val] starting (24 batches)
  [val] done (24 batches, 32s)
  Val L:0.2593 ABS:0.4290 RMSE:1.4518 d1:0.5171
Epoch [25/40] L:0.0872 D:0.0872 F:0.0000 257s
Epoch [26/40] L:0.0843 D:0.0843 F:0.0000 257s
Epoch [27/40] L:0.0820 D:0.0820 F:0.0000 256s
Epoch [28/40] L:0.0808 D:0.0808 F:0.0000 256s
  [val] starting (24 batches)
  [val] done (24 batches, 32s)
  Val L:0.2553 ABS:0.4329 RMSE:1.4645 d1:0.5128
Epoch [29/40] L:0.0783 D:0.0783 F:0.0000 256s
Epoch [30/40] L:0.0758 D:0.0758 F:0.0000 256s
Epoch [31/40] L:0.0744 D:0.0744 F:0.0000 256s
Epoch [32/40] L:0.0728 D:0.0728 F:0.0000 256s
  [val] starting (24 batches)
  [val] done (24 batches, 29s)
