/opt/conda/lib/python3.11/site-packages/timm/models/layers/__init__.py:49: FutureWarning: Importing from timm.models.layers is deprecated, please import via timm.layers
  warnings.warn(f"Importing from {__name__} is deprecated, please import via timm.layers", FutureWarning)
============================================================
Model: n4_0425  Dataset: soundspaces
BS: 64  LR: 0.0001  Opt: AdamW
============================================================
Loaded scene split from /root/local1/changwoo/matterport3d_0303renew/scene_split.json
  train: 72, val: 9, test: 9
[train] 23560 samples (fast cache: samples_train_erp_8b3be925d3ae.json) [ambisonic=ON]
  Precomputed SH basis matrix: (131072, 4) (order=1)
Loaded scene split from /root/local1/changwoo/matterport3d_0303renew/scene_split.json
  train: 72, val: 9, test: 9
[val] 2951 samples (fast cache: samples_val_erp_be0f29dd7abf.json) [ambisonic=ON]
  Precomputed SH basis matrix: (131072, 4) (order=1)
Train: 23560, Val: 2951
Model: n4_0425 (73.9M params)
  [train] epoch 1 step 200/369 (191s)
Epoch [1/40] L:0.2729 D:0.2729 F:0.0000 332s
  [train] epoch 2 step 200/369 (182s)
Epoch [2/40] L:0.2115 D:0.2115 F:0.0000 333s
  [train] epoch 3 step 200/369 (188s)
Epoch [3/40] L:0.2037 D:0.2037 F:0.0000 336s
  [train] epoch 4 step 200/369 (176s)
Epoch [4/40] L:0.1984 D:0.1984 F:0.0000 324s
  [val] starting (47 batches)
  [val] done (47 batches, 27s)
  Val L:0.2387 ABS:0.4223 RMSE:1.4086 d1:0.4914
  >> Best (score:1.1127 RMSE:1.4086 ABS:0.4223)
  [train] epoch 5 step 200/369 (175s)
Epoch [5/40] L:0.1944 D:0.1944 F:0.0000 329s
  [train] epoch 6 step 200/369 (166s)
Epoch [6/40] L:0.1902 D:0.1902 F:0.0000 314s
  [train] epoch 7 step 200/369 (173s)
Epoch [7/40] L:0.1862 D:0.1862 F:0.0000 319s
  [train] epoch 8 step 200/369 (173s)
Epoch [8/40] L:0.1819 D:0.1819 F:0.0000 321s
  [val] starting (47 batches)
  [val] done (47 batches, 31s)
  Val L:0.2290 ABS:0.4288 RMSE:1.3611 d1:0.5122
  >> Best (score:1.0814 RMSE:1.3611 ABS:0.4288)
  [train] epoch 9 step 200/369 (167s)
Epoch [9/40] L:0.1783 D:0.1783 F:0.0000 315s
  [train] epoch 10 step 200/369 (183s)
Epoch [10/40] L:0.1736 D:0.1736 F:0.0000 327s
  [train] epoch 11 step 200/369 (178s)
Epoch [11/40] L:0.1691 D:0.1691 F:0.0000 327s
  [train] epoch 12 step 200/369 (177s)
Epoch [12/40] L:0.1633 D:0.1633 F:0.0000 325s
  [val] starting (47 batches)
  [val] done (47 batches, 29s)
  Val L:0.2375 ABS:0.3811 RMSE:1.4166 d1:0.5171
  [train] epoch 13 step 200/369 (173s)
Epoch [13/40] L:0.1576 D:0.1576 F:0.0000 311s
  [train] epoch 14 step 200/369 (184s)
Epoch [14/40] L:0.1519 D:0.1519 F:0.0000 324s
  [train] epoch 15 step 200/369 (178s)
Epoch [15/40] L:0.1463 D:0.1463 F:0.0000 326s
  [train] epoch 16 step 200/369 (181s)
Epoch [16/40] L:0.1391 D:0.1391 F:0.0000 328s
  [val] starting (47 batches)
  [val] done (47 batches, 30s)
  Val L:0.2346 ABS:0.4442 RMSE:1.3556 d1:0.5322
  [train] epoch 17 step 200/369 (181s)
Epoch [17/40] L:0.1329 D:0.1329 F:0.0000 323s
  [train] epoch 18 step 200/369 (178s)
Epoch [18/40] L:0.1279 D:0.1279 F:0.0000 337s
  [train] epoch 19 step 200/369 (168s)
Epoch [19/40] L:0.1225 D:0.1225 F:0.0000 314s
  [train] epoch 20 step 200/369 (176s)
Epoch [20/40] L:0.1184 D:0.1184 F:0.0000 324s
  [val] starting (47 batches)
  [val] done (47 batches, 29s)
  Val L:0.2482 ABS:0.3994 RMSE:1.3993 d1:0.5295
  [train] epoch 21 step 200/369 (174s)
Epoch [21/40] L:0.1132 D:0.1132 F:0.0000 323s
  [train] epoch 22 step 200/369 (172s)
Epoch [22/40] L:0.1092 D:0.1092 F:0.0000 322s
  [train] epoch 23 step 200/369 (183s)
Epoch [23/40] L:0.1056 D:0.1056 F:0.0000 326s
  [train] epoch 24 step 200/369 (174s)
Epoch [24/40] L:0.1018 D:0.1018 F:0.0000 324s
  [val] starting (47 batches)
  [val] done (47 batches, 30s)
  Val L:0.2451 ABS:0.4097 RMSE:1.3964 d1:0.5307
  [train] epoch 25 step 200/369 (181s)
Epoch [25/40] L:0.0989 D:0.0989 F:0.0000 328s
  [train] epoch 26 step 200/369 (179s)
Epoch [26/40] L:0.0968 D:0.0968 F:0.0000 319s
  [train] epoch 27 step 200/369 (177s)
Epoch [27/40] L:0.0942 D:0.0942 F:0.0000 322s
  [train] epoch 28 step 200/369 (178s)
Epoch [28/40] L:0.0926 D:0.0926 F:0.0000 326s
  [val] starting (47 batches)
  [val] done (47 batches, 29s)
  Val L:0.2539 ABS:0.4102 RMSE:1.4186 d1:0.5322
  [train] epoch 29 step 200/369 (177s)
Epoch [29/40] L:0.0902 D:0.0902 F:0.0000 327s
  [train] epoch 30 step 200/369 (174s)
Epoch [30/40] L:0.0876 D:0.0876 F:0.0000 320s
  [train] epoch 31 step 200/369 (169s)
Epoch [31/40] L:0.0865 D:0.0865 F:0.0000 321s
  [train] epoch 32 step 200/369 (168s)
Epoch [32/40] L:0.0842 D:0.0842 F:0.0000 314s
  [val] starting (47 batches)
  [val] done (47 batches, 30s)
  Val L:0.2567 ABS:0.4057 RMSE:1.4306 d1:0.5331
  [train] epoch 33 step 200/369 (178s)
Epoch [33/40] L:0.0828 D:0.0828 F:0.0000 326s
  [train] epoch 34 step 200/369 (176s)
Epoch [34/40] L:0.0821 D:0.0821 F:0.0000 324s
  [train] epoch 35 step 200/369 (156s)
Epoch [35/40] L:0.0798 D:0.0798 F:0.0000 292s
  [train] epoch 36 step 200/369 (172s)
Epoch [36/40] L:0.0784 D:0.0784 F:0.0000 313s
  [val] starting (47 batches)
  [val] done (47 batches, 30s)
  Val L:0.2533 ABS:0.4213 RMSE:1.4204 d1:0.5370
  [train] epoch 37 step 200/369 (177s)
Epoch [37/40] L:0.0771 D:0.0771 F:0.0000 328s
  [train] epoch 38 step 200/369 (178s)
Epoch [38/40] L:0.0761 D:0.0761 F:0.0000 326s
  [train] epoch 39 step 200/369 (178s)
Epoch [39/40] L:0.0750 D:0.0750 F:0.0000 327s
  [train] epoch 40 step 200/369 (166s)
Epoch [40/40] L:0.0744 D:0.0744 F:0.0000 315s
  [val] starting (47 batches)
  [val] done (47 batches, 25s)
  Val L:0.2611 ABS:0.4176 RMSE:1.4449 d1:0.5339

Done. Best score:1.0814 RMSE:1.3611 ABS:0.4288

Done. Best score:1.0855 RMSE:1.3785 ABS:0.4019
