/opt/conda/lib/python3.11/site-packages/timm/models/layers/__init__.py:49: FutureWarning: Importing from timm.models.layers is deprecated, please import via timm.layers
  warnings.warn(f"Importing from {__name__} is deprecated, please import via timm.layers", FutureWarning)
============================================================
Model: echodiffusion  Dataset: soundspaces
BS: 48  LR: 0.0005  Opt: AdamW
============================================================
Loaded scene split from /root/local1/changwoo/matterport3d_0303renew/scene_split.json
  train: 72, val: 9, test: 9
[train] 23560 samples (fast cache: samples_train_erp_c7ed256fbb9b.json) [waveform=ON]
Loaded scene split from /root/local1/changwoo/matterport3d_0303renew/scene_split.json
  train: 72, val: 9, test: 9
[val] 2951 samples (fast cache: samples_val_erp_89df6a83b017.json) [waveform=ON]
Train: 23560, Val: 2951
Loading weights:   0%|          | 0/210 [00:00<?, ?it/s]Loading weights: 100%|██████████| 210/210 [00:00<00:00, 5550.43it/s]
[transformers] [1mWav2Vec2Model LOAD REPORT[0m from: facebook/wav2vec2-base-960h
Key               | Status     | 
------------------+------------+-
lm_head.bias      | UNEXPECTED | 
lm_head.weight    | UNEXPECTED | 
masked_spec_embed | MISSING    | 

Notes:
- UNEXPECTED:	can be ignored when loading from different task/architecture; not ok if you expect identical arch.
- MISSING:	those params were newly initialized because missing from the checkpoint. Consider training on your downstream task.
Model: echodiffusion (132.6M params)
  [train] epoch 1 step 200/491 (357s)
  [train] epoch 1 step 400/491 (707s)
Epoch [1/40] L:0.3287 D:0.3287 868s
  [train] epoch 2 step 200/491 (353s)
  [train] epoch 2 step 400/491 (706s)
Epoch [2/40] L:0.2500 D:0.2500 865s
  [train] epoch 3 step 200/491 (351s)
  [train] epoch 3 step 400/491 (691s)
Epoch [3/40] L:0.2448 D:0.2448 852s
  [train] epoch 4 step 200/491 (352s)
  [train] epoch 4 step 400/491 (705s)
Epoch [4/40] L:0.2431 D:0.2431 865s
  [val] starting (62 batches)
  [val] 50/62 (38s)
  [val] done (62 batches, 46s)
  Val L:0.2836 ABS:0.5188 RMSE:1.5059 d1:0.4508
  >> Best (score:1.2098 RMSE:1.5059 ABS:0.5188)
  [train] epoch 5 step 200/491 (354s)
  [train] epoch 5 step 400/491 (707s)
Epoch [5/40] L:0.2386 D:0.2386 860s
  [train] epoch 6 step 200/491 (343s)
  [train] epoch 6 step 400/491 (695s)
Epoch [6/40] L:0.2362 D:0.2362 856s
  [train] epoch 7 step 200/491 (351s)
  [train] epoch 7 step 400/491 (706s)
Epoch [7/40] L:0.2342 D:0.2342 866s
  [train] epoch 8 step 200/491 (352s)
  [train] epoch 8 step 400/491 (705s)
Epoch [8/40] L:0.2245 D:0.2245 860s
  [val] starting (62 batches)
  [val] 50/62 (38s)
  [val] done (62 batches, 46s)
  Val L:0.2858 ABS:0.4472 RMSE:1.5711 d1:0.3219
  [train] epoch 9 step 200/491 (354s)
  [train] epoch 9 step 400/491 (705s)
Epoch [9/40] L:0.2171 D:0.2171 866s
  [train] epoch 10 step 200/491 (352s)
  [train] epoch 10 step 400/491 (695s)
Epoch [10/40] L:0.2137 D:0.2137 852s
  [train] epoch 11 step 200/491 (353s)
  [train] epoch 11 step 400/491 (704s)
Epoch [11/40] L:0.2082 D:0.2082 866s
  [train] epoch 12 step 200/491 (352s)
  [train] epoch 12 step 400/491 (707s)
Epoch [12/40] L:0.2070 D:0.2070 868s
  [val] starting (62 batches)
  [val] 50/62 (40s)
  [val] done (62 batches, 49s)
  Val L:0.2556 ABS:0.3973 RMSE:1.4915 d1:0.4739
  >> Best (score:1.1632 RMSE:1.4915 ABS:0.3973)
  [train] epoch 13 step 200/491 (343s)
  [train] epoch 13 step 400/491 (698s)
Epoch [13/40] L:0.2034 D:0.2034 859s
  [train] epoch 14 step 200/491 (354s)
  [train] epoch 14 step 400/491 (707s)
Epoch [14/40] L:0.2033 D:0.2033 865s
  [train] epoch 15 step 200/491 (353s)
  [train] epoch 15 step 400/491 (704s)
Epoch [15/40] L:0.2004 D:0.2004 866s
  [train] epoch 16 step 200/491 (354s)
  [train] epoch 16 step 400/491 (705s)
Epoch [16/40] L:0.1978 D:0.1978 868s
  [val] starting (62 batches)
  [val] 50/62 (38s)
  [val] done (62 batches, 47s)
  Val L:0.2476 ABS:0.4590 RMSE:1.4030 d1:0.4873
  >> Best (score:1.1198 RMSE:1.4030 ABS:0.4590)
  [train] epoch 17 step 200/491 (352s)
  [train] epoch 17 step 400/491 (704s)
Epoch [17/40] L:0.1975 D:0.1975 859s
  [train] epoch 18 step 200/491 (340s)
  [train] epoch 18 step 400/491 (693s)
Epoch [18/40] L:0.1949 D:0.1949 853s
  [train] epoch 19 step 200/491 (356s)
  [train] epoch 19 step 400/491 (706s)
Epoch [19/40] L:0.1938 D:0.1938 866s
  [train] epoch 20 step 200/491 (353s)
  [train] epoch 20 step 400/491 (696s)
Epoch [20/40] L:0.1921 D:0.1921 858s
  [val] starting (62 batches)
  [val] 50/62 (42s)
  [val] done (62 batches, 51s)
  Val L:0.2388 ABS:0.4128 RMSE:1.4011 d1:0.5177
  >> Best (score:1.1046 RMSE:1.4011 ABS:0.4128)
  [train] epoch 21 step 200/491 (355s)
  [train] epoch 21 step 400/491 (706s)
Epoch [21/40] L:0.1905 D:0.1905 864s
  [train] epoch 22 step 200/491 (354s)
  [train] epoch 22 step 400/491 (709s)
Epoch [22/40] L:0.1896 D:0.1896 868s
  [train] epoch 23 step 200/491 (353s)
  [train] epoch 23 step 400/491 (707s)
Epoch [23/40] L:0.1882 D:0.1882 866s
  [train] epoch 24 step 200/491 (353s)
  [train] epoch 24 step 400/491 (707s)
Epoch [24/40] L:0.1864 D:0.1864 864s
  [val] starting (62 batches)
  [val] 50/62 (38s)
  [val] done (62 batches, 47s)
  Val L:0.2366 ABS:0.4092 RMSE:1.3971 d1:0.5199
  >> Best (score:1.1007 RMSE:1.3971 ABS:0.4092)
  [train] epoch 25 step 200/491 (338s)
  [train] epoch 25 step 400/491 (689s)
Epoch [25/40] L:0.1846 D:0.1846 848s
  [train] epoch 26 step 200/491 (352s)
  [train] epoch 26 step 400/491 (706s)
Epoch [26/40] L:0.1833 D:0.1833 865s
  [train] epoch 27 step 200/491 (354s)
  [train] epoch 27 step 400/491 (697s)
Epoch [27/40] L:0.1826 D:0.1826 817s
  [train] epoch 28 step 200/491 (323s)
  [train] epoch 28 step 400/491 (654s)
Epoch [28/40] L:0.1803 D:0.1803 804s
  [val] starting (62 batches)
  [val] 50/62 (37s)
  [val] done (62 batches, 46s)
  Val L:0.2306 ABS:0.4013 RMSE:1.3751 d1:0.5197
  >> Best (score:1.0830 RMSE:1.3751 ABS:0.4013)
  [train] epoch 29 step 200/491 (331s)
  [train] epoch 29 step 400/491 (661s)
Epoch [29/40] L:0.1791 D:0.1791 812s
  [train] epoch 30 step 200/491 (328s)
  [train] epoch 30 step 400/491 (649s)
Epoch [30/40] L:0.1768 D:0.1768 798s
  [train] epoch 31 step 200/491 (329s)
  [train] epoch 31 step 400/491 (661s)
Epoch [31/40] L:0.1757 D:0.1757 812s
  [train] epoch 32 step 200/491 (330s)
  [train] epoch 32 step 400/491 (648s)
Epoch [32/40] L:0.1737 D:0.1737 799s
  [val] starting (62 batches)
  [val] 50/62 (37s)
  [val] done (62 batches, 45s)
  Val L:0.2374 ABS:0.4060 RMSE:1.3923 d1:0.5275
  [train] epoch 33 step 200/491 (331s)
  [train] epoch 33 step 400/491 (648s)
Epoch [33/40] L:0.1722 D:0.1722 799s
  [train] epoch 34 step 200/491 (330s)
  [train] epoch 34 step 400/491 (659s)
Epoch [34/40] L:0.1712 D:0.1712 808s
  [train] epoch 35 step 200/491 (330s)
  [train] epoch 35 step 400/491 (659s)
Epoch [35/40] L:0.1678 D:0.1678 809s
  [train] epoch 36 step 200/491 (317s)
  [train] epoch 36 step 400/491 (646s)
Epoch [36/40] L:0.1668 D:0.1668 795s
  [val] starting (62 batches)
  [val] 50/62 (39s)
  [val] done (62 batches, 47s)
  Val L:0.2370 ABS:0.4160 RMSE:1.3720 d1:0.5340
  [train] epoch 37 step 200/491 (330s)
  [train] epoch 37 step 400/491 (659s)
Epoch [37/40] L:0.1646 D:0.1646 811s
  [train] epoch 38 step 200/491 (329s)
  [train] epoch 38 step 400/491 (659s)
Epoch [38/40] L:0.1620 D:0.1620 808s
  [train] epoch 39 step 200/491 (322s)
  [train] epoch 39 step 400/491 (642s)
Epoch [39/40] L:0.1605 D:0.1605 792s
  [train] epoch 40 step 200/491 (330s)
  [train] epoch 40 step 400/491 (662s)
Epoch [40/40] L:0.1592 D:0.1592 812s
  [val] starting (62 batches)
  [val] 50/62 (38s)
  [val] done (62 batches, 47s)
  Val L:0.2449 ABS:0.4029 RMSE:1.3931 d1:0.5293

Done. Best score:1.0830 RMSE:1.3751 ABS:0.4013
