/opt/conda/lib/python3.11/site-packages/timm/models/layers/__init__.py:49: FutureWarning: Importing from timm.models.layers is deprecated, please import via timm.layers
  warnings.warn(f"Importing from {__name__} is deprecated, please import via timm.layers", FutureWarning)
============================================================
Model: echodiffusion  Dataset: soundspaces
BS: 16  LR: 0.0005  Opt: AdamW
============================================================
Loaded scene split from /root/local1/changwoo/matterport3d_0303renew/scene_split.json
  train: 72, val: 9, test: 9
[train] 23560 samples (fast cache: samples_train_erp_c7ed256fbb9b.json) [waveform=ON]
Loaded scene split from /root/local1/changwoo/matterport3d_0303renew/scene_split.json
  train: 72, val: 9, test: 9
[val] 2951 samples (fast cache: samples_val_erp_89df6a83b017.json) [waveform=ON]
Train: 23560, Val: 2951
Loading weights:   0%|          | 0/210 [00:00<?, ?it/s]Loading weights: 100%|██████████| 210/210 [00:00<00:00, 6612.69it/s]
[transformers] [1mWav2Vec2Model LOAD REPORT[0m from: facebook/wav2vec2-base-960h
Key               | Status     | 
------------------+------------+-
lm_head.weight    | UNEXPECTED | 
lm_head.bias      | UNEXPECTED | 
masked_spec_embed | MISSING    | 

Notes:
- UNEXPECTED:	can be ignored when loading from different task/architecture; not ok if you expect identical arch.
- MISSING:	those params were newly initialized because missing from the checkpoint. Consider training on your downstream task.
Model: echodiffusion (132.6M params)
  [train] epoch 1 step 294/1473 (189s)
  [train] epoch 1 step 588/1473 (377s)
  [train] epoch 1 step 882/1473 (563s)
  [train] epoch 1 step 1176  Val L:0.2971 ABS:0.6558 RMSE:1.4933 d1:0.4421
  >> Best (score:1.2420 RMSE:1.4933 ABS:0.6558)
Epoch [5/40] L:0.2318 D:0.2318 739s
Epoch [6/40] L:0.2192 D:0.2192 734s
Epoch [7/40] L:0.2135 D:0.2135 731s
Epoch [8/40] L:0.2098 D:0.2098 729s
  Val L:0.2532 ABS:0.4583 RMSE:1.4340 d1:0.4766
  >> Best (score:1.1413 RMSE:1.4340 ABS:0.4583)
Epoch [9/40] L:0.2071 D:0.2071 731s
Epoch [10/40] L:0.2042 D:0.2042 727s
Epoch [11/40] L:0.2018 D:0.2018 732s
Epoch [12/40] L:0.2005 D:0.2005 731s
  Val L:0.2486 ABS:0.4396 RMSE:1.4156 d1:0.4885
  >> Best (score:1.1228 RMSE:1.4156 ABS:0.4396)
Epoch [13/40] L:0.1980 D:0.1980 730s
Epoch [14/40] L:0.1972 D:0.1972 738s
Epoch [15/40] L:0.1949 D:0.1949 811s
Epoch [16/40] L:0.1939 D:0.1939 923s
  Val L:0.2443 ABS:0.4360 RMSE:1.3853 d1:0.5166
  >> Best (score:1.1005 RMSE:1.3853 ABS:0.4360)
Epoch [17/40] L:0.1926 D:0.1926 931s
Epoch [18/40] L:0.1911 D:0.1911 931s
Epoch [19/40] L:0.1894 D:0.1894 925s
Epoch [20/40] L:0.1891 D:0.1891 929s
  Val L:0.2438 ABS:0.4820 RMSE:1.3820 d1:0.5109
Epoch [21/40] L:0.1871 D:0.1871 947s
Epoch [22/40] L:0.1853 D:0.1853 931s
Epoch [23/40] L:0.1837 D:0.1837 927s
Epoch [24/40] L:0.1824 D:0.1824 931s
  Val L:0.2509 ABS:0.3837 RMSE:1.4549 d1:0.4741
Epoch [25/40] L:0.1804 D:0.1804 930s
Epoch [26/40] L:0.1785 D:0.1785 1402s
Epoch [27/40] L:0.1777 D:0.1777 1572s
Epoch [28/40] L:0.1756 D:0.1756 1569s
  Val L:0.2386 ABS:0.4480 RMSE:1.3688 d1:0.5230
  >> Best (score:1.0925 RMSE:1.3688 ABS:0.4480)
Epoch [29/40] L:0.1740 D:0.1740 1581s
Epoch [30/40] L:0.1723 D:0.1723 1562s
Epoch [31/40] L:0.1700 D:0.1700 1564s
Epoch [32/40] L:0.1683 D:0.1683 1553s
  Val L:0.2494 ABS:0.4017 RMSE:1.4234 d1:0.4865
Epoch [33/40] L:0.1660 D:0.1660 1573s
Epoch [34/40] L:0.1640 D:0.1640 1571s
Epoch [35/40] L:0.1614 D:0.1614 1548s
Epoch [36/40] L:0.1594 D:0.1594 1574s
  Val L:0.2435 ABS:0.3935 RMSE:1.4026 d1:0.5258
Epoch [37/40] L:0.1569 D:0.1569 1554s
Epoch [38/40] L:0.1546 D:0.1546 1572s
Epoch [39/40] L:0.1516 D:0.1516 1550s
Epoch [40/40] L:0.1494 D:0.1494 1575s
  Val L:0.2461 ABS:0.4198 RMSE:1.3952 d1:0.5153

Done. Best score:1.0925 RMSE:1.3688 ABS:0.4480
d1:0.4468
  >> Best (score:1.1633 RMSE:1.4877 ABS:0.4062)
  [train] epoch 9 step 294/1473 (189s)
  [train] epoch 9 step 588/1473 (379s)
  [train] epoch 9 step 882/1473 (567s)
  [train] epoch 9 step 1176/1473 (753s)
  [train] epoch 9 step 1470/1473 (939s)
Epoch [9/40] L:0.2050 D:0.2050 941s
  [train] epoch 10 step 294/1473 (183s)
  [train] epoch 10 step 588/1473 (362s)
  [train] epoch 10 step 882/1473 (544s)
  [train] epoch 10 step 1176/1473 (726s)
  [train] epoch 10 step 1470/1473 (907s)
Epoch [10/40] L:0.2029 D:0.2029 909s
  [train] epoch 11 step 294/1473 (191s)
  [train] epoch 11 step 588/1473 (380s)
  [train] epoch 11 step 882/1473 (564s)
  [train] epoch 11 step 1176/1473 (820s)
  [train] epoch 11 step 1470/1473 (1137s)
Epoch [11/40] L:0.2001 D:0.2001 1140s
  [train] epoch 12 step 294/1473 (315s)
  [train] epoch 12 step 588/1473 (633s)
  [train] epoch 12 step 882/1473 (950s)
  [train] epoch 12 step 1176/1473 (1265s)
  [train] epoch 12 step 1470/1473 (1581s)
Epoch [12/40] L:0.1989 D:0.1989 1584s
  [val] starting (185 batches)
  [val] 50/185 (25s)
  [val] 100/185 (49s)
  [val] 150/185 (74s)
  [val] done (185 batches, 91s)
  Val L:0.2477 ABS:0.4005 RMSE:1.4361 d1:0.4849
  >> Best (score:1.1254 RMSE:1.4361 ABS:0.4005)
  [train] epoch 13 step 294/1473 (319s)
  [train] epoch 13 step 588/1473 (635s)
  [train] epoch 13 step 882/1473 (953s)
  [train] epoch 13 step 1176/1473 (1267s)
  [train] epoch 13 step 1470/1473 (1572s)
Epoch [13/40] L:0.1967 D:0.1967 1575s
  [train] epoch 14 step 294/1473 (314s)
  [train] epoch 14 step 588/1473 (624s)
  [train] epoch 14 step 882/1473 (936s)
  [train] epoch 14 step 1176/1473 (1251s)
  [train] epoch 14 step 1470/1473 (1566s)
Epoch [14/40] L:0.1956 D:0.1956 1569s
  [train] epoch 15 step 294/1473 (316s)
  [train] epoch 15 step 588/1473 (630s)
  [train] epoch 15 step 882/1473 (946s)
  [train] epoch 15 step 1176/1473 (1260s)
  [train] epoch 15 step 1470/1473 (1575s)
Epoch [15/40] L:0.1939 D:0.1939 1579s
  [train] epoch 16 step 294/1473 (307s)
  [train] epoch 16 step 588/1473 (624s)
  [train] epoch 16 step 882/1473 (937s)
  [train] epoch 16 step 1176/1473 (1254s)
  [train] epoch 16 step 1470/1473 (1572s)
Epoch [16/40] L:0.1919 D:0.1919 1575s
  [val] starting (185 batches)
  [val] 50/185 (25s)
  [val] 100/185 (49s)
  [val] 150/185 (74s)
  [val] done (185 batches, 91s)
  Val L:0.2415 ABS:0.3875 RMSE:1.4207 d1:0.5070
  >> Best (score:1.1107 RMSE:1.4207 ABS:0.3875)
  [train] epoch 17 step 294/1473 (312s)
  [train] epoch 17 step 588/1473 (628s)
  [train] epoch 17 step 882/1473 (945s)
  [train] epoch 17 step 1176/1473 (1256s)
  [train] epoch 17 step 1470/1473 (1571s)
Epoch [17/40] L:0.1902 D:0.1902 1574s
  [train] epoch 18 step 294/1473 (314s)
  [train] epoch 18 step 588/1473 (607s)
  [train] epoch 18 step 882/1473 (917s)
  [train] epoch 18 step 1176/1473 (1234s)
  [train] epoch 18 step 1470/1473 (1549s)
Epoch [18/40] L:0.1891 D:0.1891 1552s
  [train] epoch 19 step 294/1473 (318s)
  [train] epoch 19 step 588/1473 (632s)
  [train] epoch 19 step 882/1473 (947s)
  [train] epoch 19 step 1176/1473 (1265s)
  [train] epoch 19 step 1470/1473 (1578s)
Epoch [19/40] L:0.1882 D:0.1882 1581s
  [train] epoch 20 step 294/1473 (315s)
  [train] epoch 20 step 588/1473 (627s)
  [train] epoch 20 step 882/1473 (926s)
  [train] epoch 20 step 1176/1473 (1243s)
  [train] epoch 20 step 1470/1473 (1559s)
Epoch [20/40] L:0.1860 D:0.1860 1562s
  [val] starting (185 batches)
  [val] 50/185 (28s)
  [val] 100/185 (52s)
  [val] 150/185 (77s)
  [val] done (185 batches, 94s)
  Val L:0.2397 ABS:0.4505 RMSE:1.3716 d1:0.5201
  >> Best (score:1.0953 RMSE:1.3716 ABS:0.4505)
  [train] epoch 21 step 294/1473 (316s)
  [train] epoch 21 step 588/1473 (631s)
  [train] epoch 21 step 882/1473 (946s)
  [train] epoch 21 step 1176/1473 (1262s)
  [train] epoch 21 step 1470/1473 (1576s)
Epoch [21/40] L:0.1844 D:0.1844 1579s
  [train] epoch 22 step 294/1473 (317s)
  [train] epoch 22 step 588/1473 (622s)
  [train] epoch 22 step 882/1473 (935s)
  [train] epoch 22 step 1176/1473 (1236s)
  [train] epoch 22 step 1470/1473 (1553s)
Epoch [22/40] L:0.1828 D:0.1828 1555s
  [train] epoch 23 step 294/1473 (316s)
  [train] epoch 23 step 588/1473 (631s)
  [train] epoch 23 step 882/1473 (950s)
  [train] epoch 23 step 1176/1473 (1265s)
  [train] epoch 23 step 1470/1473 (1582s)
Epoch [23/40] L:0.1818 D:0.1818 1585s
  [train] epoch 24 step 294/1473 (316s)
  [train] epoch 24 step 588/1473 (634s)
  [train] epoch 24 step 882/1473 (952s)
  [train] epoch 24 step 1176/1473 (1272s)
  [train] epoch 24 step 1470/1473 (1573s)
Epoch [24/40] L:0.1802 D:0.1802 1576s
  [val] starting (185 batches)
  [val] 50/185 (25s)
  [val] 100/185 (48s)
  [val] 150/185 (73s)
  [val] done (185 batches, 89s)
  Val L:0.2417 ABS:0.4006 RMSE:1.4029 d1:0.5216
  [train] epoch 25 step 294/1473 (314s)
  [train] epoch 25 step 588/1473 (627s)
  [train] epoch 25 step 882/1473 (944s)
  [train] epoch 25 step 1176/1473 (1260s)
  [train] epoch 25 step 1470/1473 (1576s)
Epoch [25/40] L:0.1783 D:0.1783 1579s
  [train] epoch 26 step 294/1473 (321s)
  [train] epoch 26 step 588/1473 (600s)
  [train] epoch 26 step 882/1473 (885s)
  [train] epoch 26 step 1176/1473 (1174s)
  [train] epoch 26 step 1470/1473 (1463s)
Epoch [26/40] L:0.1766 D:0.1766 1465s
  [train] epoch 27 step 294/1473 (280s)
  [train] epoch 27 step 588/1473 (569s)
  [train] epoch 27 step 882/1473 (857s)
  [train] epoch 27 step 1176/1473 (1146s)
  [train] epoch 27 step 1470/1473 (1436s)
Epoch [27/40] L:0.1751 D:0.1751 1438s
  [train] epoch 28 step 294/1473 (280s)
  [train] epoch 28 step 588/1473 (570s)
  [train] epoch 28 step 882/1473 (861s)
  [train] epoch 28 step 1176/1473 (1149s)
  [train] epoch 28 step 1470/1473 (1440s)
Epoch [28/40] L:0.1735 D:0.1735 1443s
  [val] starting (185 batches)
  [val] 50/185 (24s)
  [val] 100/185 (47s)
  [val] 150/185 (70s)
  [val] done (185 batches, 87s)
  Val L:0.2409 ABS:0.4125 RMSE:1.3878 d1:0.5217
  >> Best (score:1.0952 RMSE:1.3878 ABS:0.4125)
  [train] epoch 29 step 294/1473 (291s)
  [train] epoch 29 step 588/1473 (573s)
  [train] epoch 29 step 882/1473 (855s)
  [train] epoch 29 step 1176/1473 (1146s)
  [train] epoch 29 step 1470/1473 (1437s)
Epoch [29/40] L:0.1714 D:0.1714 1439s
  [train] epoch 30 step 294/1473 (291s)
  [train] epoch 30 step 588/1473 (578s)
  [train] epoch 30 step 882/1473 (869s)
  [train] epoch 30 step 1176/1473 (1157s)
  [train] epoch 30 step 1470/1473 (1447s)
Epoch [30/40] L:0.1693 D:0.1693 1449s
  [train] epoch 31 step 294/1473 (281s)
  [train] epoch 31 step 588/1473 (570s)
  [train] epoch 31 step 882/1473 (852s)
  [train] epoch 31 step 1176/1473 (1141s)
  [train] epoch 31 step 1470/1473 (1429s)
Epoch [31/40] L:0.1674 D:0.1674 1432s
  [train] epoch 32 step 294/1473 (291s)
  [train] epoch 32 step 588/1473 (580s)
  [train] epoch 32 step 882/1473 (870s)
  [train] epoch 32 step 1176/1473 (1153s)
  [train] epoch 32 step 1470/1473 (1446s)
Epoch [32/40] L:0.1648 D:0.1648 1448s
  [val] starting (185 batches)
  [val] 50/185 (25s)
  [val] 100/185 (48s)
  [val] 150/185 (74s)
  [val] done (185 batches, 90s)
  Val L:0.2446 ABS:0.4210 RMSE:1.3892 d1:0.5314
  [train] epoch 33 step 294/1473 (289s)
  [train] epoch 33 step 588/1473 (579s)
  [train] epoch 33 step 882/1473 (870s)
  [train] epoch 33 step 1176/1473 (1125s)
  [train] epoch 33 step 1470/1473 (1406s)
Epoch [33/40] L:0.1629 D:0.1629 1408s
  [train] epoch 34 step 294/1473 (283s)
  [train] epoch 34 step 588/1473 (571s)
  [train] epoch 34 step 882/1473 (858s)
  [train] epoch 34 step 1176/1473 (1139s)
  [train] epoch 34 step 1470/1473 (1425s)
Epoch [34/40] L:0.1610 D:0.1610 1428s
  [train] epoch 35 step 294/1473 (286s)
  [train] epoch 35 step 588/1473 (572s)
  [train] epoch 35 step 882/1473 (859s)
  [train] epoch 35 step 1176/1473 (1132s)
  [train] epoch 35 step 1470/1473 (1418s)
Epoch [35/40] L:0.1586 D:0.1586 1420s
  [train] epoch 36 step 294/1473 (287s)
  [train] epoch 36 step 588/1473 (574s)
  [train] epoch 36 step 882/1473 (855s)
  [train] epoch 36 step 1176/1473 (1141s)
  [train] epoch 36 step 1470/1473 (1429s)
Epoch [36/40] L:0.1560 D:0.1560 1432s
  [val] starting (185 batches)
  [val] 50/185 (24s)
  [val] 100/185 (46s)
  [val] 150/185 (69s)
  [val] done (185 batches, 85s)
  Val L:0.2557 ABS:0.3961 RMSE:1.4320 d1:0.4952
  [train] epoch 37 step 294/1473 (287s)
  [train] epoch 37 step 588/1473 (570s)
  [train] epoch 37 step 882/1473 (850s)
  [train] epoch 37 step 1176/1473 (1135s)
  [train] epoch 37 step 1470/1473 (1421s)
Epoch [37/40] L:0.1540 D:0.1540 1424s
  [train] epoch 38 step 294/1473 (286s)
  [train] epoch 38 step 588/1473 (566s)
  [train] epoch 38 step 882/1473 (853s)
  [train] epoch 38 step 1176/1473 (1139s)
  [train] epoch 38 step 1470/1473 (1419s)
Epoch [38/40] L:0.1518 D:0.1518 1421s
  [train] epoch 39 step 294/1473 (286s)
  [train] epoch 39 step 588/1473 (566s)
  [train] epoch 39 step 882/1473 (852s)
  [train] epoch 39 step 1176/1473 (1137s)
  [train] epoch 39 step 1470/1473 (1423s)
Epoch [39/40] L:0.1488 D:0.1488 1425s
  [train] epoch 40 step 294/1473 (281s)
