/opt/conda/lib/python3.11/site-packages/timm/models/layers/__init__.py:49: FutureWarning: Importing from timm.models.layers is deprecated, please import via timm.layers
  warnings.warn(f"Importing from {__name__} is deprecated, please import via timm.layers", FutureWarning)
Traceback (most recent call last):
  File "/root/storage/implementation/shared_audio/baseline/train.py", line 12, in <module>
    from utils.config import load_config
  File "/root/storage/implementation/shared_audio/baseline/utils/__init__.py", line 4, in <module>
    from .train_utils import (
  File "/root/storage/implementation/shared_audio/baseline/utils/train_utils.py", line 6, in <module>
    from models import (
  File "/root/storage/implementation/shared_audio/baseline/models/__init__.py", line 14, in <module>
    from .n3_0417 import (
  File "/root/storage/implementation/shared_audio/baseline/models/n3_0417/__init__.py", line 6, in <module>
    from .n3_film import N3FiLMGenerator
  File "<frozen importlib._bootstrap>", line 1176, in _find_and_load
  File "<frozen importlib._bootstrap>", line 1138, in _find_and_load_unlocked
  File "<frozen importlib._bootstrap>", line 1078, in _find_spec
  File "<frozen importlib._bootstrap_external>", line 1507, in find_spec
  File "<frozen importlib._bootstrap_external>", line 1479, in _get_spec
  File "<frozen importlib._bootstrap_external>", line 1648, in find_spec
  File "<frozen importlib._bootstrap_external>", line 161, in _path_isfile
  File "<frozen importlib._bootstrap_external>", line 153, in _path_is_mode_type
  File "<frozen importlib._bootstrap_external>", line 147, in _path_stat
KeyboardInterrupt
