============================================================
Model: echonet  Dataset: soundspaces
BS: 16  LR: 0.001  Opt: AdamW
============================================================
Loaded scene split from /root/storage/matterport3d_0303renew/scene_split.json
  train: 72, val: 9, test: 9
[train] 23560 samples from 72 scenes (filtered 5240 with >10% no-depth)
Loaded scene split from /root/storage/matterport3d_0303renew/scene_split.json
  train: 72, val: 9, test: 9
[val] 2951 samples from 9 scenes (filtered 592 with >10% no-depth)
Train: 23560, Val: 2951
Model: echonet (321.3M params)
Epoch [1/40] L:0.2406 D:0.2406 5431s
Epoch [2/40] L:0.2240 D:0.2240 5421s
Epoch [3/40] L:0.2157 D:0.2157 5420s
Epoch [4/40] L:0.2104 D:0.2104 5420s
  Val L:28.1827 ABS:0.7769 RMSE:2.0279 d1:0.1818
  >> Best (score:1.6526 RMSE:2.0279 ABS:0.7769)
Epoch [5/40] L:0.2051 D:0.2051 5419s
Epoch [6/40] L:0.1951 D:0.1951 5419s
Epoch [7/40] L:0.1885 D:0.1885 5420s
Epoch [8/40] L:0.1846 D:0.1846 5418s
  Val L:24.4026 ABS:0.7490 RMSE:1.9237 d1:0.2162
  >> Best (score:1.5713 RMSE:1.9237 ABS:0.7490)
Epoch [9/40] L:0.1799 D:0.1799 5418s
