============================================================
Model: echonet  Dataset: soundspaces
BS: 16  LR: 0.0001  Opt: AdamW
============================================================
Loaded scene split from /root/storage/matterport3d_0303renew/scene_split.json
  train: 72, val: 9, test: 9
[train] 23560 samples from 72 scenes (filtered 5240 with >10% no-depth)
Loaded scene split from /root/storage/matterport3d_0303renew/scene_split.json
  train: 72, val: 9, test: 9
[val] 2951 samples from 9 scenes (filtered 592 with >10% no-depth)
Train: 23560, Val: 2951
Model: echonet (321.3M params)
Epoch [1/40] L:0.2664 D:0.2664 6153s
Epoch [2/40] L:0.2142 D:0.2142 6143s
Epoch [3/40] L:0.1986 D:0.1986 6142s
Epoch [4/40] L:0.1904 D:0.1904 6142s
  Val L:0.5518 ABS:1.0630 RMSE:2.0088 d1:0.2163
  >> Best (score:1.7251 RMSE:2.0088 ABS:1.0630)
Epoch [5/40] L:0.1842 D:0.1842 6145s
Epoch [6/40] L:0.1782 D:0.1782 6140s
Epoch [7/40] L:0.1736 D:0.1736 6140s
Epoch [8/40] L:0.1682 D:0.1682 6140s
