/opt/conda/lib/python3.11/site-packages/timm/models/layers/__init__.py:49: FutureWarning: Importing from timm.models.layers is deprecated, please import via timm.layers
  warnings.warn(f"Importing from {__name__} is deprecated, please import via timm.layers", FutureWarning)
============================================================
Model: n3_0425  Dataset: soundspaces
BS: 128  LR: 0.0005  Opt: AdamW
============================================================
Loaded scene split from /root/local1/changwoo/matterport3d_0303_renew/scene_split.json
  train: 72, val: 9, test: 9
[train] 23560 samples (fast cache: samples_train_erp_8b3be925d3ae.json) [ambisonic=ON]
  Precomputed SH basis matrix: (131072, 4) (order=1)
Loaded scene split from /root/local1/changwoo/matterport3d_0303_renew/scene_split.json
  train: 72, val: 9, test: 9
[val] 2951 samples (fast cache: samples_val_erp_be0f29dd7abf.json) [ambisonic=ON]
  Precomputed SH basis matrix: (131072, 4) (order=1)
Train: 23560, Val: 2951
Model: n3_0425 (19.8M params)
Epoch [1/20] L:0.0549 83s
Epoch [2/20] L:0.0346 82s
Epoch [3/20] L:0.0314 81s
Epoch [4/20] L:0.0285 81s
  [val] starting (24 batches)
  [val] done (24 batches, 12s)
  Val L:0.0065 ABS:0.0065 RMSE:0.0065 d1:0.7162
  >> Best (score:0.0065 RMSE:0.0065 ABS:0.0065)
Epoch [5/20] L:0.0268 81s
Epoch [6/20] L:0.0256 81s
Epoch [7/20] L:0.0240 81s
Epoch [8/20] L:0.0238 83s
  [val] starting (24 batches)
  [val] done (24 batches, 12s)
  Val L:0.0073 ABS:0.0073 RMSE:0.0073 d1:0.7633
Epoch [9/20] L:0.0224 83s
Epoch [10/20] L:0.0217 81s
Epoch [11/20] L:0.0212 82s
Epoch [12/20] L:0.0208 83s
  [val] starting (24 batches)
  [val] done (24 batches, 12s)
  Val L:0.0068 ABS:0.0068 RMSE:0.0068 d1:0.7824
Epoch [13/20] L:0.0202 81s
Epoch [14/20] L:0.0199 81s
Epoch [15/20] L:0.0192 81s
Epoch [16/20] L:0.0189 81s
  [val] starting (24 batches)
  [val] done (24 batches, 12s)
  Val L:0.0068 ABS:0.0068 RMSE:0.0068 d1:0.8011
Epoch [17/20] L:0.0185 80s
Epoch [18/20] L:0.0176 81s
Epoch [19/20] L:0.0170 81s
Epoch [20/20] L:0.0166 80s
  [val] starting (24 batches)
  [val] done (24 batches, 11s)
  Val L:0.0058 ABS:0.0058 RMSE:0.0058 d1:0.8021
  >> Best (score:0.0058 RMSE:0.0058 ABS:0.0058)

Done. Best score:0.0058 RMSE:0.0058 ABS:0.0058
