/opt/conda/lib/python3.11/site-packages/timm/models/layers/__init__.py:49: FutureWarning: Importing from timm.models.layers is deprecated, please import via timm.layers
  warnings.warn(f"Importing from {__name__} is deprecated, please import via timm.layers", FutureWarning)
============================================================
Model: n3_0425  Dataset: soundspaces
BS: 128  LR: 0.0001  Opt: AdamW
============================================================
Loaded scene split from /root/local1/changwoo/matterport3d_0303_renew/scene_split.json
  train: 72, val: 9, test: 9
[train] 23560 samples (fast cache: samples_train_erp_8b3be925d3ae.json) [ambisonic=ON]
  Precomputed SH basis matrix: (131072, 4) (order=1)
Loaded scene split from /root/local1/changwoo/matterport3d_0303_renew/scene_split.json
  train: 72, val: 9, test: 9
[val] 2951 samples (fast cache: samples_val_erp_be0f29dd7abf.json) [ambisonic=ON]
  Precomputed SH basis matrix: (131072, 4) (order=1)
Train: 23560, Val: 2951
Model: n3_0425 (19.8M params)
Epoch [1/20] L:0.0140 81s
Epoch [2/20] L:0.0057 81s
Epoch [3/20] L:0.0048 80s
Epoch [4/20] L:0.0042 80s
  [val] starting (24 batches)
  [val] done (24 batches, 12s)
  Val L:0.0041 ABS:0.0041 RMSE:0.0041 d1:0.5586
  >> Best (score:0.0041 RMSE:0.0041 ABS:0.0041)
Epoch [5/20] L:0.0040 80s
Epoch [6/20] L:0.0036 81s
Epoch [7/20] L:0.0034 81s
Epoch [8/20] L:0.0032 84s
  [val] starting (24 batches)
  [val] done (24 batches, 12s)
  Val L:0.0036 ABS:0.0036 RMSE:0.0036 d1:0.6718
  >> Best (score:0.0036 RMSE:0.0036 ABS:0.0036)
Epoch [9/20] L:0.0031 81s
Epoch [10/20] L:0.0030 81s
Epoch [11/20] L:0.0029 82s
Epoch [12/20] L:0.0027 81s
  [val] starting (24 batches)
  [val] done (24 batches, 12s)
  Val L:0.0030 ABS:0.0030 RMSE:0.0030 d1:0.7571
  >> Best (score:0.0030 RMSE:0.0030 ABS:0.0030)
Epoch [13/20] L:0.0026 81s
Epoch [14/20] L:0.0026 82s
Epoch [15/20] L:0.0025 82s
Epoch [16/20] L:0.0024 81s
  [val] starting (24 batches)
  [val] done (24 batches, 12s)
  Val L:0.0032 ABS:0.0032 RMSE:0.0032 d1:0.7032
Epoch [17/20] L:0.0024 81s
Epoch [18/20] L:0.0023 82s
Epoch [19/20] L:0.0022 82s
Epoch [20/20] L:0.0021 81s
  [val] starting (24 batches)
  [val] done (24 batches, 12s)
  Val L:0.0030 ABS:0.0030 RMSE:0.0030 d1:0.6233
  >> Best (score:0.0030 RMSE:0.0030 ABS:0.0030)

Done. Best score:0.0030 RMSE:0.0030 ABS:0.0030
