/opt/conda/lib/python3.11/site-packages/timm/models/layers/__init__.py:49: FutureWarning: Importing from timm.models.layers is deprecated, please import via timm.layers
  warnings.warn(f"Importing from {__name__} is deprecated, please import via timm.layers", FutureWarning)
============================================================
Model: n3_0425  Dataset: soundspaces
BS: 128  LR: 0.0001  Opt: AdamW
============================================================
Loaded scene split from /root/local1/changwoo/matterport3d_0303_renew/scene_split.json
  train: 72, val: 9, test: 9
[train] 23560 samples (fast cache: samples_train_erp_8b3be925d3ae.json) [ambisonic=ON]
  Precomputed SH basis matrix: (131072, 4) (order=1)
Loaded scene split from /root/local1/changwoo/matterport3d_0303_renew/scene_split.json
  train: 72, val: 9, test: 9
[val] 2951 samples (fast cache: samples_val_erp_be0f29dd7abf.json) [ambisonic=ON]
  Precomputed SH basis matrix: (131072, 4) (order=1)
Train: 23560, Val: 2951
Model: n3_0425 (19.8M params)
Epoch [1/20] L:0.0378 80s
Epoch [2/20] L:0.0070 80s
Epoch [3/20] L:0.0058 81s
Epoch [4/20] L:0.0033 80s
  [val] starting (24 batches)
  [val] done (24 batches, 12s)
  Val L:0.0025 ABS:0.0025 RMSE:0.0025 d1:0.9561
  >> Best (score:0.0025 RMSE:0.0025 ABS:0.0025)
Epoch [5/20] L:0.0028 82s
Epoch [6/20] L:0.0026 80s
Epoch [7/20] L:0.0023 81s
Epoch [8/20] L:0.0018 80s
  [val] starting (24 batches)
  [val] done (24 batches, 12s)
  Val L:0.0023 ABS:0.0023 RMSE:0.0023 d1:0.9521
  >> Best (score:0.0023 RMSE:0.0023 ABS:0.0023)
Epoch [9/20] L:0.0018 81s
Epoch [10/20] L:0.0020 82s
Epoch [11/20] L:0.0018 79s
Epoch [12/20] L:0.0017 80s
  [val] starting (24 batches)
  [val] done (24 batches, 11s)
  Val L:0.0013 ABS:0.0013 RMSE:0.0013 d1:0.9904
  >> Best (score:0.0013 RMSE:0.0013 ABS:0.0013)
Epoch [13/20] L:0.0016 80s
Epoch [14/20] L:0.0017 80s
Epoch [15/20] L:0.0015 80s
Epoch [16/20] L:0.0017 79s
  [val] starting (24 batches)
  [val] done (24 batches, 12s)
  Val L:0.0016 ABS:0.0016 RMSE:0.0016 d1:0.9608
Epoch [17/20] L:0.0018 80s
Epoch [18/20] L:0.0017 80s
Epoch [19/20] L:0.0017 79s
Epoch [20/20] L:0.0017 80s
  [val] starting (24 batches)
  [val] done (24 batches, 11s)
  Val L:0.0010 ABS:0.0010 RMSE:0.0010 d1:0.9866
  >> Best (score:0.0010 RMSE:0.0010 ABS:0.0010)

Done. Best score:0.0010 RMSE:0.0010 ABS:0.0010
