/opt/conda/lib/python3.11/site-packages/timm/models/layers/__init__.py:49: FutureWarning: Importing from timm.models.layers is deprecated, please import via timm.layers
  warnings.warn(f"Importing from {__name__} is deprecated, please import via timm.layers", FutureWarning)
============================================================
Model: n4_0425  Dataset: soundspaces
BS: 64  LR: 0.001  Opt: AdamW
============================================================
Loaded scene split from /root/local1/changwoo/matterport3d_0303renew/scene_split.json
  train: 72, val: 9, test: 9
[train] 23560 samples (fast cache: samples_train_erp_8b3be925d3ae.json) [ambisonic=ON]
  Precomputed SH basis matrix: (131072, 4) (order=1)
Loaded scene split from /root/local1/changwoo/matterport3d_0303renew/scene_split.json
  train: 72, val: 9, test: 9
[val] 2951 samples (fast cache: samples_val_erp_be0f29dd7abf.json) [ambisonic=ON]
  Precomputed SH basis matrix: (131072, 4) (order=1)
Train: 23560, Val: 2951
Model: n4_0425 (73.9M params)
  [train] epoch 1 step 200/369 (180s)
Epoch [1/40] L:0.3153 D:0.2723 F:0.0000 342s
  [train] epoch 2 step 200/369 (150s)
Epoch [2/40] L:0.2555 D:0.2150 F:0.0000 311s
  [train] epoch 3 step 200/369 (197s)
Epoch [3/40] L:0.2357 D:0.1986 F:0.0000 354s
  [train] epoch 4 step 200/369 (195s)
Epoch [4/40] L:0.2276 D:0.1947 F:0.0000 354s
  [val] starting (47 batches)
  [val] done (47 batches, 40s)
  Val L:0.2325 ABS:0.4411 RMSE:1.3796 d1:0.4999
  >> Best (score:1.0980 RMSE:1.3796 ABS:0.4411)
  [train] epoch 5 step 200/369 (193s)
Epoch [5/40] L:0.2201 D:0.1917 F:0.0000 355s
  [train] epoch 6 step 200/369 (160s)
Epoch [6/40] L:0.2127 D:0.1886 F:0.0000 311s
  [train] epoch 7 step 200/369 (186s)
Epoch [7/40] L:0.2066 D:0.1863 F:0.0000 345s
  [train] epoch 8 step 200/369 (178s)
Epoch [8/40] L:0.2017 D:0.1845 F:0.0000 333s
  [val] starting (47 batches)
  [val] done (47 batches, 31s)
  Val L:0.2245 ABS:0.3790 RMSE:1.3726 d1:0.5130
  >> Best (score:1.0745 RMSE:1.3726 ABS:0.3790)
  [train] epoch 9 step 200/369 (190s)
Epoch [9/40] L:0.1965 D:0.1818 F:0.0000 355s
  [train] epoch 10 step 200/369 (178s)
Epoch [10/40] L:0.1916 D:0.1790 F:0.0000 329s
  [train] epoch 11 step 200/369 (189s)
Epoch [11/40] L:0.1873 D:0.1763 F:0.0000 355s
  [train] epoch 12 step 200/369 (177s)
Epoch [12/40] L:0.1841 D:0.1744 F:0.0000 338s
  [val] starting (47 batches)
  [val] done (47 batches, 32s)
  Val L:0.2307 ABS:0.3905 RMSE:1.3869 d1:0.5150
  [train] epoch 13 step 200/369 (190s)
Epoch [13/40] L:0.1799 D:0.1712 F:0.0000 356s
  [train] epoch 14 step 200/369 (193s)
Epoch [14/40] L:0.1767 D:0.1688 F:0.0000 337s
  [train] epoch 15 step 200/369 (198s)
Epoch [15/40] L:0.1727 D:0.1655 F:0.0000 367s
  [train] epoch 16 step 200/369 (194s)
Epoch [16/40] L:0.1688 D:0.1622 F:0.0000 351s
  [val] starting (47 batches)
  [val] done (47 batches, 30s)
  Val L:0.2302 ABS:0.4204 RMSE:1.3635 d1:0.5214
  [train] epoch 17 step 200/369 (190s)
Epoch [17/40] L:0.1637 D:0.1576 F:0.0000 357s
  [train] epoch 18 step 200/369 (192s)
Epoch [18/40] L:0.1596 D:0.1539 F:0.0000 333s
  [train] epoch 19 step 200/369 (190s)
Epoch [19/40] L:0.1552 D:0.1498 F:0.0000 345s
  [train] epoch 20 step 200/369 (191s)
Epoch [20/40] L:0.1506 D:0.1455 F:0.0000 348s
  [val] starting (47 batches)
  [val] done (47 batches, 30s)
  Val L:0.2444 ABS:0.4476 RMSE:1.4076 d1:0.5196
  [train] epoch 21 step 200/369 (198s)
Epoch [21/40] L:0.1468 D:0.1420 F:0.0000 367s
  [train] epoch 22 step 200/369 (193s)
Epoch [22/40] L:0.1419 D:0.1372 F:0.0000 335s
  [train] epoch 23 step 200/369 (193s)
Epoch [23/40] L:0.1382 D:0.1337 F:0.0000 361s
  [train] epoch 24 step 200/369 (188s)
Epoch [24/40] L:0.1328 D:0.1285 F:0.0000 346s
  [val] starting (47 batches)
  [val] done (47 batches, 32s)
  Val L:0.2432 ABS:0.4177 RMSE:1.3857 d1:0.5306
  [train] epoch 25 step 200/369 (197s)
Epoch [25/40] L:0.1294 D:0.1252 F:0.0000 359s
  [train] epoch 26 step 200/369 (195s)
Epoch [26/40] L:0.1256 D:0.1216 F:0.0000 349s
  [train] epoch 27 step 200/369 (186s)
Epoch [27/40] L:0.1238 D:0.1199 F:0.0000 347s
  [train] epoch 28 step 200/369 (193s)
Epoch [28/40] L:0.1187 D:0.1149 F:0.0000 350s
  [val] starting (47 batches)
  [val] done (47 batches, 31s)
  Val L:0.2534 ABS:0.4242 RMSE:1.4145 d1:0.5272
  [train] epoch 29 step 200/369 (191s)
Epoch [29/40] L:0.1157 D:0.1120 F:0.0000 346s
  [train] epoch 30 step 200/369 (195s)
Epoch [30/40] L:0.1128 D:0.1092 F:0.0000 340s
  [train] epoch 31 step 200/369 (191s)
Epoch [31/40] L:0.1101 D:0.1065 F:0.0000 353s
  [train] epoch 32 step 200/369 (181s)
Epoch [32/40] L:0.1079 D:0.1044 F:0.0000 347s
  [val] starting (47 batches)
  [val] done (47 batches, 30s)
  Val L:0.2565 ABS:0.4170 RMSE:1.4238 d1:0.5324
  [train] epoch 33 step 200/369 (193s)
Epoch [33/40] L:0.1056 D:0.1022 F:0.0000 347s
  [train] epoch 34 step 200/369 (196s)
Epoch [34/40] L:0.1027 D:0.0994 F:0.0000 355s
  [train] epoch 35 step 200/369 (193s)
Epoch [35/40] L:0.1011 D:0.0978 F:0.0000 359s
  [train] epoch 36 step 200/369 (189s)
Epoch [36/40] L:0.0985 D:0.0953 F:0.0000 350s
  [val] starting (47 batches)
  [val] done (47 batches, 32s)
  Val L:0.2578 ABS:0.4104 RMSE:1.4383 d1:0.5246
  [train] epoch 37 step 200/369 (187s)
Epoch [37/40] L:0.0967 D:0.0936 F:0.0000 332s
  [train] epoch 38 step 200/369 (201s)
Epoch [38/40] L:0.0953 D:0.0922 F:0.0000 350s
  [train] epoch 39 step 200/369 (166s)
Epoch [39/40] L:0.0937 D:0.0906 F:0.0000 310s
  [train] epoch 40 step 200/369 (205s)
Epoch [40/40] L:0.0911 D:0.0881 F:0.0000 379s
  [val] starting (47 batches)
  [val] done (47 batches, 35s)
  Val L:0.2612 ABS:0.4534 RMSE:1.4491 d1:0.5296

Done. Best score:1.0745 RMSE:1.3726 ABS:0.3790
