/opt/conda/lib/python3.11/site-packages/timm/models/layers/__init__.py:49: FutureWarning: Importing from timm.models.layers is deprecated, please import via timm.layers
  warnings.warn(f"Importing from {__name__} is deprecated, please import via timm.layers", FutureWarning)
============================================================
Model: n4_0425  Dataset: soundspaces
BS: 64  LR: 0.0001  Opt: AdamW
============================================================
Loaded scene split from /root/local1/changwoo/matterport3d_0303renew/scene_split.json
  train: 72, val: 9, test: 9
[train] 23560 samples (fast cache: samples_train_erp_8b3be925d3ae.json) [ambisonic=ON]
  Precomputed SH basis matrix: (131072, 4) (order=1)
Loaded scene split from /root/local1/changwoo/matterport3d_0303renew/scene_split.json
  train: 72, val: 9, test: 9
[val] 2951 samples (fast cache: samples_val_erp_be0f29dd7abf.json) [ambisonic=ON]
  Precomputed SH basis matrix: (131072, 4) (order=1)
Train: 23560, Val: 2951
Model: n4_0425 (73.9M params)
  [train] epoch 1 step 200/369 (195s)
Epoch [1/40] L:0.2908 D:0.2908 F:0.0000 353s
  [train] epoch 2 step 200/369 (180s)
Epoch [2/40] L:0.2078 D:0.2078 F:0.0000 340s
  [train] epoch 3 step 200/369 (183s)
Epoch [3/40] L:0.2002 D:0.2002 F:0.0000 336s
  [train] epoch 4 step 200/369 (186s)
Epoch [4/40] L:0.1971 D:0.1971 F:0.0000 343s
  [val] starting (47 batches)
  [val] done (47 batches, 31s)
  Val L:0.2489 ABS:0.4344 RMSE:1.4393 d1:0.4904
  >> Best (score:1.1378 RMSE:1.4393 ABS:0.4344)
  [train] epoch 5 step 200/369 (187s)
Epoch [5/40] L:0.1934 D:0.1934 F:0.0000 347s
  [train] epoch 6 step 200/369 (181s)
Epoch [6/40] L:0.1904 D:0.1904 F:0.0000 341s
  [train] epoch 7 step 200/369 (185s)
Epoch [7/40] L:0.1869 D:0.1869 F:0.0000 336s
  [train] epoch 8 step 200/369 (191s)
Epoch [8/40] L:0.1842 D:0.1842 F:0.0000 350s
  [val] starting (47 batches)
  [val] done (47 batches, 33s)
  Val L:0.2289 ABS:0.4296 RMSE:1.3782 d1:0.5107
  >> Best (score:1.0936 RMSE:1.3782 ABS:0.4296)
  [train] epoch 9 step 200/369 (190s)
Epoch [9/40] L:0.1802 D:0.1802 F:0.0000 351s
  [train] epoch 10 step 200/369 (176s)
Epoch [10/40] L:0.1769 D:0.1769 F:0.0000 333s
  [train] epoch 11 step 200/369 (190s)
Epoch [11/40] L:0.1722 D:0.1722 F:0.0000 338s
  [train] epoch 12 step 200/369 (195s)
Epoch [12/40] L:0.1681 D:0.1681 F:0.0000 358s
  [val] starting (47 batches)
  [val] done (47 batches, 32s)
  Val L:0.2361 ABS:0.3813 RMSE:1.4389 d1:0.5050
  [train] epoch 13 step 200/369 (195s)
Epoch [13/40] L:0.1624 D:0.1624 F:0.0000 359s
  [train] epoch 14 step 200/369 (180s)
Epoch [14/40] L:0.1570 D:0.1570 F:0.0000 338s
  [train] epoch 15 step 200/369 (190s)
Epoch [15/40] L:0.1510 D:0.1510 F:0.0000 339s
  [train] epoch 16 step 200/369 (195s)
Epoch [16/40] L:0.1442 D:0.1442 F:0.0000 356s
  [val] starting (47 batches)
  [val] done (47 batches, 32s)
  Val L:0.2374 ABS:0.4075 RMSE:1.3910 d1:0.5281
  [train] epoch 17 step 200/369 (191s)
Epoch [17/40] L:0.1391 D:0.1391 F:0.0000 351s
  [train] epoch 18 step 200/369 (184s)
Epoch [18/40] L:0.1336 D:0.1336 F:0.0000 340s
  [train] epoch 19 step 200/369 (196s)
Epoch [19/40] L:0.1276 D:0.1276 F:0.0000 344s
  [train] epoch 20 step 200/369 (193s)
Epoch [20/40] L:0.1224 D:0.1224 F:0.0000 354s
  [val] starting (47 batches)
  [val] done (47 batches, 33s)
  Val L:0.2435 ABS:0.4052 RMSE:1.4060 d1:0.5283
  [train] epoch 21 step 200/369 (193s)
Epoch [21/40] L:0.1174 D:0.1174 F:0.0000 352s
  [train] epoch 22 step 200/369 (188s)
Epoch [22/40] L:0.1133 D:0.1133 F:0.0000 347s
  [train] epoch 23 step 200/369 (196s)
Epoch [23/40] L:0.1097 D:0.1097 F:0.0000 347s
  [train] epoch 24 step 200/369 (192s)
Epoch [24/40] L:0.1056 D:0.1056 F:0.0000 348s
  [val] starting (47 batches)
  [val] done (47 batches, 32s)
  Val L:0.2491 ABS:0.4274 RMSE:1.4088 d1:0.5247
  [train] epoch 25 step 200/369 (189s)
Epoch [25/40] L:0.1027 D:0.1027 F:0.0000 343s
  [train] epoch 26 step 200/369 (192s)
Epoch [26/40] L:0.0998 D:0.0998 F:0.0000 340s
  [train] epoch 27 step 200/369 (186s)
Epoch [27/40] L:0.0966 D:0.0966 F:0.0000 334s
  [train] epoch 28 step 200/369 (189s)
Epoch [28/40] L:0.0952 D:0.0952 F:0.0000 348s
  [val] starting (47 batches)
  [val] done (47 batches, 31s)
  Val L:0.2557 ABS:0.4288 RMSE:1.4328 d1:0.5254
  [train] epoch 29 step 200/369 (191s)
Epoch [29/40] L:0.0919 D:0.0919 F:0.0000 350s
  [train] epoch 30 step 200/369 (189s)
Epoch [30/40] L:0.0897 D:0.0897 F:0.0000 339s
  [train] epoch 31 step 200/369 (193s)
Epoch [31/40] L:0.0881 D:0.0881 F:0.0000 338s
  [train] epoch 32 step 200/369 (186s)
Epoch [32/40] L:0.0861 D:0.0861 F:0.0000 340s
  [val] starting (47 batches)
  [val] done (47 batches, 32s)
  Val L:0.2572 ABS:0.4515 RMSE:1.4423 d1:0.5293
  [train] epoch 33 step 200/369 (184s)
Epoch [33/40] L:0.0845 D:0.0845 F:0.0000 339s
  [train] epoch 34 step 200/369 (185s)
Epoch [34/40] L:0.0827 D:0.0827 F:0.0000 304s
  [train] epoch 35 step 200/369 (172s)
Epoch [35/40] L:0.0812 D:0.0812 F:0.0000 318s
  [train] epoch 36 step 200/369 (159s)
Epoch [36/40] L:0.0797 D:0.0797 F:0.0000 311s
  [val] starting (47 batches)
  [val] done (47 batches, 33s)
  Val L:0.2558 ABS:0.4070 RMSE:1.4447 d1:0.5245
  [train] epoch 37 step 200/369 (184s)
Epoch [37/40] L:0.0793 D:0.0793 F:0.0000 338s
  [train] epoch 38 step 200/369 (185s)
Epoch [38/40] L:0.0777 D:0.0777 F:0.0000 337s
  [train] epoch 39 step 200/369 (171s)
Epoch [39/40] L:0.0757 D:0.0757 F:0.0000 326s
  [train] epoch 40 step 200/369 (166s)
Epoch [40/40] L:0.0747 D:0.0747 F:0.0000 318s
  [val] starting (47 batches)
  [val] done (47 batches, 33s)
  Val L:0.2584 ABS:0.4274 RMSE:1.4536 d1:0.5326

Done. Best score:1.0936 RMSE:1.3782 ABS:0.4296

Done. Best score:1.0871 RMSE:1.3782 ABS:0.4080
