/opt/conda/lib/python3.11/site-packages/timm/models/layers/__init__.py:49: FutureWarning: Importing from timm.models.layers is deprecated, please import via timm.layers
  warnings.warn(f"Importing from {__name__} is deprecated, please import via timm.layers", FutureWarning)
============================================================
Model: n4_0425  Dataset: soundspaces
BS: 64  LR: 0.0001  Opt: AdamW
============================================================
Loaded scene split from /root/local1/changwoo/matterport3d_0303renew/scene_split.json
  train: 72, val: 9, test: 9
[train] 23560 samples (fast cache: samples_train_erp_8b3be925d3ae.json) [ambisonic=ON]
  Precomputed SH basis matrix: (131072, 4) (order=1)
Loaded scene split from /root/local1/changwoo/matterport3d_0303renew/scene_split.json
  train: 72, val: 9, test: 9
[val] 2951 samples (fast cache: samples_val_erp_be0f29dd7abf.json) [ambisonic=ON]
  Precomputed SH basis matrix: (131072, 4) (order=1)
Train: 23560, Val: 2951
Model: n4_0425 (73.9M params)
  [train] epoch 1 step 200/369 (199s)
Epoch [1/40] L:0.2642 D:0.2642 F:0.0000 359s
  [train] epoch 2 step 200/369 (191s)
Epoch [2/40] L:0.2029 D:0.2029 F:0.0000 351s
  [train] epoch 3 step 200/369 (193s)
Epoch [3/40] L:0.1968 D:0.1968 F:0.0000 346s
  [train] epoch 4 step 200/369 (195s)
Epoch [4/40] L:0.1926 D:0.1926 F:0.0000 348s
  [val] starting (47 batches)
  [val] done (47 batches, 35s)
  Val L:0.2399 ABS:0.3810 RMSE:1.4278 d1:0.4844
  >> Best (score:1.1137 RMSE:1.4278 ABS:0.3810)
  [train] epoch 5 step 200/369 (191s)
Epoch [5/40] L:0.1886 D:0.1886 F:0.0000 351s
  [train] epoch 6 step 200/369 (194s)
Epoch [6/40] L:0.1862 D:0.1862 F:0.0000 354s
  [train] epoch 7 step 200/369 (190s)
Epoch [7/40] L:0.1835 D:0.1835 F:0.0000 344s
  [train] epoch 8 step 200/369 (194s)
Epoch [8/40] L:0.1802 D:0.1802 F:0.0000 349s
  [val] starting (47 batches)
  [val] done (47 batches, 33s)
  Val L:0.2373 ABS:0.3596 RMSE:1.4076 d1:0.5063
  >> Best (score:1.0932 RMSE:1.4076 ABS:0.3596)
  [train] epoch 9 step 200/369 (191s)
Epoch [9/40] L:0.1773 D:0.1773 F:0.0000 352s
  [train] epoch 10 step 200/369 (191s)
Epoch [10/40] L:0.1733 D:0.1733 F:0.0000 352s
  [train] epoch 11 step 200/369 (183s)
Epoch [11/40] L:0.1691 D:0.1691 F:0.0000 344s
  [train] epoch 12 step 200/369 (203s)
Epoch [12/40] L:0.1652 D:0.1652 F:0.0000 357s
  [val] starting (47 batches)
  [val] done (47 batches, 32s)
  Val L:0.2342 ABS:0.3817 RMSE:1.3802 d1:0.5130
  >> Best (score:1.0807 RMSE:1.3802 ABS:0.3817)
  [train] epoch 13 step 200/369 (193s)
Epoch [13/40] L:0.1604 D:0.1604 F:0.0000 352s
  [train] epoch 14 step 200/369 (191s)
Epoch [14/40] L:0.1542 D:0.1542 F:0.0000 351s
  [train] epoch 15 step 200/369 (183s)
Epoch [15/40] L:0.1489 D:0.1489 F:0.0000 344s
  [train] epoch 16 step 200/369 (193s)
Epoch [16/40] L:0.1432 D:0.1432 F:0.0000 347s
  [val] starting (47 batches)
  [val] done (47 batches, 34s)
  Val L:0.2390 ABS:0.4215 RMSE:1.3778 d1:0.5193
  [train] epoch 17 step 200/369 (190s)
Epoch [17/40] L:0.1370 D:0.1370 F:0.0000 351s
  [train] epoch 18 step 200/369 (192s)
Epoch [18/40] L:0.1317 D:0.1317 F:0.0000 353s
  [train] epoch 19 step 200/369 (184s)
Epoch [19/40] L:0.1256 D:0.1256 F:0.0000 348s
  [train] epoch 20 step 200/369 (196s)
Epoch [20/40] L:0.1207 D:0.1207 F:0.0000 351s
  [val] starting (47 batches)
  [val] done (47 batches, 32s)
  Val L:0.2484 ABS:0.4034 RMSE:1.3984 d1:0.5227
  [train] epoch 21 step 200/369 (193s)
Epoch [21/40] L:0.1170 D:0.1170 F:0.0000 354s
  [train] epoch 22 step 200/369 (194s)
Epoch [22/40] L:0.1124 D:0.1124 F:0.0000 355s
  [train] epoch 23 step 200/369 (186s)
Epoch [23/40] L:0.1081 D:0.1081 F:0.0000 348s
  [train] epoch 24 step 200/369 (194s)
Epoch [24/40] L:0.1046 D:0.1046 F:0.0000 351s
  [val] starting (47 batches)
  [val] done (47 batches, 32s)
  Val L:0.2488 ABS:0.4022 RMSE:1.4045 d1:0.5295
  [train] epoch 25 step 200/369 (196s)
Epoch [25/40] L:0.1019 D:0.1019 F:0.0000 356s
  [train] epoch 26 step 200/369 (192s)
Epoch [26/40] L:0.0990 D:0.0990 F:0.0000 353s
  [train] epoch 27 step 200/369 (164s)
Epoch [27/40] L:0.0960 D:0.0960 F:0.0000 310s
  [train] epoch 28 step 200/369 (134s)
Epoch [28/40] L:0.0934 D:0.0934 F:0.0000 238s
  [val] starting (47 batches)
  [val] done (47 batches, 25s)
  Val L:0.2508 ABS:0.4308 RMSE:1.4168 d1:0.5278
  [train] epoch 29 step 200/369 (135s)
Epoch [29/40] L:0.0912 D:0.0912 F:0.0000 241s
  [train] epoch 30 step 200/369 (131s)
Epoch [30/40] L:0.0891 D:0.0891 F:0.0000 235s
  [train] epoch 31 step 200/369 (140s)
Epoch [31/40] L:0.0877 D:0.0877 F:0.0000 251s
  [train] epoch 32 step 200/369 (145s)
Epoch [32/40] L:0.0859 D:0.0859 F:0.0000 256s
  [val] starting (47 batches)
  [val] done (47 batches, 27s)
  Val L:0.2516 ABS:0.4250 RMSE:1.4174 d1:0.5333
  [train] epoch 33 step 200/369 (148s)
Epoch [33/40] L:0.0839 D:0.0839 F:0.0000 252s
  [train] epoch 34 step 200/369 (134s)
Epoch [34/40] L:0.0825 D:0.0825 F:0.0000 247s
  [train] epoch 35 step 200/369 (132s)
Epoch [35/40] L:0.0818 D:0.0818 F:0.0000 240s
  [train] epoch 36 step 200/369 (131s)
Epoch [36/40] L:0.0795 D:0.0795 F:0.0000 238s
  [val] starting (47 batches)
  [val] done (47 batches, 26s)
  Val L:0.2512 ABS:0.4292 RMSE:1.4182 d1:0.5351
  [train] epoch 37 step 200/369 (128s)
Epoch [37/40] L:0.0781 D:0.0781 F:0.0000 231s
  [train] epoch 38 step 200/369 (123s)
Epoch [38/40] L:0.0767 D:0.0767 F:0.0000 223s
  [train] epoch 39 step 200/369 (122s)
Epoch [39/40] L:0.0763 D:0.0763 F:0.0000 222s
  [train] epoch 40 step 200/369 (124s)
Epoch [40/40] L:0.0744 D:0.0744 F:0.0000 223s
  [val] starting (47 batches)
  [val] done (47 batches, 19s)
  Val L:0.2563 ABS:0.4136 RMSE:1.4360 d1:0.5287

Done. Best score:1.0720 RMSE:1.3641 ABS:0.3903
