/opt/conda/lib/python3.11/site-packages/timm/models/layers/__init__.py:49: FutureWarning: Importing from timm.models.layers is deprecated, please import via timm.layers
  warnings.warn(f"Importing from {__name__} is deprecated, please import via timm.layers", FutureWarning)
============================================================
Model: n4_0425  Dataset: soundspaces
BS: 64  LR: 0.0001  Opt: AdamW
============================================================
Loaded scene split from /root/local1/changwoo/matterport3d_0303renew/scene_split.json
  train: 72, val: 9, test: 9
[train] 23560 samples (fast cache: samples_train_erp_8b3be925d3ae.json) [ambisonic=ON]
  Precomputed SH basis matrix: (131072, 4) (order=1)
Loaded scene split from /root/local1/changwoo/matterport3d_0303renew/scene_split.json
  train: 72, val: 9, test: 9
[val] 2951 samples (fast cache: samples_val_erp_be0f29dd7abf.json) [ambisonic=ON]
  Precomputed SH basis matrix: (131072, 4) (order=1)
Train: 23560, Val: 2951
Model: n4_0425 (73.9M params)
  [train] epoch 1 step 200/369 (227s)
Epoch [1/40] L:0.2518 D:0.2518 F:0.0000 425s
  [train] epoch 2 step 200/369 (242s)
Epoch [2/40] L:0.2031 D:0.2031 F:0.0000 408s
  [train] epoch 3 step 200/369 (265s)
Epoch [3/40] L:0.1960 D:0.1960 F:0.0000 433s
  [train] epoch 4 step 200/369 (228s)
Epoch [4/40] L:0.1921 D:0.1921 F:0.0000 403s
  [val] starting (47 batches)
  [val] done (47 batches, 37s)
  Val L:0.2286 ABS:0.4081 RMSE:1.3739 d1:0.5015
  >> Best (score:1.0841 RMSE:1.3739 ABS:0.4081)
  [train] epoch 5 step 200/369 (187s)
Epoch [5/40] L:0.1892 D:0.1892 F:0.0000 364s
  [train] epoch 6 step 200/369 (282s)
Epoch [6/40] L:0.1863 D:0.1863 F:0.0000 463s
  [train] epoch 7 step 200/369 (263s)
Epoch [7/40] L:0.1835 D:0.1835 F:0.0000 482s
  [train] epoch 8 step 200/369 (175s)
Epoch [8/40] L:0.1803 D:0.1803 F:0.0000 363s
  [val] starting (47 batches)
  [val] done (47 batches, 29s)
  Val L:0.2360 ABS:0.3716 RMSE:1.4095 d1:0.5045
  [train] epoch 9 step 200/369 (194s)
Epoch [9/40] L:0.1775 D:0.1775 F:0.0000 379s
  [train] epoch 10 step 200/369 (197s)
Epoch [10/40] L:0.1744 D:0.1744 F:0.0000 400s
  [train] epoch 11 step 200/369 (199s)
Epoch [11/40] L:0.1705 D:0.1705 F:0.0000 386s
  [train] epoch 12 step 200/369 (246s)
Epoch [12/40] L:0.1669 D:0.1669 F:0.0000 442s
  [val] starting (47 batches)
  [val] done (47 batches, 29s)
  Val L:0.2385 ABS:0.3969 RMSE:1.3789 d1:0.5140
  [train] epoch 13 step 200/369 (249s)
Epoch [13/40] L:0.1621 D:0.1621 F:0.0000 424s
  [train] epoch 14 step 200/369 (233s)
Epoch [14/40] L:0.1575 D:0.1575 F:0.0000 424s
  [train] epoch 15 step 200/369 (223s)
Epoch [15/40] L:0.1521 D:0.1521 F:0.0000 406s
  [train] epoch 16 step 200/369 (278s)
Epoch [16/40] L:0.1466 D:0.1466 F:0.0000 452s
  [val] starting (47 batches)
  [val] done (47 batches, 28s)
  Val L:0.2303 ABS:0.4234 RMSE:1.3525 d1:0.5307
  >> Best (score:1.0738 RMSE:1.3525 ABS:0.4234)
  [train] epoch 17 step 200/369 (231s)
Epoch [17/40] L:0.1402 D:0.1402 F:0.0000 406s
  [train] epoch 18 step 200/369 (235s)
Epoch [18/40] L:0.1347 D:0.1347 F:0.0000 413s
  [train] epoch 19 step 200/369 (251s)
Epoch [19/40] L:0.1298 D:0.1298 F:0.0000 434s
  [train] epoch 20 step 200/369 (216s)
Epoch [20/40] L:0.1248 D:0.1248 F:0.0000 414s
  [val] starting (47 batches)
  [val] done (47 batches, 28s)
  Val L:0.2522 ABS:0.4072 RMSE:1.4157 d1:0.5191
  [train] epoch 21 step 200/369 (224s)
Epoch [21/40] L:0.1199 D:0.1199 F:0.0000 425s
  [train] epoch 22 step 200/369 (230s)
Epoch [22/40] L:0.1156 D:0.1156 F:0.0000 444s
  [train] epoch 23 step 200/369 (230s)
Epoch [23/40] L:0.1108 D:0.1108 F:0.0000 451s
  [train] epoch 24 step 200/369 (199s)
Epoch [24/40] L:0.1073 D:0.1073 F:0.0000 365s
  [val] starting (47 batches)
  [val] done (47 batches, 32s)
  Val L:0.2504 ABS:0.4103 RMSE:1.4109 d1:0.5238
  [train] epoch 25 step 200/369 (194s)
Epoch [25/40] L:0.1043 D:0.1043 F:0.0000 368s
  [train] epoch 26 step 200/369 (254s)
Epoch [26/40] L:0.1022 D:0.1022 F:0.0000 426s
  [train] epoch 27 step 200/369 (207s)
Epoch [27/40] L:0.0985 D:0.0985 F:0.0000 383s
  [train] epoch 28 step 200/369 (201s)
Epoch [28/40] L:0.0959 D:0.0959 F:0.0000 371s
  [val] starting (47 batches)
  [val] done (47 batches, 28s)
  Val L:0.2514 ABS:0.4269 RMSE:1.4146 d1:0.5318
  [train] epoch 29 step 200/369 (217s)
Epoch [29/40] L:0.0936 D:0.0936 F:0.0000 413s
  [train] epoch 30 step 200/369 (171s)
Epoch [30/40] L:0.0909 D:0.0909 F:0.0000 391s
  [train] epoch 31 step 200/369 (254s)
Epoch [31/40] L:0.0893 D:0.0893 F:0.0000 450s
  [train] epoch 32 step 200/369 (270s)
Epoch [32/40] L:0.0877 D:0.0877 F:0.0000 456s
  [val] starting (47 batches)
  [val] done (47 batches, 26s)
  Val L:0.2560 ABS:0.4124 RMSE:1.4332 d1:0.5283
  [train] epoch 33 step 200/369 (227s)
Epoch [33/40] L:0.0859 D:0.0859 F:0.0000 423s
  [train] epoch 34 step 200/369 (183s)
Epoch [34/40] L:0.0846 D:0.0846 F:0.0000 355s
  [train] epoch 35 step 200/369 (191s)
Epoch [35/40] L:0.0835 D:0.0835 F:0.0000 387s
  [train] epoch 36 step 200/369 (241s)
Epoch [36/40] L:0.0812 D:0.0812 F:0.0000 414s
  [val] starting (47 batches)
  [val] done (47 batches, 24s)
  Val L:0.2589 ABS:0.4046 RMSE:1.4406 d1:0.5292
  [train] epoch 37 step 200/369 (169s)
Epoch [37/40] L:0.0799 D:0.0799 F:0.0000 299s
  [train] epoch 38 step 200/369 (190s)
Epoch [38/40] L:0.0792 D:0.0792 F:0.0000 339s
  [train] epoch 39 step 200/369 (179s)
Epoch [39/40] L:0.0776 D:0.0776 F:0.0000 333s
  [train] epoch 40 step 200/369 (168s)
Epoch [40/40] L:0.0764 D:0.0764 F:0.0000 332s
  [val] starting (47 batches)
  [val] done (47 batches, 33s)
  Val L:0.2625 ABS:0.4163 RMSE:1.4564 d1:0.5221

Done. Best score:1.0738 RMSE:1.3525 ABS:0.4234
