/opt/conda/lib/python3.11/site-packages/timm/models/layers/__init__.py:49: FutureWarning: Importing from timm.models.layers is deprecated, please import via timm.layers
  warnings.warn(f"Importing from {__name__} is deprecated, please import via timm.layers", FutureWarning)
============================================================
Model: n4_0425  Dataset: soundspaces
BS: 64  LR: 0.0001  Opt: AdamW
============================================================
Loaded scene split from /root/local1/changwoo/matterport3d_0303renew/scene_split.json
  train: 72, val: 9, test: 9
[train] 23560 samples (fast cache: samples_train_erp_8b3be925d3ae.json) [ambisonic=ON]
  Precomputed SH basis matrix: (131072, 4) (order=1)
Loaded scene split from /root/local1/changwoo/matterport3d_0303renew/scene_split.json
  train: 72, val: 9, test: 9
[val] 2951 samples (fast cache: samples_val_erp_be0f29dd7abf.json) [ambisonic=ON]
  Precomputed SH basis matrix: (131072, 4) (order=1)
Train: 23560, Val: 2951
Model: n4_0425 (73.9M params)
  [train] epoch 1 step 200/369 (144s)
Epoch [1/40] L:0.2758 D:0.2758 F:0.0000 263s
  [train] epoch 2 step 200/369 (141s)
Epoch [2/40] L:0.2131 D:0.2131 F:0.0000 236s
  [train] epoch 3 step 200/369 (141s)
Epoch [3/40] L:0.2048 D:0.2048 F:0.0000 259s
  [train] epoch 4 step 200/369 (140s)
Epoch [4/40] L:0.1997 D:0.1997 F:0.0000 258s
  [val] starting (47 batches)
  [val] done (47 batches, 27s)
  Val L:0.2365 ABS:0.4253 RMSE:1.4104 d1:0.5002
  >> Best (score:1.1149 RMSE:1.4104 ABS:0.4253)
  [train] epoch 5 step 200/369 (141s)
Epoch [5/40] L:0.1956 D:0.1956 F:0.0000 258s
  [train] epoch 6 step 200/369 (141s)
Epoch [6/40] L:0.1913 D:0.1913 F:0.0000 260s
  [train] epoch 7 step 200/369 (140s)
Epoch [7/40] L:0.1876 D:0.1876 F:0.0000 258s
  [train] epoch 8 step 200/369 (141s)
Epoch [8/40] L:0.1841 D:0.1841 F:0.0000 235s
  [val] starting (47 batches)
  [val] done (47 batches, 27s)
  Val L:0.2313 ABS:0.4037 RMSE:1.3949 d1:0.5089
  >> Best (score:1.0976 RMSE:1.3949 ABS:0.4037)
  [train] epoch 9 step 200/369 (142s)
Epoch [9/40] L:0.1791 D:0.1791 F:0.0000 260s
  [train] epoch 10 step 200/369 (140s)
Epoch [10/40] L:0.1748 D:0.1748 F:0.0000 258s
  [train] epoch 11 step 200/369 (141s)
Epoch [11/40] L:0.1700 D:0.1700 F:0.0000 243s
  [train] epoch 12 step 200/369 (141s)
Epoch [12/40] L:0.1652 D:0.1652 F:0.0000 260s
  [val] starting (47 batches)
  [val] done (47 batches, 27s)
  Val L:0.2347 ABS:0.4232 RMSE:1.3734 d1:0.5211
  >> Best (score:1.0883 RMSE:1.3734 ABS:0.4232)
  [train] epoch 13 step 200/369 (141s)
Epoch [13/40] L:0.1601 D:0.1601 F:0.0000 259s
  [train] epoch 14 step 200/369 (137s)
Epoch [14/40] L:0.1540 D:0.1540 F:0.0000 236s
  [train] epoch 15 step 200/369 (141s)
Epoch [15/40] L:0.1480 D:0.1480 F:0.0000 259s
  [train] epoch 16 step 200/369 (140s)
Epoch [16/40] L:0.1424 D:0.1424 F:0.0000 258s
  [val] starting (47 batches)
  [val] done (47 batches, 27s)
  Val L:0.2369 ABS:0.4239 RMSE:1.3727 d1:0.5294
  >> Best (score:1.0881 RMSE:1.3727 ABS:0.4239)
  [train] epoch 17 step 200/369 (140s)
Epoch [17/40] L:0.1362 D:0.1362 F:0.0000 258s
  [train] epoch 18 step 200/369 (141s)
Epoch [18/40] L:0.1312 D:0.1312 F:0.0000 258s
  [train] epoch 19 step 200/369 (141s)
Epoch [19/40] L:0.1257 D:0.1257 F:0.0000 259s
  [train] epoch 20 step 200/369 (136s)
Epoch [20/40] L:0.1205 D:0.1205 F:0.0000 236s
  [val] starting (47 batches)
  [val] done (47 batches, 27s)
  Val L:0.2546 ABS:0.4237 RMSE:1.4106 d1:0.5258
  [train] epoch 21 step 200/369 (141s)
Epoch [21/40] L:0.1162 D:0.1162 F:0.0000 258s
  [train] epoch 22 step 200/369 (141s)
Epoch [22/40] L:0.1120 D:0.1120 F:0.0000 260s
  [train] epoch 23 step 200/369 (140s)
Epoch [23/40] L:0.1080 D:0.1080 F:0.0000 258s
  [train] epoch 24 step 200/369 (141s)
Epoch [24/40] L:0.1050 D:0.1050 F:0.0000 259s
  [val] starting (47 batches)
  [val] done (47 batches, 26s)
  Val L:0.2465 ABS:0.4258 RMSE:1.4055 d1:0.5312
  [train] epoch 25 step 200/369 (141s)
Epoch [25/40] L:0.1017 D:0.1017 F:0.0000 259s
  [train] epoch 26 step 200/369 (116s)
Epoch [26/40] L:0.0989 D:0.0989 F:0.0000 167s
  [train] epoch 27 step 200/369 (95s)
Epoch [27/40] L:0.0963 D:0.0963 F:0.0000 151s
  [train] epoch 28 step 200/369 (62s)
Epoch [28/40] L:0.0932 D:0.0932 F:0.0000 115s
  [val] starting (47 batches)
  [val] done (47 batches, 19s)
  Val L:0.2550 ABS:0.4182 RMSE:1.4220 d1:0.5302
  [train] epoch 29 step 200/369 (64s)
Epoch [29/40] L:0.0911 D:0.0911 F:0.0000 117s
  [train] epoch 30 step 200/369 (63s)
Epoch [30/40] L:0.0896 D:0.0896 F:0.0000 116s
  [train] epoch 31 step 200/369 (64s)
Epoch [31/40] L:0.0878 D:0.0878 F:0.0000 118s
  [train] epoch 32 step 200/369 (63s)
Epoch [32/40] L:0.0860 D:0.0860 F:0.0000 116s
  [val] starting (47 batches)
  [val] done (47 batches, 18s)
  Val L:0.2532 ABS:0.4297 RMSE:1.4225 d1:0.5340
  [train] epoch 33 step 200/369 (63s)
Epoch [33/40] L:0.0839 D:0.0839 F:0.0000 115s
  [train] epoch 34 step 200/369 (62s)
Epoch [34/40] L:0.0826 D:0.0826 F:0.0000 114s
  [train] epoch 35 step 200/369 (62s)
Epoch [35/40] L:0.0811 D:0.0811 F:0.0000 146s
  [train] epoch 36 step 200/369 (116s)
Epoch [36/40] L:0.0795 D:0.0795 F:0.0000 217s
  [val] starting (47 batches)
  [val] done (47 batches, 21s)
  Val L:0.2664 ABS:0.4272 RMSE:1.4527 d1:0.5243
  [train] epoch 37 step 200/369 (125s)
Epoch [37/40] L:0.0787 D:0.0787 F:0.0000 224s
  [train] epoch 38 step 200/369 (120s)
Epoch [38/40] L:0.0771 D:0.0771 F:0.0000 219s
  [train] epoch 39 step 200/369 (122s)
Epoch [39/40] L:0.0771 D:0.0771 F:0.0000 227s
  [train] epoch 40 step 200/369 (119s)
Epoch [40/40] L:0.0745 D:0.0745 F:0.0000 219s
  [val] starting (47 batches)
  [val] done (47 batches, 20s)
  Val L:0.2594 ABS:0.4254 RMSE:1.4397 d1:0.5361

Done. Best score:1.0881 RMSE:1.3727 ABS:0.4239
