/opt/conda/lib/python3.11/site-packages/timm/models/layers/__init__.py:49: FutureWarning: Importing from timm.models.layers is deprecated, please import via timm.layers
  warnings.warn(f"Importing from {__name__} is deprecated, please import via timm.layers", FutureWarning)
============================================================
Model: n4_0425  Dataset: soundspaces
BS: 64  LR: 0.0001  Opt: AdamW
============================================================
Loaded scene split from /root/local1/changwoo/matterport3d_0303renew/scene_split.json
  train: 72, val: 9, test: 9
[train] 23560 samples (fast cache: samples_train_erp_8b3be925d3ae.json) [ambisonic=ON]
  Precomputed SH basis matrix: (131072, 4) (order=1)
Loaded scene split from /root/local1/changwoo/matterport3d_0303renew/scene_split.json
  train: 72, val: 9, test: 9
[val] 2951 samples (fast cache: samples_val_erp_be0f29dd7abf.json) [ambisonic=ON]
  Precomputed SH basis matrix: (131072, 4) (order=1)
Train: 23560, Val: 2951
Model: n4_0425 (73.9M params)
  [train] epoch 1 step 200/369 (196s)
Epoch [1/40] L:0.2585 D:0.2497 F:0.0000 355s
  [train] epoch 2 step 200/369 (177s)
Epoch [2/40] L:0.2120 D:0.2033 F:0.0000 336s
  [train] epoch 3 step 200/369 (191s)
Epoch [3/40] L:0.2043 D:0.1956 F:0.0000 352s
  [train] epoch 4 step 200/369 (185s)
Epoch [4/40] L:0.2007 D:0.1920 F:0.0000 334s
  [val] starting (47 batches)
  [val] done (47 batches, 36s)
  Val L:0.2303 ABS:0.4087 RMSE:1.3874 d1:0.4981
  >> Best (score:1.0938 RMSE:1.3874 ABS:0.4087)
  [train] epoch 5 step 200/369 (194s)
Epoch [5/40] L:0.1976 D:0.1889 F:0.0000 353s
  [train] epoch 6 step 200/369 (177s)
Epoch [6/40] L:0.1942 D:0.1855 F:0.0000 336s
  [train] epoch 7 step 200/369 (194s)
Epoch [7/40] L:0.1915 D:0.1829 F:0.0000 356s
  [train] epoch 8 step 200/369 (191s)
Epoch [8/40] L:0.1886 D:0.1800 F:0.0000 343s
  [val] starting (47 batches)
  [val] done (47 batches, 37s)
  Val L:0.2294 ABS:0.3727 RMSE:1.3831 d1:0.5086
  >> Best (score:1.0800 RMSE:1.3831 ABS:0.3727)
  [train] epoch 9 step 200/369 (192s)
Epoch [9/40] L:0.1849 D:0.1763 F:0.0000 352s
  [train] epoch 10 step 200/369 (176s)
Epoch [10/40] L:0.1813 D:0.1727 F:0.0000 334s
  [train] epoch 11 step 200/369 (192s)
Epoch [11/40] L:0.1780 D:0.1695 F:0.0000 351s
  [train] epoch 12 step 200/369 (191s)
Epoch [12/40] L:0.1740 D:0.1654 F:0.0000 346s
  [val] starting (47 batches)
  [val] done (47 batches, 35s)
  Val L:0.2247 ABS:0.4125 RMSE:1.3557 d1:0.5175
  >> Best (score:1.0727 RMSE:1.3557 ABSEpoch [13/40] L:0.1704 D:0.1620 F:0.0000 353s
  Epoch [13/40] L:0.1685 D:0.1600 F:0.0Epoch [14/40] L:0.1647 D:0.1562 F:0.0000 355s
  Epoch [14/40] L:0.1634 D:0.1550 F:0.0Epoch [15/40] L:0.1598 D:0.1513 F:0.0000 355s
  Epoch [15/40] L:0.1578 D:0.1494 F:0.0Epoch [16/40] L:0.1536 D:0.1452 F:0.0000 364s
  Epoch [16/40] L:0.1518 D:0.1434 F:0.0000 355s
  [val] start  Val L:0.2407 ABS:0.4153 RMSE:1.3842 d1:0.5193
  Val L:0.2378 ABS:0.3901 RMSE:1.3791 dEpoch [17/40] L:0.1480 D:0.1397 F:0.0000 347s
  Epoch [17/40] L:0.1463 D:0.1380 F:0.0Epoch [18/40] L:0.1423 D:0.1340 F:0.0000 352s
  Epoch [18/40] L:0.1401 D:0.1318 F:0.0Epoch [19/40] L:0.1364 D:0.1281 F:0.0000 359s
  Epoch [19/40] L:0.1351 D:0.1268 F:0.0Epoch [20/40] L:0.1316 D:0.1233 F:0.0000 356s
  Epoch [20/40] L:0.1303 D:0.1220 F:0.0000 354s
  [val] start  Val L:0.2434 ABS:0.3948 RMSE:1.4005 d1:0.5283
  Val L:0.2414 ABS:0.4016 RMSE:1.3878 dEpoch [21/40] L:0.1266 D:0.1183 F:0.0000 367s
  Epoch [21/40] L:0.1256 D:0.1173 F:0.0Epoch [22/40] L:0.1232 D:0.1149 F:0.0000 349s
  Epoch [22/40] L:0.1209 D:0.1127 F:0.0Epoch [23/40] L:0.1184 D:0.1102 F:0.0000 355s
  Epoch [23/40] L:0.1175 D:0.1093 F:0.0Epoch [24/40] L:0.1149 D:0.1067 F:0.0000 356s
  Epoch [24/40] L:0.1139 D:0.1057 F:0.0000 347s
  [val] start  Val L:0.2478 ABS:0.4083 RMSE:1.4188 d1:0.5231
  Val L:0.2563 ABS:0.4030 RMSE:1.4224 dEpoch [25/40] L:0.1116 D:0.1034 F:0.0000 356s
  Epoch [25/40] L:0.1104 D:0.1022 F:0.0Epoch [26/40] L:0.1081 D:0.1000 F:0.0000 344s
  Epoch [26/40] L:0.1069 D:0.0988 F:0.0Epoch [27/40] L:0.1058 D:0.0978 F:0.0000 365s
  Epoch [27/40] L:0.1042 D:0.0961 F:0.0Epoch [28/40] L:0.1028 D:0.0948 F:0.0000 354s
  Epoch [28/40] L:0.1024 D:0.0944 F:0.0000 345s
  [val] start  Val L:0.2487 ABS:0.4257 RMSE:1.4148 d1:0.5255
  Val L:0.2473 ABS:0.4402 RMSE:1.4061 dEpoch [29/40] L:0.1006 D:0.0926 F:0.0000 350s
  Epoch [29/40] L:0.0995 D:0.0915 F:0.0Epoch [30/40] L:0.0985 D:0.0905 F:0.0000 332s
  Epoch [30/40] L:0.0969 D:0.0889 F:0.0Epoch [31/40] L:0.0966 D:0.0886 F:0.0000 330s
  Epoch [31/40] L:0.0959 D:0.0880 F:0.0Epoch [32/40] L:0.0958 D:0.0879 F:0.0000 351s
  Epoch [32/40] L:0.0938 D:0.0859 F:0.0000 340s
  [val] start  Val L:0.2545 ABS:0.4169 RMSE:1.4314 d1:0.5270
  Val L:0.2507 ABS:0.4295 RMSE:1.4167 dEpoch [33/40] L:0.0936 D:0.0857 F:0.0000 347s
  Epoch [33/40] L:0.0916 D:0.0837 F:0.0Epoch [34/40] L:0.0910 D:0.0832 F:0.0000 355s
  Epoch [34/40] L:0.0904 D:0.0826 F:0.0Epoch [35/40] L:0.0902 D:0.0824 F:0.0000 340s
  Epoch [35/40] L:0.0888 D:0.0810 F:0.0Epoch [36/40] L:0.0884 D:0.0807 F:0.0000 357s
  Epoch [36/40] L:0.0873 D:0.0795 F:0.0000 346s
  [val] start  Val L:0.2596 ABS:0.4238 RMSE:1.4550 d1:0.5337
  Val L:0.2559 ABS:0.4372 RMSE:1.4343 dEpoch [37/40] L:0.0870 D:0.0793 F:0.0000 345s
  Epoch [37/40] L:0.0859 D:0.0781 F:0.0Epoch [38/40] L:0.0860 D:0.0783 F:0.0000 351s
  Epoch [38/40] L:0.0860 D:0.0783 F:0.0Epoch [39/40] L:0.0846 D:0.0769 F:0.0000 344s
  Epoch [39/40] L:0.0833 D:0.0756 F:0.0Epoch [40/40] L:0.0836 D:0.0760 F:0.0000 357s
  Epoch [40/40] L:0.0822 D:0.0  [val] done (47 batches, 34s)
  Val L:0.2577 AB  [val] done (47 batches, 44s)
  Val L:0.2588 ABS:0.4291 RMSE:1.4494 d1:0.5292

Done. Best score:1.0727 RMSE:1.3557 ABS:0.4125
