/opt/conda/lib/python3.11/site-packages/timm/models/layers/__init__.py:49: FutureWarning: Importing from timm.models.layers is deprecated, please import via timm.layers
  warnings.warn(f"Importing from {__name__} is deprecated, please import via timm.layers", FutureWarning)
============================================================
Model: n4_0425  Dataset: soundspaces
BS: 64  LR: 0.0001  Opt: AdamW
============================================================
Loaded scene split from /root/local1/changwoo/matterport3d_0303renew/scene_split.json
  train: 72, val: 9, test: 9
[train] 23560 samples (fast cache: samples_train_erp_8b3be925d3ae.json) [ambisonic=ON]
  Precomputed SH basis matrix: (131072, 4) (order=1)
Loaded scene split from /root/local1/changwoo/matterport3d_0303renew/scene_split.json
  train: 72, val: 9, test: 9
[val] 2951 samples (fast cache: samples_val_erp_be0f29dd7abf.json) [ambisonic=ON]
  Precomputed SH basis matrix: (131072, 4) (order=1)
Train: 23560, Val: 2951
Model: n4_0425 (73.9M params)
  [train] epoch 1 step 200/369 (195s)
Epoch [1/40] L:0.2709 D:0.2709 F:0.0000 353s
  [train] epoch 2 step 200/369 (183s)
Epoch [2/40] L:0.2098 D:0.2098 F:0.0000 327s
  [train] epoch 3 step 200/369 (188s)
Epoch [3/40] L:0.1979 D:0.1979 F:0.0000 345s
  [train] epoch 4 step 200/369 (190s)
Epoch [4/40] L:0.1935 D:0.1935 F:0.0000 348s
  [val] starting (47 batches)
  [val] done (47 batches, 33s)
  Val L:2.2820 ABS:5.0194 RMSE:7.2640 d1:0.0431
  >> Best (score:6.5906 RMSE:7.2640 ABS:5.0194)
  [train] epoch 5 step 200/369 (188s)
Epoch [5/40] L:0.1907 D:0.1907 F:0.0000 344s
  [train] epoch 6 step 200/369 (183s)
Epoch [6/40] L:0.1885 D:0.1885 F:0.0000 338s
  [train] epoch 7 step 200/369 (188s)
Epoch [7/40] L:0.1854 D:0.1854 F:0.0000 345s
  [train] epoch 8 step 200/369 (191s)
Epoch [8/40] L:0.1833 D:0.1833 F:0.0000 351s
  [val] starting (47 batches)
  [val] done (47 batches, 32s)
  Val L:2.4047 ABS:5.0391 RMSE:7.3987 d1:0.0431
  [train] epoch 9 step 200/369 (188s)
Epoch [9/40] L:0.1812 D:0.1812 F:0.0000 350s
  [train] epoch 10 step 200/369 (184s)
Epoch [10/40] L:0.1784 D:0.1784 F:0.0000 335s
  [train] epoch 11 step 200/369 (187s)
Epoch [11/40] L:0.1757 D:0.1757 F:0.0000 347s
  [train] epoch 12 step 200/369 (191s)
Epoch [12/40] L:0.1729 D:0.1729 F:0.0000 348s
  [val] starting (47 batches)
  [val] done (47 batches, 33s)
  Val L:0.2787 ABS:0.5701 RMSE:1.4901 d1:0.5033
  >> Best (score:1.2141 RMSE:1.4901 ABS:0.5701)
  [train] epoch 13 step 200/369 (190s)
Epoch [13/40] L:0.1693 D:0.1693 F:0.0000 348s
  [train] epoch 14 step 200/369 (189s)
Epoch [14/40] L:0.1658 D:0.1658 F:0.0000 339s
  [train] epoch 15 step 200/369 (194s)
Epoch [15/40] L:0.1615 D:0.1615 F:0.0000 360s
  [train] epoch 16 step 200/369 (192s)
Epoch [16/40] L:0.1570 D:0.1570 F:0.0000 352s
  [val] starting (47 batches)
  [val] done (47 batches, 32s)
  Val L:0.4068 ABS:0.5930 RMSE:1.7109 d1:0.3264
  [train] epoch 17 step 200/369 (192s)
Epoch [17/40] L:0.1525 D:0.1525 F:0.0000 361s
  [train] epoch 18 step 200/369 (181s)
Epoch [18/40] L:0.1470 D:0.1470 F:0.0000 330s
  [train] epoch 19 step 200/369 (194s)
Epoch [19/40] L:0.1418 D:0.1418 F:0.0000 356s
  [train] epoch 20 step 200/369 (194s)
Epoch [20/40] L:0.1373 D:0.1373 F:0.0000 355s
  [val] starting (47 batches)
  [val] done (47 batches, 33s)
  Val L:0.9205 ABS:1.1884 RMSE:2.9367 d1:0.1848
  [train] epoch 21 step 200/369 (190s)
Epoch [21/40] L:0.1322 D:0.1322 F:0.0000 352s
  [train] epoch 22 step 200/369 (202s)
Epoch [22/40] L:0.1279 D:0.1279 F:0.0000 356s
  [train] epoch 23 step 200/369 (193s)
Epoch [23/40] L:0.1227 D:0.1227 F:0.0000 358s
  [train] epoch 24 step 200/369 (190s)
Epoch [24/40] L:0.1192 D:0.1192 F:0.0000 348s
  [val] starting (47 batches)
  [val] done (47 batches, 35s)
  Val L:0.2976 ABS:0.5148 RMSE:1.4940 d1:0.4695
  >> Best (score:1.2003 RMSE:1.4940 ABS:0.5148)
  [train] epoch 25 step 200/369 (190s)
Epoch [25/40] L:0.1148 D:0.1148 F:0.0000 351s
  [train] epoch 26 step 200/369 (189s)
Epoch [26/40] L:0.1112 D:0.1112 F:0.0000 343s
  [train] epoch 27 step 200/369 (191s)
Epoch [27/40] L:0.1077 D:0.1077 F:0.0000 352s
  [train] epoch 28 step 200/369 (195s)
Epoch [28/40] L:0.1045 D:0.1045 F:0.0000 358s
  [val] starting (47 batches)
  [val] done (47 batches, 36s)
  Val L:0.3941 ABS:0.6371 RMSE:1.7195 d1:0.4176
  [train] epoch 29 step 200/369 (191s)
Epoch [29/40] L:0.1012 D:0.1012 F:0.0000 349s
  [train] epoch 30 step 200/369 (189s)
Epoch [30/40] L:0.0988 D:0.0988 F:0.0000 337s
  [train] epoch 31 step 200/369 (190s)
Epoch [31/40] L:0.0967 D:0.0967 F:0.0000 348s
  [train] epoch 32 step 200/369 (187s)
Epoch [32/40] L:0.0941 D:0.0941 F:0.0000 345s
  [val] starting (47 batches)
  [val] done (47 batches, 31s)
  Val L:1.0745 ABS:2.5687 RMSE:4.2585 d1:0.1028
  [train] epoch 33 step 200/369 (187s)
Epoch [33/40] L:0.0918 D:0.0918 F:0.0000 346s
  [train] epoch 34 step 200/369 (186s)
Epoch [34/40] L:0.0894 D:0.0894 F:0.0000 323s
  [train] epoch 35 step 200/369 (170s)
Epoch [35/40] L:0.0880 D:0.0880 F:0.0000 329s
  [train] epoch 36 step 200/369 (187s)
Epoch [36/40] L:0.0864 D:0.0864 F:0.0000 343s
  [val] starting (47 batches)
  [val] done (47 batches, 33s)
  Val L:1.1419 ABS:2.7477 RMSE:4.4317 d1:0.1007
  [train] epoch 37 step 200/369 (188s)
Epoch [37/40] L:0.0845 D:0.0845 F:0.0000 345s
  [train] epoch 38 step 200/369 (161s)
Epoch [38/40] L:0.0831 D:0.0831 F:0.0000 300s
  [train] epoch 39 step 200/369 (179s)
Epoch [39/40] L:0.0821 D:0.0821 F:0.0000 335s
  [train] epoch 40 step 200/369 (187s)
Epoch [40/40] L:0.0805 D:0.0805 F:0.0000 345s
  [val] starting (47 batches)
  [val] done (47 batches, 36s)
  Val L:0.3587 ABS:0.5589 RMSE:1.6555 d1:0.4533

Done. Best score:1.2003 RMSE:1.4940 ABS:0.5148
