/opt/conda/lib/python3.11/site-packages/timm/models/layers/__init__.py:49: FutureWarning: Importing from timm.models.layers is deprecated, please import via timm.layers
  warnings.warn(f"Importing from {__name__} is deprecated, please import via timm.layers", FutureWarning)
============================================================
Model: n4_0425  Dataset: soundspaces
BS: 64  LR: 0.0001  Opt: AdamW
============================================================
Loaded scene split from /root/local1/changwoo/matterport3d_0303renew/scene_split.json
  train: 72, val: 9, test: 9
[train] 23560 samples (fast cache: samples_train_erp_8b3be925d3ae.json) [ambisonic=ON]
  Precomputed SH basis matrix: (131072, 4) (order=1)
Loaded scene split from /root/local1/changwoo/matterport3d_0303renew/scene_split.json
  train: 72, val: 9, test: 9
[val] 2951 samples (fast cache: samples_val_erp_be0f29dd7abf.json) [ambisonic=ON]
  Precomputed SH basis matrix: (131072, 4) (order=1)
Train: 23560, Val: 2951
Model: n4_0425 (73.9M params)
  [train] epoch 1 step 200/369 (260s)
Epoch [1/40] L:0.3005 D:0.2566 F:0.0000 480s
  [train] epoch 2 step 200/369 (265s)
Epoch [2/40] L:0.2447 D:0.2009 F:0.0000 480s
  [train] epoch 3 step 200/369 (245s)
Epoch [3/40] L:0.2379 D:0.1944 F:0.0000 460s
  [train] epoch 4 step 200/369 (260s)
Epoch [4/40] L:0.2346 D:0.1912 F:0.0000 480s
  [val] starting (47 batches)
  [val] done (47 batches, 40s)
  Val L:0.2308 ABS:0.3996 RMSE:1.3909 d1:0.5002
  >> Best (score:1.0935 RMSE:1.3909 ABS:0.3996)
  [train] epoch 5 step 200/369 (265s)
Epoch [5/40] L:0.2313 D:0.1881 F:0.0000 475s
  [train] epoch 6 step 200/369 (200s)
Epoch [6/40] L:0.2288 D:0.1858 F:0.0000 369s
  [train] epoch 7 step 200/369 (207s)
Epoch [7/40] L:0.2255 D:0.1827 F:0.0000 388s
  [train] epoch 8 step 200/369 (229s)
Epoch [8/40] L:0.2226 D:0.1801 F:0.0000 410s
  [val] starting (47 batches)
  [val] done (47 batches, 38s)
  Val L:0.2254 ABS:0.3963 RMSE:1.3602 d1:0.5146
  >> Best (score:1.0710 RMSE:1.3602 ABS:0.3963)
  [train] epoch 9 step 200/369 (208s)
Epoch [9/40] L:0.2197 D:0.1774 F:0.0000 394s
  [train] epoch 10 step 200/369 (226s)
Epoch [10/40] L:0.2158 D:0.1737 F:0.0000 409s
  [train] epoch 11 step 200/369 (185s)
Epoch [11/40] L:0.2123 D:0.1704 F:0.0000 372s
  [train] epoch 12 step 200/369 (214s)
Epoch [12/40] L:0.2080 D:0.1663 F:0.0000 387s
  [val] starting (47 batches)
  [val] done (47 batches, 35s)
  Val L:0.2288 ABS:0.3928 RMSE:1.3642 d1:0.5199
  [train] epoch 13 step 200/369 (210s)
Epoch [13/40] L:0.2038 D:0.1624 F:0.0000 388s
  [train] epoch 14 step 200/369 (209s)
Epoch [14/40] L:0.1985 D:0.1574 F:0.0000 385s
  [train] epoch 15 step 200/369 (215s)
Epoch [15/40] L:0.1929 D:0.1520 F:0.0000 391s
  [train] epoch 16 step 200/369 (204s)
Epoch [16/40] L:0.1873 D:0.1466 F:0.0000 384s
  [val] starting (47 batches)
  [val] done (47 batches, 37s)
  Val L:0.2333 ABS:0.4158 RMSE:1.3603 d1:0.5294
  [train] epoch 17 step 200/369 (216s)
Epoch [17/40] L:0.1810 D:0.1405 F:0.0000 397s
  [train] epoch 18 step 200/369 (214s)
Epoch [18/40] L:0.1765 D:0.1363 F:0.0000 387s
  [train] epoch 19 step 200/369 (199s)
Epoch [19/40] L:0.1662 D:0.1263 F:0.0000 471s
  [train] epoch 20 step 200/369 (265s)
Epoch [20/40] L:0.1606 D:0.1209 F:0.0000 479s
  [val] starting (47 batches)
  [val] done (47 batches, 44s)
  Val L:0.2424 ABS:0.3997 RMSE:1.3985 d1:0.5277
  [train] epoch 21 step 200/369 (276s)
Epoch [21/40] L:0.1558 D:0.1163 F:0.0000 498s
  [train] epoch 22 step 200/369 (262s)
Epoch [22/40] L:0.1508 D:0.1117 F:0.0000 473s
  [train] epoch 23 step 200/369 (268s)
Epoch [23/40] L:0.1464 D:0.1075 F:0.0000 492s
  [train] epoch 24 step 200/369 (257s)
Epoch [24/40] L:0.1429 D:0.1043 F:0.0000 481s
  [val] starting (47 batches)
  [val] done (47 batches, 42s)
  Val L:0.2518 ABS:0.4193 RMSE:1.4134 d1:0.5310
  [train] epoch 25 step 200/369 (273s)
Epoch [25/40] L:0.1390 D:0.1006 F:0.0000 489s
  [train] epoch 26 step 200/369 (269s)
Epoch [26/40] L:0.1356 D:0.0976 F:0.0000 495s
  [train] epoch 27 step 200/369 (261s)
Epoch [27/40] L:0.1325 D:0.0948 F:0.0000 484s
  [train] epoch 28 step 200/369 (270s)
Epoch [28/40] L:0.1300 D:0.0926 F:0.0000 486s
  [val] starting (47 batches)
  [val] done (47 batches, 42s)
  Val L:0.2492 ABS:0.4422 RMSE:1.4116 d1:0.5319
  [train] epoch 29 step 200/369 (261s)
Epoch [29/40] L:0.1275 D:0.0904 F:0.0000 487s
  [train] epoch 30 step 200/369 (264s)
Epoch [30/40] L:0.1256 D:0.0888 F:0.0000 482s
  [train] epoch 31 step 200/369 (262s)
Epoch [31/40] L:0.1227 D:0.0862 F:0.0000 485s
  [train] epoch 32 step 200/369 (259s)
Epoch [32/40] L:0.1206 D:0.0844 F:0.0000 488s
  [val] starting (47 batches)
  [val] done (47 batches, 42s)
  Val L:0.2586 ABS:0.4275 RMSE:1.4422 d1:0.5310
  [train] epoch 33 step 200/369 (264s)
Epoch [33/40] L:0.1186 D:0.0828 F:0.0000 473s
  [train] epoch 34 step 200/369 (262s)
Epoch [34/40] L:0.1165 D:0.0811 F:0.0000 479s
  [train] epoch 35 step 200/369 (261s)
Epoch [35/40] L:0.1149 D:0.0798 F:0.0000 447s
  [train] epoch 36 step 200/369 (252s)
Epoch [36/40] L:0.1132 D:0.0785 F:0.0000 471s
  [val] starting (47 batches)
  [val] done (47 batches, 38s)
  Val L:0.2548 ABS:0.4215 RMSE:1.4296 d1:0.5338
  [train] epoch 37 step 200/369 (227s)
Epoch [37/40] L:0.1115 D:0.0771 F:0.0000 445s
  [train] epoch 38 step 200/369 (259s)
Epoch [38/40] L:0.1100 D:0.0759 F:0.0000 487s
  [train] epoch 39 step 200/369 (253s)
Epoch [39/40] L:0.1084 D:0.0747 F:0.0000 470s
  [train] epoch 40 step 200/369 (262s)
Epoch [40/40] L:0.1069 D:0.0736 F:0.0000 467s
  [val] starting (47 batches)
  [val] done (47 batches, 42s)
  Val L:0.2539 ABS:0.4474 RMSE:1.4353 d1:0.5363

Done. Best score:1.0690 RMSE:1.3509 ABS:0.4114

Done. Best score:1.0783 RMSE:1.3724 ABS:0.3920
