/opt/conda/lib/python3.11/site-packages/timm/models/layers/__init__.py:49: FutureWarning: Importing from timm.models.layers is deprecated, please import via timm.layers
  warnings.warn(f"Importing from {__name__} is deprecated, please import via timm.layers", FutureWarning)
Warning: You are sending unauthenticated requests to the HF Hub. Please set a HF_TOKEN to enable higher rate limits and faster downloads.
============================================================
Model: echodiffusion_ambi  Dataset: soundspaces
BS: 32  LR: 0.0005  Opt: AdamW
============================================================
Loaded scene split from /root/local1/changwoo/matterport3d_0303_renew/scene_split.json
  train: 72, val: 9, test: 9
[train] 23560 samples (fast cache: samples_train_erp_8b3be925d3ae.json) [ambisonic=ON] [waveform=ON]
  Precomputed SH basis matrix: (131072, 4) (order=1)
Loaded scene split from /root/local1/changwoo/matterport3d_0303_renew/scene_split.json
  train: 72, val: 9, test: 9
[val] 2951 samples (fast cache: samples_val_erp_be0f29dd7abf.json) [ambisonic=ON] [waveform=ON]
  Precomputed SH basis matrix: (131072, 4) (order=1)
Train: 23560, Val: 2951
Loading weights:   0%|          | 0/210 [00:00<?, ?it/s]Loading weights: 100%|██████████| 210/210 [00:00<00:00, 7268.02it/s]
[1mWav2Vec2Model LOAD REPORT[0m from: facebook/wav2vec2-base-960h
Key               | Status     | 
------------------+------------+-
lm_head.weight    | UNEXPECTED | 
lm_head.bias      | UNEXPECTED | 
masked_spec_embed | MISSING    | 

Notes:
- UNEXPECTED:	can be ignored when loading from different task/architecture; not ok if you expect identical arch.
- MISSING:	those params were newly initialized because missing from the checkpoint. Consider training on your downstream task.
  [echodiff_ambi] foa_mode=input K=8 spec_in=3 use_cide=True gate_learnable=True
Model: echodiffusion_ambi (132.6M params)
  [train] epoch 1 step 200/737 (102s)
  [train] epoch 1 step 400/737 (199s)
  [train] epoch 1 step 600/737 (298s)
Epoch [1/40] L:0.3494 D:0.3062 F:0.0000 366s
  [train] epoch 2 step 200/737 (99s)
  [train] epoch 2 step 400/737 (197s)
  [train] epoch 2 step 600/737 (295s)
Epoch [2/40] L:0.2796 D:0.2383 F:0.0000 362s
  [train] epoch 3 step 200/737 (98s)
  [train] epoch 3 step 400/737 (195s)
  [train] epoch 3 step 600/737 (293s)
Epoch [3/40] L:0.2626 D:0.2236 F:0.0000 360s
  [train] epoch 4 step 200/737 (99s)
  [train] epoch 4 step 400/737 (196s)
  [train] epoch 4 step 600/737 (294s)
Epoch [4/40] L:0.2530 D:0.2165 F:0.0000 361s
  [val] starting (93 batches)
  [val] 50/93 (20s)
  [val] done (93 batches, 36s)
  Val L:0.3569 ABS:0.4447 RMSE:1.8008 d1:0.1627
  >> Best (score:1.3939 RMSE:1.8008 ABS:0.4447)
  [train] epoch 5 step 200/737 (98s)
  [train] epoch 5 step 400/737 (196s)
  [train] epoch 5 step 600/737 (294s)
Epoch [5/40] L:0.2459 D:0.2122 F:0.0000 361s
  [train] epoch 6 step 200/737 (98s)
  [train] epoch 6 step 400/737 (195s)
  [train] epoch 6 step 600/737 (292s)
Epoch [6/40] L:0.2387 D:0.2081 F:0.0000 360s
  [train] epoch 7 step 200/737 (97s)
  [train] epoch 7 step 400/737 (195s)
  [train] epoch 7 step 600/737 (292s)
Epoch [7/40] L:0.2331 D:0.2056 F:0.0000 358s
  [train] epoch 8 step 200/737 (98s)
  [train] epoch 8 step 400/737 (196s)
  [train] epoch 8 step 600/737 (294s)
Epoch [8/40] L:0.2285 D:0.2039 F:0.0000 361s
  [val] starting (93 batches)
  [val] 50/93 (20s)
  [val] done (93 batches, 36s)
  Val L:0.2424 ABS:0.3950 RMSE:1.4312 d1:0.5017
  >> Best (score:1.1203 RMSE:1.4312 ABS:0.3950)
  [train] epoch 9 step 200/737 (98s)
  [train] epoch 9 step 400/737 (194s)
  [train] epoch 9 step 600/737 (291s)
Epoch [9/40] L:0.2206 D:0.1989 F:0.0000 357s
  [train] epoch 10 step 200/737 (99s)
  [train] epoch 10 step 400/737 (196s)
  [train] epoch 10 step 600/737 (294s)
Epoch [10/40] L:0.2186 D:0.1992 F:0.0000 360s
  [train] epoch 11 step 200/737 (98s)
  [train] epoch 11 step 400/737 (195s)
  [train] epoch 11 step 600/737 (291s)
Epoch [11/40] L:0.2127 D:0.1955 F:0.0000 357s
  [train] epoch 12 step 200/737 (98s)
  [train] epoch 12 step 400/737 (196s)
  [train] epoch 12 step 600/737 (293s)
Epoch [12/40] L:0.2093 D:0.1941 F:0.0000 359s
  [val] starting (93 batches)
  [val] 50/93 (20s)
  [val] done (93 batches, 36s)
  Val L:0.2355 ABS:0.4378 RMSE:1.3857 d1:0.5004
  >> Best (score:1.1013 RMSE:1.3857 ABS:0.4378)
  [train] epoch 13 step 200/737 (99s)
  [train] epoch 13 step 400/737 (197s)
  [train] epoch 13 step 600/737 (293s)
Epoch [13/40] L:0.2062 D:0.1927 F:0.0000 360s
  [train] epoch 14 step 200/737 (97s)
  [train] epoch 14 step 400/737 (196s)
  [train] epoch 14 step 600/737 (294s)
Epoch [14/40] L:0.2041 D:0.1920 F:0.0000 360s
  [train] epoch 15 step 200/737 (98s)
  [train] epoch 15 step 400/737 (197s)
  [train] epoch 15 step 600/737 (294s)
Epoch [15/40] L:0.2010 D:0.1901 F:0.0000 360s
  [train] epoch 16 step 200/737 (98s)
  [train] epoch 16 step 400/737 (195s)
  [train] epoch 16 step 600/737 (292s)
Epoch [16/40] L:0.1990 D:0.1891 F:0.0000 358s
  [val] starting (93 batches)
  [val] 50/93 (21s)
  [val] done (93 batches, 37s)
  Val L:0.2453 ABS:0.3777 RMSE:1.4593 d1:0.4806
  [train] epoch 17 step 200/737 (99s)
  [train] epoch 17 step 400/737 (197s)
  [train] epoch 17 step 600/737 (295s)
Epoch [17/40] L:0.1981 D:0.1891 F:0.0000 362s
  [train] epoch 18 step 200/737 (99s)
  [train] epoch 18 step 400/737 (197s)
  [train] epoch 18 step 600/737 (294s)
Epoch [18/40] L:0.1958 D:0.1875 F:0.0000 363s
  [train] epoch 19 step 200/737 (99s)
  [train] epoch 19 step 400/737 (198s)
  [train] epoch 19 step 600/737 (296s)
Epoch [19/40] L:0.1955 D:0.1879 F:0.0000 362s
  [train] epoch 20 step 200/737 (98s)
  [train] epoch 20 step 400/737 (197s)
  [train] epoch 20 step 600/737 (296s)
Epoch [20/40] L:0.1924 D:0.1854 F:0.0000 363s
  [val] starting (93 batches)
  [val] 50/93 (20s)
  [val] done (93 batches, 35s)
  Val L:0.2338 ABS:0.4495 RMSE:1.3748 d1:0.4998
  >> Best (score:1.0972 RMSE:1.3748 ABS:0.4495)
  [train] epoch 21 step 200/737 (99s)
  [train] epoch 21 step 400/737 (197s)
  [train] epoch 21 step 600/737 (295s)
Epoch [21/40] L:0.1904 D:0.1838 F:0.0000 362s
  [train] epoch 22 step 200/737 (99s)
  [train] epoch 22 step 400/737 (197s)
  [train] epoch 22 step 600/737 (295s)
Epoch [22/40] L:0.1894 D:0.1833 F:0.0000 362s
  [train] epoch 23 step 200/737 (99s)
  [train] epoch 23 step 400/737 (198s)
  [train] epoch 23 step 600/737 (297s)
Epoch [23/40] L:0.1876 D:0.1819 F:0.0000 364s
  [train] epoch 24 step 200/737 (100s)
  [train] epoch 24 step 400/737 (200s)
  [train] epoch 24 step 600/737 (298s)
Epoch [24/40] L:0.1872 D:0.1818 F:0.0000 365s
  [val] starting (93 batches)
  [val] 50/93 (20s)
  [val] done (93 batches, 36s)
  Val L:0.2292 ABS:0.3800 RMSE:1.3829 d1:0.5173
  >> Best (score:1.0820 RMSE:1.3829 ABS:0.3800)
  [train] epoch 25 step 200/737 (98s)
  [train] epoch 25 step 400/737 (197s)
  [train] epoch 25 step 600/737 (297s)
Epoch [25/40] L:0.1856 D:0.1806 F:0.0000 366s
  [train] epoch 26 step 200/737 (100s)
  [train] epoch 26 step 400/737 (200s)
  [train] epoch 26 step 600/737 (299s)
Epoch [26/40] L:0.1845 D:0.1797 F:0.0000 366s
  [train] epoch 27 step 200/737 (99s)
  [train] epoch 27 step 400/737 (197s)
  [train] epoch 27 step 600/737 (296s)
Epoch [27/40] L:0.1832 D:0.1787 F:0.0000 363s
  [train] epoch 28 step 200/737 (99s)
  [train] epoch 28 step 400/737 (197s)
  [train] epoch 28 step 600/737 (295s)
Epoch [28/40] L:0.1822 D:0.1778 F:0.0000 362s
  [val] starting (93 batches)
  [val] 50/93 (20s)
  [val] done (93 batches, 36s)
  Val L:0.2268 ABS:0.3881 RMSE:1.3680 d1:0.5207
  >> Best (score:1.0741 RMSE:1.3680 ABS:0.3881)
  [train] epoch 29 step 200/737 (98s)
  [train] epoch 29 step 400/737 (196s)
  [train] epoch 29 step 600/737 (293s)
Epoch [29/40] L:0.1804 D:0.1763 F:0.0000 361s
  [train] epoch 30 step 200/737 (99s)
  [train] epoch 30 step 400/737 (198s)
  [train] epoch 30 step 600/737 (297s)
Epoch [30/40] L:0.1794 D:0.1754 F:0.0000 364s
  [train] epoch 31 step 200/737 (99s)
  [train] epoch 31 step 400/737 (196s)
  [train] epoch 31 step 600/737 (294s)
Epoch [31/40] L:0.1775 D:0.1736 F:0.0000 361s
  [train] epoch 32 step 200/737 (99s)
  [train] epoch 32 step 400/737 (197s)
  [train] epoch 32 step 600/737 (296s)
Epoch [32/40] L:0.1772 D:0.1735 F:0.0000 363s
  [val] starting (93 batches)
  [val] 50/93 (20s)
  [val] done (93 batches, 36s)
  Val L:0.2364 ABS:0.3847 RMSE:1.4039 d1:0.4928
  [train] epoch 33 step 200/737 (99s)
  [train] epoch 33 step 400/737 (197s)
  [train] epoch 33 step 600/737 (295s)
Epoch [33/40] L:0.1750 D:0.1714 F:0.0000 361s
  [train] epoch 34 step 200/737 (99s)
  [train] epoch 34 step 400/737 (197s)
  [train] epoch 34 step 600/737 (295s)
Epoch [34/40] L:0.1738 D:0.1703 F:0.0000 361s
  [train] epoch 35 step 200/737 (98s)
  [train] epoch 35 step 400/737 (196s)
  [train] epoch 35 step 600/737 (293s)
Epoch [35/40] L:0.1725 D:0.1692 F:0.0000 360s
  [train] epoch 36 step 200/737 (98s)
  [train] epoch 36 step 400/737 (197s)
  [train] epoch 36 step 600/737 (295s)
Epoch [36/40] L:0.1711 D:0.1679 F:0.0000 362s
  [val] starting (93 batches)
  [val] 50/93 (20s)
  [val] done (93 batches, 36s)
  Val L:0.2289 ABS:0.4024 RMSE:1.3638 d1:0.5245
  [train] epoch 37 step 200/737 (98s)
  [train] epoch 37 step 400/737 (194s)
  [train] epoch 37 step 600/737 (292s)
Epoch [37/40] L:0.1700 D:0.1668 F:0.0000 360s
  [train] epoch 38 step 200/737 (98s)
  [train] epoch 38 step 400/737 (195s)
  [train] epoch 38 step 600/737 (293s)
Epoch [38/40] L:0.1684 D:0.1653 F:0.0000 359s
  [train] epoch 39 step 200/737 (99s)
  [train] epoch 39 step 400/737 (197s)
  [train] epoch 39 step 600/737 (295s)
Epoch [39/40] L:0.1664 D:0.1634 F:0.0000 360s
  [train] epoch 40 step 200/737 (97s)
  [train] epoch 40 step 400/737 (193s)
  [train] epoch 40 step 600/737 (290s)
Epoch [40/40] L:0.1658 D:0.1628 F:0.0000 356s
  [val] starting (93 batches)
  [val] 50/93 (21s)
  [val] done (93 batches, 37s)
  Val L:0.2393 ABS:0.3968 RMSE:1.4163 d1:0.5060

Done. Best score:1.0741 RMSE:1.3680 ABS:0.3881
