/opt/conda/lib/python3.11/site-packages/timm/models/layers/__init__.py:49: FutureWarning: Importing from timm.models.layers is deprecated, please import via timm.layers
  warnings.warn(f"Importing from {__name__} is deprecated, please import via timm.layers", FutureWarning)
/opt/conda/lib/python3.11/site-packages/torch/cuda/__init__.py:829: UserWarning: Can't initialize NVML
  warnings.warn("Can't initialize NVML")
Warning: You are sending unauthenticated requests to the HF Hub. Please set a HF_TOKEN to enable higher rate limits and faster downloads.
============================================================
Model: echodiffusion_ambi  Dataset: soundspaces
BS: 12  LR: 0.0005  Opt: AdamW
============================================================
Loaded scene split from /root/local1/changwoo/matterport3d_0303_renew/scene_split.json
  train: 72, val: 9, test: 9
[train] 23560 samples (fast cache: samples_train_erp_8b3be925d3ae.json) [ambisonic=ON] [waveform=ON]
  Precomputed SH basis matrix: (131072, 4) (order=1)
Loaded scene split from /root/local1/changwoo/matterport3d_0303_renew/scene_split.json
  train: 72, val: 9, test: 9
[val] 2951 samples (fast cache: samples_val_erp_be0f29dd7abf.json) [ambisonic=ON] [waveform=ON]
  Precomputed SH basis matrix: (131072, 4) (order=1)
Train: 23560, Val: 2951
Loading weights:   0%|          | 0/210 [00:00<?, ?it/s]Loading weights: 100%|██████████| 210/210 [00:00<00:00, 6851.68it/s]
[1mWav2Vec2Model LOAD REPORT[0m from: facebook/wav2vec2-base-960h
Key               | Status     | 
------------------+------------+-
lm_head.weight    | UNEXPECTED | 
lm_head.bias      | UNEXPECTED | 
masked_spec_embed | MISSING    | 

Notes:
- UNEXPECTED:	can be ignored when loading from different task/architecture; not ok if you expect identical arch.
- MISSING:	those params were newly initialized because missing from the checkpoint. Consider training on your downstream task.
/opt/conda/lib/python3.11/site-packages/torch/cuda/__init__.py:829: UserWarning: Can't initialize NVML
  warnings.warn("Can't initialize NVML")
  [echodiff_ambi] foa_mode=condition K=8 spec_in=2 use_cide=True gate_learnable=True
Model: echodiffusion_ambi (133.4M params)
  [train] epoch 1 step 392/1964 (113s)
  [train] epoch 1 step 784/1964 (223s)
  [train] epoch 1 step 1176/1964 (334s)
  [train] epoch 1 step 1568/1964 (445s)
  [train] epoch 1 step 1960/1964 (555s)
Epoch [1/40] L:0.3346 D:0.2932 F:0.0000 556s
  [train] epoch 2 step 392/1964 (111s)
  [train] epoch 2 step 784/1964 (222s)
  [train] epoch 2 step 1176/1964 (332s)
  [train] epoch 2 step 1568/1964 (443s)
  [train] epoch 2 step 1960/1964 (553s)
Epoch [2/40] L:0.2910 D:0.2575 F:0.0000 555s
  [train] epoch 3 step 392/1964 (111s)
  [train] epoch 3 step 784/1964 (221s)
  [train] epoch 3 step 1176/1964 (332s)
  [train] epoch 3 step 1568/1964 (441s)
  [train] epoch 3 step 1960/1964 (552s)
Epoch [3/40] L:0.2753 D:0.2516 F:0.0000 553s
  [train] epoch 4 step 392/1964 (111s)
  [train] epoch 4 step 784/1964 (221s)
  [train] epoch 4 step 1176/1964 (331s)
  [train] epoch 4 step 1568/1964 (442s)
  [train] epoch 4 step 1960/1964 (552s)
Epoch [4/40] L:0.2600 D:0.2450 F:0.0000 553s
  [val] starting (246 batches)
  [val] 50/246 (10s)
  [val] 100/246 (19s)
  [val] 150/246 (28s)
  [val] 200/246 (37s)
  [val] done (246 batches, 46s)
  Val L:0.3036 ABS:0.6244 RMSE:1.5363 d1:0.4057
  >> Best (score:1.2627 RMSE:1.5363 ABS:0.6244)
  [train] epoch 5 step 392/1964 (111s)
  [train] epoch 5 step 784/1964 (221s)
  [train] epoch 5 step 1176/1964 (332s)
  [train] epoch 5 step 1568/1964 (442s)
  [train] epoch 5 step 1960/1964 (553s)
Epoch [5/40] L:0.2487 D:0.2399 F:0.0000 554s
  [train] epoch 6 step 392/1964 (111s)
  [train] epoch 6 step 784/1964 (221s)
  [train] epoch 6 step 1176/1964 (332s)
  [train] epoch 6 step 1568/1964 (442s)
  [train] epoch 6 step 1960/1964 (553s)
Epoch [6/40] L:0.2430 D:0.2377 F:0.0000 554s
  [train] epoch 7 step 392/1964 (111s)
  [train] epoch 7 step 784/1964 (221s)
  [train] epoch 7 step 1176/1964 (332s)
  [train] epoch 7 step 1568/1964 (442s)
  [train] epoch 7 step 1960/1964 (553s)
Epoch [7/40] L:0.2331 D:0.2300 F:0.0000 554s
  [train] epoch 8 step 392/1964 (111s)
  [train] epoch 8 step 784/1964 (221s)
  [train] epoch 8 step 1176/1964 (332s)
  [train] epoch 8 step 1568/1964 (443s)
  [train] epoch 8 step 1960/1964 (553s)
Epoch [8/40] L:0.2236 D:0.2217 F:0.0000 554s
  [val] starting (246 batches)
  [val] 50/246 (10s)
  [val] 100/246 (19s)
  [val] 150/246 (28s)
  [val] 200/246 (37s)
  [val] done (246 batches, 45s)
  Val L:0.2755 ABS:0.4418 RMSE:1.5093 d1:0.4322
  >> Best (score:1.1890 RMSE:1.5093 ABS:0.4418)
  [train] epoch 9 step 392/1964 (111s)
  [train] epoch 9 step 784/1964 (221s)
  [train] epoch 9 step 1176/1964 (332s)
  [train] epoch 9 step 1568/1964 (442s)
  [train] epoch 9 step 1960/1964 (553s)
Epoch [9/40] L:0.2178 D:0.2167 F:0.0000 554s
  [train] epoch 10 step 392/1964 (111s)
  [train] epoch 10 step 784/1964 (221s)
  [train] epoch 10 step 1176/1964 (332s)
  [train] epoch 10 step 1568/1964 (443s)
  [train] epoch 10 step 1960/1964 (553s)
Epoch [10/40] L:0.2147 D:0.2140 F:0.0000 554s
  [train] epoch 11 step 392/1964 (111s)
  [train] epoch 11 step 784/1964 (221s)
  [train] epoch 11 step 1176/1964 (332s)
  [train] epoch 11 step 1568/1964 (442s)
  [train] epoch 11 step 1960/1964 (553s)
Epoch [11/40] L:0.2117 D:0.2113 F:0.0000 554s
  [train] epoch 12 step 392/1964 (111s)
  [train] epoch 12 step 784/1964 (221s)
  [train] epoch 12 step 1176/1964 (332s)
  [train] epoch 12 step 1568/1964 (442s)
  [train] epoch 12 step 1960/1964 (553s)
Epoch [12/40] L:0.2086 D:0.2084 F:0.0000 554s
  [val] starting (246 batches)
  [val] 50/246 (10s)
  [val] 100/246 (19s)
  [val] 150/246 (28s)
  [val] 200/246 (37s)
  [val] done (246 batches, 46s)
  Val L:0.2507 ABS:0.4492 RMSE:1.4285 d1:0.4972
  >> Best (score:1.1347 RMSE:1.4285 ABS:0.4492)
  [train] epoch 13 step 392/1964 (111s)
  [train] epoch 13 step 784/1964 (221s)
  [train] epoch 13 step 1176/1964 (332s)
  [train] epoch 13 step 1568/1964 (442s)
  [train] epoch 13 step 1960/1964 (553s)
Epoch [13/40] L:0.2074 D:0.2072 F:0.0000 554s
  [train] epoch 14 step 392/1964 (111s)
  [train] epoch 14 step 784/1964 (222s)
  [train] epoch 14 step 1176/1964 (332s)
  [train] epoch 14 step 1568/1964 (443s)
  [train] epoch 14 step 1960/1964 (553s)
Epoch [14/40] L:0.2050 D:0.2049 F:0.0000 554s
  [train] epoch 15 step 392/1964 (111s)
  [train] epoch 15 step 784/1964 (222s)
  [train] epoch 15 step 1176/1964 (333s)
  [train] epoch 15 step 1568/1964 (444s)
  [train] epoch 15 step 1960/1964 (555s)
Epoch [15/40] L:0.2035 D:0.2034 F:0.0000 556s
  [train] epoch 16 step 392/1964 (111s)
  [train] epoch 16 step 784/1964 (222s)
  [train] epoch 16 step 1176/1964 (332s)
  [train] epoch 16 step 1568/1964 (443s)
  [train] epoch 16 step 1960/1964 (553s)
Epoch [16/40] L:0.2016 D:0.2016 F:0.0000 554s
  [val] starting (246 batches)
  [val] 50/246 (11s)
  [val] 100/246 (20s)
  [val] 150/246 (29s)
  [val] 200/246 (38s)
  [val] done (246 batches, 47s)
  Val L:0.2524 ABS:0.4764 RMSE:1.4048 d1:0.4917
  >> Best (score:1.1263 RMSE:1.4048 ABS:0.4764)
  [train] epoch 17 step 392/1964 (111s)
  [train] epoch 17 step 784/1964 (222s)
  [train] epoch 17 step 1176/1964 (334s)
  [train] epoch 17 step 1568/1964 (445s)
  [train] epoch 17 step 1960/1964 (556s)
Epoch [17/40] L:0.1995 D:0.1995 F:0.0000 558s
  [train] epoch 18 step 392/1964 (112s)
  [train] epoch 18 step 784/1964 (224s)
  [train] epoch 18 step 1176/1964 (336s)
  [train] epoch 18 step 1568/1964 (449s)
  [train] epoch 18 step 1960/1964 (560s)
Epoch [18/40] L:0.1979 D:0.1979 F:0.0000 561s
  [train] epoch 19 step 392/1964 (112s)
  [train] epoch 19 step 784/1964 (225s)
  [train] epoch 19 step 1176/1964 (337s)
  [train] epoch 19 step 1568/1964 (449s)
  [train] epoch 19 step 1960/1964 (561s)
Epoch [19/40] L:0.1965 D:0.1965 F:0.0000 562s
  [train] epoch 20 step 392/1964 (112s)
  [train] epoch 20 step 784/1964 (224s)
  [train] epoch 20 step 1176/1964 (336s)
  [train] epoch 20 step 1568/1964 (447s)
  [train] epoch 20 step 1960/1964 (559s)
Epoch [20/40] L:0.1949 D:0.1949 F:0.0000 560s
  [val] starting (246 batches)
  [val] 50/246 (10s)
  [val] 100/246 (19s)
  [val] 150/246 (28s)
  [val] 200/246 (37s)
  [val] done (246 batches, 45s)
  Val L:0.2470 ABS:0.4382 RMSE:1.4078 d1:0.5044
  >> Best (score:1.1169 RMSE:1.4078 ABS:0.4382)
  [train] epoch 21 step 392/1964 (111s)
  [train] epoch 21 step 784/1964 (223s)
  [train] epoch 21 step 1176/1964 (334s)
  [train] epoch 21 step 1568/1964 (445s)
  [train] epoch 21 step 1960/1964 (556s)
Epoch [21/40] L:0.1934 D:0.1934 F:0.0000 557s
  [train] epoch 22 step 392/1964 (111s)
  [train] epoch 22 step 784/1964 (222s)
  [train] epoch 22 step 1176/1964 (333s)
  [train] epoch 22 step 1568/1964 (444s)
  [train] epoch 22 step 1960/1964 (555s)
Epoch [22/40] L:0.1922 D:0.1922 F:0.0000 556s
  [train] epoch 23 step 392/1964 (111s)
  [train] epoch 23 step 784/1964 (222s)
  [train] epoch 23 step 1176/1964 (333s)
  [train] epoch 23 step 1568/1964 (444s)
  [train] epoch 23 step 1960/1964 (555s)
Epoch [23/40] L:0.1906 D:0.1906 F:0.0000 556s
  [train] epoch 24 step 392/1964 (111s)
  [train] epoch 24 step 784/1964 (222s)
  [train] epoch 24 step 1176/1964 (333s)
  [train] epoch 24 step 1568/1964 (444s)
  [train] epoch 24 step 1960/1964 (555s)
Epoch [24/40] L:0.1899 D:0.1899 F:0.0000 556s
  [val] starting (246 batches)
  [val] 50/246 (11s)
  [val] 100/246 (21s)
  [val] 150/246 (30s)
  [val] 200/246 (39s)
  [val] done (246 batches, 48s)
  Val L:0.2431 ABS:0.4163 RMSE:1.4045 d1:0.5016
  >> Best (score:1.1081 RMSE:1.4045 ABS:0.4163)
  [train] epoch 25 step 392/1964 (111s)
  [train] epoch 25 step 784/1964 (224s)
  [train] epoch 25 step 1176/1964 (335s)
  [train] epoch 25 step 1568/1964 (446s)
  [train] epoch 25 step 1960/1964 (558s)
Epoch [25/40] L:0.1888 D:0.1888 F:0.0000 559s
  [train] epoch 26 step 392/1964 (112s)
  [train] epoch 26 step 784/1964 (223s)
  [train] epoch 26 step 1176/1964 (334s)
  [train] epoch 26 step 1568/1964 (445s)
  [train] epoch 26 step 1960/1964 (556s)
Epoch [26/40] L:0.1869 D:0.1869 F:0.0000 557s
  [train] epoch 27 step 392/1964 (111s)
  [train] epoch 27 step 784/1964 (222s)
  [train] epoch 27 step 1176/1964 (334s)
  [train] epoch 27 step 1568/1964 (445s)
  [train] epoch 27 step 1960/1964 (556s)
Epoch [27/40] L:0.1859 D:0.1859 F:0.0000 557s
  [train] epoch 28 step 392/1964 (112s)
  [train] epoch 28 step 784/1964 (223s)
  [train] epoch 28 step 1176/1964 (334s)
  [train] epoch 28 step 1568/1964 (445s)
  [train] epoch 28 step 1960/1964 (556s)
Epoch [28/40] L:0.1852 D:0.1852 F:0.0000 557s
  [val] starting (246 batches)
  [val] 50/246 (10s)
  [val] 100/246 (19s)
  [val] 150/246 (28s)
  [val] 200/246 (37s)
  [val] done (246 batches, 45s)
  Val L:0.2510 ABS:0.3945 RMSE:1.4434 d1:0.4776
  [train] epoch 29 step 392/1964 (112s)
  [train] epoch 29 step 784/1964 (223s)
  [train] epoch 29 step 1176/1964 (333s)
  [train] epoch 29 step 1568/1964 (444s)
  [train] epoch 29 step 1960/1964 (555s)
Epoch [29/40] L:0.1840 D:0.1840 F:0.0000 556s
  [train] epoch 30 step 392/1964 (111s)
  [train] epoch 30 step 784/1964 (222s)
  [train] epoch 30 step 1176/1964 (334s)
  [train] epoch 30 step 1568/1964 (444s)
  [train] epoch 30 step 1960/1964 (555s)
Epoch [30/40] L:0.1828 D:0.1828 F:0.0000 556s
  [train] epoch 31 step 392/1964 (111s)
  [train] epoch 31 step 784/1964 (223s)
  [train] epoch 31 step 1176/1964 (334s)
  [train] epoch 31 step 1568/1964 (445s)
  [train] epoch 31 step 1960/1964 (556s)
Epoch [31/40] L:0.1813 D:0.1813 F:0.0000 557s
  [train] epoch 32 step 392/1964 (111s)
  [train] epoch 32 step 784/1964 (223s)
  [train] epoch 32 step 1176/1964 (333s)
  [train] epoch 32 step 1568/1964 (445s)
  [train] epoch 32 step 1960/1964 (556s)
Epoch [32/40] L:0.1801 D:0.1801 F:0.0000 557s
  [val] starting (246 batches)
  [val] 50/246 (9s)
  [val] 100/246 (18s)
  [val] 150/246 (27s)
  [val] 200/246 (36s)
  [val] done (246 batches, 45s)
  Val L:0.2403 ABS:0.4206 RMSE:1.3853 d1:0.5069
  >> Best (score:1.0959 RMSE:1.3853 ABS:0.4206)
  [train] epoch 33 step 392/1964 (112s)
  [train] epoch 33 step 784/1964 (223s)
  [train] epoch 33 step 1176/1964 (334s)
  [train] epoch 33 step 1568/1964 (445s)
  [train] epoch 33 step 1960/1964 (556s)
Epoch [33/40] L:0.1787 D:0.1787 F:0.0000 557s
  [train] epoch 34 step 392/1964 (111s)
  [train] epoch 34 step 784/1964 (222s)
  [train] epoch 34 step 1176/1964 (333s)
  [train] epoch 34 step 1568/1964 (444s)
  [train] epoch 34 step 1960/1964 (555s)
Epoch [34/40] L:0.1776 D:0.1776 F:0.0000 556s
  [train] epoch 35 step 392/1964 (111s)
  [train] epoch 35 step 784/1964 (222s)
  [train] epoch 35 step 1176/1964 (333s)
  [train] epoch 35 step 1568/1964 (444s)
  [train] epoch 35 step 1960/1964 (555s)
Epoch [35/40] L:0.1757 D:0.1757 F:0.0000 556s
  [train] epoch 36 step 392/1964 (111s)
  [train] epoch 36 step 784/1964 (223s)
  [train] epoch 36 step 1176/1964 (334s)
  [train] epoch 36 step 1568/1964 (444s)
  [train] epoch 36 step 1960/1964 (556s)
Epoch [36/40] L:0.1742 D:0.1742 F:0.0000 557s
  [val] starting (246 batches)
  [val] 50/246 (10s)
  [val] 100/246 (18s)
  [val] 150/246 (27s)
  [val] 200/246 (36s)
  [val] done (246 batches, 45s)
  Val L:0.2449 ABS:0.4343 RMSE:1.4014 d1:0.5138
Traceback (most recent call last):
  File "/root/storage/implementation/shared_audio/baseline/train.py", line 1068, in <module>
    if args.n3_checkpoint is not None:
    ^^^^^^^^^^
  File "/root/storage/implementation/shared_audio/baseline/train.py", line 906, in train
    save_batch_visualization(vis_p, vis_g, vis_path, epoch,
  File "/root/storage/implementation/shared_audio/baseline/utils/visualization.py", line 95, in save_batch_visualization
    plt.savefig(save_path, dpi=150, bbox_inches='tight')
  File "/opt/conda/lib/python3.11/site-packages/matplotlib/pyplot.py", line 1250, in savefig
    res = fig.savefig(*args, **kwargs)  # type: ignore[func-returns-value]
          ^^^^^^^^^^^^^^^^^^^^^^^^^^^^
  File "/opt/conda/lib/python3.11/site-packages/matplotlib/figure.py", line 3490, in savefig
    self.canvas.print_figure(fname, **kwargs)
  File "/opt/conda/lib/python3.11/site-packages/matplotlib/backend_bases.py", line 2186, in print_figure
    result = print_method(
             ^^^^^^^^^^^^^
  File "/opt/conda/lib/python3.11/site-packages/matplotlib/backend_bases.py", line 2042, in <lambda>
    print_method = functools.wraps(meth)(lambda *args, **kwargs: meth(
                                                                 ^^^^^
  File "/opt/conda/lib/python3.11/site-packages/matplotlib/backends/backend_agg.py", line 481, in print_png
    self._print_pil(filename_or_obj, "png", pil_kwargs, metadata)
  File "/opt/conda/lib/python3.11/site-packages/matplotlib/backends/backend_agg.py", line 430, in _print_pil
    mpl.image.imsave(
  File "/opt/conda/lib/python3.11/site-packages/matplotlib/image.py", line 1657, in imsave
    image.save(fname, **pil_kwargs)
  File "/opt/conda/lib/python3.11/site-packages/PIL/Image.py", line 2600, in save
    fp = builtins.open(filename, "w+b")
         ^^^^^^^^^^^^^^^^^^^^^^^^^^^^^^
OSError: [Errno 28] No space left on device: '/root/storage/implementation/shared_audio/baseline/results/echodiffusion_ambi_soundspaces_BS12_Lr0.0005_AdamW_exp712_eda_cide_cond_lr5e4_bs32/epoch_0036_val.png'
