/opt/conda/lib/python3.11/site-packages/timm/models/layers/__init__.py:49: FutureWarning: Importing from timm.models.layers is deprecated, please import via timm.layers
  warnings.warn(f"Importing from {__name__} is deprecated, please import via timm.layers", FutureWarning)
============================================================
Model: n9_0425  Dataset: soundspaces
BS: 256  LR: 5e-05  Opt: AdamW
============================================================
Loaded scene split from /root/local1/changwoo/matterport3d_0303_renew/scene_split.json
  train: 72, val: 9, test: 9
[train] 23560 samples (fast cache: samples_train_erp_8b3be925d3ae.json) [ambisonic=ON]
  Precomputed SH basis matrix: (131072, 4) (order=1)
Loaded scene split from /root/local1/changwoo/matterport3d_0303_renew/scene_split.json
  train: 72, val: 9, test: 9
[val] 2951 samples (fast cache: samples_val_erp_be0f29dd7abf.json) [ambisonic=ON]
  Precomputed SH basis matrix: (131072, 4) (order=1)
Train: 23560, Val: 2951
  [n9_0425] n3 ckpt loaded cleanly from /root/storage/implementation/shared_audio/baseline/checkpoints/n3_0425_soundspaces_BS128_Lr0.0001_AdamW_exp503_n3_eigen8_lr1e4_bs128/best_model.pth
  [n9_0425] n3 trainable (gradients flow back through n3)
Model: n9_0425 (93.8M params)
Epoch [1/40] L:0.4380 D:0.3497 F:0.0045 61s
Epoch [2/40] L:0.2926 D:0.2042 F:0.0082 56s
Epoch [3/40] L:0.2713 D:0.1830 F:0.0081 55s
Epoch [4/40] L:0.2484 D:0.1601 F:0.0080 55s
  [val] starting (12 batches)
  [val] done (12 batches, 13s)
  Val L:0.2488 ABS:0.4293 RMSE:1.4341 d1:0.4954
  >> Best (score:1.1326 RMSE:1.4341 ABS:0.4293)
Epoch [5/40] L:0.2273 D:0.1390 F:0.0078 56s
Epoch [6/40] L:0.2118 D:0.1236 F:0.0077 56s
Epoch [7/40] L:0.2004 D:0.1123 F:0.0076 56s
Epoch [8/40] L:0.1921 D:0.1040 F:0.0073 56s
  [val] starting (12 batches)
  [val] done (12 batches, 13s)
  Val L:0.2589 ABS:0.4427 RMSE:1.4319 d1:0.4989
Epoch [9/40] L:0.1863 D:0.0983 F:0.0073 56s
Epoch [10/40] L:0.1818 D:0.0938 F:0.0072 56s
Epoch [11/40] L:0.1784 D:0.0904 F:0.0070 56s
Epoch [12/40] L:0.1732 D:0.0853 F:0.0066 56s
  [val] starting (12 batches)
  [val] done (12 batches, 13s)
  Val L:0.2473 ABS:0.4672 RMSE:1.4066 d1:0.5165
  >> Best (score:1.1247 RMSE:1.4066 ABS:0.4672)
Epoch [13/40] L:0.1710 D:0.0831 F:0.0065 56s
Epoch [14/40] L:0.1685 D:0.0807 F:0.0066 56s
Epoch [15/40] L:0.1672 D:0.0795 F:0.0064 55s
Epoch [16/40] L:0.1655 D:0.0778 F:0.0062 56s
  [val] starting (12 batches)
  [val] done (12 batches, 13s)
  Val L:0.2585 ABS:0.4243 RMSE:1.4493 d1:0.5131
Epoch [17/40] L:0.1640 D:0.0764 F:0.0061 56s
Epoch [18/40] L:0.1635 D:0.0759 F:0.0063 55s
Epoch [19/40] L:0.1620 D:0.0745 F:0.0062 56s
Epoch [20/40] L:0.1604 D:0.0729 F:0.0061 55s
  [val] starting (12 batches)
  [val] done (12 batches, 13s)
  Val L:0.2547 ABS:0.4123 RMSE:1.4476 d1:0.5177
Epoch [21/40] L:0.1593 D:0.0719 F:0.0060 55s
Epoch [22/40] L:0.1591 D:0.0718 F:0.0059 56s
Epoch [23/40] L:0.1581 D:0.0708 F:0.0059 56s
Epoch [24/40] L:0.1577 D:0.0704 F:0.0060 56s
  [val] starting (12 batches)
  [val] done (12 batches, 13s)
  Val L:0.2577 ABS:0.4422 RMSE:1.4608 d1:0.5059
Epoch [25/40] L:0.1575 D:0.0703 F:0.0059 56s
Epoch [26/40] L:0.1572 D:0.0700 F:0.0062 55s
Epoch [27/40] L:0.1551 D:0.0679 F:0.0061 56s
Epoch [28/40] L:0.1545 D:0.0674 F:0.0060 56s
  [val] starting (12 batches)
  [val] done (12 batches, 13s)
  Val L:0.2507 ABS:0.4270 RMSE:1.4412 d1:0.5189
Epoch [29/40] L:0.1543 D:0.0672 F:0.0060 56s
Epoch [30/40] L:0.1532 D:0.0662 F:0.0059 56s
Epoch [31/40] L:0.1533 D:0.0664 F:0.0058 56s
Epoch [32/40] L:0.1521 D:0.0652 F:0.0058 56s
  [val] starting (12 batches)
  [val] done (12 batches, 14s)
  Val L:0.2562 ABS:0.4736 RMSE:1.4579 d1:0.5143
Epoch [33/40] L:0.1510 D:0.0641 F:0.0058 55s
Epoch [34/40] L:0.1515 D:0.0647 F:0.0059 56s
Epoch [35/40] L:0.1503 D:0.0636 F:0.0059 56s
Epoch [36/40] L:0.1502 D:0.0635 F:0.0058 56s
  [val] starting (12 batches)
  [val] done (12 batches, 13s)
  Val L:0.2492 ABS:0.4201 RMSE:1.4380 d1:0.5238
Epoch [37/40] L:0.1497 D:0.0630 F:0.0057 56s
Epoch [38/40] L:0.1491 D:0.0625 F:0.0059 56s
Epoch [39/40] L:0.1481 D:0.0616 F:0.0058 55s
Epoch [40/40] L:0.1474 D:0.0609 F:0.0057 56s
  [val] starting (12 batches)
  [val] done (12 batches, 14s)
  Val L:0.2524 ABS:0.4303 RMSE:1.4426 d1:0.5167

Done. Best score:1.1247 RMSE:1.4066 ABS:0.4672
