/opt/conda/lib/python3.11/site-packages/timm/models/layers/__init__.py:49: FutureWarning: Importing from timm.models.layers is deprecated, please import via timm.layers
  warnings.warn(f"Importing from {__name__} is deprecated, please import via timm.layers", FutureWarning)
============================================================
Model: n9_0425  Dataset: soundspaces
BS: 256  LR: 0.0001  Opt: AdamW
============================================================
Loaded scene split from /root/local1/changwoo/matterport3d_0303_renew/scene_split.json
  train: 72, val: 9, test: 9
[train] 23560 samples (fast cache: samples_train_erp_8b3be925d3ae.json) [ambisonic=ON]
  Precomputed SH basis matrix: (131072, 4) (order=1)
Loaded scene split from /root/local1/changwoo/matterport3d_0303_renew/scene_split.json
  train: 72, val: 9, test: 9
[val] 2951 samples (fast cache: samples_val_erp_be0f29dd7abf.json) [ambisonic=ON]
  Precomputed SH basis matrix: (131072, 4) (order=1)
Train: 23560, Val: 2951
  [n9_0425] n3 ckpt loaded cleanly from /root/storage/implementation/shared_audio/baseline/checkpoints/n3_0425_soundspaces_BS128_Lr0.0001_AdamW_exp503_n3_eigen8_lr1e4_bs128/best_model.pth
  [n9_0425] n3 frozen (eval mode, no_grad in forward)
Model: n9_0425 (93.8M params)
Epoch [1/40] L:0.3847 D:0.3407 F:0.0000 57s
Epoch [2/40] L:0.2624 D:0.2184 F:0.0000 52s
Epoch [3/40] L:0.2484 D:0.2044 F:0.0000 51s
Epoch [4/40] L:0.2430 D:0.1991 F:0.0000 52s
  [val] starting (12 batches)
  [val] done (12 batches, 13s)
  Val L:0.2523 ABS:0.4575 RMSE:1.4393 d1:0.4898
  >> Best (score:1.1447 RMSE:1.4393 ABS:0.4575)
Epoch [5/40] L:0.2411 D:0.1972 F:0.0000 51s
Epoch [6/40] L:0.2372 D:0.1934 F:0.0000 51s
Epoch [7/40] L:0.2340 D:0.1903 F:0.0000 51s
Epoch [8/40] L:0.2338 D:0.1901 F:0.0000 51s
  [val] starting (12 batches)
  [val] done (12 batches, 13s)
  Val L:0.2560 ABS:0.4113 RMSE:1.4643 d1:0.4723
Epoch [9/40] L:0.2309 D:0.1873 F:0.0000 51s
Epoch [10/40] L:0.2275 D:0.1839 F:0.0000 51s
Epoch [11/40] L:0.2251 D:0.1815 F:0.0000 51s
Epoch [12/40] L:0.2230 D:0.1795 F:0.0000 51s
  [val] starting (12 batches)
  [val] done (12 batches, 13s)
  Val L:0.2456 ABS:0.4073 RMSE:1.4513 d1:0.4933
  >> Best (score:1.1381 RMSE:1.4513 ABS:0.4073)
Epoch [13/40] L:0.2195 D:0.1761 F:0.0000 51s
Epoch [14/40] L:0.2179 D:0.1745 F:0.0000 51s
Epoch [15/40] L:0.2131 D:0.1697 F:0.0000 51s
Epoch [16/40] L:0.2083 D:0.1650 F:0.0000 51s
  [val] starting (12 batches)
  [val] done (12 batches, 14s)
  Val L:0.2505 ABS:0.4083 RMSE:1.4303 d1:0.5027
  >> Best (score:1.1237 RMSE:1.4303 ABS:0.4083)
Epoch [17/40] L:0.2037 D:0.1605 F:0.0000 51s
Epoch [18/40] L:0.1984 D:0.1552 F:0.0000 51s
Epoch [19/40] L:0.1936 D:0.1505 F:0.0000 51s
Epoch [20/40] L:0.1893 D:0.1462 F:0.0000 51s
  [val] starting (12 batches)
  [val] done (12 batches, 13s)
  Val L:0.2604 ABS:0.4360 RMSE:1.4313 d1:0.4913
Epoch [21/40] L:0.1850 D:0.1420 F:0.0000 51s
Epoch [22/40] L:0.1778 D:0.1348 F:0.0000 51s
Epoch [23/40] L:0.1739 D:0.1310 F:0.0000 51s
Epoch [24/40] L:0.1686 D:0.1257 F:0.0000 51s
  [val] starting (12 batches)
  [val] done (12 batches, 13s)
  Val L:0.2700 ABS:0.4204 RMSE:1.4695 d1:0.5029
Epoch [25/40] L:0.1647 D:0.1219 F:0.0000 51s
Epoch [26/40] L:0.1600 D:0.1173 F:0.0000 50s
Epoch [27/40] L:0.1565 D:0.1138 F:0.0000 51s
Epoch [28/40] L:0.1532 D:0.1105 F:0.0000 51s
  [val] starting (12 batches)
  [val] done (12 batches, 13s)
  Val L:0.2739 ABS:0.4581 RMSE:1.4618 d1:0.5051
Epoch [29/40] L:0.1502 D:0.1076 F:0.0000 52s
Epoch [30/40] L:0.1462 D:0.1037 F:0.0000 51s
Epoch [31/40] L:0.1434 D:0.1009 F:0.0000 51s
Epoch [32/40] L:0.1418 D:0.0994 F:0.0000 51s
  [val] starting (12 batches)
  [val] done (12 batches, 13s)
  Val L:0.2728 ABS:0.4983 RMSE:1.4616 d1:0.5053
Epoch [33/40] L:0.1401 D:0.0977 F:0.0000 51s
Epoch [34/40] L:0.1373 D:0.0949 F:0.0000 51s
Epoch [35/40] L:0.1354 D:0.0931 F:0.0000 51s
Epoch [36/40] L:0.1335 D:0.0913 F:0.0000 51s
  [val] starting (12 batches)
  [val] done (12 batches, 14s)
  Val L:0.2777 ABS:0.4292 RMSE:1.4841 d1:0.5108
Epoch [37/40] L:0.1326 D:0.0905 F:0.0000 51s
Epoch [38/40] L:0.1307 D:0.0886 F:0.0000 51s
Epoch [39/40] L:0.1285 D:0.0865 F:0.0000 51s
Epoch [40/40] L:0.1276 D:0.0856 F:0.0000 51s
  [val] starting (12 batches)
  [val] done (12 batches, 13s)
  Val L:0.2740 ABS:0.4504 RMSE:1.4796 d1:0.5170

Done. Best score:1.1237 RMSE:1.4303 ABS:0.4083
