/opt/conda/lib/python3.11/site-packages/timm/models/layers/__init__.py:49: FutureWarning: Importing from timm.models.layers is deprecated, please import via timm.layers
  warnings.warn(f"Importing from {__name__} is deprecated, please import via timm.layers", FutureWarning)
============================================================
Model: n9_0425  Dataset: soundspaces
BS: 256  LR: 0.0001  Opt: AdamW
============================================================
Loaded scene split from /root/local1/changwoo/matterport3d_0303_renew/scene_split.json
  train: 72, val: 9, test: 9
[train] 23560 samples (fast cache: samples_train_erp_8b3be925d3ae.json) [ambisonic=ON]
  Precomputed SH basis matrix: (131072, 4) (order=1)
Loaded scene split from /root/local1/changwoo/matterport3d_0303_renew/scene_split.json
  train: 72, val: 9, test: 9
[val] 2951 samples (fast cache: samples_val_erp_be0f29dd7abf.json) [ambisonic=ON]
  Precomputed SH basis matrix: (131072, 4) (order=1)
Train: 23560, Val: 2951
  [n9_0425] n3 ckpt loaded cleanly from /root/storage/implementation/shared_audio/baseline/checkpoints/n3_0425_soundspaces_BS128_Lr0.0001_AdamW_exp503_n3_eigen8_lr1e4_bs128/best_model.pth
  [n9_0425] n3 frozen (eval mode, no_grad in forward)
Model: n9_0425 (93.8M params)
Epoch [1/40] L:0.4647 D:0.3766 F:0.0000 77s
Epoch [2/40] L:0.3040 D:0.2160 F:0.0000 49s
Epoch [3/40] L:0.2933 D:0.2055 F:0.0000 49s
Epoch [4/40] L:0.2870 D:0.1993 F:0.0000 48s
  [val] starting (12 batches)
  [val] done (12 batches, 16s)
  Val L:0.2620 ABS:0.4133 RMSE:1.5042 d1:0.4597
  >> Best (score:1.1769 RMSE:1.5042 ABS:0.4133)
Epoch [5/40] L:0.2844 D:0.1967 F:0.0000 48s
Epoch [6/40] L:0.2837 D:0.1962 F:0.0000 48s
Epoch [7/40] L:0.2793 D:0.1919 F:0.0000 48s
Epoch [8/40] L:0.2770 D:0.1897 F:0.0000 48s
  [val] starting (12 batches)
  [val] done (12 batches, 13s)
  Val L:0.2469 ABS:0.4074 RMSE:1.4511 d1:0.4945
  >> Best (score:1.1380 RMSE:1.4511 ABS:0.4074)
Epoch [9/40] L:0.2744 D:0.1872 F:0.0000 49s
Epoch [10/40] L:0.2717 D:0.1846 F:0.0000 48s
Epoch [11/40] L:0.2698 D:0.1828 F:0.0000 49s
Epoch [12/40] L:0.2691 D:0.1823 F:0.0000 48s
  [val] starting (12 batches)
  [val] done (12 batches, 13s)
  Val L:0.2457 ABS:0.4053 RMSE:1.4415 d1:0.4798
  >> Best (score:1.1306 RMSE:1.4415 ABS:0.4053)
Epoch [13/40] L:0.2648 D:0.1780 F:0.0000 48s
Epoch [14/40] L:0.2628 D:0.1761 F:0.0000 48s
Epoch [15/40] L:0.2577 D:0.1711 F:0.0000 49s
Epoch [16/40] L:0.2536 D:0.1671 F:0.0000 48s
  [val] starting (12 batches)
  [val] done (12 batches, 13s)
  Val L:0.2545 ABS:0.3982 RMSE:1.4738 d1:0.4894
Epoch [17/40] L:0.2505 D:0.1642 F:0.0000 48s
Epoch [18/40] L:0.2473 D:0.1611 F:0.0000 49s
Epoch [19/40] L:0.2423 D:0.1562 F:0.0000 49s
Epoch [20/40] L:0.2376 D:0.1516 F:0.0000 49s
  [val] starting (12 batches)
  [val] done (12 batches, 13s)
  Val L:0.2490 ABS:0.4183 RMSE:1.4164 d1:0.5156
  >> Best (score:1.1169 RMSE:1.4164 ABS:0.4183)
Epoch [21/40] L:0.2326 D:0.1467 F:0.0000 48s
Epoch [22/40] L:0.2268 D:0.1410 F:0.0000 49s
Epoch [23/40] L:0.2224 D:0.1368 F:0.0000 48s
Epoch [24/40] L:0.2177 D:0.1322 F:0.0000 48s
  [val] starting (12 batches)
  [val] done (12 batches, 13s)
  Val L:0.2538 ABS:0.4418 RMSE:1.4161 d1:0.5131
Epoch [25/40] L:0.2123 D:0.1269 F:0.0000 48s
Epoch [26/40] L:0.2084 D:0.1231 F:0.0000 49s
Epoch [27/40] L:0.2043 D:0.1192 F:0.0000 48s
Epoch [28/40] L:0.2001 D:0.1150 F:0.0000 49s
  [val] starting (12 batches)
  [val] done (12 batches, 13s)
  Val L:0.2538 ABS:0.4320 RMSE:1.4353 d1:0.5114
Epoch [29/40] L:0.1973 D:0.1123 F:0.0000 49s
Epoch [30/40] L:0.1922 D:0.1074 F:0.0000 48s
Epoch [31/40] L:0.1899 D:0.1052 F:0.0000 48s
Epoch [32/40] L:0.1890 D:0.1045 F:0.0000 48s
  [val] starting (12 batches)
  [val] done (12 batches, 13s)
  Val L:0.2681 ABS:0.5214 RMSE:1.4636 d1:0.5053
Epoch [33/40] L:0.1866 D:0.1022 F:0.0000 48s
Epoch [34/40] L:0.1831 D:0.0988 F:0.0000 49s
Epoch [35/40] L:0.1808 D:0.0966 F:0.0000 48s
Epoch [36/40] L:0.1789 D:0.0949 F:0.0000 49s
  [val] starting (12 batches)
  [val] done (12 batches, 13s)
  Val L:0.2651 ABS:0.4356 RMSE:1.4667 d1:0.5101
Epoch [37/40] L:0.1761 D:0.0922 F:0.0000 49s
Epoch [38/40] L:0.1749 D:0.0911 F:0.0000 49s
Epoch [39/40] L:0.1736 D:0.0899 F:0.0000 48s
Epoch [40/40] L:0.1729 D:0.0894 F:0.0000 48s
  [val] starting (12 batches)
  [val] done (12 batches, 12s)
  Val L:0.2731 ABS:0.4417 RMSE:1.4775 d1:0.5055

Done. Best score:1.1169 RMSE:1.4164 ABS:0.4183
