/opt/conda/lib/python3.11/site-packages/timm/models/layers/__init__.py:49: FutureWarning: Importing from timm.models.layers is deprecated, please import via timm.layers
  warnings.warn(f"Importing from {__name__} is deprecated, please import via timm.layers", FutureWarning)
============================================================
Model: n9_0425  Dataset: soundspaces
BS: 256  LR: 0.0001  Opt: AdamW
============================================================
Loaded scene split from /root/local1/changwoo/matterport3d_0303_renew/scene_split.json
  train: 72, val: 9, test: 9
[train] 23560 samples (fast cache: samples_train_erp_8b3be925d3ae.json) [ambisonic=ON]
  Precomputed SH basis matrix: (131072, 4) (order=1)
Loaded scene split from /root/local1/changwoo/matterport3d_0303_renew/scene_split.json
  train: 72, val: 9, test: 9
[val] 2951 samples (fast cache: samples_val_erp_be0f29dd7abf.json) [ambisonic=ON]
  Precomputed SH basis matrix: (131072, 4) (order=1)
Train: 23560, Val: 2951
  [n9_0425] n3 ckpt loaded cleanly from /root/storage/implementation/shared_audio/baseline/checkpoints/n3_0425_soundspaces_BS128_Lr0.0001_AdamW_exp502_n3_eigen1_lr1e4_bs128/best_model.pth
  [n9_0425] n3 frozen (eval mode, no_grad in forward)
Model: n9_0425 (93.7M params)
Epoch [1/40] L:0.3931 D:0.3051 F:0.0000 76s
Epoch [2/40] L:0.2996 D:0.2117 F:0.0000 51s
Epoch [3/40] L:0.2912 D:0.2033 F:0.0000 50s
Epoch [4/40] L:0.2883 D:0.2006 F:0.0000 51s
  [val] starting (12 batches)
  [val] done (12 batches, 16s)
  Val L:0.2611 ABS:0.4401 RMSE:1.5126 d1:0.4610
  >> Best (score:1.1908 RMSE:1.5126 ABS:0.4401)
Epoch [5/40] L:0.2864 D:0.1988 F:0.0000 50s
Epoch [6/40] L:0.2836 D:0.1961 F:0.0000 51s
Epoch [7/40] L:0.2814 D:0.1940 F:0.0000 51s
Epoch [8/40] L:0.2799 D:0.1926 F:0.0000 50s
  [val] starting (12 batches)
  [val] done (12 batches, 13s)
  Val L:0.2543 ABS:0.4590 RMSE:1.4271 d1:0.4798
  >> Best (score:1.1366 RMSE:1.4271 ABS:0.4590)
Epoch [9/40] L:0.2780 D:0.1908 F:0.0000 50s
Epoch [10/40] L:0.2739 D:0.1868 F:0.0000 50s
Epoch [11/40] L:0.2729 D:0.1859 F:0.0000 50s
Epoch [12/40] L:0.2695 D:0.1826 F:0.0000 50s
  [val] starting (12 batches)
  [val] done (12 batches, 13s)
  Val L:0.2410 ABS:0.4698 RMSE:1.3944 d1:0.4949
  >> Best (score:1.1170 RMSE:1.3944 ABS:0.4698)
Epoch [13/40] L:0.2666 D:0.1798 F:0.0000 51s
Epoch [14/40] L:0.2637 D:0.1771 F:0.0000 51s
Epoch [15/40] L:0.2602 D:0.1737 F:0.0000 51s
Epoch [16/40] L:0.2571 D:0.1707 F:0.0000 51s
  [val] starting (12 batches)
  [val] done (12 batches, 13s)
  Val L:0.2459 ABS:0.4134 RMSE:1.4113 d1:0.5142
  >> Best (score:1.1119 RMSE:1.4113 ABS:0.4134)
Epoch [17/40] L:0.2536 D:0.1673 F:0.0000 50s
Epoch [18/40] L:0.2458 D:0.1597 F:0.0000 50s
Epoch [19/40] L:0.2428 D:0.1568 F:0.0000 50s
Epoch [20/40] L:0.2375 D:0.1516 F:0.0000 50s
  [val] starting (12 batches)
  [val] done (12 batches, 13s)
  Val L:0.2548 ABS:0.4467 RMSE:1.4242 d1:0.4879
Epoch [21/40] L:0.2333 D:0.1475 F:0.0000 50s
Epoch [22/40] L:0.2270 D:0.1413 F:0.0000 51s
Epoch [23/40] L:0.2210 D:0.1355 F:0.0000 50s
Epoch [24/40] L:0.2153 D:0.1299 F:0.0000 50s
  [val] starting (12 batches)
  [val] done (12 batches, 13s)
  Val L:0.2506 ABS:0.4579 RMSE:1.4033 d1:0.5224
Epoch [25/40] L:0.2103 D:0.1250 F:0.0000 50s
Epoch [26/40] L:0.2064 D:0.1212 F:0.0000 51s
Epoch [27/40] L:0.2010 D:0.1159 F:0.0000 50s
Epoch [28/40] L:0.1969 D:0.1120 F:0.0000 51s
  [val] starting (12 batches)
  [val] done (12 batches, 13s)
  Val L:0.2539 ABS:0.4544 RMSE:1.4149 d1:0.5214
Epoch [29/40] L:0.1933 D:0.1085 F:0.0000 50s
Epoch [30/40] L:0.1897 D:0.1050 F:0.0000 50s
Epoch [31/40] L:0.1871 D:0.1025 F:0.0000 51s
Epoch [32/40] L:0.1843 D:0.0999 F:0.0000 51s
  [val] starting (12 batches)
  [val] done (12 batches, 13s)
  Val L:0.2615 ABS:0.4582 RMSE:1.4337 d1:0.5173
Epoch [33/40] L:0.1812 D:0.0969 F:0.0000 51s
Epoch [34/40] L:0.1791 D:0.0950 F:0.0000 51s
Epoch [35/40] L:0.1775 D:0.0935 F:0.0000 51s
Epoch [36/40] L:0.1745 D:0.0907 F:0.0000 51s
  [val] starting (12 batches)
  [val] done (12 batches, 13s)
  Val L:0.2626 ABS:0.4497 RMSE:1.4469 d1:0.5205
Epoch [37/40] L:0.1716 D:0.0878 F:0.0000 50s
Epoch [38/40] L:0.1709 D:0.0873 F:0.0000 50s
Epoch [39/40] L:0.1703 D:0.0868 F:0.0000 51s
Epoch [40/40] L:0.1685 D:0.0852 F:0.0000 50s
  [val] starting (12 batches)
  [val] done (12 batches, 13s)
  Val L:0.2621 ABS:0.4632 RMSE:1.4499 d1:0.5180

Done. Best score:1.1119 RMSE:1.4113 ABS:0.4134
