/opt/conda/lib/python3.11/site-packages/timm/models/layers/__init__.py:49: FutureWarning: Importing from timm.models.layers is deprecated, please import via timm.layers
  warnings.warn(f"Importing from {__name__} is deprecated, please import via timm.layers", FutureWarning)
============================================================
Model: n9_0425  Dataset: soundspaces
BS: 256  LR: 0.0001  Opt: AdamW
============================================================
Loaded scene split from /root/local1/changwoo/matterport3d_0303_renew/scene_split.json
  train: 72, val: 9, test: 9
[train] 23560 samples (fast cache: samples_train_erp_8b3be925d3ae.json) [ambisonic=ON]
  Precomputed SH basis matrix: (131072, 4) (order=1)
Loaded scene split from /root/local1/changwoo/matterport3d_0303_renew/scene_split.json
  train: 72, val: 9, test: 9
[val] 2951 samples (fast cache: samples_val_erp_be0f29dd7abf.json) [ambisonic=ON]
  Precomputed SH basis matrix: (131072, 4) (order=1)
Train: 23560, Val: 2951
  [n9_0425] n3 ckpt loaded cleanly from /root/storage/implementation/shared_audio/baseline/checkpoints/n3_0425_soundspaces_BS128_Lr0.0001_AdamW_exp503_n3_eigen8_lr1e4_bs128/best_model.pth
  [n9_0425] n3 trainable (gradients flow back through n3)
Model: n9_0425 (93.8M params)
Epoch [1/40] L:0.3968 D:0.3087 F:0.0053 62s
Epoch [2/40] L:0.2836 D:0.1955 F:0.0123 56s
Epoch [3/40] L:0.2606 D:0.1726 F:0.0160 56s
Epoch [4/40] L:0.2391 D:0.1511 F:0.0187 56s
  [val] starting (12 batches)
  [val] done (12 batches, 13s)
  Val L:0.2654 ABS:0.4023 RMSE:1.4740 d1:0.4835
  >> Best (score:1.1525 RMSE:1.4740 ABS:0.4023)
Epoch [5/40] L:0.2198 D:0.1319 F:0.0209 56s
Epoch [6/40] L:0.2060 D:0.1182 F:0.0225 56s
Epoch [7/40] L:0.1957 D:0.1080 F:0.0233 55s
Epoch [8/40] L:0.1882 D:0.1005 F:0.0239 56s
  [val] starting (12 batches)
  [val] done (12 batches, 14s)
  Val L:0.2542 ABS:0.3976 RMSE:1.4599 d1:0.5154
  >> Best (score:1.1412 RMSE:1.4599 ABS:0.3976)
Epoch [9/40] L:0.1812 D:0.0936 F:0.0243 55s
Epoch [10/40] L:0.1773 D:0.0898 F:0.0245 56s
Epoch [11/40] L:0.1740 D:0.0866 F:0.0243 55s
Epoch [12/40] L:0.1721 D:0.0848 F:0.0250 55s
  [val] starting (12 batches)
  [val] done (12 batches, 13s)
  Val L:0.2462 ABS:0.4398 RMSE:1.4189 d1:0.5201
  >> Best (score:1.1251 RMSE:1.4189 ABS:0.4398)
Epoch [13/40] L:0.1695 D:0.0823 F:0.0248 55s
Epoch [14/40] L:0.1680 D:0.0809 F:0.0249 55s
Epoch [15/40] L:0.1663 D:0.0792 F:0.0251 55s
Epoch [16/40] L:0.1649 D:0.0780 F:0.0252 55s
  [val] starting (12 batches)
  [val] done (12 batches, 13s)
  Val L:0.2463 ABS:0.4303 RMSE:1.4231 d1:0.5173
Epoch [17/40] L:0.1640 D:0.0771 F:0.0252 55s
Epoch [18/40] L:0.1641 D:0.0773 F:0.0261 55s
Epoch [19/40] L:0.1627 D:0.0760 F:0.0261 55s
Epoch [20/40] L:0.1612 D:0.0747 F:0.0264 56s
  [val] starting (12 batches)
  [val] done (12 batches, 13s)
  Val L:0.2512 ABS:0.4608 RMSE:1.4399 d1:0.5196
Epoch [21/40] L:0.1595 D:0.0730 F:0.0263 56s
Epoch [22/40] L:0.1582 D:0.0718 F:0.0264 55s
Epoch [23/40] L:0.1583 D:0.0720 F:0.0264 55s
Epoch [24/40] L:0.1580 D:0.0718 F:0.0264 55s
  [val] starting (12 batches)
  [val] done (12 batches, 13s)
  Val L:0.2495 ABS:0.4008 RMSE:1.4546 d1:0.5179
Epoch [25/40] L:0.1572 D:0.0711 F:0.0263 55s
Epoch [26/40] L:0.1560 D:0.0700 F:0.0262 55s
Epoch [27/40] L:0.1552 D:0.0693 F:0.0264 56s
Epoch [28/40] L:0.1537 D:0.0679 F:0.0268 56s
  [val] starting (12 batches)
  [val] done (12 batches, 13s)
  Val L:0.2431 ABS:0.4305 RMSE:1.4180 d1:0.5355
  >> Best (score:1.1217 RMSE:1.4180 ABS:0.4305)
Epoch [29/40] L:0.1522 D:0.0665 F:0.0265 56s
Epoch [30/40] L:0.1528 D:0.0672 F:0.0267 55s
Epoch [31/40] L:0.1522 D:0.0668 F:0.0267 56s
Epoch [32/40] L:0.1514 D:0.0660 F:0.0274 56s
  [val] starting (12 batches)
  [val] done (12 batches, 13s)
  Val L:0.2467 ABS:0.4309 RMSE:1.4382 d1:0.5222
Epoch [33/40] L:0.1506 D:0.0653 F:0.0275 56s
Epoch [34/40] L:0.1499 D:0.0647 F:0.0277 56s
Epoch [35/40] L:0.1494 D:0.0643 F:0.0276 56s
Epoch [36/40] L:0.1485 D:0.0636 F:0.0276 56s
  [val] starting (12 batches)
  [val] done (12 batches, 13s)
  Val L:0.2462 ABS:0.4225 RMSE:1.4278 d1:0.5331
Epoch [37/40] L:0.1482 D:0.0633 F:0.0275 56s
Epoch [38/40] L:0.1470 D:0.0623 F:0.0275 56s
Epoch [39/40] L:0.1464 D:0.0617 F:0.0275 55s
Epoch [40/40] L:0.1467 D:0.0622 F:0.0276 56s
  [val] starting (12 batches)
  [val] done (12 batches, 13s)
  Val L:0.2528 ABS:0.4235 RMSE:1.4534 d1:0.5331

Done. Best score:1.1217 RMSE:1.4180 ABS:0.4305
