/opt/conda/lib/python3.11/site-packages/timm/models/layers/__init__.py:49: FutureWarning: Importing from timm.models.layers is deprecated, please import via timm.layers
  warnings.warn(f"Importing from {__name__} is deprecated, please import via timm.layers", FutureWarning)
============================================================
Model: n9_0425  Dataset: soundspaces
BS: 256  LR: 0.0001  Opt: AdamW
============================================================
Loaded scene split from /root/local1/changwoo/matterport3d_0303_renew/scene_split.json
  train: 72, val: 9, test: 9
[train] 23560 samples (fast cache: samples_train_erp_8b3be925d3ae.json) [ambisonic=ON]
  Precomputed SH basis matrix: (131072, 4) (order=1)
Loaded scene split from /root/local1/changwoo/matterport3d_0303_renew/scene_split.json
  train: 72, val: 9, test: 9
[val] 2951 samples (fast cache: samples_val_erp_be0f29dd7abf.json) [ambisonic=ON]
  Precomputed SH basis matrix: (131072, 4) (order=1)
Train: 23560, Val: 2951
  [n9_0425] n3 ckpt loaded cleanly from /root/storage/implementation/shared_audio/baseline/checkpoints/n3_0425_soundspaces_BS128_Lr0.0001_AdamW_exp503_n3_eigen8_lr1e4_bs128/best_model.pth
  [n9_0425] n3 frozen (eval mode, no_grad in forward)
Model: n9_0425 (93.8M params)
Epoch [1/40] L:0.3760 D:0.3760 F:0.0000 57s
Epoch [2/40] L:0.2185 D:0.2185 F:0.0000 51s
Epoch [3/40] L:0.2071 D:0.2071 F:0.0000 52s
Epoch [4/40] L:0.2025 D:0.2025 F:0.0000 51s
  [val] starting (12 batches)
  [val] done (12 batches, 13s)
  Val L:0.2536 ABS:0.4252 RMSE:1.4775 d1:0.4785
  >> Best (score:1.1618 RMSE:1.4775 ABS:0.4252)
Epoch [5/40] L:0.1996 D:0.1996 F:0.0000 52s
Epoch [6/40] L:0.1975 D:0.1975 F:0.0000 51s
Epoch [7/40] L:0.1929 D:0.1929 F:0.0000 52s
Epoch [8/40] L:0.1913 D:0.1913 F:0.0000 52s
  [val] starting (12 batches)
  [val] done (12 batches, 13s)
  Val L:0.2499 ABS:0.4079 RMSE:1.4724 d1:0.4935
  >> Best (score:1.1530 RMSE:1.4724 ABS:0.4079)
Epoch [9/40] L:0.1892 D:0.1892 F:0.0000 52s
Epoch [10/40] L:0.1866 D:0.1866 F:0.0000 51s
Epoch [11/40] L:0.1868 D:0.1868 F:0.0000 51s
Epoch [12/40] L:0.1834 D:0.1834 F:0.0000 51s
  [val] starting (12 batches)
  [val] done (12 batches, 13s)
  Val L:0.2584 ABS:0.4034 RMSE:1.4862 d1:0.4851
Epoch [13/40] L:0.1805 D:0.1805 F:0.0000 51s
Epoch [14/40] L:0.1765 D:0.1765 F:0.0000 51s
Epoch [15/40] L:0.1742 D:0.1742 F:0.0000 51s
Epoch [16/40] L:0.1709 D:0.1709 F:0.0000 51s
  [val] starting (12 batches)
  [val] done (12 batches, 13s)
  Val L:0.2410 ABS:0.4388 RMSE:1.4123 d1:0.5061
  >> Best (score:1.1202 RMSE:1.4123 ABS:0.4388)
Epoch [17/40] L:0.1672 D:0.1672 F:0.0000 51s
Epoch [18/40] L:0.1617 D:0.1617 F:0.0000 51s
Epoch [19/40] L:0.1583 D:0.1583 F:0.0000 51s
Epoch [20/40] L:0.1543 D:0.1543 F:0.0000 52s
  [val] starting (12 batches)
  [val] done (12 batches, 13s)
  Val L:0.2508 ABS:0.4297 RMSE:1.4320 d1:0.5054
Epoch [21/40] L:0.1486 D:0.1486 F:0.0000 52s
Epoch [22/40] L:0.1445 D:0.1445 F:0.0000 52s
Epoch [23/40] L:0.1380 D:0.1380 F:0.0000 51s
Epoch [24/40] L:0.1341 D:0.1341 F:0.0000 52s
  [val] starting (12 batches)
  [val] done (12 batches, 13s)
  Val L:0.2516 ABS:0.4428 RMSE:1.4221 d1:0.5177
Epoch [25/40] L:0.1308 D:0.1308 F:0.0000 52s
Epoch [26/40] L:0.1272 D:0.1272 F:0.0000 52s
Epoch [27/40] L:0.1219 D:0.1219 F:0.0000 52s
Epoch [28/40] L:0.1190 D:0.1190 F:0.0000 52s
  [val] starting (12 batches)
  [val] done (12 batches, 13s)
  Val L:0.2639 ABS:0.4285 RMSE:1.4596 d1:0.5104
Epoch [29/40] L:0.1145 D:0.1145 F:0.0000 52s
Epoch [30/40] L:0.1130 D:0.1130 F:0.0000 51s
Epoch [31/40] L:0.1082 D:0.1082 F:0.0000 51s
Epoch [32/40] L:0.1052 D:0.1052 F:0.0000 52s
  [val] starting (12 batches)
  [val] done (12 batches, 13s)
  Val L:0.2643 ABS:0.4525 RMSE:1.4641 d1:0.5096
Epoch [33/40] L:0.1025 D:0.1025 F:0.0000 51s
Epoch [34/40] L:0.1017 D:0.1017 F:0.0000 51s
Epoch [35/40] L:0.0978 D:0.0978 F:0.0000 51s
Epoch [36/40] L:0.0972 D:0.0972 F:0.0000 51s
  [val] starting (12 batches)
  [val] done (12 batches, 13s)
  Val L:0.2749 ABS:0.4802 RMSE:1.4937 d1:0.4995
Epoch [37/40] L:0.0955 D:0.0955 F:0.0000 51s
Epoch [38/40] L:0.0936 D:0.0936 F:0.0000 51s
Epoch [39/40] L:0.0929 D:0.0929 F:0.0000 51s
Epoch [40/40] L:0.0907 D:0.0907 F:0.0000 51s
  [val] starting (12 batches)
  [val] done (12 batches, 13s)
  Val L:0.2704 ABS:0.4480 RMSE:1.4753 d1:0.5203

Done. Best score:1.1202 RMSE:1.4123 ABS:0.4388
