/opt/conda/lib/python3.11/site-packages/timm/models/layers/__init__.py:49: FutureWarning: Importing from timm.models.layers is deprecated, please import via timm.layers
  warnings.warn(f"Importing from {__name__} is deprecated, please import via timm.layers", FutureWarning)
============================================================
Model: n9_0425  Dataset: soundspaces
BS: 256  LR: 0.0001  Opt: AdamW
============================================================
Loaded scene split from /root/local1/changwoo/matterport3d_0303_renew/scene_split.json
  train: 72, val: 9, test: 9
[train] 23560 samples (fast cache: samples_train_erp_8b3be925d3ae.json) [ambisonic=ON]
  Precomputed SH basis matrix: (131072, 4) (order=1)
Loaded scene split from /root/local1/changwoo/matterport3d_0303_renew/scene_split.json
  train: 72, val: 9, test: 9
[val] 2951 samples (fast cache: samples_val_erp_be0f29dd7abf.json) [ambisonic=ON]
  Precomputed SH basis matrix: (131072, 4) (order=1)
Train: 23560, Val: 2951
  [n9_0425] n3 ckpt loaded cleanly from /root/storage/implementation/shared_audio/baseline/checkpoints/n3_0425_soundspaces_BS128_Lr0.0001_AdamW_exp503_n3_eigen8_lr1e4_bs128/best_model.pth
  [n9_0425] n3 trainable (gradients flow back through n3)
Model: n9_0425 (93.8M params)
Epoch [1/40] L:0.3778 D:0.2891 F:0.0069 62s
Epoch [2/40] L:0.2888 D:0.2001 F:0.0083 56s
Epoch [3/40] L:0.2712 D:0.1826 F:0.0082 56s
Epoch [4/40] L:0.2513 D:0.1629 F:0.0073 56s
  [val] starting (12 batches)
  [val] done (12 batches, 13s)
  Val L:0.2510 ABS:0.4068 RMSE:1.4375 d1:0.4950
  >> Best (score:1.1283 RMSE:1.4375 ABS:0.4068)
Epoch [5/40] L:0.2329 D:0.1445 F:0.0071 56s
Epoch [6/40] L:0.2182 D:0.1300 F:0.0069 55s
Epoch [7/40] L:0.2063 D:0.1182 F:0.0065 55s
Epoch [8/40] L:0.1983 D:0.1103 F:0.0060 56s
  [val] starting (12 batches)
  [val] done (12 batches, 14s)
  Val L:0.2578 ABS:0.4814 RMSE:1.4380 d1:0.5002
Epoch [9/40] L:0.1914 D:0.1035 F:0.0062 55s
Epoch [10/40] L:0.1858 D:0.0980 F:0.0061 55s
Epoch [11/40] L:0.1822 D:0.0945 F:0.0056 55s
Epoch [12/40] L:0.1775 D:0.0900 F:0.0053 55s
  [val] starting (12 batches)
  [val] done (12 batches, 13s)
  Val L:0.2592 ABS:0.4239 RMSE:1.4581 d1:0.4998
Epoch [13/40] L:0.1746 D:0.0872 F:0.0052 55s
Epoch [14/40] L:0.1732 D:0.0859 F:0.0050 55s
Epoch [15/40] L:0.1710 D:0.0837 F:0.0049 55s
Epoch [16/40] L:0.1681 D:0.0810 F:0.0049 55s
  [val] starting (12 batches)
  [val] done (12 batches, 13s)
  Val L:0.2543 ABS:0.3971 RMSE:1.4603 d1:0.5148
Epoch [17/40] L:0.1669 D:0.0799 F:0.0048 56s
Epoch [18/40] L:0.1658 D:0.0789 F:0.0048 55s
Epoch [19/40] L:0.1650 D:0.0782 F:0.0048 55s
Epoch [20/40] L:0.1632 D:0.0765 F:0.0046 55s
  [val] starting (12 batches)
  [val] done (12 batches, 13s)
  Val L:0.2617 ABS:0.4343 RMSE:1.4765 d1:0.5051
Epoch [21/40] L:0.1635 D:0.0769 F:0.0047 55s
Epoch [22/40] L:0.1619 D:0.0754 F:0.0046 55s
Epoch [23/40] L:0.1608 D:0.0744 F:0.0045 55s
Epoch [24/40] L:0.1593 D:0.0730 F:0.0044 55s
  [val] starting (12 batches)
  [val] done (12 batches, 13s)
  Val L:0.2577 ABS:0.4788 RMSE:1.4684 d1:0.5085
Epoch [25/40] L:0.1586 D:0.0725 F:0.0044 55s
Epoch [26/40] L:0.1583 D:0.0722 F:0.0044 55s
Epoch [27/40] L:0.1568 D:0.0709 F:0.0044 55s
Epoch [28/40] L:0.1564 D:0.0706 F:0.0044 55s
  [val] starting (12 batches)
  [val] done (12 batches, 13s)
  Val L:0.2538 ABS:0.4258 RMSE:1.4565 d1:0.5110
Epoch [29/40] L:0.1560 D:0.0703 F:0.0045 55s
Epoch [30/40] L:0.1548 D:0.0692 F:0.0043 55s
Epoch [31/40] L:0.1549 D:0.0694 F:0.0042 55s
Epoch [32/40] L:0.1545 D:0.0691 F:0.0043 56s
  [val] starting (12 batches)
  [val] done (12 batches, 13s)
  Val L:0.2545 ABS:0.4121 RMSE:1.4586 d1:0.5212
Epoch [33/40] L:0.1532 D:0.0679 F:0.0044 55s
Epoch [34/40] L:0.1517 D:0.0665 F:0.0042 55s
Epoch [35/40] L:0.1525 D:0.0674 F:0.0042 55s
Epoch [36/40] L:0.1520 D:0.0671 F:0.0042 55s
  [val] starting (12 batches)
  [val] done (12 batches, 13s)
  Val L:0.2543 ABS:0.4874 RMSE:1.4586 d1:0.5094
Epoch [37/40] L:0.1510 D:0.0661 F:0.0042 55s
Epoch [38/40] L:0.1504 D:0.0657 F:0.0042 55s
Epoch [39/40] L:0.1506 D:0.0660 F:0.0043 55s
Epoch [40/40] L:0.1502 D:0.0657 F:0.0043 56s
  [val] starting (12 batches)
  [val] done (12 batches, 13s)
  Val L:0.2464 ABS:0.4529 RMSE:1.4283 d1:0.5246

Done. Best score:1.1283 RMSE:1.4375 ABS:0.4068
