/opt/conda/lib/python3.11/site-packages/timm/models/layers/__init__.py:49: FutureWarning: Importing from timm.models.layers is deprecated, please import via timm.layers
  warnings.warn(f"Importing from {__name__} is deprecated, please import via timm.layers", FutureWarning)
============================================================
Model: n9_0425  Dataset: soundspaces
BS: 256  LR: 0.0001  Opt: AdamW
============================================================
Loaded scene split from /root/local1/changwoo/matterport3d_0303_renew/scene_split.json
  train: 72, val: 9, test: 9
[train] 23560 samples (fast cache: samples_train_erp_8b3be925d3ae.json) [ambisonic=ON]
  Precomputed SH basis matrix: (131072, 4) (order=1)
Loaded scene split from /root/local1/changwoo/matterport3d_0303_renew/scene_split.json
  train: 72, val: 9, test: 9
[val] 2951 samples (fast cache: samples_val_erp_be0f29dd7abf.json) [ambisonic=ON]
  Precomputed SH basis matrix: (131072, 4) (order=1)
Train: 23560, Val: 2951
  [n9_0425] n3 ckpt loaded cleanly from /root/storage/implementation/shared_audio/baseline/checkpoints/n3_0425_soundspaces_BS128_Lr0.0001_AdamW_exp503_n3_eigen8_lr1e4_bs128/best_model.pth
  [n9_0425] n3 trainable (gradients flow back through n3)
Model: n9_0425 (93.8M params)
Epoch [1/40] L:0.3724 D:0.2840 F:0.0089 59s
Epoch [2/40] L:0.2838 D:0.1952 F:0.0118 52s
Epoch [3/40] L:0.2643 D:0.1758 F:0.0119 53s
Epoch [4/40] L:0.2455 D:0.1572 F:0.0122 52s
  [val] starting (12 batches)
  [val] done (12 batches, 13s)
  Val L:0.2485 ABS:0.4445 RMSE:1.4244 d1:0.4991
  >> Best (score:1.1305 RMSE:1.4244 ABS:0.4445)
Epoch [5/40] L:0.2268 D:0.1385 F:0.0117 53s
Epoch [6/40] L:0.2146 D:0.1264 F:0.0112 53s
Epoch [7/40] L:0.2023 D:0.1143 F:0.0106 53s
Epoch [8/40] L:0.1945 D:0.1066 F:0.0103 52s
  [val] starting (12 batches)
  [val] done (12 batches, 13s)
  Val L:0.2534 ABS:0.4355 RMSE:1.4319 d1:0.5118
Epoch [9/40] L:0.1881 D:0.1003 F:0.0098 53s
Epoch [10/40] L:0.1833 D:0.0956 F:0.0093 53s
Epoch [11/40] L:0.1795 D:0.0919 F:0.0092 52s
Epoch [12/40] L:0.1773 D:0.0898 F:0.0091 52s
  [val] starting (12 batches)
  [val] done (12 batches, 13s)
  Val L:0.2435 ABS:0.4563 RMSE:1.4059 d1:0.5235
  >> Best (score:1.1210 RMSE:1.4059 ABS:0.4563)
Epoch [13/40] L:0.1743 D:0.0869 F:0.0088 53s
Epoch [14/40] L:0.1722 D:0.0849 F:0.0086 52s
Epoch [15/40] L:0.1701 D:0.0829 F:0.0085 53s
Epoch [16/40] L:0.1682 D:0.0811 F:0.0083 52s
  [val] starting (12 batches)
  [val] done (12 batches, 13s)
  Val L:0.2453 ABS:0.4085 RMSE:1.4235 d1:0.5272
  >> Best (score:1.1190 RMSE:1.4235 ABS:0.4085)
Epoch [17/40] L:0.1672 D:0.0802 F:0.0080 53s
Epoch [18/40] L:0.1660 D:0.0791 F:0.0080 52s
Epoch [19/40] L:0.1643 D:0.0775 F:0.0079 52s
Epoch [20/40] L:0.1627 D:0.0760 F:0.0076 53s
  [val] starting (12 batches)
  [val] done (12 batches, 13s)
  Val L:0.2520 ABS:0.4492 RMSE:1.4228 d1:0.5207
Epoch [21/40] L:0.1626 D:0.0760 F:0.0074 52s
Epoch [22/40] L:0.1627 D:0.0762 F:0.0076 52s
Epoch [23/40] L:0.1609 D:0.0745 F:0.0077 52s
Epoch [24/40] L:0.1600 D:0.0738 F:0.0076 53s
  [val] starting (12 batches)
  [val] done (12 batches, 13s)
  Val L:0.2513 ABS:0.4215 RMSE:1.4346 d1:0.5185
Epoch [25/40] L:0.1593 D:0.0731 F:0.0075 53s
Epoch [26/40] L:0.1581 D:0.0720 F:0.0073 53s
Epoch [27/40] L:0.1574 D:0.0714 F:0.0073 53s
Epoch [28/40] L:0.1566 D:0.0708 F:0.0070 53s
  [val] starting (12 batches)
  [val] done (12 batches, 13s)
  Val L:0.2528 ABS:0.4745 RMSE:1.4369 d1:0.5191
Epoch [29/40] L:0.1571 D:0.0713 F:0.0073 52s
Epoch [30/40] L:0.1560 D:0.0703 F:0.0074 53s
Epoch [31/40] L:0.1551 D:0.0695 F:0.0075 53s
Epoch [32/40] L:0.1535 D:0.0680 F:0.0073 53s
  [val] starting (12 batches)
  [val] done (12 batches, 13s)
  Val L:0.2482 ABS:0.4381 RMSE:1.4311 d1:0.5255
Epoch [33/40] L:0.1539 D:0.0686 F:0.0074 52s
Epoch [34/40] L:0.1541 D:0.0688 F:0.0072 53s
Epoch [35/40] L:0.1533 D:0.0682 F:0.0073 52s
Epoch [36/40] L:0.1521 D:0.0671 F:0.0072 53s
  [val] starting (12 batches)
  [val] done (12 batches, 13s)
  Val L:0.2442 ABS:0.4346 RMSE:1.4160 d1:0.5257
Epoch [37/40] L:0.1503 D:0.0654 F:0.0071 52s
Epoch [38/40] L:0.1506 D:0.0658 F:0.0071 52s
Epoch [39/40] L:0.1495 D:0.0648 F:0.0070 53s
Epoch [40/40] L:0.1486 D:0.0641 F:0.0068 52s
  [val] starting (12 batches)
  [val] done (12 batches, 13s)
  Val L:0.2446 ABS:0.4310 RMSE:1.4132 d1:0.5340
  >> Best (score:1.1185 RMSE:1.4132 ABS:0.4310)
Traceback (most recent call last):
  File "/root/storage/implementation/shared_audio/baseline/train.py", line 1038, in <module>
    train(cfg)
  File "/root/storage/implementation/shared_audio/baseline/train.py", line 914, in train
    torch.save({'epoch': epoch, 'state_dict': model.state_dict(),
  File "/opt/conda/lib/python3.11/site-packages/torch/serialization.py", line 967, in save
    _save(
  File "/opt/conda/lib/python3.11/site-packages/torch/serialization.py", line 1266, in _save
    storage = storage.cpu()
              ^^^^^^^^^^^^^
  File "/opt/conda/lib/python3.11/site-packages/torch/storage.py", line 266, in cpu
    return torch.UntypedStorage(self.size()).copy_(self, False)
           ^^^^^^^^^^^^^^^^^^^^^^^^^^^^^^^^^^^^^^^^^^^^^^^^^^^^
torch.AcceleratorError: CUDA error: unspecified launch failure
CUDA kernel errors might be asynchronously reported at some other API call, so the stacktrace below might be incorrect.
For debugging consider passing CUDA_LAUNCH_BLOCKING=1
Compile with `TORCH_USE_CUDA_DSA` to enable device-side assertions.

