/opt/conda/lib/python3.11/site-packages/timm/models/layers/__init__.py:49: FutureWarning: Importing from timm.models.layers is deprecated, please import via timm.layers
  warnings.warn(f"Importing from {__name__} is deprecated, please import via timm.layers", FutureWarning)
============================================================
Model: n9_0425  Dataset: soundspaces
BS: 256  LR: 0.0003  Opt: AdamW
============================================================
Loaded scene split from /root/local1/changwoo/matterport3d_0303_renew/scene_split.json
  train: 72, val: 9, test: 9
[train] 23560 samples (fast cache: samples_train_erp_8b3be925d3ae.json) [ambisonic=ON]
  Precomputed SH basis matrix: (131072, 4) (order=1)
Loaded scene split from /root/local1/changwoo/matterport3d_0303_renew/scene_split.json
  train: 72, val: 9, test: 9
[val] 2951 samples (fast cache: samples_val_erp_be0f29dd7abf.json) [ambisonic=ON]
  Precomputed SH basis matrix: (131072, 4) (order=1)
Train: 23560, Val: 2951
  [n9_0425] n3 ckpt loaded cleanly from /root/storage/implementation/shared_audio/baseline/checkpoints/n3_0425_soundspaces_BS128_Lr0.0001_AdamW_exp503_n3_eigen8_lr1e4_bs128/best_model.pth
  [n9_0425] n3 trainable (gradients flow back through n3)
Model: n9_0425 (93.8M params)
Epoch [1/40] L:0.3843 D:0.2956 F:0.0152 60s
Epoch [2/40] L:0.3155 D:0.2272 F:0.0120 55s
Epoch [3/40] L:0.2966 D:0.2086 F:0.0144 55s
Epoch [4/40] L:0.2894 D:0.2017 F:0.0133 55s
  [val] starting (12 batches)
  [val] done (12 batches, 13s)
  Val L:0.2536 ABS:0.3981 RMSE:1.4975 d1:0.4791
  >> Best (score:1.1677 RMSE:1.4975 ABS:0.3981)
Epoch [5/40] L:0.2842 D:0.1969 F:0.0129 55s
Epoch [6/40] L:0.2793 D:0.1923 F:0.0117 55s
Epoch [7/40] L:0.2724 D:0.1858 F:0.0120 56s
Epoch [8/40] L:0.2656 D:0.1792 F:0.0117 55s
  [val] starting (12 batches)
  [val] done (12 batches, 13s)
  Val L:0.2596 ABS:0.5198 RMSE:1.4480 d1:0.4869
Epoch [9/40] L:0.2598 D:0.1738 F:0.0117 55s
Epoch [10/40] L:0.2512 D:0.1656 F:0.0118 55s
Epoch [11/40] L:0.2447 D:0.1595 F:0.0116 55s
Epoch [12/40] L:0.2332 D:0.1483 F:0.0113 55s
  [val] starting (12 batches)
  [val] done (12 batches, 13s)
  Val L:0.2527 ABS:0.3859 RMSE:1.4392 d1:0.5022
  >> Best (score:1.1232 RMSE:1.4392 ABS:0.3859)
Epoch [13/40] L:0.2243 D:0.1398 F:0.0112 55s
Epoch [14/40] L:0.2170 D:0.1329 F:0.0106 55s
Epoch [15/40] L:0.2123 D:0.1286 F:0.0107 55s
Epoch [16/40] L:0.2052 D:0.1219 F:0.0104 55s
  [val] starting (12 batches)
  [val] done (12 batches, 13s)
  Val L:0.2552 ABS:0.4206 RMSE:1.4264 d1:0.5075
Epoch [17/40] L:0.2000 D:0.1170 F:0.0105 55s
Epoch [18/40] L:0.1967 D:0.1142 F:0.0104 55s
Epoch [19/40] L:0.1935 D:0.1114 F:0.0102 55s
Epoch [20/40] L:0.1878 D:0.1062 F:0.0096 55s
  [val] starting (12 batches)
  [val] done (12 batches, 13s)
  Val L:0.2633 ABS:0.4868 RMSE:1.4679 d1:0.4892
Epoch [21/40] L:0.1824 D:0.1012 F:0.0100 55s
Epoch [22/40] L:0.1804 D:0.0997 F:0.0097 55s
Epoch [23/40] L:0.1748 D:0.0946 F:0.0091 55s
Epoch [24/40] L:0.1745 D:0.0948 F:0.0091 55s
  [val] starting (12 batches)
  [val] done (12 batches, 13s)
  Val L:0.2573 ABS:0.4256 RMSE:1.4200 d1:0.5214
  >> Best (score:1.1217 RMSE:1.4200 ABS:0.4256)
Epoch [25/40] L:0.1713 D:0.0920 F:0.0088 55s
Epoch [26/40] L:0.1701 D:0.0913 F:0.0089 55s
Epoch [27/40] L:0.1683 D:0.0900 F:0.0087 55s
Epoch [28/40] L:0.1678 D:0.0901 F:0.0086 55s
  [val] starting (12 batches)
  [val] done (12 batches, 13s)
  Val L:0.2629 ABS:0.4464 RMSE:1.4522 d1:0.5249
Epoch [29/40] L:0.1638 D:0.0865 F:0.0085 55s
Epoch [30/40] L:0.1624 D:0.0856 F:0.0082 55s
Epoch [31/40] L:0.1592 D:0.0830 F:0.0080 55s
Epoch [32/40] L:0.1574 D:0.0817 F:0.0077 55s
  [val] starting (12 batches)
  [val] done (12 batches, 13s)
  Val L:0.2607 ABS:0.4424 RMSE:1.4487 d1:0.5218
Epoch [33/40] L:0.1590 D:0.0839 F:0.0077 56s
Epoch [34/40] L:0.1568 D:0.0822 F:0.0076 55s
Epoch [35/40] L:0.1564 D:0.0825 F:0.0076 55s
Epoch [36/40] L:0.1553 D:0.0819 F:0.0081 55s
  [val] starting (12 batches)
  [val] done (12 batches, 13s)
  Val L:0.2565 ABS:0.4068 RMSE:1.4401 d1:0.5276
Epoch [37/40] L:0.1538 D:0.0809 F:0.0079 55s
Epoch [38/40] L:0.1498 D:0.0775 F:0.0076 55s
Epoch [39/40] L:0.1499 D:0.0782 F:0.0078 56s
Epoch [40/40] L:0.1492 D:0.0780 F:0.0077 55s
  [val] starting (12 batches)
  [val] done (12 batches, 13s)
  Val L:0.2514 ABS:0.4284 RMSE:1.4167 d1:0.5323
  >> Best (score:1.1202 RMSE:1.4167 ABS:0.4284)

Done. Best score:1.1202 RMSE:1.4167 ABS:0.4284
