/opt/conda/lib/python3.11/site-packages/timm/models/layers/__init__.py:49: FutureWarning: Importing from timm.models.layers is deprecated, please import via timm.layers
  warnings.warn(f"Importing from {__name__} is deprecated, please import via timm.layers", FutureWarning)
============================================================
Model: n9_0425  Dataset: soundspaces
BS: 256  LR: 0.0001  Opt: AdamW
============================================================
Loaded scene split from /root/local1/changwoo/matterport3d_0303_renew/scene_split.json
  train: 72, val: 9, test: 9
[train] 23560 samples (fast cache: samples_train_erp_8b3be925d3ae.json) [ambisonic=ON]
  Precomputed SH basis matrix: (131072, 4) (order=1)
Loaded scene split from /root/local1/changwoo/matterport3d_0303_renew/scene_split.json
  train: 72, val: 9, test: 9
[val] 2951 samples (fast cache: samples_val_erp_be0f29dd7abf.json) [ambisonic=ON]
  Precomputed SH basis matrix: (131072, 4) (order=1)
Train: 23560, Val: 2951
  [n9_0425] n3 ckpt loaded cleanly from /root/storage/implementation/shared_audio/baseline/checkpoints/n3_0425_soundspaces_BS128_Lr0.0001_AdamW_exp502_n3_eigen1_lr1e4_bs128/best_model.pth
  [n9_0425] n3 trainable (gradients flow back through n3)
Model: n9_0425 (93.7M params)
Epoch [1/40] L:0.3792 D:0.2907 F:0.0097 63s
Epoch [2/40] L:0.2962 D:0.2076 F:0.0142 56s
Epoch [3/40] L:0.2820 D:0.1935 F:0.0134 56s
Epoch [4/40] L:0.2695 D:0.1811 F:0.0131 56s
  [val] starting (12 batches)
  [val] done (12 batches, 13s)
  Val L:0.2686 ABS:0.5450 RMSE:1.4883 d1:0.4522
  >> Best (score:1.2053 RMSE:1.4883 ABS:0.5450)
Epoch [5/40] L:0.2578 D:0.1695 F:0.0144 56s
Epoch [6/40] L:0.2456 D:0.1575 F:0.0131 56s
Epoch [7/40] L:0.2305 D:0.1426 F:0.0114 56s
Epoch [8/40] L:0.2215 D:0.1337 F:0.0108 55s
  [val] starting (12 batches)
  [val] done (12 batches, 13s)
  Val L:0.2521 ABS:0.4369 RMSE:1.4220 d1:0.5105
  >> Best (score:1.1265 RMSE:1.4220 ABS:0.4369)
Epoch [9/40] L:0.2136 D:0.1259 F:0.0100 56s
Epoch [10/40] L:0.2074 D:0.1198 F:0.0098 57s
Epoch [11/40] L:0.2038 D:0.1163 F:0.0095 56s
Epoch [12/40] L:0.2009 D:0.1136 F:0.0096 56s
  [val] starting (12 batches)
  [val] done (12 batches, 13s)
  Val L:0.2658 ABS:0.3914 RMSE:1.4747 d1:0.5041
Epoch [13/40] L:0.1983 D:0.1111 F:0.0088 56s
Epoch [14/40] L:0.1954 D:0.1083 F:0.0091 56s
Epoch [15/40] L:0.1931 D:0.1061 F:0.0089 57s
Epoch [16/40] L:0.1914 D:0.1045 F:0.0088 57s
  [val] starting (12 batches)
  [val] done (12 batches, 13s)
  Val L:0.2545 ABS:0.4864 RMSE:1.4314 d1:0.5192
Epoch [17/40] L:0.1908 D:0.1041 F:0.0086 57s
Epoch [18/40] L:0.1895 D:0.1029 F:0.0087 56s
Epoch [19/40] L:0.1872 D:0.1007 F:0.0082 57s
Epoch [20/40] L:0.1854 D:0.0990 F:0.0084 56s
  [val] starting (12 batches)
  [val] done (12 batches, 13s)
  Val L:0.2734 ABS:0.4285 RMSE:1.4763 d1:0.5063
Epoch [21/40] L:0.1837 D:0.0975 F:0.0077 57s
Epoch [22/40] L:0.1832 D:0.0972 F:0.0077 56s
Epoch [23/40] L:0.1809 D:0.0949 F:0.0081 57s
Epoch [24/40] L:0.1791 D:0.0933 F:0.0075 56s
  [val] starting (12 batches)
  [val] done (12 batches, 13s)
  Val L:0.2566 ABS:0.4492 RMSE:1.4350 d1:0.5258
Epoch [25/40] L:0.1787 D:0.0930 F:0.0075 56s
Epoch [26/40] L:0.1776 D:0.0920 F:0.0080 56s
Epoch [27/40] L:0.1761 D:0.0907 F:0.0078 57s
Epoch [28/40] L:0.1751 D:0.0898 F:0.0079 56s
  [val] starting (12 batches)
  [val] done (12 batches, 13s)
  Val L:0.2553 ABS:0.4446 RMSE:1.4433 d1:0.5167
Epoch [29/40] L:0.1750 D:0.0898 F:0.0081 56s
Epoch [30/40] L:0.1727 D:0.0877 F:0.0075 56s
Epoch [31/40] L:0.1715 D:0.0865 F:0.0080 57s
Epoch [32/40] L:0.1701 D:0.0852 F:0.0076 57s
  [val] starting (12 batches)
  [val] done (12 batches, 13s)
  Val L:0.2511 ABS:0.4537 RMSE:1.4253 d1:0.5214
Epoch [33/40] L:0.1699 D:0.0853 F:0.0074 57s
Epoch [34/40] L:0.1672 D:0.0827 F:0.0071 57s
Epoch [35/40] L:0.1658 D:0.0814 F:0.0073 57s
Epoch [36/40] L:0.1652 D:0.0809 F:0.0069 56s
  [val] starting (12 batches)
  [val] done (12 batches, 13s)
  Val L:0.2645 ABS:0.4251 RMSE:1.4585 d1:0.5253
Epoch [37/40] L:0.1648 D:0.0807 F:0.0070 57s
Epoch [38/40] L:0.1632 D:0.0792 F:0.0070 57s
Epoch [39/40] L:0.1616 D:0.0777 F:0.0072 56s
Epoch [40/40] L:0.1612 D:0.0775 F:0.0071 56s
  [val] starting (12 batches)
  [val] done (12 batches, 13s)
  Val L:0.2613 ABS:0.4485 RMSE:1.4472 d1:0.5176

Done. Best score:1.1265 RMSE:1.4220 ABS:0.4369
