/opt/conda/lib/python3.11/site-packages/timm/models/layers/__init__.py:49: FutureWarning: Importing from timm.models.layers is deprecated, please import via timm.layers
  warnings.warn(f"Importing from {__name__} is deprecated, please import via timm.layers", FutureWarning)
============================================================
Model: echodiffusion_ambi  Dataset: soundspaces
BS: 128  LR: 5e-05  Opt: AdamW
============================================================
Loaded scene split from /root/local1/changwoo/matterport3d_0303renew/scene_split.json
  train: 72, val: 9, test: 9
[train] 23560 samples (fast cache: samples_train_erp_8b3be925d3ae.json) [ambisonic=ON]
  Precomputed SH basis matrix: (131072, 4) (order=1)
Loaded scene split from /root/local1/changwoo/matterport3d_0303renew/scene_split.json
  train: 72, val: 9, test: 9
[val] 2951 samples (fast cache: samples_val_erp_be0f29dd7abf.json) [ambisonic=ON]
  Precomputed SH basis matrix: (131072, 4) (order=1)
Train: 23560, Val: 2951
  [echodiff_ambi] foa_mode=condition K=8 spec_in=2 use_cide=False gate_learnable=True
Model: echodiffusion_ambi (37.4M params)
Epoch [1/40] L:0.9743 D:0.9303 F:0.0000 194s
Epoch [2/40] L:0.2667 D:0.2227 F:0.0000 190s
Epoch [3/40] L:0.2556 D:0.2117 F:0.0000 188s
Epoch [4/40] L:0.2465 D:0.2027 F:0.0000 187s
  [val] starting (24 batches)
  [val] done (24 batches, 24s)
  Val L:0.2828 ABS:0.4016 RMSE:1.5520 d1:0.4501
  >> Best (score:1.2069 RMSE:1.5520 ABS:0.4016)
Epoch [5/40] L:0.2387 D:0.1949 F:0.0000 186s
Epoch [6/40] L:0.2327 D:0.1889 F:0.0000 187s
Epoch [7/40] L:0.2248 D:0.1811 F:0.0000 189s
Epoch [8/40] L:0.2165 D:0.1728 F:0.0000 188s
  [val] starting (24 batches)
  [val] done (24 batches, 25s)
  Val L:0.2391 ABS:0.4307 RMSE:1.4170 d1:0.4953
  >> Best (score:1.1211 RMSE:1.4170 ABS:0.4307)
Epoch [9/40] L:0.2068 D:0.1631 F:0.0000 216s
Epoch [10/40] L:0.1988 D:0.1552 F:0.0000 201s
Epoch [11/40] L:0.1907 D:0.1471 F:0.0000 191s
Epoch [12/40] L:0.1826 D:0.1391 F:0.0000 186s
  [val] starting (24 batches)
  [val] done (24 batches, 41s)
  Val L:0.2443 ABS:0.5373 RMSE:1.3905 d1:0.5027
Epoch [13/40] L:0.1761 D:0.1326 F:0.0000 224s
Epoch [14/40] L:0.1694 D:0.1259 F:0.0000 182s
Epoch [15/40] L:0.1634 D:0.1200 F:0.0000 181s
Epoch [16/40] L:0.1577 D:0.1144 F:0.0000 181s
  [val] starting (24 batches)
  [val] done (24 batches, 26s)
  Val L:0.2507 ABS:0.4311 RMSE:1.4196 d1:0.5186
Epoch [17/40] L:0.1541 D:0.1108 F:0.0000 180s
Epoch [18/40] L:0.1501 D:0.1069 F:0.0000 182s
Epoch [19/40] L:0.1455 D:0.1023 F:0.0000 182s
Epoch [20/40] L:0.1423 D:0.0992 F:0.0000 181s
  [val] starting (24 batches)
  [val] done (24 batches, 25s)
  Val L:0.2654 ABS:0.4464 RMSE:1.4766 d1:0.5100
Epoch [21/40] L:0.1389 D:0.0958 F:0.0000 182s
Epoch [22/40] L:0.1356 D:0.0926 F:0.0000 193s
Epoch [23/40] L:0.1332 D:0.0902 F:0.0000 181s
Epoch [24/40] L:0.1307 D:0.0878 F:0.0000 182s
  [val] starting (24 batches)
  [val] done (24 batches, 29s)
  Val L:0.2497 ABS:0.4437 RMSE:1.4320 d1:0.5289
Epoch [25/40] L:0.1281 D:0.0853 F:0.0000 182s
Epoch [26/40] L:0.1269 D:0.0842 F:0.0000 182s
Epoch [27/40] L:0.1244 D:0.0818 F:0.0000 182s
Epoch [28/40] L:0.1223 D:0.0796 F:0.0000 181s
  [val] starting (24 batches)
  [val] done (24 batches, 25s)
  Val L:0.2637 ABS:0.4176 RMSE:1.4585 d1:0.4899
Epoch [29/40] L:0.1207 D:0.0782 F:0.0000 181s
Epoch [30/40] L:0.1190 D:0.0765 F:0.0000 182s
Epoch [31/40] L:0.1177 D:0.0753 F:0.0000 182s
Epoch [32/40] L:0.1165 D:0.0741 F:0.0000 181s
  [val] starting (24 batches)
  [val] done (24 batches, 24s)
  Val L:0.2568 ABS:0.4272 RMSE:1.4622 d1:0.5231
Epoch [33/40] L:0.1158 D:0.0735 F:0.0000 181s
Epoch [34/40] L:0.1136 D:0.0714 F:0.0000 181s
Epoch [35/40] L:0.1132 D:0.0711 F:0.0000 181s
Epoch [36/40] L:0.1129 D:0.0708 F:0.0000 181s
  [val] starting (24 batches)
  [val] done (24 batches, 24s)
  Val L:0.2601 ABS:0.4667 RMSE:1.4698 d1:0.5291
Epoch [37/40] L:0.1116 D:0.0695 F:0.0000 182s
Epoch [38/40] L:0.1114 D:0.0694 F:0.0000 182s
Epoch [39/40] L:0.1093 D:0.0674 F:0.0000 182s
Epoch [40/40] L:0.1072 D:0.0654 F:0.0000 181s
  [val] starting (24 batches)
  [val] done (24 batches, 35s)
  Val L:0.2616 ABS:0.4484 RMSE:1.4653 d1:0.5221

Done. Best score:1.1211 RMSE:1.4170 ABS:0.4307
