/opt/conda/lib/python3.11/site-packages/timm/models/layers/__init__.py:49: FutureWarning: Importing from timm.models.layers is deprecated, please import via timm.layers
  warnings.warn(f"Importing from {__name__} is deprecated, please import via timm.layers", FutureWarning)
============================================================
Model: echodiffusion_ambi  Dataset: soundspaces
BS: 128  LR: 0.0005  Opt: AdamW
============================================================
Loaded scene split from /root/local1/changwoo/matterport3d_0303renew/scene_split.json
  train: 72, val: 9, test: 9
[train] 23560 samples (fast cache: samples_train_erp_8b3be925d3ae.json) [ambisonic=ON]
  Precomputed SH basis matrix: (131072, 4) (order=1)
Loaded scene split from /root/local1/changwoo/matterport3d_0303renew/scene_split.json
  train: 72, val: 9, test: 9
[val] 2951 samples (fast cache: samples_val_erp_be0f29dd7abf.json) [ambisonic=ON]
  Precomputed SH basis matrix: (131072, 4) (order=1)
Train: 23560, Val: 2951
  [echodiff_ambi] foa_mode=condition K=8 spec_in=2 use_cide=False gate_learnable=True
Model: echodiffusion_ambi (37.4M params)
Epoch [1/40] L:0.4694 D:0.4256 F:0.0000 193s
Epoch [2/40] L:0.2988 D:0.2555 F:0.0000 186s
Epoch [3/40] L:0.2903 D:0.2475 F:0.0000 187s
Epoch [4/40] L:0.2923 D:0.2500 F:0.0000 186s
  [val] starting (24 batches)
  [val] done (24 batches, 25s)
  Val L:0.2896 ABS:0.6253 RMSE:1.4973 d1:0.4480
  >> Best (score:1.2357 RMSE:1.4973 ABS:0.6253)
Epoch [5/40] L:0.2861 D:0.2444 F:0.0000 186s
Epoch [6/40] L:0.2773 D:0.2362 F:0.0000 184s
Epoch [7/40] L:0.2667 D:0.2264 F:0.0000 186s
Epoch [8/40] L:0.2585 D:0.2190 F:0.0000 188s
  [val] starting (24 batches)
  [val] done (24 batches, 25s)
  Val L:0.2817 ABS:0.4231 RMSE:1.5663 d1:0.3523
  >> Best (score:1.2233 RMSE:1.5663 ABS:0.4231)
Epoch [9/40] L:0.2507 D:0.2121 F:0.0000 190s
Epoch [10/40] L:0.2466 D:0.2089 F:0.0000 183s
Epoch [11/40] L:0.2455 D:0.2087 F:0.0000 183s
Epoch [12/40] L:0.2410 D:0.2051 F:0.0000 181s
  [val] starting (24 batches)
  [val] done (24 batches, 24s)
  Val L:0.2410 ABS:0.4169 RMSE:1.4529 d1:0.4791
  >> Best (score:1.1421 RMSE:1.4529 ABS:0.4169)
Epoch [13/40] L:0.2360 D:0.2012 F:0.0000 182s
Epoch [14/40] L:0.2342 D:0.2004 F:0.0000 182s
Epoch [15/40] L:0.2307 D:0.1979 F:0.0000 184s
Epoch [16/40] L:0.2311 D:0.1995 F:0.0000 182s
  [val] starting (24 batches)
  [val] done (24 batches, 24s)
  Val L:0.2394 ABS:0.4533 RMSE:1.3971 d1:0.5158
  >> Best (score:1.1140 RMSE:1.3971 ABS:0.4533)
Epoch [17/40] L:0.2253 D:0.1948 F:0.0000 181s
Epoch [18/40] L:0.2267 D:0.1973 F:0.0000 181s
Epoch [19/40] L:0.2202 D:0.1919 F:0.0000 182s
Epoch [20/40] L:0.2191 D:0.1919 F:0.0000 181s
  [val] starting (24 batches)
  [val] done (24 batches, 24s)
  Val L:0.2252 ABS:0.4317 RMSE:1.3594 d1:0.5283
  >> Best (score:1.0811 RMSE:1.3594 ABS:0.4317)
Epoch [21/40] L:0.2144 D:0.1884 F:0.0000 181s
Epoch [22/40] L:0.2128 D:0.1878 F:0.0000 184s
Epoch [23/40] L:0.2106 D:0.1867 F:0.0000 183s
Epoch [24/40] L:0.2077 D:0.1848 F:0.0000 181s
  [val] starting (24 batches)
  [val] done (24 batches, 24s)
  Val L:0.2536 ABS:0.3672 RMSE:1.4864 d1:0.4927
Epoch [25/40] L:0.2064 D:0.1845 F:0.0000 183s
Epoch [26/40] L:0.2032 D:0.1824 F:0.0000 184s
Epoch [27/40] L:0.2009 D:0.1812 F:0.0000 182s
Epoch [28/40] L:0.1976 D:0.1788 F:0.0000 186s
  [val] starting (24 batches)
  [val] done (24 batches, 24s)
  Val L:0.2326 ABS:0.4126 RMSE:1.3900 d1:0.5155
Epoch [29/40] L:0.1943 D:0.1765 F:0.0000 180s
Epoch [30/40] L:0.1918 D:0.1749 F:0.0000 180s
Epoch [31/40] L:0.1904 D:0.1743 F:0.0000 181s
Epoch [32/40] L:0.1867 D:0.1714 F:0.0000 180s
  [val] starting (24 batches)
  [val] done (24 batches, 24s)
  Val L:0.2287 ABS:0.4462 RMSE:1.3674 d1:0.5240
Epoch [33/40] L:0.1849 D:0.1704 F:0.0000 181s
Epoch [34/40] L:0.1827 D:0.1690 F:0.0000 181s
Epoch [35/40] L:0.1775 D:0.1643 F:0.0000 182s
Epoch [36/40] L:0.1773 D:0.1649 F:0.0000 181s
  [val] starting (24 batches)
  [val] done (24 batches, 24s)
  Val L:0.2332 ABS:0.4573 RMSE:1.3846 d1:0.5311
Epoch [37/40] L:0.1761 D:0.1644 F:0.0000 180s
Epoch [38/40] L:0.1709 D:0.1598 F:0.0000 180s
Epoch [39/40] L:0.1694 D:0.1589 F:0.0000 181s
Epoch [40/40] L:0.1642 D:0.1544 F:0.0000 181s
  [val] starting (24 batches)
  [val] done (24 batches, 24s)
  Val L:0.2420 ABS:0.4541 RMSE:1.4028 d1:0.5235

Done. Best score:1.0811 RMSE:1.3594 ABS:0.4317
