/opt/conda/lib/python3.11/site-packages/timm/models/layers/__init__.py:49: FutureWarning: Importing from timm.models.layers is deprecated, please import via timm.layers
  warnings.warn(f"Importing from {__name__} is deprecated, please import via timm.layers", FutureWarning)
============================================================
Model: echodiffusion_ambi  Dataset: soundspaces
BS: 128  LR: 5e-05  Opt: AdamW
============================================================
Loaded scene split from /root/local1/changwoo/matterport3d_0303renew/scene_split.json
  train: 72, val: 9, test: 9
[train] 23560 samples (fast cache: samples_train_erp_8b3be925d3ae.json) [ambisonic=ON]
  Precomputed SH basis matrix: (131072, 4) (order=1)
Loaded scene split from /root/local1/changwoo/matterport3d_0303renew/scene_split.json
  train: 72, val: 9, test: 9
[val] 2951 samples (fast cache: samples_val_erp_be0f29dd7abf.json) [ambisonic=ON]
  Precomputed SH basis matrix: (131072, 4) (order=1)
Train: 23560, Val: 2951
  [echodiff_ambi] foa_mode=input K=8 spec_in=3 use_cide=False gate_learnable=True
Model: echodiffusion_ambi (36.6M params)
Epoch [1/40] L:0.8983 D:0.8543 F:0.0000 194s
Epoch [2/40] L:0.2471 D:0.2032 F:0.0000 185s
Epoch [3/40] L:0.2370 D:0.1931 F:0.0000 184s
Epoch [4/40] L:0.2327 D:0.1888 F:0.0000 182s
  [val] starting (24 batches)
  [val] done (24 batches, 24s)
  Val L:0.2323 ABS:0.4604 RMSE:1.3792 d1:0.4976
  >> Best (score:1.1036 RMSE:1.3792 ABS:0.4604)
Epoch [5/40] L:0.2265 D:0.1827 F:0.0000 179s
Epoch [6/40] L:0.2215 D:0.1778 F:0.0000 178s
Epoch [7/40] L:0.2177 D:0.1739 F:0.0000 178s
Epoch [8/40] L:0.2091 D:0.1654 F:0.0000 178s
  [val] starting (24 batches)
  [val] done (24 batches, 25s)
  Val L:0.2263 ABS:0.4267 RMSE:1.3614 d1:0.5159
  >> Best (score:1.0810 RMSE:1.3614 ABS:0.4267)
Epoch [9/40] L:0.2028 D:0.1592 F:0.0000 179s
Epoch [10/40] L:0.1946 D:0.1510 F:0.0000 179s
Epoch [11/40] L:0.1853 D:0.1417 F:0.0000 180s
Epoch [12/40] L:0.1792 D:0.1357 F:0.0000 179s
  [val] starting (24 batches)
  [val] done (24 batches, 25s)
  Val L:0.2371 ABS:0.4350 RMSE:1.3804 d1:0.5167
Epoch [13/40] L:0.1720 D:0.1285 F:0.0000 179s
Epoch [14/40] L:0.1659 D:0.1224 F:0.0000 180s
Epoch [15/40] L:0.1599 D:0.1165 F:0.0000 179s
Epoch [16/40] L:0.1555 D:0.1121 F:0.0000 178s
  [val] starting (24 batches)
  [val] done (24 batches, 25s)
  Val L:0.2524 ABS:0.3974 RMSE:1.4279 d1:0.5014
Epoch [17/40] L:0.1510 D:0.1077 F:0.0000 193s
Epoch [18/40] L:0.1476 D:0.1042 F:0.0000 192s
Epoch [19/40] L:0.1434 D:0.1001 F:0.0000 179s
Epoch [20/40] L:0.1404 D:0.0971 F:0.0000 183s
  [val] starting (24 batches)
  [val] done (24 batches, 42s)
  Val L:0.2485 ABS:0.4382 RMSE:1.4161 d1:0.5198
Epoch [21/40] L:0.1367 D:0.0935 F:0.0000 179s
Epoch [22/40] L:0.1344 D:0.0912 F:0.0000 182s
Epoch [23/40] L:0.1338 D:0.0907 F:0.0000 178s
Epoch [24/40] L:0.1311 D:0.0880 F:0.0000 179s
  [val] starting (24 batches)
  [val] done (24 batches, 26s)
  Val L:0.2638 ABS:0.3961 RMSE:1.4607 d1:0.4941
Epoch [25/40] L:0.1287 D:0.0857 F:0.0000 179s
Epoch [26/40] L:0.1268 D:0.0839 F:0.0000 185s
Epoch [27/40] L:0.1245 D:0.0816 F:0.0000 182s
Epoch [28/40] L:0.1216 D:0.0787 F:0.0000 193s
  [val] starting (24 batches)
  [val] done (24 batches, 25s)
  Val L:0.2505 ABS:0.4362 RMSE:1.4414 d1:0.5226
Epoch [29/40] L:0.1208 D:0.0780 F:0.0000 179s
Epoch [30/40] L:0.1185 D:0.0757 F:0.0000 182s
Epoch [31/40] L:0.1181 D:0.0754 F:0.0000 180s
Epoch [32/40] L:0.1168 D:0.0742 F:0.0000 180s
  [val] starting (24 batches)
  [val] done (24 batches, 30s)
  Val L:0.2587 ABS:0.4087 RMSE:1.4600 d1:0.5142
Epoch [33/40] L:0.1137 D:0.0711 F:0.0000 180s
Epoch [34/40] L:0.1121 D:0.0696 F:0.0000 181s
Epoch [35/40] L:0.1125 D:0.0700 F:0.0000 178s
Epoch [36/40] L:0.1095 D:0.0670 F:0.0000 178s
  [val] starting (24 batches)
  [val] done (24 batches, 34s)
  Val L:0.2540 ABS:0.4052 RMSE:1.4475 d1:0.5258
Epoch [37/40] L:0.1070 D:0.0646 F:0.0000 178s
Epoch [38/40] L:0.1089 D:0.0665 F:0.0000 177s
Epoch [39/40] L:0.1071 D:0.0649 F:0.0000 180s
Epoch [40/40] L:0.1040 D:0.0618 F:0.0000 179s
  [val] starting (24 batches)
  [val] done (24 batches, 25s)
  Val L:0.2513 ABS:0.4257 RMSE:1.4534 d1:0.5307

Done. Best score:1.0810 RMSE:1.3614 ABS:0.4267
