/opt/conda/lib/python3.11/site-packages/timm/models/layers/__init__.py:49: FutureWarning: Importing from timm.models.layers is deprecated, please import via timm.layers
  warnings.warn(f"Importing from {__name__} is deprecated, please import via timm.layers", FutureWarning)
============================================================
Model: echodiffusion_ambi  Dataset: soundspaces
BS: 128  LR: 0.001  Opt: AdamW
============================================================
Loaded scene split from /root/local1/changwoo/matterport3d_0303renew/scene_split.json
  train: 72, val: 9, test: 9
[train] 23560 samples (fast cache: samples_train_erp_8b3be925d3ae.json) [ambisonic=ON]
  Precomputed SH basis matrix: (131072, 4) (order=1)
Loaded scene split from /root/local1/changwoo/matterport3d_0303renew/scene_split.json
  train: 72, val: 9, test: 9
[val] 2951 samples (fast cache: samples_val_erp_be0f29dd7abf.json) [ambisonic=ON]
  Precomputed SH basis matrix: (131072, 4) (order=1)
Train: 23560, Val: 2951
  [echodiff_ambi] foa_mode=input K=8 spec_in=3 use_cide=False gate_learnable=True
Model: echodiffusion_ambi (36.6M params)
Epoch [1/40] L:0.4632 D:0.4196 F:0.0000 196s
Epoch [2/40] L:0.3336 D:0.2907 F:0.0000 185s
Epoch [3/40] L:0.3007 D:0.2585 F:0.0000 187s
Epoch [4/40] L:0.3032 D:0.2622 F:0.0000 185s
  [val] starting (24 batches)
  [val] done (24 batches, 23s)
  Val L:0.2887 ABS:0.4686 RMSE:1.5959 d1:0.4472
  >> Best (score:1.2577 RMSE:1.5959 ABS:0.4686)
Epoch [5/40] L:0.2767 D:0.2375 F:0.0000 185s
Epoch [6/40] L:0.2586 D:0.2210 F:0.0000 186s
Epoch [7/40] L:0.2541 D:0.2185 F:0.0000 186s
Epoch [8/40] L:0.2497 D:0.2162 F:0.0000 186s
  [val] starting (24 batches)
  [val] done (24 batches, 23s)
  Val L:0.2561 ABS:0.5343 RMSE:1.4273 d1:0.4023
  >> Best (score:1.1594 RMSE:1.4273 ABS:0.5343)
Epoch [9/40] L:0.2423 D:0.2107 F:0.0000 185s
Epoch [10/40] L:0.2399 D:0.2102 F:0.0000 185s
Epoch [11/40] L:0.2333 D:0.2060 F:0.0000 189s
Epoch [12/40] L:0.2310 D:0.2060 F:0.0000 188s
  [val] starting (24 batches)
  [val] done (24 batches, 36s)
  Val L:0.2455 ABS:0.3984 RMSE:1.4740 d1:0.4658
  >> Best (score:1.1513 RMSE:1.4740 ABS:0.3984)
Epoch [13/40] L:0.2249 D:0.2016 F:0.0000 187s
Epoch [14/40] L:0.2241 D:0.2029 F:0.0000 186s
Epoch [15/40] L:0.2224 D:0.2026 F:0.0000 191s
Epoch [16/40] L:0.2178 D:0.1995 F:0.0000 186s
  [val] starting (24 batches)
  [val] done (24 batches, 29s)
  Val L:0.2446 ABS:0.3955 RMSE:1.4638 d1:0.4788
  >> Best (score:1.1433 RMSE:1.4638 ABS:0.3955)
Epoch [17/40] L:0.2143 D:0.1975 F:0.0000 185s
Epoch [18/40] L:0.2122 D:0.1969 F:0.0000 186s
Epoch [19/40] L:0.2125 D:0.1982 F:0.0000 185s
Epoch [20/40] L:0.2072 D:0.1940 F:0.0000 187s
  [val] starting (24 batches)
  [val] done (24 batches, 28s)
  Val L:0.2442 ABS:0.5274 RMSE:1.4036 d1:0.4278
  >> Best (score:1.1407 RMSE:1.4036 ABS:0.5274)
Epoch [21/40] L:0.2101 D:0.1978 F:0.0000 185s
Epoch [22/40] L:0.2048 D:0.1933 F:0.0000 188s
Epoch [23/40] L:0.2032 D:0.1924 F:0.0000 185s
Epoch [24/40] L:0.2027 D:0.1928 F:0.0000 185s
  [val] starting (24 batches)
  [val] done (24 batches, 30s)
  Val L:0.2452 ABS:0.3937 RMSE:1.4640 d1:0.4488
Epoch [25/40] L:0.1996 D:0.1904 F:0.0000 185s
Epoch [26/40] L:0.1993 D:0.1906 F:0.0000 189s
Epoch [27/40] L:0.2011 D:0.1930 F:0.0000 186s
Epoch [28/40] L:0.1973 D:0.1896 F:0.0000 185s
  [val] starting (24 batches)
  [val] done (24 batches, 34s)
  Val L:0.2298 ABS:0.3921 RMSE:1.4042 d1:0.4906
  >> Best (score:1.1006 RMSE:1.4042 ABS:0.3921)
Epoch [29/40] L:0.1952 D:0.1879 F:0.0000 193s
Epoch [30/40] L:0.1958 D:0.1889 F:0.0000 190s
Epoch [31/40] L:0.1947 D:0.1882 F:0.0000 185s
Epoch [32/40] L:0.1922 D:0.1861 F:0.0000 185s
  [val] starting (24 batches)
  [val] done (24 batches, 25s)
  Val L:0.2277 ABS:0.4372 RMSE:1.3699 d1:0.5171
  >> Best (score:1.0901 RMSE:1.3699 ABS:0.4372)
Epoch [33/40] L:0.1904 D:0.1846 F:0.0000 185s
Epoch [34/40] L:0.1906 D:0.1851 F:0.0000 187s
Epoch [35/40] L:0.1891 D:0.1839 F:0.0000 188s
Epoch [36/40] L:0.1902 D:0.1852 F:0.0000 185s
  [val] starting (24 batches)
  [val] done (24 batches, 26s)
  Val L:0.2283 ABS:0.3923 RMSE:1.3784 d1:0.4961
  >> Best (score:1.0825 RMSE:1.3784 ABS:0.3923)
Epoch [37/40] L:0.1878 D:0.1830 F:0.0000 183s
Epoch [38/40] L:0.1856 D:0.1810 F:0.0000 186s
Epoch [39/40] L:0.1851 D:0.1807 F:0.0000 184s
Epoch [40/40] L:0.1866 D:0.1824 F:0.0000 185s
  [val] starting (24 batches)
  [val] done (24 batches, 27s)
  Val L:0.2226 ABS:0.4250 RMSE:1.3545 d1:0.5176
  >> Best (score:1.0757 RMSE:1.3545 ABS:0.4250)

Done. Best score:1.0757 RMSE:1.3545 ABS:0.4250
