/opt/conda/lib/python3.11/site-packages/timm/models/layers/__init__.py:49: FutureWarning: Importing from timm.models.layers is deprecated, please import via timm.layers
  warnings.warn(f"Importing from {__name__} is deprecated, please import via timm.layers", FutureWarning)
Warning: You are sending unauthenticated requests to the HF Hub. Please set a HF_TOKEN to enable higher rate limits and faster downloads.
============================================================
Model: echodiffusion_ambi_sh  Dataset: soundspaces
BS: 128  LR: 0.001  Opt: AdamW
============================================================
Loaded scene split from /root/local1/changwoo/matterport3d_0303renew/scene_split.json
  train: 72, val: 9, test: 9
[train] 23560 samples (fast cache: samples_train_erp_8b3be925d3ae.json) [ambisonic=ON] [waveform=ON]
  Precomputed SH basis matrix: (131072, 4) (order=1)
Loaded scene split from /root/local1/changwoo/matterport3d_0303renew/scene_split.json
  train: 72, val: 9, test: 9
[val] 2951 samples (fast cache: samples_val_erp_be0f29dd7abf.json) [ambisonic=ON] [waveform=ON]
  Precomputed SH basis matrix: (131072, 4) (order=1)
Train: 23560, Val: 2951
Loading weights:   0%|          | 0/210 [00:00<?, ?it/s]Loading weights: 100%|██████████| 210/210 [00:00<00:00, 6311.70it/s]
[transformers] [1mWav2Vec2Model LOAD REPORT[0m from: facebook/wav2vec2-base-960h
Key               | Status     | 
------------------+------------+-
lm_head.bias      | UNEXPECTED | 
lm_head.weight    | UNEXPECTED | 
masked_spec_embed | MISSING    | 

Notes:
- UNEXPECTED:	can be ignored when loading from different task/architecture; not ok if you expect identical arch.
- MISSING:	those params were newly initialized because missing from the checkpoint. Consider training on your downstream task.
  [echodiff_ambi_sh] K=8 sh_order=5 C_sh=36  unet_ch=64  dec_ch=[256, 128, 64]  use_cide=True  total=167.92M  trainable=73.55M
Model: echodiffusion_ambi_sh (167.9M params)
/opt/conda/lib/python3.11/site-packages/torch/nn/modules/linear.py:125: UserWarning: Attempting to run cuBLAS, but there was no current CUDA context! Attempting to set the primary context... (Triggered internally at /pytorch/aten/src/ATen/cuda/CublasHandlePool.cpp:179.)
  return F.linear(input, self.weight, self.bias)
Epoch [1/40] L:0.4989 D:0.4989 F:0.0000 270s
Epoch [2/40] L:0.2678 D:0.2678 F:0.0000 264s
Epoch [3/40] L:0.2428 D:0.2428 F:0.0000 265s
Epoch [4/40] L:0.2435 D:0.2435 F:0.0000 265s
  [val] starting (24 batches)
  [val] done (24 batches, 27s)
  Val L:0.2786 ABS:0.5376 RMSE:1.5192 d1:0.4515
  >> Best (score:1.2247 RMSE:1.5192 ABS:0.5376)
Epoch [5/40] L:0.2396 D:0.2396 F:0.0000 265s
Epoch [6/40] L:0.2349 D:0.2349 F:0.0000 264s
Epoch [7/40] L:0.2322 D:0.2322 F:0.0000 265s
Epoch [8/40] L:0.2328 D:0.2328 F:0.0000 264s
  [val] starting (24 batches)
  [val] done (24 batches, 27s)
  Val L:0.2739 ABS:0.4684 RMSE:1.5297 d1:0.4478
  >> Best (score:1.2113 RMSE:1.5297 ABS:0.4684)
Epoch [9/40] L:0.2298 D:0.2298 F:0.0000 264s
Epoch [10/40] L:0.2292 D:0.2292 F:0.0000 265s
Epoch [11/40] L:0.2302 D:0.2302 F:0.0000 265s
Epoch [12/40] L:0.2276 D:0.2276 F:0.0000 265s
  [val] starting (24 batches)
  [val] done (24 batches, 28s)
  Val L:0.2643 ABS:0.4835 RMSE:1.4984 d1:0.4611
  >> Best (score:1.1939 RMSE:1.4984 ABS:0.4835)
Epoch [13/40] L:0.2262 D:0.2262 F:0.0000 266s
Epoch [14/40] L:0.2242 D:0.2242 F:0.0000 265s
Epoch [15/40] L:0.2223 D:0.2223 F:0.0000 266s
Epoch [16/40] L:0.2199 D:0.2199 F:0.0000 264s
  [val] starting (24 batches)
  [val] done (24 batches, 28s)
  Val L:0.2555 ABS:0.4667 RMSE:1.4661 d1:0.4799
  >> Best (score:1.1663 RMSE:1.4661 ABS:0.4667)
Epoch [17/40] L:0.2194 D:0.2194 F:0.0000 264s
Epoch [18/40] L:0.2186 D:0.2186 F:0.0000 264s
Epoch [19/40] L:0.2179 D:0.2179 F:0.0000 265s
Epoch [20/40] L:0.2177 D:0.2177 F:0.0000 264s
  [val] starting (24 batches)
  [val] done (24 batches, 27s)
  Val L:0.2620 ABS:0.4614 RMSE:1.4895 d1:0.4796
Epoch [21/40] L:0.2172 D:0.2172 F:0.0000 264s
Epoch [22/40] L:0.2168 D:0.2168 F:0.0000 265s
Epoch [23/40] L:0.2145 D:0.2145 F:0.0000 265s
Epoch [24/40] L:0.2137 D:0.2137 F:0.0000 264s
  [val] starting (24 batches)
  [val] done (24 batches, 27s)
  Val L:0.2532 ABS:0.4839 RMSE:1.4384 d1:0.4748
  >> Best (score:1.1521 RMSE:1.4384 ABS:0.4839)
Epoch [25/40] L:0.2139 D:0.2139 F:0.0000 265s
Epoch [26/40] L:0.2113 D:0.2113 F:0.0000 264s
Epoch [27/40] L:0.2095 D:0.2095 F:0.0000 267s
Epoch [28/40] L:0.2068 D:0.2068 F:0.0000 265s
  [val] starting (24 batches)
  [val] done (24 batches, 28s)
  Val L:0.2565 ABS:0.5783 RMSE:1.4143 d1:0.4715
Epoch [29/40] L:0.2064 D:0.2064 F:0.0000 264s
Epoch [30/40] L:0.2024 D:0.2024 F:0.0000 264s
Epoch [31/40] L:0.1992 D:0.1992 F:0.0000 265s
Epoch [32/40] L:0.2014 D:0.2014 F:0.0000 265s
  [val] starting (24 batches)
  [val] done (24 batches, 28s)
