/opt/conda/lib/python3.11/site-packages/timm/models/layers/__init__.py:49: FutureWarning: Importing from timm.models.layers is deprecated, please import via timm.layers
  warnings.warn(f"Importing from {__name__} is deprecated, please import via timm.layers", FutureWarning)
Warning: You are sending unauthenticated requests to the HF Hub. Please set a HF_TOKEN to enable higher rate limits and faster downloads.
============================================================
Model: echodiffusion  Dataset: soundspaces
BS: 8  LR: 0.0001  Opt: AdamW
============================================================
Loaded scene split from /root/local1/changwoo/matterport3d_0303renew/scene_split.json
  train: 72, val: 9, test: 9
[train] 23560 samples (fast cache: samples_train_erp_c7ed256fbb9b.json) [waveform=ON]
Loaded scene split from /root/local1/changwoo/matterport3d_0303renew/scene_split.json
  train: 72, val: 9, test: 9
[val] 2951 samples (fast cache: samples_val_erp_89df6a83b017.json) [waveform=ON]
Train: 23560, Val: 2951
Loading weights:   0%|          | 0/210 [00:00<?, ?it/s]Loading weights: 100%|██████████| 210/210 [00:00<00:00, 7711.67it/s]
[transformers] [1mWav2Vec2Model LOAD REPORT[0m from: facebook/wav2vec2-base-960h
Key               | Status     | 
------------------+------------+-
lm_head.weight    | UNEXPECTED | 
lm_head.bias      | UNEXPECTED | 
masked_spec_embed | MISSING    | 

Notes:
- UNEXPECTED:	can be ignored when loading from different task/architecture; not ok if you expect identical arch.
- MISSING:	those params were newly initialized because missing from the checkpoint. Consider training on your downstream task.
Model: echodiffusion (132.6M params)
  [train] epoch 1 step 589/2945 (318s)
  [train] epoch 1 step 1178/2945 (635s)
  [train] epoch 1 step 1767/2945 (951s)
  [train] epoch 1 step 2356/2945 (1267s)
Epoch [1/40] L:0.2846 D:0.2846 1591s
  [train] epoch 2 step 589/2945 (317s)
  [train] epoch 2 step 1178/2945 (640s)
  [train] epoch 2 step 1767/2945 (958s)
  [train] epoch 2 step 2356/2945 (1276s)
Epoch [2/40] L:0.2398 D:0.2398 1590s
  [train] epoch 3 step 589/2945 (319s)
  [train] epoch 3 step 1178/2945 (639s)
  [train] epoch 3 step 1767/2945 (954s)
  [train] epoch 3 step 2356/2945 (1276s)
Epoch [3/40] L:0.2302 D:0.2302 1594s
  [train] epoch 4 step 589/2945 (313s)
  [train] epoch 4 step 1178/2945 (637s)
  [train] epoch 4 step 1767/2945 (955s)
  [train] epoch 4 step 2356/2945 (1270s)
Epoch [4/40] L:0.2146 D:0.2146 1584s
  [val] starting (369 batches)
  [val] 50/369 (18s)
  [val] 100/369 (36s)
  [val] 150/369 (54s)
  [val] 200/369 (72s)
  [val] 250/369 (89s)
  [val] 300/369 (106s)
  [val] 350/369 (124s)
  [val] done (369 batches, 131s)
  Val L:0.2530 ABS:0.4848 RMSE:1.4091 d1:0.4950
  >> Best (score:1.1318 RMSE:1.4091 ABS:0.4848)
  [train] epoch 5 step 589/2945 (315s)
  [train] epoch 5 step 1178/2945 (634s)
  [train] epoch 5 step 1767/2945 (947s)
  [train] epoch 5 step 2356/2945 (1266s)
Epoch [5/40] L:0.2053 D:0.2053 1584s
  [train] epoch 6 step 589/2945 (316s)
  [train] epoch 6 step 1178/2945 (628s)
  [train] epoch 6 step 1767/2945 (942s)
  [train] epoch 6 step 2356/2945 (1269s)
Epoch [6/40] L:0.2015 D:0.2015 1592s
  [train] epoch 7 step 589/2945 (312s)
  [train] epoch 7 step 1178/2945 (721s)
  [train] epoch 7 step 1767/2945 (1214s)
  [train] epoch 7 step 2356/2945 (1713s)
Epoch [7/40] L:0.1980 D:0.1980 2212s
  [train] epoch 8 step 589/2945 (493s)
  [train] epoch 8 step 1178/2945 (989s)
  [train] epoch 8 step 1767/2945 (1488s)
  [train] epoch 8 step 2356/2945 (1982s)
Epoch [8/40] L:0.1958 D:0.1958 2463s
  [val] starting (369 batches)
  [val] 50/369 (21s)
  [val] 100/369 (41s)
  [val] 150/369 (62s)
  [val] 200/369 (83s)
  [val] 250/369 (102s)
  [val] 300/369 (123s)
  [val] 350/369 (143s)
  [val] done (369 batches, 151s)
  Val L:0.2494 ABS:0.3991 RMSE:1.4549 d1:0.4864
  [train] epoch 9 step 589/2945 (497s)
  [train] epoch 9 step 1178/2945 (980s)
  [train] epoch 9 step 1767/2945 (1478s)
  [train] epoch 9 step 2356/2945 (1974s)
Epoch [9/40] L:0.1923 D:0.1923 2473s
  [train] epoch 10 step 589/2945 (498s)
  [train] epoch 10 step 1178/2945 (997s)
  [train] epoch 10 step 1767/2945 (1481s)
  [train] epoch 10 step 2356/2945 (1978s)
Epoch [10/40] L:0.1897 D:0.1897 2471s
  [train] epoch 11 step 589/2945 (499s)
  [train] epoch 11 step 1178/2945 (996s)
  [train] epoch 11 step 1767/2945 (1494s)
  [train] epoch 11 step 2356/2945 (1989s)
Epoch [11/40] L:0.1866 D:0.1866 2484s
  [train] epoch 12 step 589/2945 (485s)
  [train] epoch 12 step 1178/2945 (982s)
  [train] epoch 12 step 1767/2945 (1482s)
  [train] epoch 12 step 2356/2945 (1987s)
Epoch [12/40] L:0.1836 D:0.1836 2486s
  [val] starting (369 batches)
  [val] 50/369 (22s)
  [val] 100/369 (42s)
  [val] 150/369 (64s)
  [val] 200/369 (85s)
  [val] 250/369 (106s)
  [val] 300/369 (126s)
  [val] 350/369 (147s)
  [val] done (369 batches, 155s)
  Val L:0.2391 ABS:0.4086 RMSE:1.4069 d1:0.5139
  >> Best (score:1.1074 RMSE:1.4069 ABS:0.4086)
  [train] epoch 13 step 589/2945 (497s)
  [train] epoch 13 step 1178/2945 (980s)
  [train] epoch 13 step 1767/2945 (1473s)
  [train] epoch 13 step 2356/2945 (1958s)
Epoch [13/40] L:0.1807 D:0.1807 2455s
  [train] epoch 14 step 589/2945 (497s)
  [train] epoch 14 step 1178/2945 (996s)
  [train] epoch 14 step 1767/2945 (1493s)
  [train] epoch 14 step 2356/2945 (1991s)
Epoch [14/40] L:0.1775 D:0.1775 2485s
  [train] epoch 15 step 589/2945 (497s)
  [train] epoch 15 step 1178/2945 (980s)
  [train] epoch 15 step 1767/2945 (1477s)
  [train] epoch 15 step 2356/2945 (1973s)
Epoch [15/40] L:0.1731 D:0.1731 2464s
  [train] epoch 16 step 589/2945 (497s)
  [train] epoch 16 step 1178/2945 (995s)
  [train] epoch 16 step 1767/2945 (1498s)
  [train] epoch 16 step 2356/2945 (1994s)
Epoch [16/40] L:0.1693 D:0.1693 2478s
  [val] starting (369 batches)
  [val] 50/369 (21s)
  [val] 100/369 (41s)
  [val] 150/369 (61s)
  [val] 200/369 (82s)
  [val] 250/369 (103s)
  [val] 300/369 (123s)
  [val] 350/369 (144s)
  [val] done (369 batches, 152s)
  Val L:0.2421 ABS:0.4071 RMSE:1.3872 d1:0.5178
  >> Best (score:1.0932 RMSE:1.3872 ABS:0.4071)
  [train] epoch 17 step 589/2945 (496s)
  [train] epoch 17 step 1178/2945 (975s)
  [train] epoch 17 step 1767/2945 (1474s)
  [train] epoch 17 step 2356/2945 (1972s)
Epoch [17/40] L:0.1650 D:0.1650 2470s
  [train] epoch 18 step 589/2945 (500s)
  [train] epoch 18 step 1178/2945 (995s)
  [train] epoch 18 step 1767/2945 (1488s)
  [train] epoch 18 step 2356/2945 (1987s)
Epoch [18/40] L:0.1615 D:0.1615 2484s
  [train] epoch 19 step 589/2945 (504s)
  [train] epoch 19 step 1178/2945 (1004s)
  [train] epoch 19 step 1767/2945 (1508s)
  [train] epoch 19 step 2356/2945 (2006s)
Epoch [19/40] L:0.1575 D:0.1575 2507s
  [train] epoch 20 step 589/2945 (486s)
  [train] epoch 20 step 1178/2945 (980s)
  [train] epoch 20 step 1767/2945 (1471s)
  [train] epoch 20 step 2356/2945 (1967s)
Epoch [20/40] L:0.1537 D:0.1537 2466s
  [val] starting (369 batches)
  [val] 50/369 (21s)
  [val] 100/369 (42s)
  [val] 150/369 (62s)
  [val] 200/369 (83s)
  [val] 250/369 (104s)
  [val] 300/369 (125s)
  [val] 350/369 (145s)
  [val] done (369 batches, 154s)
  Val L:0.2433 ABS:0.4213 RMSE:1.3817 d1:0.5283
  [train] epoch 21 step 589/2945 (488s)
  [train] epoch 21 step 1178/2945 (981s)
  [train] epoch 21 step 1767/2945 (1477s)
  [train] epoch 21 step 2356/2945 (1955s)
Epoch [21/40] L:0.1493 D:0.1493 2448s
  [train] epoch 22 step 589/2945 (490s)
  [train] epoch 22 step 1178/2945 (980s)
  [train] epoch 22 step 1767/2945 (1469s)
  [train] epoch 22 step 2356/2945 (1962s)
Epoch [22/40] L:0.1449 D:0.1449 2461s
  [train] epoch 23 step 589/2945 (494s)
  [train] epoch 23 step 1178/2945 (964s)
  [train] epoch 23 step 1767/2945 (1442s)
  [train] epoch 23 step 2356/2945 (1935s)
Epoch [23/40] L:0.1408 D:0.1408 2424s
  [train] epoch 24 step 589/2945 (490s)
  [train] epoch 24 step 1178/2945 (986s)
  [train] epoch 24 step 1767/2945 (1476s)
