/opt/conda/lib/python3.11/site-packages/timm/models/layers/__init__.py:49: FutureWarning: Importing from timm.models.layers is deprecated, please import via timm.layers
  warnings.warn(f"Importing from {__name__} is deprecated, please import via timm.layers", FutureWarning)
============================================================
Model: renew_single  Dataset: soundspaces
BS: 32  LR: 0.0001  Opt: AdamW
============================================================
Loaded scene split from /root/local1/changwoo/matterport3d_0303_renew/scene_split.json
  train: 72, val: 9, test: 9
[train] 23560 samples (fast cache: samples_train_erp_8b3be925d3ae.json) [ambisonic=ON]
  Precomputed SH basis matrix: (131072, 4) (order=1)
Loaded scene split from /root/local1/changwoo/matterport3d_0303_renew/scene_split.json
  train: 72, val: 9, test: 9
[val] 2951 samples (fast cache: samples_val_erp_be0f29dd7abf.json) [ambisonic=ON]
  Precomputed SH basis matrix: (131072, 4) (order=1)
Train: 23560, Val: 2951
Model: renew_single (183.8M params)
  [LR] cosine schedule enabled  warmup=1ep (737 steps), total=29480 steps
  [Renew] both ViT encoders frozen for 3 epochs (heads/neck/decoder trainable)
Epoch [1/40] L:0.4519 D:0.3652 F:0.0826 293s
Epoch [2/40] L:0.3159 D:0.2515 F:0.0415 290s
  Val L:0.3067 ABS:0.5801 RMSE:1.5236 d1:0.4575
  >> Best (score:1.2405 RMSE:1.5236 ABS:0.5801)
Epoch [3/40] L:0.3067 D:0.2455 F:0.0391 290s
  [Renew] ViT encoders unfrozen at epoch 4
Epoch [4/40] L:0.3098 D:0.2494 F:0.0484 317s
  Val L:0.2952 ABS:0.4618 RMSE:1.5383 d1:0.4690
  >> Best (score:1.2153 RMSE:1.5383 ABS:0.4618)
Epoch [5/40] L:0.2744 D:0.2196 F:0.0363 316s
Epoch [6/40] L:0.2609 D:0.2074 F:0.0330 316s
  Val L:0.2626 ABS:0.4237 RMSE:1.4562 d1:0.5006
  >> Best (score:1.1465 RMSE:1.4562 ABS:0.4237)
Epoch [7/40] L:0.2525 D:0.2000 F:0.0298 316s
Epoch [8/40] L:0.2466 D:0.1948 F:0.0280 317s
  Val L:0.2482 ABS:0.4146 RMSE:1.3996 d1:0.5048
  >> Best (score:1.1041 RMSE:1.3996 ABS:0.4146)
Epoch [9/40] L:0.2415 D:0.1902 F:0.0265 316s
Epoch [10/40] L:0.2367 D:0.1859 F:0.0256 316s
  Val L:0.2426 ABS:0.4045 RMSE:1.3949 d1:0.5148
  >> Best (score:1.0978 RMSE:1.3949 ABS:0.4045)
Epoch [11/40] L:0.2326 D:0.1821 F:0.0248 316s
Epoch [12/40] L:0.2292 D:0.1790 F:0.0241 316s
  Val L:0.2392 ABS:0.3815 RMSE:1.3941 d1:0.5150
  >> Best (score:1.0903 RMSE:1.3941 ABS:0.3815)
Epoch [13/40] L:0.2239 D:0.1741 F:0.0234 316s
Epoch [14/40] L:0.2183 D:0.1688 F:0.0227 315s
  Val L:0.2424 ABS:0.3753 RMSE:1.4042 d1:0.5193
Epoch [15/40] L:0.2140 D:0.1648 F:0.0221 316s
Epoch [16/40] L:0.2077 D:0.1586 F:0.0217 316s
  Val L:0.2454 ABS:0.4175 RMSE:1.3757 d1:0.5248
  >> Best (score:1.0883 RMSE:1.3757 ABS:0.4175)
Epoch [17/40] L:0.2017 D:0.1528 F:0.0213 316s
Epoch [18/40] L:0.1953 D:0.1467 F:0.0207 317s
  Val L:0.2424 ABS:0.4122 RMSE:1.3777 d1:0.5324
  >> Best (score:1.0881 RMSE:1.3777 ABS:0.4122)
Epoch [19/40] L:0.1885 D:0.1400 F:0.0203 316s
Epoch [20/40] L:0.1816 D:0.1333 F:0.0198 316s
  Val L:0.2510 ABS:0.4262 RMSE:1.3873 d1:0.5381
Epoch [21/40] L:0.1754 D:0.1274 F:0.0193 316s
Epoch [22/40] L:0.1693 D:0.1214 F:0.0189 316s
  Val L:0.2597 ABS:0.4060 RMSE:1.4313 d1:0.5230
Epoch [23/40] L:0.1630 D:0.1153 F:0.0185 315s
Epoch [24/40] L:0.1575 D:0.1099 F:0.0181 316s
  Val L:0.2566 ABS:0.4291 RMSE:1.4084 d1:0.5372
Epoch [25/40] L:0.1520 D:0.1046 F:0.0177 315s
Epoch [26/40] L:0.1468 D:0.0996 F:0.0171 315s
  Val L:0.2645 ABS:0.4245 RMSE:1.4348 d1:0.5358
Epoch [27/40] L:0.1424 D:0.0953 F:0.0168 315s
Epoch [28/40] L:0.1381 D:0.0912 F:0.0164 315s
  Val L:0.2679 ABS:0.4363 RMSE:1.4500 d1:0.5303
Epoch [29/40] L:0.1341 D:0.0874 F:0.0160 316s
Epoch [30/40] L:0.1307 D:0.0841 F:0.0156 316s
  Val L:0.2675 ABS:0.4286 RMSE:1.4505 d1:0.5367
Epoch [31/40] L:0.1276 D:0.0811 F:0.0152 316s
Epoch [32/40] L:0.1250 D:0.0786 F:0.0149 316s
  Val L:0.2701 ABS:0.4411 RMSE:1.4629 d1:0.5368
Epoch [33/40] L:0.1228 D:0.0765 F:0.0146 316s
Epoch [34/40] L:0.1209 D:0.0747 F:0.0144 316s
  Val L:0.2750 ABS:0.4488 RMSE:1.4777 d1:0.5333
Epoch [35/40] L:0.1194 D:0.0733 F:0.0141 316s
Epoch [36/40] L:0.1183 D:0.0723 F:0.0139 316s
  Val L:0.2766 ABS:0.4503 RMSE:1.4846 d1:0.5340
Epoch [37/40] L:0.1174 D:0.0715 F:0.0138 316s
Epoch [38/40] L:0.1169 D:0.0709 F:0.0137 316s
  Val L:0.2768 ABS:0.4524 RMSE:1.4857 d1:0.5337
Epoch [39/40] L:0.1165 D:0.0706 F:0.0136 316s
Epoch [40/40] L:0.1164 D:0.0705 F:0.0136 316s
  Val L:0.2774 ABS:0.4521 RMSE:1.4870 d1:0.5338

Done. Best score:1.0881 RMSE:1.3777 ABS:0.4122
