/opt/conda/lib/python3.11/site-packages/timm/models/layers/__init__.py:49: FutureWarning: Importing from timm.models.layers is deprecated, please import via timm.layers
  warnings.warn(f"Importing from {__name__} is deprecated, please import via timm.layers", FutureWarning)
============================================================
Model: echodiffusion_ambi  Dataset: soundspaces
BS: 128  LR: 0.0001  Opt: AdamW
============================================================
Loaded scene split from /root/local1/changwoo/matterport3d_0303renew/scene_split.json
  train: 72, val: 9, test: 9
[train] 23560 samples (fast cache: samples_train_erp_8b3be925d3ae.json) [ambisonic=ON]
  Precomputed SH basis matrix: (131072, 4) (order=1)
Loaded scene split from /root/local1/changwoo/matterport3d_0303renew/scene_split.json
  train: 72, val: 9, test: 9
[val] 2951 samples (fast cache: samples_val_erp_be0f29dd7abf.json) [ambisonic=ON]
  Precomputed SH basis matrix: (131072, 4) (order=1)
Train: 23560, Val: 2951
  [echodiff_ambi] foa_mode=input K=8 spec_in=3 use_cide=False gate_learnable=True
Model: echodiffusion_ambi (36.6M params)
Epoch [1/40] L:0.6285 D:0.5845 F:0.0000 305s
Epoch [2/40] L:0.2502 D:0.2064 F:0.0000 295s
Epoch [3/40] L:0.2419 D:0.1981 F:0.0000 298s
Epoch [4/40] L:0.2371 D:0.1933 F:0.0000 297s
  [val] starting (24 batches)
  [val] done (24 batches, 24s)
  Val L:0.2630 ABS:0.3663 RMSE:1.5050 d1:0.4583
  >> Best (score:1.1634 RMSE:1.5050 ABS:0.3663)
Epoch [5/40] L:0.2352 D:0.1916 F:0.0000 218s
Epoch [6/40] L:0.2307 D:0.1871 F:0.0000 192s
Epoch [7/40] L:0.2283 D:0.1848 F:0.0000 197s
Epoch [8/40] L:0.2243 D:0.1809 F:0.0000 192s
  [val] starting (24 batches)
  [val] done (24 batches, 25s)
  Val L:0.2408 ABS:0.3753 RMSE:1.4241 d1:0.4735
  >> Best (score:1.1095 RMSE:1.4241 ABS:0.3753)
Epoch [9/40] L:0.2216 D:0.1783 F:0.0000 195s
Epoch [10/40] L:0.2174 D:0.1742 F:0.0000 193s
Epoch [11/40] L:0.2149 D:0.1718 F:0.0000 197s
Epoch [12/40] L:0.2108 D:0.1678 F:0.0000 198s
  [val] starting (24 batches)
  [val] done (24 batches, 24s)
  Val L:0.2287 ABS:0.3816 RMSE:1.4063 d1:0.5018
  >> Best (score:1.0989 RMSE:1.4063 ABS:0.3816)
Epoch [13/40] L:0.2083 D:0.1654 F:0.0000 193s
Epoch [14/40] L:0.2031 D:0.1603 F:0.0000 191s
Epoch [15/40] L:0.1981 D:0.1554 F:0.0000 192s
Epoch [16/40] L:0.1923 D:0.1497 F:0.0000 196s
  [val] starting (24 batches)
  [val] done (24 batches, 31s)
  Val L:0.2423 ABS:0.3745 RMSE:1.4179 d1:0.5116
Epoch [17/40] L:0.1881 D:0.1456 F:0.0000 195s
Epoch [18/40] L:0.1845 D:0.1421 F:0.0000 197s
Epoch [19/40] L:0.1764 D:0.1341 F:0.0000 195s
Epoch [20/40] L:0.1741 D:0.1319 F:0.0000 197s
  [val] starting (24 batches)
  [val] done (24 batches, 29s)
  Val L:0.2507 ABS:0.4419 RMSE:1.4093 d1:0.5158
Epoch [21/40] L:0.1684 D:0.1263 F:0.0000 194s
Epoch [22/40] L:0.1623 D:0.1203 F:0.0000 192s
Epoch [23/40] L:0.1578 D:0.1159 F:0.0000 194s
Epoch [24/40] L:0.1538 D:0.1121 F:0.0000 197s
  [val] starting (24 batches)
  [val] done (24 batches, 24s)
  Val L:0.2545 ABS:0.4250 RMSE:1.4293 d1:0.5098
Epoch [25/40] L:0.1489 D:0.1072 F:0.0000 201s
Epoch [26/40] L:0.1460 D:0.1044 F:0.0000 201s
Epoch [27/40] L:0.1413 D:0.0998 F:0.0000 192s
Epoch [28/40] L:0.1370 D:0.0956 F:0.0000 241s
  [val] starting (24 batches)
  [val] done (24 batches, 24s)
  Val L:0.2528 ABS:0.4347 RMSE:1.4349 d1:0.5264
Epoch [29/40] L:0.1341 D:0.0929 F:0.0000 193s
Epoch [30/40] L:0.1304 D:0.0892 F:0.0000 192s
Epoch [31/40] L:0.1281 D:0.0870 F:0.0000 196s
Epoch [32/40] L:0.1265 D:0.0856 F:0.0000 208s
  [val] starting (24 batches)
  [val] done (24 batches, 24s)
  Val L:0.2552 ABS:0.5030 RMSE:1.4530 d1:0.5200
Epoch [33/40] L:0.1244 D:0.0836 F:0.0000 213s
Epoch [34/40] L:0.1244 D:0.0837 F:0.0000 207s
Epoch [35/40] L:0.1228 D:0.0822 F:0.0000 206s
Epoch [36/40] L:0.1214 D:0.0810 F:0.0000 192s
  [val] starting (24 batches)
  [val] done (24 batches, 24s)
  Val L:0.2579 ABS:0.4370 RMSE:1.4591 d1:0.5280
Epoch [37/40] L:0.1200 D:0.0796 F:0.0000 191s
Epoch [38/40] L:0.1197 D:0.0795 F:0.0000 191s
Epoch [39/40] L:0.1192 D:0.0791 F:0.0000 191s
Epoch [40/40] L:0.1164 D:0.0765 F:0.0000 190s
  [val] starting (24 batches)
  [val] done (24 batches, 23s)
  Val L:0.2549 ABS:0.4676 RMSE:1.4518 d1:0.5277

Done. Best score:1.0989 RMSE:1.4063 ABS:0.3816
