/opt/conda/lib/python3.11/site-packages/timm/models/layers/__init__.py:49: FutureWarning: Importing from timm.models.layers is deprecated, please import via timm.layers
  warnings.warn(f"Importing from {__name__} is deprecated, please import via timm.layers", FutureWarning)
Warning: You are sending unauthenticated requests to the HF Hub. Please set a HF_TOKEN to enable higher rate limits and faster downloads.
============================================================
Model: echorange  Dataset: soundspaces
BS: 48  LR: 0.0001  Opt: AdamW
============================================================
Loaded scene split from /root/local1/changwoo/matterport3d_0303renew/scene_split.json
  train: 72, val: 9, test: 9
[train] 23560 samples (fast cache: samples_train_erp_c7ed256fbb9b.json) [waveform=ON]
Loaded scene split from /root/local1/changwoo/matterport3d_0303renew/scene_split.json
  train: 72, val: 9, test: 9
[val] 2951 samples (fast cache: samples_val_erp_89df6a83b017.json) [waveform=ON]
Train: 23560, Val: 2951
Loading weights:   0%|          | 0/210 [00:00<?, ?it/s]Loading weights: 100%|██████████| 210/210 [00:00<00:00, 5723.37it/s]
[transformers] [1mWav2Vec2Model LOAD REPORT[0m from: facebook/wav2vec2-base-960h
Key               | Status     | 
------------------+------------+-
lm_head.bias      | UNEXPECTED | 
lm_head.weight    | UNEXPECTED | 
masked_spec_embed | MISSING    | 

Notes:
- UNEXPECTED:	can be ignored when loading from different task/architecture; not ok if you expect identical arch.
- MISSING:	those params were newly initialized because missing from the checkpoint. Consider training on your downstream task.
Model: echorange (132.6M params)
  [train] epoch 1 step 200/491 (190s)
  [train] epoch 1 step 400/491 (379s)
Epoch [1/20] L:0.3425 D:0.4692 465s
  [train] epoch 2 step 200/491 (189s)
  [train] epoch 2 step 400/491 (378s)
Epoch [2/20] L:0.3184 D:0.3654 464s
  [val] starting (62 batches)
[haz] alpha: mean=0.2856 p50=0.0751 p90=0.8772 p95=0.9736 p99=1.0000
[haz] frac_alpha: >.5=0.279 >.9=0.089 >.95=0.063 >.99=0.038
[haz] bg_weight: p10=0.000 p50=0.000 p90=0.000  ent: p10=0.646 p50=0.749 p90=0.826
[haz] argmax_bin_hist (folded 32→16, %): [0.0, 0.0, 0.0, 0.0, 0.1, 0.3, 0.8, 4.4, 16.0, 47.2, 23.6, 5.6, 2.0, 0.0, 0.0, 0.0]
[haz] sliced: [0.1,1) AR=0.846 RMSE=0.703  [1,3) AR=0.196 RMSE=0.503  [3,6) AR=0.395 RMSE=1.857  [6,9.8) AR=0.622 RMSE=4.467  [9.8,10.001) AR=0.792 RMSE=7.937
  [val] 50/62 (27s)
  [val] done (62 batches, 33s)
  Val L:0.2794 ABS:0.3869 RMSE:1.5900 d1:0.4572
  >> Best score:1.2291 RMSE:1.5900 ABS:0.3869
  >> Best Delta1:0.4572
  [train] epoch 3 step 200/491 (189s)
  [train] epoch 3 step 400/491 (380s)
Epoch [3/20] L:0.3443 D:0.3394 467s
  [train] epoch 4 step 200/491 (192s)
  [train] epoch 4 step 400/491 (383s)
Epoch [4/20] L:0.3345 D:0.3264 470s
  [val] starting (62 batches)
[haz] alpha: mean=0.2624 p50=0.0462 p90=0.8484 p95=0.9469 p99=1.0000
[haz] frac_alpha: >.5=0.262 >.9=0.074 >.95=0.049 >.99=0.036
[haz] bg_weight: p10=0.000 p50=0.000 p90=0.000  ent: p10=0.503 p50=0.718 p90=0.817
[haz] argmax_bin_hist (folded 32→16, %): [0.0, 0.0, 0.0, 0.0, 0.3, 0.8, 0.4, 1.9, 15.5, 27.5, 29.2, 14.1, 9.4, 1.0, 0.1, 0.0]
[haz] sliced: [0.1,1) AR=1.231 RMSE=1.058  [1,3) AR=0.214 RMSE=0.573  [3,6) AR=0.266 RMSE=1.323  [6,9.8) AR=0.466 RMSE=3.465  [9.8,10.001) AR=0.674 RMSE=6.778
  [val] 50/62 (28s)
  [val] done (62 batches, 35s)
  Val L:0.2441 ABS:0.4456 RMSE:1.4129 d1:0.4987
  >> Best score:1.1227 RMSE:1.4129 ABS:0.4456
  >> Best Delta1:0.4987
  [train] epoch 5 step 200/491 (192s)
  [train] epoch 5 step 400/491 (384s)
Epoch [5/20] L:0.3286 D:0.3182 470s
  [train] epoch 6 step 200/491 (190s)
  [train] epoch 6 step 400/491 (381s)
Epoch [6/20] L:0.3232 D:0.3107 468s
  [val] starting (62 batches)
[haz] alpha: mean=0.2715 p50=0.0388 p90=0.8103 p95=0.9183 p99=1.0000
[haz] frac_alpha: >.5=0.303 >.9=0.058 >.95=0.039 >.99=0.032
[haz] bg_weight: p10=0.000 p50=0.000 p90=0.000  ent: p10=0.461 p50=0.630 p90=0.786
[haz] argmax_bin_hist (folded 32→16, %): [0.0, 0.0, 0.0, 0.0, 0.1, 0.6, 0.6, 2.7, 20.6, 27.8, 23.8, 10.9, 8.2, 3.8, 0.9, 0.1]
[haz] sliced: [0.1,1) AR=1.136 RMSE=1.031  [1,3) AR=0.227 RMSE=0.648  [3,6) AR=0.289 RMSE=1.407  [6,9.8) AR=0.425 RMSE=3.317  [9.8,10.001) AR=0.706 RMSE=7.152
  [val] 50/62 (28s)
  [val] done (62 batches, 34s)
  Val L:0.2378 ABS:0.4021 RMSE:1.3947 d1:0.5088
  >> Best score:1.0969 RMSE:1.3947 ABS:0.4021
  >> Best Delta1:0.5088
  [train] epoch 7 step 200/491 (191s)
  [train] epoch 7 step 400/491 (382s)
Epoch [7/20] L:0.3191 D:0.3052 469s
  [train] epoch 8 step 200/491 (191s)
  [train] epoch 8 step 400/491 (382s)
Epoch [8/20] L:0.3137 D:0.2979 469s
  [val] starting (62 batches)
[haz] alpha: mean=0.2555 p50=0.0372 p90=0.7514 p95=0.8859 p99=1.0000
[haz] frac_alpha: >.5=0.273 >.9=0.046 >.95=0.035 >.99=0.031
[haz] bg_weight: p10=0.000 p50=0.000 p90=0.000  ent: p10=0.447 p50=0.633 p90=0.772
[haz] argmax_bin_hist (folded 32→16, %): [0.0, 0.0, 0.0, 0.0, 0.0, 0.6, 0.6, 2.5, 16.1, 33.7, 22.2, 13.6, 9.7, 0.9, 0.0, 0.0]
[haz] sliced: [0.1,1) AR=1.236 RMSE=1.049  [1,3) AR=0.202 RMSE=0.533  [3,6) AR=0.278 RMSE=1.388  [6,9.8) AR=0.491 RMSE=3.641  [9.8,10.001) AR=0.715 RMSE=7.187
  [val] 50/62 (28s)
  [val] done (62 batches, 35s)
  Val L:0.2298 ABS:0.4031 RMSE:1.3749 d1:0.5204
  >> Best score:1.0834 RMSE:1.3749 ABS:0.4031
  >> Best Delta1:0.5204
  [train] epoch 9 step 200/491 (192s)
  [train] epoch 9 step 400/491 (383s)
Epoch [9/20] L:0.3088 D:0.2909 469s
  [train] epoch 10 step 200/491 (192s)
  [train] epoch 10 step 400/491 (383s)
Epoch [10/20] L:0.3052 D:0.2855 471s
  [val] starting (62 batches)
[haz] alpha: mean=0.2287 p50=0.0311 p90=0.6800 p95=0.8386 p99=1.0000
[haz] frac_alpha: >.5=0.218 >.9=0.040 >.95=0.033 >.99=0.031
[haz] bg_weight: p10=0.000 p50=0.000 p90=0.000  ent: p10=0.457 p50=0.639 p90=0.801
[haz] argmax_bin_hist (folded 32→16, %): [0.0, 0.0, 0.0, 0.1, 0.2, 0.8, 1.1, 2.9, 10.7, 27.6, 23.9, 17.9, 11.6, 3.2, 0.1, 0.0]
[haz] sliced: [0.1,1) AR=1.333 RMSE=1.140  [1,3) AR=0.230 RMSE=0.596  [3,6) AR=0.242 RMSE=1.216  [6,9.8) AR=0.428 RMSE=3.239  [9.8,10.001) AR=0.645 RMSE=6.492
  [val] 50/62 (29s)
  [val] done (62 batches, 36s)
  Val L:0.2297 ABS:0.4505 RMSE:1.3436 d1:0.5308
  >> Best score:1.0757 RMSE:1.3436 ABS:0.4505
  >> Best Delta1:0.5308
  [train] epoch 11 step 200/491 (191s)
  [train] epoch 11 step 400/491 (383s)
Epoch [11/20] L:0.2993 D:0.2769 469s
  [train] epoch 12 step 200/491 (192s)
  [train] epoch 12 step 400/491 (383s)
Epoch [12/20] L:0.2924 D:0.2667 470s
  [val] starting (62 batches)
[haz] alpha: mean=0.2512 p50=0.0459 p90=0.7220 p95=0.8790 p99=1.0000
[haz] frac_alpha: >.5=0.251 >.9=0.046 >.95=0.036 >.99=0.031
[haz] bg_weight: p10=0.000 p50=0.000 p90=0.000  ent: p10=0.468 p50=0.615 p90=0.773
[haz] argmax_bin_hist (folded 32→16, %): [0.0, 0.0, 0.0, 0.0, 0.2, 0.6, 0.7, 7.1, 23.0, 27.4, 16.2, 12.1, 10.8, 2.0, 0.0, 0.0]
[haz] sliced: [0.1,1) AR=1.139 RMSE=1.020  [1,3) AR=0.227 RMSE=0.609  [3,6) AR=0.290 RMSE=1.445  [6,9.8) AR=0.486 RMSE=3.604  [9.8,10.001) AR=0.683 RMSE=6.907
  [val] 50/62 (28s)
  [val] done (62 batches, 34s)
  Val L:0.2361 ABS:0.4106 RMSE:1.3768 d1:0.5197
  >> Best ABS_REL:0.4106
  [train] epoch 13 step 200/491 (191s)
  [train] epoch 13 step 400/491 (381s)
Epoch [13/20] L:0.2859 D:0.2568 467s
  [train] epoch 14 step 200/491 (191s)
  [train] epoch 14 step 400/491 (382s)
Epoch [14/20] L:0.2781 D:0.2451 468s
  [val] starting (62 batches)
[haz] alpha: mean=0.2402 p50=0.0319 p90=0.7124 p95=0.8722 p99=1.0000
[haz] frac_alpha: >.5=0.236 >.9=0.044 >.95=0.036 >.99=0.032
[haz] bg_weight: p10=0.000 p50=0.000 p90=0.000  ent: p10=0.456 p50=0.614 p90=0.764
[haz] argmax_bin_hist (folded 32→16, %): [0.0, 0.0, 0.0, 0.0, 0.0, 0.3, 0.7, 3.3, 18.5, 32.4, 17.9, 12.8, 9.8, 4.2, 0.1, 0.0]
[haz] sliced: [0.1,1) AR=1.201 RMSE=1.069  [1,3) AR=0.214 RMSE=0.593  [3,6) AR=0.265 RMSE=1.348  [6,9.8) AR=0.444 RMSE=3.384  [9.8,10.001) AR=0.677 RMSE=6.839
  [val] 50/62 (29s)
  [val] done (62 batches, 36s)
  Val L:0.2347 ABS:0.4345 RMSE:1.3620 d1:0.5364
  >> Best Delta1:0.5364
  [train] epoch 15 step 200/491 (191s)
  [train] epoch 15 step 400/491 (382s)
Epoch [15/20] L:0.2707 D:0.2340 468s
  [train] epoch 16 step 200/491 (191s)
  [train] epoch 16 step 400/491 (381s)
Epoch [16/20] L:0.2622 D:0.2214 468s
  [val] starting (62 batches)
[haz] alpha: mean=0.2409 p50=0.0311 p90=0.7092 p95=0.8628 p99=1.0000
[haz] frac_alpha: >.5=0.242 >.9=0.042 >.95=0.034 >.99=0.032
[haz] bg_weight: p10=0.000 p50=0.000 p90=0.000  ent: p10=0.468 p50=0.621 p90=0.762
[haz] argmax_bin_hist (folded 32→16, %): [0.0, 0.0, 0.0, 0.0, 0.0, 0.5, 0.8, 4.3, 15.0, 33.2, 17.6, 14.0, 10.4, 3.8, 0.3, 0.0]
[haz] sliced: [0.1,1) AR=1.320 RMSE=1.153  [1,3) AR=0.227 RMSE=0.624  [3,6) AR=0.255 RMSE=1.287  [6,9.8) AR=0.448 RMSE=3.397  [9.8,10.001) AR=0.674 RMSE=6.826
  [val] 50/62 (28s)
  [val] done (62 batches, 35s)
  Val L:0.2372 ABS:0.4209 RMSE:1.3755 d1:0.5437
  >> Best Delta1:0.5437
  [train] epoch 17 step 200/491 (192s)
  [train] epoch 17 step 400/491 (382s)
Epoch [17/20] L:0.2542 D:0.2097 469s
  [train] epoch 18 step 200/491 (192s)
  [train] epoch 18 step 400/491 (382s)
Epoch [18/20] L:0.2472 D:0.1997 468s
  [val] starting (62 batches)
[haz] alpha: mean=0.2331 p50=0.0315 p90=0.6859 p95=0.8414 p99=1.0000
[haz] frac_alpha: >.5=0.229 >.9=0.039 >.95=0.034 >.99=0.032
[haz] bg_weight: p10=0.000 p50=0.000 p90=0.000  ent: p10=0.462 p50=0.614 p90=0.764
[haz] argmax_bin_hist (folded 32→16, %): [0.0, 0.0, 0.0, 0.0, 0.2, 0.6, 1.0, 5.8, 14.7, 31.7, 17.3, 13.2, 11.0, 3.9, 0.6, 0.0]
[haz] sliced: [0.1,1) AR=1.232 RMSE=1.127  [1,3) AR=0.236 RMSE=0.660  [3,6) AR=0.266 RMSE=1.366  [6,9.8) AR=0.440 RMSE=3.361  [9.8,10.001) AR=0.641 RMSE=6.517
  [val] 50/62 (27s)
  [val] done (62 batches, 34s)
  Val L:0.2480 ABS:0.4482 RMSE:1.3967 d1:0.5387
  [train] epoch 19 step 200/491 (190s)
  [train] epoch 19 step 400/491 (380s)
Epoch [19/20] L:0.2405 D:0.1902 466s
  [train] epoch 20 step 200/491 (190s)
  [train] epoch 20 step 400/491 (380s)
Epoch [20/20] L:0.2345 D:0.1817 466s
  [val] starting (62 batches)
[haz] alpha: mean=0.2354 p50=0.0271 p90=0.7050 p95=0.8420 p99=1.0000
[haz] frac_alpha: >.5=0.229 >.9=0.038 >.95=0.034 >.99=0.032
[haz] bg_weight: p10=0.000 p50=0.000 p90=0.000  ent: p10=0.455 p50=0.602 p90=0.738
[haz] argmax_bin_hist (folded 32→16, %): [0.0, 0.0, 0.0, 0.0, 0.3, 0.5, 0.8, 6.6, 12.8, 32.1, 19.8, 13.8, 9.2, 3.6, 0.3, 0.0]
[haz] sliced: [0.1,1) AR=1.226 RMSE=1.157  [1,3) AR=0.238 RMSE=0.653  [3,6) AR=0.274 RMSE=1.421  [6,9.8) AR=0.468 RMSE=3.557  [9.8,10.001) AR=0.661 RMSE=6.713
  [val] 50/62 (27s)
  [val] done (62 batches, 33s)
  Val L:0.2546 ABS:0.4388 RMSE:1.4224 d1:0.5329

Done. Best score:1.0757@ep10  RMSE:1.3436@ep-1  ABS:0.4106@ep12  D1:0.5437@ep16
