/opt/conda/lib/python3.11/site-packages/timm/models/layers/__init__.py:49: FutureWarning: Importing from timm.models.layers is deprecated, please import via timm.layers
  warnings.warn(f"Importing from {__name__} is deprecated, please import via timm.layers", FutureWarning)
/opt/conda/lib/python3.11/site-packages/torch/cuda/__init__.py:829: UserWarning: Can't initialize NVML
  warnings.warn("Can't initialize NVML")
============================================================
Model: echorange  Dataset: soundspaces
BS: 32  LR: 0.0001  Opt: AdamW
============================================================
Loaded scene split from /root/local1/changwoo/matterport3d_0303_renew/scene_split.json
  train: 72, val: 9, test: 9
[train] 23560 samples (fast cache: samples_train_erp_c7ed256fbb9b.json) [waveform=ON]
Loaded scene split from /root/local1/changwoo/matterport3d_0303_renew/scene_split.json
  train: 72, val: 9, test: 9
[val] 2951 samples (fast cache: samples_val_erp_89df6a83b017.json) [waveform=ON]
Train: 23560, Val: 2951
Loading weights:   0%|          | 0/210 [00:00<?, ?it/s]Loading weights: 100%|██████████| 210/210 [00:00<00:00, 4611.61it/s]
[1mWav2Vec2Model LOAD REPORT[0m from: facebook/wav2vec2-base-960h
Key               | Status     | 
------------------+------------+-
lm_head.weight    | UNEXPECTED | 
lm_head.bias      | UNEXPECTED | 
masked_spec_embed | MISSING    | 

Notes:
- UNEXPECTED:	can be ignored when loading from different task/architecture; not ok if you expect identical arch.
- MISSING:	those params were newly initialized because missing from the checkpoint. Consider training on your downstream task.
/opt/conda/lib/python3.11/site-packages/torch/cuda/__init__.py:829: UserWarning: Can't initialize NVML
  warnings.warn("Can't initialize NVML")
Model: echorange (132.6M params)
  [train] epoch 1 step 200/737 (87s)
  [train] epoch 1 step 400/737 (169s)
  [train] epoch 1 step 600/737 (252s)
Epoch [1/20] L:2.9724 D:0.4162 310s
  [train] epoch 2 step 200/737 (83s)
  [train] epoch 2 step 400/737 (166s)
  [train] epoch 2 step 600/737 (248s)
Epoch [2/20] L:2.8161 D:0.3530 304s
  [val] starting (93 batches)
  [val] 50/93 (10s)
  [val] done (93 batches, 20s)
  Val L:0.2599 ABS:0.5068 RMSE:1.4405 d1:0.4877
  >> Best score:1.1604 RMSE:1.4405 ABS:0.5068
  >> Best Delta1:0.4877
  [train] epoch 3 step 200/737 (83s)
  [train] epoch 3 step 400/737 (166s)
  [train] epoch 3 step 600/737 (249s)
Epoch [3/20] L:2.7539 D:0.3329 305s
  [train] epoch 4 step 200/737 (83s)
  [train] epoch 4 step 400/737 (166s)
  [train] epoch 4 step 600/737 (249s)
Epoch [4/20] L:2.7192 D:0.3219 305s
  [val] starting (93 batches)
  [val] 50/93 (11s)
  [val] done (93 batches, 20s)
  Val L:0.2459 ABS:0.4738 RMSE:1.3884 d1:0.5179
  >> Best score:1.1140 RMSE:1.3884 ABS:0.4738
  >> Best Delta1:0.5179
  [train] epoch 5 step 200/737 (83s)
  [train] epoch 5 step 400/737 (166s)
  [train] epoch 5 step 600/737 (249s)
Epoch [5/20] L:2.6888 D:0.3121 305s
  [train] epoch 6 step 200/737 (83s)
  [train] epoch 6 step 400/737 (166s)
  [train] epoch 6 step 600/737 (249s)
Epoch [6/20] L:2.6584 D:0.3018 305s
  [val] starting (93 batches)
  [val] 50/93 (11s)
  [val] done (93 batches, 19s)
  Val L:0.2428 ABS:0.4297 RMSE:1.4075 d1:0.5020
  >> Best ABS_REL:0.4297
  [train] epoch 7 step 200/737 (83s)
  [train] epoch 7 step 400/737 (165s)
  [train] epoch 7 step 600/737 (248s)
Epoch [7/20] L:2.6312 D:0.2916 304s
  [train] epoch 8 step 200/737 (83s)
  [train] epoch 8 step 400/737 (166s)
  [train] epoch 8 step 600/737 (248s)
Epoch [8/20] L:2.5958 D:0.2771 304s
  [val] starting (93 batches)
  [val] 50/93 (10s)
  [val] done (93 batches, 18s)
  Val L:0.2377 ABS:0.4407 RMSE:1.3769 d1:0.5243
  >> Best score:1.0961 RMSE:1.3769 ABS:0.4407
  >> Best Delta1:0.5243
  [train] epoch 9 step 200/737 (83s)
  [train] epoch 9 step 400/737 (166s)
  [train] epoch 9 step 600/737 (248s)
Epoch [9/20] L:2.5565 D:0.2609 305s
  [train] epoch 10 step 200/737 (83s)
  [train] epoch 10 step 400/737 (166s)
  [train] epoch 10 step 600/737 (248s)
Epoch [10/20] L:2.5165 D:0.2445 305s
  [val] starting (93 batches)
  [val] 50/93 (10s)
  [val] done (93 batches, 18s)
  Val L:0.2419 ABS:0.4512 RMSE:1.3890 d1:0.5256
  >> Best Delta1:0.5256
  [train] epoch 11 step 200/737 (83s)
  [train] epoch 11 step 400/737 (165s)
  [train] epoch 11 step 600/737 (248s)
Epoch [11/20] L:2.4779 D:0.2288 304s
  [train] epoch 12 step 200/737 (83s)
  [train] epoch 12 step 400/737 (166s)
  [train] epoch 12 step 600/737 (248s)
Epoch [12/20] L:2.4400 D:0.2148 305s
  [val] starting (93 batches)
  [val] 50/93 (10s)
  [val] done (93 batches, 19s)
  Val L:0.2492 ABS:0.4216 RMSE:1.4036 d1:0.5325
  >> Best ABS_REL:0.4216
  >> Best Delta1:0.5325
  [train] epoch 13 step 200/737 (83s)
  [train] epoch 13 step 400/737 (165s)
  [train] epoch 13 step 600/737 (248s)
Epoch [13/20] L:2.4046 D:0.2023 304s
  [train] epoch 14 step 200/737 (83s)
  [train] epoch 14 step 400/737 (166s)
  [train] epoch 14 step 600/737 (248s)
Epoch [14/20] L:2.3770 D:0.1927 305s
  [val] starting (93 batches)
  [val] 50/93 (10s)
  [val] done (93 batches, 18s)
  Val L:0.2530 ABS:0.4139 RMSE:1.4040 d1:0.5405
  >> Best ABS_REL:0.4139
  >> Best Delta1:0.5405
  [train] epoch 15 step 200/737 (83s)
  [train] epoch 15 step 400/737 (165s)
  [train] epoch 15 step 600/737 (248s)
Epoch [15/20] L:2.3475 D:0.1840 304s
  [train] epoch 16 step 200/737 (83s)
  [train] epoch 16 step 400/737 (166s)
  [train] epoch 16 step 600/737 (248s)
Epoch [16/20] L:2.3201 D:0.1761 305s
  [val] starting (93 batches)
  [val] 50/93 (10s)
  [val] done (93 batches, 19s)
  Val L:0.2545 ABS:0.4559 RMSE:1.4194 d1:0.5307
  [train] epoch 17 step 200/737 (83s)
  [train] epoch 17 step 400/737 (166s)
  [train] epoch 17 step 600/737 (248s)
Epoch [17/20] L:2.2955 D:0.1696 305s
  [train] epoch 18 step 200/737 (83s)
  [train] epoch 18 step 400/737 (166s)
  [train] epoch 18 step 600/737 (248s)
Epoch [18/20] L:2.2706 D:0.1625 305s
  [val] starting (93 batches)
  [val] 50/93 (10s)
  [val] done (93 batches, 19s)
  Val L:0.2608 ABS:0.4406 RMSE:1.4183 d1:0.5394
  [train] epoch 19 step 200/737 (83s)
  [train] epoch 19 step 400/737 (166s)
  [train] epoch 19 step 600/737 (248s)
Epoch [19/20] L:2.2475 D:0.1564 305s
  [train] epoch 20 step 200/737 (83s)
  [train] epoch 20 step 400/737 (166s)
  [train] epoch 20 step 600/737 (248s)
Epoch [20/20] L:2.2288 D:0.1522 304s
  [val] starting (93 batches)
  [val] 50/93 (10s)
  [val] done (93 batches, 19s)
  Val L:0.2527 ABS:0.4586 RMSE:1.3973 d1:0.5398

Done. Best score:1.0961@ep8  RMSE:1.3769@ep-1  ABS:0.4139@ep14  D1:0.5405@ep14
