/opt/conda/lib/python3.11/site-packages/timm/models/layers/__init__.py:49: FutureWarning: Importing from timm.models.layers is deprecated, please import via timm.layers
  warnings.warn(f"Importing from {__name__} is deprecated, please import via timm.layers", FutureWarning)
============================================================
Model: echorange  Dataset: soundspaces
BS: 32  LR: 0.0001  Opt: AdamW
============================================================
Loaded scene split from /root/local1/changwoo/matterport3d_0303_renew/scene_split.json
  train: 72, val: 9, test: 9
[train] 23560 samples (fast cache: samples_train_erp_c7ed256fbb9b.json) [waveform=ON]
Loaded scene split from /root/local1/changwoo/matterport3d_0303_renew/scene_split.json
  train: 72, val: 9, test: 9
[val] 2951 samples (fast cache: samples_val_erp_89df6a83b017.json) [waveform=ON]
Train: 23560, Val: 2951
Loading weights:   0%|          | 0/210 [00:00<?, ?it/s]Loading weights: 100%|██████████| 210/210 [00:00<00:00, 5638.73it/s]
[1mWav2Vec2Model LOAD REPORT[0m from: facebook/wav2vec2-base-960h
Key               | Status     | 
------------------+------------+-
lm_head.weight    | UNEXPECTED | 
lm_head.bias      | UNEXPECTED | 
masked_spec_embed | MISSING    | 

Notes:
- UNEXPECTED:	can be ignored when loading from different task/architecture; not ok if you expect identical arch.
- MISSING:	those params were newly initialized because missing from the checkpoint. Consider training on your downstream task.
Model: echorange (132.6M params)
  [train] epoch 1 step 200/737 (78s)
  [train] epoch 1 step 400/737 (153s)
  [train] epoch 1 step 600/737 (228s)
Epoch [1/40] L:0.3431 D:0.3431 280s
  [train] epoch 2 step 200/737 (76s)
  [train] epoch 2 step 400/737 (151s)
  [train] epoch 2 step 600/737 (226s)
Epoch [2/40] L:0.2258 D:0.2258 277s
  [val] starting (93 batches)
  [val] 50/93 (10s)
  [val] done (93 batches, 18s)
  Val L:0.2684 ABS:0.4582 RMSE:1.4885 d1:0.4340
  >> Best score:1.1794 RMSE:1.4885 ABS:0.4582
  >> Best Delta1:0.4340
  [train] epoch 3 step 200/737 (76s)
  [train] epoch 3 step 400/737 (151s)
  [train] epoch 3 step 600/737 (227s)
Epoch [3/40] L:0.2114 D:0.2114 279s
  [train] epoch 4 step 200/737 (76s)
  [train] epoch 4 step 400/737 (152s)
  [train] epoch 4 step 600/737 (227s)
Epoch [4/40] L:0.2033 D:0.2033 279s
  [val] starting (93 batches)
  [val] 50/93 (11s)
  [val] done (93 batches, 19s)
  Val L:0.2486 ABS:0.4521 RMSE:1.4269 d1:0.4891
  >> Best score:1.1344 RMSE:1.4269 ABS:0.4521
  >> Best Delta1:0.4891
  [train] epoch 5 step 200/737 (76s)
  [train] epoch 5 step 400/737 (151s)
  [train] epoch 5 step 600/737 (227s)
Epoch [5/40] L:0.1970 D:0.1970 278s
  [train] epoch 6 step 200/737 (76s)
  [train] epoch 6 step 400/737 (152s)
  [train] epoch 6 step 600/737 (227s)
Epoch [6/40] L:0.1936 D:0.1936 279s
  [val] starting (93 batches)
  [val] 50/93 (10s)
  [val] done (93 batches, 18s)
  Val L:0.2499 ABS:0.4149 RMSE:1.4536 d1:0.4415
  >> Best ABS_REL:0.4149
  [train] epoch 7 step 200/737 (76s)
  [train] epoch 7 step 400/737 (151s)
  [train] epoch 7 step 600/737 (227s)
Epoch [7/40] L:0.1885 D:0.1885 278s
  [train] epoch 8 step 200/737 (76s)
  [train] epoch 8 step 400/737 (152s)
  [train] epoch 8 step 600/737 (227s)
Epoch [8/40] L:0.1831 D:0.1831 279s
  [val] starting (93 batches)
  [val] 50/93 (10s)
  [val] done (93 batches, 18s)
  Val L:0.2433 ABS:0.4345 RMSE:1.3886 d1:0.5075
  >> Best score:1.1024 RMSE:1.3886 ABS:0.4345
  >> Best Delta1:0.5075
  [train] epoch 9 step 200/737 (76s)
  [train] epoch 9 step 400/737 (151s)
  [train] epoch 9 step 600/737 (227s)
Epoch [9/40] L:0.1774 D:0.1774 278s
  [train] epoch 10 step 200/737 (76s)
  [train] epoch 10 step 400/737 (151s)
  [train] epoch 10 step 600/737 (227s)
Epoch [10/40] L:0.1703 D:0.1703 278s
  [val] starting (93 batches)
  [val] 50/93 (10s)
  [val] done (93 batches, 18s)
  Val L:0.2465 ABS:0.4311 RMSE:1.4047 d1:0.5209
  >> Best ABS_REL:0.4311
  >> Best Delta1:0.5209
  [train] epoch 11 step 200/737 (75s)
  [train] epoch 11 step 400/737 (151s)
  [train] epoch 11 step 600/737 (226s)
Epoch [11/40] L:0.1636 D:0.1636 277s
  [train] epoch 12 step 200/737 (75s)
  [train] epoch 12 step 400/737 (151s)
  [train] epoch 12 step 600/737 (226s)
Epoch [12/40] L:0.1568 D:0.1568 277s
  [val] starting (93 batches)
  [val] 50/93 (10s)
  [val] done (93 batches, 18s)
  Val L:0.2442 ABS:0.4451 RMSE:1.3824 d1:0.5216
  >> Best score:1.1012 RMSE:1.3824 ABS:0.4451
  >> Best Delta1:0.5216
  [train] epoch 13 step 200/737 (75s)
  [train] epoch 13 step 400/737 (151s)
  [train] epoch 13 step 600/737 (226s)
Epoch [13/40] L:0.1507 D:0.1507 277s
  [train] epoch 14 step 200/737 (75s)
  [train] epoch 14 step 400/737 (150s)
  [train] epoch 14 step 600/737 (225s)
Epoch [14/40] L:0.1439 D:0.1439 277s
  [val] starting (93 batches)
  [val] 50/93 (10s)
  [val] done (93 batches, 18s)
  Val L:0.2551 ABS:0.4841 RMSE:1.4172 d1:0.5162
  [train] epoch 15 step 200/737 (75s)
  [train] epoch 15 step 400/737 (151s)
  [train] epoch 15 step 600/737 (226s)
Epoch [15/40] L:0.1392 D:0.1392 277s
  [train] epoch 16 step 200/737 (75s)
  [train] epoch 16 step 400/737 (150s)
  [train] epoch 16 step 600/737 (225s)
Epoch [16/40] L:0.1339 D:0.1339 277s
  [val] starting (93 batches)
  [val] 50/93 (10s)
  [val] done (93 batches, 17s)
  Val L:0.2515 ABS:0.4816 RMSE:1.3966 d1:0.5227
  >> Best Delta1:0.5227
  [train] epoch 17 step 200/737 (75s)
  [train] epoch 17 step 400/737 (150s)
  [train] epoch 17 step 600/737 (225s)
Epoch [17/40] L:0.1291 D:0.1291 276s
  [train] epoch 18 step 200/737 (75s)
  [train] epoch 18 step 400/737 (150s)
  [train] epoch 18 step 600/737 (225s)
Epoch [18/40] L:0.1248 D:0.1248 276s
  [val] starting (93 batches)
  [val] 50/93 (10s)
  [val] done (93 batches, 18s)
  Val L:0.2553 ABS:0.4387 RMSE:1.4160 d1:0.5222
  >> Best ABS_REL:0.4387
  [train] epoch 19 step 200/737 (75s)
  [train] epoch 19 step 400/737 (150s)
  [train] epoch 19 step 600/737 (225s)
Epoch [19/40] L:0.1211 D:0.1211 277s
  [train] epoch 20 step 200/737 (75s)
  [train] epoch 20 step 400/737 (150s)
  [train] epoch 20 step 600/737 (225s)
Epoch [20/40] L:0.1182 D:0.1182 277s
  [val] starting (93 batches)
  [val] 50/93 (10s)
  [val] done (93 batches, 18s)
  Val L:0.2599 ABS:0.4362 RMSE:1.4315 d1:0.5290
  >> Best ABS_REL:0.4362
  >> Best Delta1:0.5290
  [train] epoch 21 step 200/737 (75s)
  [train] epoch 21 step 400/737 (150s)
  [train] epoch 21 step 600/737 (225s)
Epoch [21/40] L:0.1139 D:0.1139 277s
  [train] epoch 22 step 200/737 (75s)
  [train] epoch 22 step 400/737 (150s)
  [train] epoch 22 step 600/737 (225s)
Epoch [22/40] L:0.1106 D:0.1106 277s
  [val] starting (93 batches)
  [val] 50/93 (10s)
  [val] done (93 batches, 18s)
  Val L:0.2683 ABS:0.4337 RMSE:1.4522 d1:0.5052
  >> Best ABS_REL:0.4337
  [train] epoch 23 step 200/737 (75s)
  [train] epoch 23 step 400/737 (150s)
  [train] epoch 23 step 600/737 (226s)
Epoch [23/40] L:0.1082 D:0.1082 277s
  [train] epoch 24 step 200/737 (75s)
  [train] epoch 24 step 400/737 (150s)
  [train] epoch 24 step 600/737 (226s)
Epoch [24/40] L:0.1060 D:0.1060 277s
  [val] starting (93 batches)
  [val] 50/93 (10s)
  [val] done (93 batches, 18s)
  Val L:0.2606 ABS:0.4615 RMSE:1.4325 d1:0.5317
  >> Best Delta1:0.5317
  [train] epoch 25 step 200/737 (75s)
  [train] epoch 25 step 400/737 (150s)
  [train] epoch 25 step 600/737 (225s)
Epoch [25/40] L:0.1023 D:0.1023 277s
  [train] epoch 26 step 200/737 (76s)
  [train] epoch 26 step 400/737 (151s)
  [train] epoch 26 step 600/737 (226s)
Epoch [26/40] L:0.1001 D:0.1001 277s
  [val] starting (93 batches)
  [val] 50/93 (10s)
  [val] done (93 batches, 18s)
  Val L:0.2612 ABS:0.4257 RMSE:1.4527 d1:0.5321
  >> Best ABS_REL:0.4257
  >> Best Delta1:0.5321
  [train] epoch 27 step 200/737 (75s)
  [train] epoch 27 step 400/737 (151s)
  [train] epoch 27 step 600/737 (226s)
Epoch [27/40] L:0.0981 D:0.0981 277s
  [train] epoch 28 step 200/737 (75s)
  [train] epoch 28 step 400/737 (150s)
  [train] epoch 28 step 600/737 (225s)
Epoch [28/40] L:0.0953 D:0.0953 277s
  [val] starting (93 batches)
  [val] 50/93 (10s)
  [val] done (93 batches, 18s)
  Val L:0.2660 ABS:0.4398 RMSE:1.4513 d1:0.5280
  [train] epoch 29 step 200/737 (75s)
  [train] epoch 29 step 400/737 (150s)
  [train] epoch 29 step 600/737 (225s)
Epoch [29/40] L:0.0934 D:0.0934 277s
  [train] epoch 30 step 200/737 (75s)
  [train] epoch 30 step 400/737 (150s)
  [train] epoch 30 step 600/737 (225s)
Epoch [30/40] L:0.0911 D:0.0911 277s
  [val] starting (93 batches)
  [val] 50/93 (10s)
  [val] done (93 batches, 18s)
  Val L:0.2631 ABS:0.4287 RMSE:1.4490 d1:0.5383
  >> Best Delta1:0.5383
  [train] epoch 31 step 200/737 (75s)
  [train] epoch 31 step 400/737 (151s)
  [train] epoch 31 step 600/737 (226s)
Epoch [31/40] L:0.0889 D:0.0889 277s
  [train] epoch 32 step 200/737 (75s)
  [train] epoch 32 step 400/737 (150s)
  [train] epoch 32 step 600/737 (225s)
Epoch [32/40] L:0.0867 D:0.0867 277s
  [val] starting (93 batches)
  [val] 50/93 (10s)
  [val] done (93 batches, 18s)
  Val L:0.2634 ABS:0.4321 RMSE:1.4572 d1:0.5251
  [train] epoch 33 step 200/737 (75s)
  [train] epoch 33 step 400/737 (151s)
  [train] epoch 33 step 600/737 (226s)
Epoch [33/40] L:0.0850 D:0.0850 277s
  [train] epoch 34 step 200/737 (75s)
  [train] epoch 34 step 400/737 (150s)
  [train] epoch 34 step 600/737 (225s)
Epoch [34/40] L:0.0831 D:0.0831 277s
  [val] starting (93 batches)
  [val] 50/93 (10s)
  [val] done (93 batches, 18s)
  Val L:0.2686 ABS:0.4636 RMSE:1.4690 d1:0.5348
  [train] epoch 35 step 200/737 (75s)
  [train] epoch 35 step 400/737 (150s)
  [train] epoch 35 step 600/737 (225s)
Epoch [35/40] L:0.0818 D:0.0818 277s
  [train] epoch 36 step 200/737 (75s)
  [train] epoch 36 step 400/737 (150s)
  [train] epoch 36 step 600/737 (226s)
Epoch [36/40] L:0.0797 D:0.0797 277s
  [val] starting (93 batches)
  [val] 50/93 (10s)
  [val] done (93 batches, 18s)
  Val L:0.2668 ABS:0.4890 RMSE:1.4674 d1:0.5300
  [train] epoch 37 step 200/737 (75s)
  [train] epoch 37 step 400/737 (150s)
  [train] epoch 37 step 600/737 (226s)
Epoch [37/40] L:0.0784 D:0.0784 277s
  [train] epoch 38 step 200/737 (75s)
  [train] epoch 38 step 400/737 (150s)
  [train] epoch 38 step 600/737 (226s)
Epoch [38/40] L:0.0767 D:0.0767 277s
  [val] starting (93 batches)
  [val] 50/93 (10s)
  [val] done (93 batches, 18s)
  Val L:0.2700 ABS:0.4475 RMSE:1.4644 d1:0.5308
  [train] epoch 39 step 200/737 (76s)
  [train] epoch 39 step 400/737 (151s)
  [train] epoch 39 step 600/737 (226s)
Epoch [39/40] L:0.0759 D:0.0759 277s
  [train] epoch 40 step 200/737 (75s)
  [train] epoch 40 step 400/737 (151s)
  [train] epoch 40 step 600/737 (226s)
Epoch [40/40] L:0.0747 D:0.0747 277s
  [val] starting (93 batches)
  [val] 50/93 (10s)
  [val] done (93 batches, 18s)
  Val L:0.2631 ABS:0.4386 RMSE:1.4544 d1:0.5338

Done. Best score:1.1012@ep12  RMSE:1.3824@ep-1  ABS:0.4257@ep26  D1:0.5383@ep30
