/opt/conda/lib/python3.11/site-packages/timm/models/layers/__init__.py:49: FutureWarning: Importing from timm.models.layers is deprecated, please import via timm.layers
  warnings.warn(f"Importing from {__name__} is deprecated, please import via timm.layers", FutureWarning)
Warning: You are sending unauthenticated requests to the HF Hub. Please set a HF_TOKEN to enable higher rate limits and faster downloads.
============================================================
Model: echorange  Dataset: soundspaces
BS: 48  LR: 0.0001  Opt: AdamW
============================================================
Loaded scene split from /root/local1/changwoo/matterport3d_0303renew/scene_split.json
  train: 72, val: 9, test: 9
[train] 23560 samples (fast cache: samples_train_erp_c7ed256fbb9b.json) [waveform=ON]
Loaded scene split from /root/local1/changwoo/matterport3d_0303renew/scene_split.json
  train: 72, val: 9, test: 9
[val] 2951 samples (fast cache: samples_val_erp_89df6a83b017.json) [waveform=ON]
Train: 23560, Val: 2951
Loading weights:   0%|          | 0/210 [00:00<?, ?it/s]Loading weights: 100%|██████████| 210/210 [00:00<00:00, 6194.60it/s]
[transformers] [1mWav2Vec2Model LOAD REPORT[0m from: facebook/wav2vec2-base-960h
Key               | Status     | 
------------------+------------+-
lm_head.bias      | UNEXPECTED | 
lm_head.weight    | UNEXPECTED | 
masked_spec_embed | MISSING    | 

Notes:
- UNEXPECTED:	can be ignored when loading from different task/architecture; not ok if you expect identical arch.
- MISSING:	those params were newly initialized because missing from the checkpoint. Consider training on your downstream task.
Model: echorange (132.6M params)
  [train] epoch 1 step 200/491 (184s)
  [train] epoch 1 step 400/491 (367s)
Epoch [1/20] L:0.3880 D:0.4631 451s
  [train] epoch 2 step 200/491 (184s)
  [train] epoch 2 step 400/491 (369s)
Epoch [2/20] L:0.4064 D:0.3640 453s
  [val] starting (62 batches)
[haz] alpha: mean=0.2510 p50=0.0364 p90=0.8507 p95=0.9568 p99=1.0000
[haz] frac_alpha: >.5=0.244 >.9=0.078 >.95=0.053 >.99=0.036
[haz] bg_weight: p10=0.000 p50=0.000 p90=0.000  ent: p10=0.493 p50=0.720 p90=0.839
[haz] argmax_bin_hist (folded 32→16, %): [0.0, 0.0, 0.0, 0.0, 0.0, 0.0, 0.1, 0.2, 11.1, 30.0, 28.6, 14.2, 11.7, 3.7, 0.1, 0.4]
[haz] sliced: [0.1,1) AR=1.948 RMSE=1.475  [1,3) AR=0.275 RMSE=0.718  [3,6) AR=0.245 RMSE=1.193  [6,9.8) AR=0.440 RMSE=3.303  [9.8,10.001) AR=0.678 RMSE=6.796
  [val] 50/62 (29s)
  [val] done (62 batches, 35s)
  Val L:0.2767 ABS:0.5999 RMSE:1.4428 d1:0.4894
  >> Best (score:1.1899 RMSE:1.4428 ABS:0.5999)
  [train] epoch 3 step 200/491 (183s)
  [train] epoch 3 step 400/491 (366s)
Epoch [3/20] L:0.4778 D:0.3411 449s
  [train] epoch 4 step 200/491 (183s)
  [train] epoch 4 step 400/491 (365s)
Epoch [4/20] L:0.4666 D:0.3279 449s
  [val] starting (62 batches)
[haz] alpha: mean=0.2580 p50=0.0514 p90=0.7346 p95=0.8689 p99=1.0000
[haz] frac_alpha: >.5=0.282 >.9=0.043 >.95=0.034 >.99=0.031
[haz] bg_weight: p10=0.000 p50=0.000 p90=0.000  ent: p10=0.483 p50=0.679 p90=0.771
[haz] argmax_bin_hist (folded 32→16, %): [0.0, 0.0, 0.0, 0.1, 0.6, 0.4, 0.5, 5.2, 18.8, 28.3, 23.4, 14.2, 7.2, 1.2, 0.0, 0.0]
[haz] sliced: [0.1,1) AR=1.061 RMSE=0.929  [1,3) AR=0.203 RMSE=0.532  [3,6) AR=0.310 RMSE=1.513  [6,9.8) AR=0.526 RMSE=3.872  [9.8,10.001) AR=0.758 RMSE=7.607
  [val] 50/62 (28s)
  [val] done (62 batches, 35s)
  Val L:0.2398 ABS:0.3937 RMSE:1.4293 d1:0.4995
  >> Best (score:1.1186 RMSE:1.4293 ABS:0.3937)
  [train] epoch 5 step 200/491 (183s)
  [train] epoch 5 step 400/491 (365s)
Epoch [5/20] L:0.4580 D:0.3182 448s
  [train] epoch 6 step 200/491 (184s)
  [train] epoch 6 step 400/491 (366s)
Epoch [6/20] L:0.4519 D:0.3115 448s
  [val] starting (62 batches)
[haz] alpha: mean=0.2432 p50=0.0413 p90=0.7203 p95=0.8544 p99=1.0000
[haz] frac_alpha: >.5=0.236 >.9=0.038 >.95=0.032 >.99=0.031
[haz] bg_weight: p10=0.000 p50=0.000 p90=0.000  ent: p10=0.455 p50=0.642 p90=0.782
[haz] argmax_bin_hist (folded 32→16, %): [0.0, 0.0, 0.0, 0.0, 0.0, 0.4, 0.8, 3.0, 17.2, 35.1, 21.9, 11.0, 7.2, 3.2, 0.1, 0.0]
[haz] sliced: [0.1,1) AR=1.133 RMSE=0.985  [1,3) AR=0.217 RMSE=0.585  [3,6) AR=0.298 RMSE=1.457  [6,9.8) AR=0.478 RMSE=3.595  [9.8,10.001) AR=0.717 RMSE=7.206
  [val] 50/62 (28s)
  [val] done (62 batches, 34s)
  Val L:0.2384 ABS:0.4328 RMSE:1.4011 d1:0.5005
  >> Best (score:1.1106 RMSE:1.4011 ABS:0.4328)
  [train] epoch 7 step 200/491 (183s)
  [train] epoch 7 step 400/491 (366s)
Epoch [7/20] L:0.4457 D:0.3042 449s
  [train] epoch 8 step 200/491 (183s)
  [train] epoch 8 step 400/491 (365s)
Epoch [8/20] L:0.4399 D:0.2969 447s
  [val] starting (62 batches)
[haz] alpha: mean=0.2499 p50=0.0487 p90=0.7219 p95=0.8616 p99=1.0000
[haz] frac_alpha: >.5=0.251 >.9=0.041 >.95=0.033 >.99=0.031
[haz] bg_weight: p10=0.000 p50=0.000 p90=0.000  ent: p10=0.480 p50=0.629 p90=0.790
[haz] argmax_bin_hist (folded 32→16, %): [0.0, 0.0, 0.0, 0.0, 0.2, 0.6, 0.9, 6.5, 21.0, 23.6, 21.3, 15.1, 8.1, 2.6, 0.0, 0.0]
[haz] sliced: [0.1,1) AR=1.061 RMSE=0.952  [1,3) AR=0.225 RMSE=0.594  [3,6) AR=0.300 RMSE=1.467  [6,9.8) AR=0.486 RMSE=3.635  [9.8,10.001) AR=0.689 RMSE=6.944
  [val] 50/62 (28s)
  [val] done (62 batches, 34s)
  Val L:0.2421 ABS:0.3884 RMSE:1.4083 d1:0.5008
  >> Best (score:1.1023 RMSE:1.4083 ABS:0.3884)
  [train] epoch 9 step 200/491 (182s)
  [train] epoch 9 step 400/491 (365s)
Epoch [9/20] L:0.4330 D:0.2882 448s
  [train] epoch 10 step 200/491 (182s)
  [train] epoch 10 step 400/491 (365s)
Epoch [10/20] L:0.4259 D:0.2788 448s
  [val] starting (62 batches)
[haz] alpha: mean=0.2458 p50=0.0396 p90=0.7093 p95=0.8485 p99=1.0000
[haz] frac_alpha: >.5=0.248 >.9=0.038 >.95=0.032 >.99=0.031
[haz] bg_weight: p10=0.000 p50=0.000 p90=0.000  ent: p10=0.442 p50=0.613 p90=0.766
[haz] argmax_bin_hist (folded 32→16, %): [0.0, 0.0, 0.0, 0.0, 0.3, 0.6, 1.0, 3.6, 16.3, 39.6, 14.7, 11.2, 9.9, 2.5, 0.2, 0.0]
[haz] sliced: [0.1,1) AR=1.001 RMSE=0.943  [1,3) AR=0.205 RMSE=0.572  [3,6) AR=0.283 RMSE=1.403  [6,9.8) AR=0.455 RMSE=3.463  [9.8,10.001) AR=0.701 RMSE=7.070
  [val] 50/62 (28s)
  [val] done (62 batches, 34s)
  Val L:0.2356 ABS:0.3827 RMSE:1.3875 d1:0.5285
  >> Best (score:1.0861 RMSE:1.3875 ABS:0.3827)
  [train] epoch 11 step 200/491 (183s)
  [train] epoch 11 step 400/491 (366s)
Epoch [11/20] L:0.4184 D:0.2689 448s
  [train] epoch 12 step 200/491 (182s)
  [train] epoch 12 step 400/491 (364s)
Epoch [12/20] L:0.4089 D:0.2564 447s
  [val] starting (62 batches)
[haz] alpha: mean=0.2211 p50=0.0269 p90=0.6705 p95=0.8084 p99=1.0000
[haz] frac_alpha: >.5=0.204 >.9=0.034 >.95=0.032 >.99=0.031
[haz] bg_weight: p10=0.000 p50=0.000 p90=0.000  ent: p10=0.461 p50=0.638 p90=0.771
[haz] argmax_bin_hist (folded 32→16, %): [0.0, 0.0, 0.0, 0.1, 0.4, 0.6, 0.6, 1.3, 14.2, 27.7, 25.0, 15.1, 12.0, 2.9, 0.1, 0.0]
[haz] sliced: [0.1,1) AR=1.353 RMSE=1.187  [1,3) AR=0.246 RMSE=0.618  [3,6) AR=0.232 RMSE=1.172  [6,9.8) AR=0.436 RMSE=3.294  [9.8,10.001) AR=0.676 RMSE=6.801
  [val] 50/62 (28s)
  [val] done (62 batches, 34s)
  Val L:0.2342 ABS:0.4330 RMSE:1.3530 d1:0.5358
  >> Best (score:1.0770 RMSE:1.3530 ABS:0.4330)
  [train] epoch 13 step 200/491 (182s)
  [train] epoch 13 step 400/491 (365s)
Epoch [13/20] L:0.4003 D:0.2450 448s
  [train] epoch 14 step 200/491 (184s)
  [train] epoch 14 step 400/491 (366s)
Epoch [14/20] L:0.3906 D:0.2324 449s
  [val] starting (62 batches)
[haz] alpha: mean=0.2470 p50=0.0414 p90=0.7161 p95=0.8409 p99=1.0000
[haz] frac_alpha: >.5=0.250 >.9=0.036 >.95=0.032 >.99=0.031
[haz] bg_weight: p10=0.000 p50=0.000 p90=0.000  ent: p10=0.466 p50=0.602 p90=0.773
[haz] argmax_bin_hist (folded 32→16, %): [0.0, 0.0, 0.0, 0.0, 0.1, 0.7, 0.9, 7.7, 19.1, 26.0, 21.4, 14.5, 7.1, 2.4, 0.1, 0.0]
[haz] sliced: [0.1,1) AR=1.076 RMSE=0.943  [1,3) AR=0.217 RMSE=0.552  [3,6) AR=0.278 RMSE=1.386  [6,9.8) AR=0.482 RMSE=3.592  [9.8,10.001) AR=0.692 RMSE=6.969
  [val] 50/62 (28s)
  [val] done (62 batches, 35s)
  Val L:0.2471 ABS:0.4210 RMSE:1.4079 d1:0.5227
  [train] epoch 15 step 200/491 (182s)
  [train] epoch 15 step 400/491 (365s)
Epoch [15/20] L:0.3812 D:0.2205 448s
  [train] epoch 16 step 200/491 (182s)
  [train] epoch 16 step 400/491 (366s)
Epoch [16/20] L:0.3722 D:0.2090 449s
  [val] starting (62 batches)
[haz] alpha: mean=0.2293 p50=0.0256 p90=0.6751 p95=0.8102 p99=1.0000
[haz] frac_alpha: >.5=0.220 >.9=0.035 >.95=0.033 >.99=0.031
[haz] bg_weight: p10=0.000 p50=0.000 p90=0.000  ent: p10=0.458 p50=0.606 p90=0.748
[haz] argmax_bin_hist (folded 32→16, %): [0.0, 0.0, 0.0, 0.0, 0.2, 0.5, 0.7, 3.7, 16.5, 29.4, 19.2, 15.0, 11.0, 3.7, 0.1, 0.0]
[haz] sliced: [0.1,1) AR=1.175 RMSE=1.074  [1,3) AR=0.229 RMSE=0.610  [3,6) AR=0.247 RMSE=1.276  [6,9.8) AR=0.435 RMSE=3.330  [9.8,10.001) AR=0.649 RMSE=6.611
  [val] 50/62 (28s)
  [val] done (62 batches, 34s)
  Val L:0.2422 ABS:0.4426 RMSE:1.3776 d1:0.5380
  [train] epoch 17 step 200/491 (183s)
  [train] epoch 17 step 400/491 (365s)
Epoch [17/20] L:0.3649 D:0.2000 448s
  [train] epoch 18 step 200/491 (183s)
  [train] epoch 18 step 400/491 (365s)
Epoch [18/20] L:0.3577 D:0.1915 448s
  [val] starting (62 batches)
[haz] alpha: mean=0.2366 p50=0.0315 p90=0.7057 p95=0.8344 p99=1.0000
[haz] frac_alpha: >.5=0.231 >.9=0.036 >.95=0.033 >.99=0.031
[haz] bg_weight: p10=0.000 p50=0.000 p90=0.000  ent: p10=0.451 p50=0.585 p90=0.755
[haz] argmax_bin_hist (folded 32→16, %): [0.0, 0.0, 0.0, 0.0, 0.2, 1.2, 1.2, 5.4, 18.3, 28.8, 18.3, 12.4, 10.1, 3.6, 0.5, 0.0]
[haz] sliced: [0.1,1) AR=1.062 RMSE=0.998  [1,3) AR=0.226 RMSE=0.609  [3,6) AR=0.265 RMSE=1.344  [6,9.8) AR=0.442 RMSE=3.375  [9.8,10.001) AR=0.656 RMSE=6.704
  [val] 50/62 (27s)
  [val] done (62 batches, 34s)
  Val L:0.2532 ABS:0.4418 RMSE:1.3994 d1:0.5310
  [train] epoch 19 step 200/491 (183s)
  [train] epoch 19 step 400/491 (365s)
Epoch [19/20] L:0.3500 D:0.1822 448s
  [train] epoch 20 step 200/491 (182s)
  [train] epoch 20 step 400/491 (364s)
Epoch [20/20] L:0.3436 D:0.1746 447s
  [val] starting (62 batches)
[haz] alpha: mean=0.2376 p50=0.0358 p90=0.6976 p95=0.8145 p99=1.0000
[haz] frac_alpha: >.5=0.229 >.9=0.035 >.95=0.033 >.99=0.031
[haz] bg_weight: p10=0.000 p50=0.000 p90=0.000  ent: p10=0.464 p50=0.591 p90=0.747
[haz] argmax_bin_hist (folded 32→16, %): [0.0, 0.0, 0.0, 0.0, 0.1, 0.8, 1.7, 11.1, 14.3, 29.1, 16.0, 12.2, 10.3, 4.0, 0.4, 0.0]
[haz] sliced: [0.1,1) AR=1.042 RMSE=0.997  [1,3) AR=0.242 RMSE=0.646  [3,6) AR=0.258 RMSE=1.289  [6,9.8) AR=0.445 RMSE=3.369  [9.8,10.001) AR=0.638 RMSE=6.452
  [val] 50/62 (27s)
  [val] done (62 batches, 34s)
  Val L:0.2559 ABS:0.4326 RMSE:1.4056 d1:0.5241

Done. Best score:1.0770 RMSE:1.3530 ABS:0.4330
