/opt/conda/lib/python3.11/site-packages/timm/models/layers/__init__.py:49: FutureWarning: Importing from timm.models.layers is deprecated, please import via timm.layers
  warnings.warn(f"Importing from {__name__} is deprecated, please import via timm.layers", FutureWarning)
Warning: You are sending unauthenticated requests to the HF Hub. Please set a HF_TOKEN to enable higher rate limits and faster downloads.
============================================================
Model: echorange  Dataset: soundspaces
BS: 48  LR: 0.0001  Opt: AdamW
============================================================
Loaded scene split from /root/local1/changwoo/matterport3d_0303renew/scene_split.json
  train: 72, val: 9, test: 9
[train] 23560 samples (fast cache: samples_train_erp_c7ed256fbb9b.json) [waveform=ON]
Loaded scene split from /root/local1/changwoo/matterport3d_0303renew/scene_split.json
  train: 72, val: 9, test: 9
[val] 2951 samples (fast cache: samples_val_erp_89df6a83b017.json) [waveform=ON]
Train: 23560, Val: 2951
Loading weights:   0%|          | 0/210 [00:00<?, ?it/s]Loading weights: 100%|██████████| 210/210 [00:00<00:00, 5965.48it/s]
[transformers] [1mWav2Vec2Model LOAD REPORT[0m from: facebook/wav2vec2-base-960h
Key               | Status     | 
------------------+------------+-
lm_head.bias      | UNEXPECTED | 
lm_head.weight    | UNEXPECTED | 
masked_spec_embed | MISSING    | 

Notes:
- UNEXPECTED:	can be ignored when loading from different task/architecture; not ok if you expect identical arch.
- MISSING:	those params were newly initialized because missing from the checkpoint. Consider training on your downstream task.
Model: echorange (132.6M params)
  [train] epoch 1 step 200/491 (185s)
  [train] epoch 1 step 400/491 (370s)
Epoch [1/20] L:0.3833 D:0.4556 454s
  [train] epoch 2 step 200/491 (185s)
  [train] epoch 2 step 400/491 (371s)
Epoch [2/20] L:0.3983 D:0.3542 455s
  [val] starting (62 batches)
[haz] alpha: mean=0.3017 p50=0.0787 p90=0.9115 p95=0.9808 p99=1.0000
[haz] frac_alpha: >.5=0.306 >.9=0.107 >.95=0.074 >.99=0.043
[haz] bg_weight: p10=0.000 p50=0.000 p90=0.000  ent: p10=0.525 p50=0.720 p90=0.791
[haz] argmax_bin_hist (folded 32→16, %): [0.0, 0.0, 0.0, 0.0, 0.2, 1.0, 0.7, 3.7, 18.9, 43.8, 23.1, 6.9, 1.5, 0.1, 0.0, 0.0]
[haz] sliced: [0.1,1) AR=0.855 RMSE=0.715  [1,3) AR=0.196 RMSE=0.510  [3,6) AR=0.414 RMSE=1.915  [6,9.8) AR=0.630 RMSE=4.518  [9.8,10.001) AR=0.804 RMSE=8.055
  [val] 50/62 (29s)
  [val] done (62 batches, 36s)
  Val L:0.2685 ABS:0.4003 RMSE:1.5538 d1:0.4468
  >> Best (score:1.2077 RMSE:1.5538 ABS:0.4003)
  [train] epoch 3 step 200/491 (187s)
  [train] epoch 3 step 400/491 (374s)
Epoch [3/20] L:0.4680 D:0.3317 459s
  [train] epoch 4 step 200/491 (184s)
  [train] epoch 4 step 400/491 (367s)
Epoch [4/20] L:0.4569 D:0.3188 449s
  [val] starting (62 batches)
[haz] alpha: mean=0.2539 p50=0.0516 p90=0.7728 p95=0.9000 p99=1.0000
[haz] frac_alpha: >.5=0.264 >.9=0.050 >.95=0.036 >.99=0.032
[haz] bg_weight: p10=0.000 p50=0.000 p90=0.000  ent: p10=0.470 p50=0.690 p90=0.839
[haz] argmax_bin_hist (folded 32→16, %): [0.0, 0.0, 0.0, 0.1, 0.5, 0.7, 1.5, 2.6, 16.6, 29.6, 21.5, 17.3, 9.3, 0.4, 0.0, 0.0]
[haz] sliced: [0.1,1) AR=1.263 RMSE=1.071  [1,3) AR=0.209 RMSE=0.530  [3,6) AR=0.288 RMSE=1.444  [6,9.8) AR=0.532 RMSE=3.880  [9.8,10.001) AR=0.735 RMSE=7.371
  [val] 50/62 (27s)
  [val] done (62 batches, 33s)
  Val L:0.2444 ABS:0.4349 RMSE:1.4200 d1:0.4981
  >> Best (score:1.1244 RMSE:1.4200 ABS:0.4349)
  [train] epoch 5 step 200/491 (184s)
  [train] epoch 5 step 400/491 (367s)
Epoch [5/20] L:0.4487 D:0.3090 450s
  [train] epoch 6 step 200/491 (183s)
  [train] epoch 6 step 400/491 (366s)
Epoch [6/20] L:0.4412 D:0.3005 449s
  [val] starting (62 batches)
[haz] alpha: mean=0.2332 p50=0.0412 p90=0.7009 p95=0.8457 p99=1.0000
[haz] frac_alpha: >.5=0.220 >.9=0.037 >.95=0.032 >.99=0.031
[haz] bg_weight: p10=0.000 p50=0.000 p90=0.000  ent: p10=0.477 p50=0.675 p90=0.815
[haz] argmax_bin_hist (folded 32→16, %): [0.0, 0.0, 0.0, 0.1, 0.4, 0.5, 1.1, 1.8, 15.7, 31.7, 20.1, 14.7, 10.5, 3.0, 0.4, 0.0]
[haz] sliced: [0.1,1) AR=1.189 RMSE=1.082  [1,3) AR=0.222 RMSE=0.600  [3,6) AR=0.255 RMSE=1.261  [6,9.8) AR=0.437 RMSE=3.308  [9.8,10.001) AR=0.641 RMSE=6.471
  [val] 50/62 (27s)
  [val] done (62 batches, 33s)
  Val L:0.2359 ABS:0.4527 RMSE:1.3681 d1:0.5124
  >> Best (score:1.0934 RMSE:1.3681 ABS:0.4527)
  [train] epoch 7 step 200/491 (183s)
  [train] epoch 7 step 400/491 (366s)
Epoch [7/20] L:0.4324 D:0.2897 449s
  [train] epoch 8 step 200/491 (184s)
  [train] epoch 8 step 400/491 (367s)
Epoch [8/20] L:0.4245 D:0.2795 450s
  [val] starting (62 batches)
[haz] alpha: mean=0.2421 p50=0.0320 p90=0.7082 p95=0.8584 p99=1.0000
[haz] frac_alpha: >.5=0.243 >.9=0.041 >.95=0.034 >.99=0.031
[haz] bg_weight: p10=0.000 p50=0.000 p90=0.000  ent: p10=0.454 p50=0.608 p90=0.770
[haz] argmax_bin_hist (folded 32→16, %): [0.0, 0.0, 0.0, 0.0, 0.0, 0.2, 0.5, 1.1, 16.9, 37.4, 18.2, 13.8, 9.7, 2.0, 0.1, 0.0]
[haz] sliced: [0.1,1) AR=1.292 RMSE=1.059  [1,3) AR=0.211 RMSE=0.568  [3,6) AR=0.277 RMSE=1.371  [6,9.8) AR=0.469 RMSE=3.514  [9.8,10.001) AR=0.678 RMSE=6.843
  [val] 50/62 (29s)
  [val] done (62 batches, 35s)
  Val L:0.2343 ABS:0.4292 RMSE:1.3587 d1:0.5316
  >> Best (score:1.0799 RMSE:1.3587 ABS:0.4292)
  [train] epoch 9 step 200/491 (183s)
  [train] epoch 9 step 400/491 (367s)
Epoch [9/20] L:0.4147 D:0.2664 451s
  [train] epoch 10 step 200/491 (184s)
  [train] epoch 10 step 400/491 (368s)
Epoch [10/20] L:0.4042 D:0.2526 451s
  [val] starting (62 batches)
[haz] alpha: mean=0.2317 p50=0.0353 p90=0.6870 p95=0.8476 p99=1.0000
[haz] frac_alpha: >.5=0.218 >.9=0.040 >.95=0.034 >.99=0.031
[haz] bg_weight: p10=0.000 p50=0.000 p90=0.000  ent: p10=0.464 p50=0.621 p90=0.784
[haz] argmax_bin_hist (folded 32→16, %): [0.0, 0.0, 0.0, 0.0, 0.2, 0.6, 1.4, 3.9, 15.0, 29.6, 22.4, 13.3, 9.9, 3.6, 0.1, 0.0]
[haz] sliced: [0.1,1) AR=1.153 RMSE=1.017  [1,3) AR=0.223 RMSE=0.595  [3,6) AR=0.265 RMSE=1.342  [6,9.8) AR=0.464 RMSE=3.527  [9.8,10.001) AR=0.699 RMSE=7.041
  [val] 50/62 (27s)
  [val] done (62 batches, 34s)
  Val L:0.2376 ABS:0.4114 RMSE:1.3752 d1:0.5300
  [train] epoch 11 step 200/491 (183s)
  [train] epoch 11 step 400/491 (367s)
Epoch [11/20] L:0.3946 D:0.2399 451s
  [train] epoch 12 step 200/491 (185s)
  [train] epoch 12 step 400/491 (368s)
Epoch [12/20] L:0.3848 D:0.2271 451s
  [val] starting (62 batches)
[haz] alpha: mean=0.2323 p50=0.0279 p90=0.6995 p95=0.8499 p99=1.0000
[haz] frac_alpha: >.5=0.225 >.9=0.039 >.95=0.033 >.99=0.031
[haz] bg_weight: p10=0.000 p50=0.000 p90=0.000  ent: p10=0.442 p50=0.598 p90=0.770
[haz] argmax_bin_hist (folded 32→16, %): [0.0, 0.0, 0.0, 0.0, 0.0, 0.5, 1.0, 4.2, 12.4, 35.6, 18.8, 11.8, 10.2, 5.0, 0.4, 0.0]
[haz] sliced: [0.1,1) AR=1.271 RMSE=1.135  [1,3) AR=0.230 RMSE=0.625  [3,6) AR=0.257 RMSE=1.305  [6,9.8) AR=0.431 RMSE=3.312  [9.8,10.001) AR=0.645 RMSE=6.571
  [val] 50/62 (27s)
  [val] done (62 batches, 34s)
  Val L:0.2396 ABS:0.4229 RMSE:1.3749 d1:0.5306
  [train] epoch 13 step 200/491 (183s)
  [train] epoch 13 step 400/491 (366s)
Epoch [13/20] L:0.3764 D:0.2165 449s
  [train] epoch 14 step 200/491 (183s)
  [train] epoch 14 step 400/491 (366s)
Epoch [14/20] L:0.3677 D:0.2054 450s
  [val] starting (62 batches)
[haz] alpha: mean=0.2482 p50=0.0370 p90=0.7169 p95=0.8531 p99=1.0000
[haz] frac_alpha: >.5=0.254 >.9=0.039 >.95=0.033 >.99=0.031
[haz] bg_weight: p10=0.000 p50=0.000 p90=0.000  ent: p10=0.467 p50=0.589 p90=0.748
[haz] argmax_bin_hist (folded 32→16, %): [0.0, 0.0, 0.0, 0.0, 0.0, 0.2, 1.7, 6.6, 23.0, 28.6, 14.2, 12.0, 9.8, 3.7, 0.1, 0.0]
[haz] sliced: [0.1,1) AR=1.011 RMSE=0.951  [1,3) AR=0.228 RMSE=0.631  [3,6) AR=0.276 RMSE=1.393  [6,9.8) AR=0.458 RMSE=3.466  [9.8,10.001) AR=0.658 RMSE=6.698
  [val] 50/62 (27s)
  [val] done (62 batches, 34s)
  Val L:0.2475 ABS:0.4120 RMSE:1.3968 d1:0.5258
  [train] epoch 15 step 200/491 (183s)
  [train] epoch 15 step 400/491 (366s)
Epoch [15/20] L:0.3595 D:0.1954 449s
  [train] epoch 16 step 200/491 (184s)
  [train] epoch 16 step 400/491 (367s)
Epoch [16/20] L:0.3526 D:0.1871 452s
  [val] starting (62 batches)
[haz] alpha: mean=0.2444 p50=0.0308 p90=0.7122 p95=0.8401 p99=1.0000
[haz] frac_alpha: >.5=0.253 >.9=0.037 >.95=0.032 >.99=0.031
[haz] bg_weight: p10=0.000 p50=0.000 p90=0.000  ent: p10=0.454 p50=0.585 p90=0.739
[haz] argmax_bin_hist (folded 32→16, %): [0.0, 0.0, 0.0, 0.0, 0.1, 0.6, 1.7, 5.7, 16.9, 30.2, 19.5, 12.2, 9.5, 3.5, 0.2, 0.0]
[haz] sliced: [0.1,1) AR=1.186 RMSE=1.138  [1,3) AR=0.209 RMSE=0.592  [3,6) AR=0.259 RMSE=1.325  [6,9.8) AR=0.438 RMSE=3.362  [9.8,10.001) AR=0.621 RMSE=6.322
  [val] 50/62 (28s)
  [val] done (62 batches, 34s)
  Val L:0.2444 ABS:0.4097 RMSE:1.3849 d1:0.5464
  [train] epoch 17 step 200/491 (184s)
  [train] epoch 17 step 400/491 (367s)
Epoch [17/20] L:0.3462 D:0.1797 450s
  [train] epoch 18 step 200/491 (184s)
  [train] epoch 18 step 400/491 (366s)
Epoch [18/20] L:0.3400 D:0.1726 450s
  [val] starting (62 batches)
[haz] alpha: mean=0.2473 p50=0.0272 p90=0.7190 p95=0.8445 p99=1.0000
[haz] frac_alpha: >.5=0.258 >.9=0.037 >.95=0.032 >.99=0.031
[haz] bg_weight: p10=0.000 p50=0.000 p90=0.000  ent: p10=0.454 p50=0.571 p90=0.719
[haz] argmax_bin_hist (folded 32→16, %): [0.0, 0.0, 0.0, 0.0, 0.0, 0.5, 1.4, 5.3, 19.0, 29.9, 17.4, 13.8, 9.5, 3.1, 0.1, 0.0]
[haz] sliced: [0.1,1) AR=1.176 RMSE=1.118  [1,3) AR=0.225 RMSE=0.625  [3,6) AR=0.270 RMSE=1.358  [6,9.8) AR=0.461 RMSE=3.470  [9.8,10.001) AR=0.634 RMSE=6.499
  [val] 50/62 (27s)
  [val] done (62 batches, 34s)
  Val L:0.2485 ABS:0.4306 RMSE:1.3994 d1:0.5406
  [train] epoch 19 step 200/491 (183s)
  [train] epoch 19 step 400/491 (365s)
Epoch [19/20] L:0.3340 D:0.1658 448s
  [train] epoch 20 step 200/491 (184s)
  [train] epoch 20 step 400/491 (369s)
Epoch [20/20] L:0.3279 D:0.1591 454s
  [val] starting (62 batches)
[haz] alpha: mean=0.2406 p50=0.0255 p90=0.7077 p95=0.8117 p99=1.0000
[haz] frac_alpha: >.5=0.242 >.9=0.034 >.95=0.032 >.99=0.031
[haz] bg_weight: p10=0.000 p50=0.000 p90=0.000  ent: p10=0.457 p50=0.553 p90=0.719
[haz] argmax_bin_hist (folded 32→16, %): [0.0, 0.0, 0.0, 0.0, 0.1, 0.5, 0.8, 6.0, 17.0, 31.1, 20.3, 13.4, 9.2, 1.4, 0.1, 0.0]
[haz] sliced: [0.1,1) AR=1.077 RMSE=0.972  [1,3) AR=0.220 RMSE=0.600  [3,6) AR=0.282 RMSE=1.446  [6,9.8) AR=0.492 RMSE=3.682  [9.8,10.001) AR=0.617 RMSE=6.359
  [val] 50/62 (28s)
  [val] done (62 batches, 34s)
  Val L:0.2545 ABS:0.4353 RMSE:1.4205 d1:0.5391

Done. Best score:1.0799 RMSE:1.3587 ABS:0.4292
