/opt/conda/lib/python3.11/site-packages/timm/models/layers/__init__.py:49: FutureWarning: Importing from timm.models.layers is deprecated, please import via timm.layers
  warnings.warn(f"Importing from {__name__} is deprecated, please import via timm.layers", FutureWarning)
============================================================
Model: echorange  Dataset: soundspaces
BS: 32  LR: 0.0001  Opt: AdamW
============================================================
Loaded scene split from /root/local1/changwoo/matterport3d_0303_renew/scene_split.json
  train: 72, val: 9, test: 9
[train] 23560 samples (fast cache: samples_train_erp_c7ed256fbb9b.json) [waveform=ON]
Loaded scene split from /root/local1/changwoo/matterport3d_0303_renew/scene_split.json
  train: 72, val: 9, test: 9
[val] 2951 samples (fast cache: samples_val_erp_89df6a83b017.json) [waveform=ON]
Train: 23560, Val: 2951
Loading weights:   0%|          | 0/210 [00:00<?, ?it/s]Loading weights: 100%|██████████| 210/210 [00:00<00:00, 5410.64it/s]
[1mWav2Vec2Model LOAD REPORT[0m from: facebook/wav2vec2-base-960h
Key               | Status     | 
------------------+------------+-
lm_head.weight    | UNEXPECTED | 
lm_head.bias      | UNEXPECTED | 
masked_spec_embed | MISSING    | 

Notes:
- UNEXPECTED:	can be ignored when loading from different task/architecture; not ok if you expect identical arch.
- MISSING:	those params were newly initialized because missing from the checkpoint. Consider training on your downstream task.
Model: echorange (132.6M params)
  [train] epoch 1 step 200/737 (82s)
  [train] epoch 1 step 400/737 (163s)
  [train] epoch 1 step 600/737 (243s)
Epoch [1/40] L:2.9611 D:0.4133 298s
  [train] epoch 2 step 200/737 (81s)
  [train] epoch 2 step 400/737 (161s)
  [train] epoch 2 step 600/737 (241s)
Epoch [2/40] L:2.7983 D:0.3492 296s
  [val] starting (93 batches)
  [val] 50/93 (10s)
  [val] done (93 batches, 19s)
  Val L:0.2466 ABS:0.4437 RMSE:1.4155 d1:0.5097
  >> Best score:1.1240 RMSE:1.4155 ABS:0.4437
  >> Best Delta1:0.5097
  [train] epoch 3 step 200/737 (81s)
  [train] epoch 3 step 400/737 (161s)
  [train] epoch 3 step 600/737 (241s)
Epoch [3/40] L:2.7348 D:0.3291 296s
  [train] epoch 4 step 200/737 (80s)
  [train] epoch 4 step 400/737 (161s)
  [train] epoch 4 step 600/737 (241s)
Epoch [4/40] L:2.6946 D:0.3164 295s
  [val] starting (93 batches)
  [val] 50/93 (10s)
  [val] done (93 batches, 19s)
  Val L:0.2373 ABS:0.4366 RMSE:1.3840 d1:0.5124
  >> Best score:1.0998 RMSE:1.3840 ABS:0.4366
  >> Best Delta1:0.5124
  [train] epoch 5 step 200/737 (80s)
  [train] epoch 5 step 400/737 (160s)
  [train] epoch 5 step 600/737 (241s)
Epoch [5/40] L:2.6634 D:0.3061 295s
  [train] epoch 6 step 200/737 (80s)
  [train] epoch 6 step 400/737 (160s)
  [train] epoch 6 step 600/737 (241s)
Epoch [6/40] L:2.6344 D:0.2957 295s
  [val] starting (93 batches)
  [val] 50/93 (10s)
  [val] done (93 batches, 19s)
  Val L:0.2329 ABS:0.4162 RMSE:1.3660 d1:0.5371
  >> Best score:1.0811 RMSE:1.3660 ABS:0.4162
  >> Best Delta1:0.5371
  [train] epoch 7 step 200/737 (80s)
  [train] epoch 7 step 400/737 (160s)
  [train] epoch 7 step 600/737 (241s)
Epoch [7/40] L:2.5979 D:0.2813 295s
  [train] epoch 8 step 200/737 (81s)
  [train] epoch 8 step 400/737 (161s)
  [train] epoch 8 step 600/737 (241s)
Epoch [8/40] L:2.5633 D:0.2669 296s
  [val] starting (93 batches)
  [val] 50/93 (10s)
  [val] done (93 batches, 19s)
  Val L:0.2391 ABS:0.4463 RMSE:1.3608 d1:0.5432
  >> Best RMSE:1.3608
  >> Best Delta1:0.5432
  [train] epoch 9 step 200/737 (81s)
  [train] epoch 9 step 400/737 (161s)
  [train] epoch 9 step 600/737 (241s)
Epoch [9/40] L:2.5276 D:0.2519 295s
  [train] epoch 10 step 200/737 (80s)
  [train] epoch 10 step 400/737 (161s)
  [train] epoch 10 step 600/737 (241s)
Epoch [10/40] L:2.4877 D:0.2362 295s
  [val] starting (93 batches)
  [val] 50/93 (10s)
  [val] done (93 batches, 18s)
  Val L:0.2414 ABS:0.4307 RMSE:1.3867 d1:0.5287
  [train] epoch 11 step 200/737 (81s)
  [train] epoch 11 step 400/737 (161s)
  [train] epoch 11 step 600/737 (241s)
Epoch [11/40] L:2.4530 D:0.2228 296s
  [train] epoch 12 step 200/737 (80s)
  [train] epoch 12 step 400/737 (161s)
  [train] epoch 12 step 600/737 (241s)
Epoch [12/40] L:2.4166 D:0.2093 295s
  [val] starting (93 batches)
  [val] 50/93 (10s)
  [val] done (93 batches, 19s)
  Val L:0.2430 ABS:0.4546 RMSE:1.3862 d1:0.5322
  [train] epoch 13 step 200/737 (81s)
  [train] epoch 13 step 400/737 (161s)
  [train] epoch 13 step 600/737 (241s)
Epoch [13/40] L:2.3832 D:0.1981 296s
  [train] epoch 14 step 200/737 (80s)
  [train] epoch 14 step 400/737 (161s)
  [train] epoch 14 step 600/737 (241s)
Epoch [14/40] L:2.3524 D:0.1886 295s
  [val] starting (93 batches)
  [val] 50/93 (10s)
  [val] done (93 batches, 18s)
  Val L:0.2497 ABS:0.4252 RMSE:1.4039 d1:0.5420
  [train] epoch 15 step 200/737 (80s)
  [train] epoch 15 step 400/737 (161s)
  [train] epoch 15 step 600/737 (241s)
Epoch [15/40] L:2.3183 D:0.1782 296s
  [train] epoch 16 step 200/737 (80s)
  [train] epoch 16 step 400/737 (161s)
  [train] epoch 16 step 600/737 (241s)
Epoch [16/40] L:2.2910 D:0.1707 295s
  [val] starting (93 batches)
  [val] 50/93 (11s)
  [val] done (93 batches, 19s)
  Val L:0.2525 ABS:0.4492 RMSE:1.3948 d1:0.5430
  [train] epoch 17 step 200/737 (81s)
  [train] epoch 17 step 400/737 (161s)
  [train] epoch 17 step 600/737 (241s)
Epoch [17/40] L:2.2663 D:0.1638 296s
  [train] epoch 18 step 200/737 (80s)
  [train] epoch 18 step 400/737 (161s)
  [train] epoch 18 step 600/737 (241s)
Epoch [18/40] L:2.2382 D:0.1570 295s
  [val] starting (93 batches)
  [val] 50/93 (10s)
  [val] done (93 batches, 19s)
  Val L:0.2500 ABS:0.4633 RMSE:1.3880 d1:0.5343
  [train] epoch 19 step 200/737 (81s)
  [train] epoch 19 step 400/737 (161s)
  [train] epoch 19 step 600/737 (241s)
Epoch [19/40] L:2.2156 D:0.1516 296s
  [train] epoch 20 step 200/737 (80s)
  [train] epoch 20 step 400/737 (161s)
  [train] epoch 20 step 600/737 (241s)
Epoch [20/40] L:2.1933 D:0.1458 296s
  [val] starting (93 batches)
  [val] 50/93 (10s)
  [val] done (93 batches, 19s)
  Val L:0.2577 ABS:0.4399 RMSE:1.4219 d1:0.5434
  >> Best Delta1:0.5434
  [train] epoch 21 step 200/737 (81s)
  [train] epoch 21 step 400/737 (161s)
  [train] epoch 21 step 600/737 (241s)
Epoch [21/40] L:2.1708 D:0.1411 296s
  [train] epoch 22 step 200/737 (80s)
  [train] epoch 22 step 400/737 (161s)
  [train] epoch 22 step 600/737 (241s)
Epoch [22/40] L:2.1485 D:0.1357 295s
  [val] starting (93 batches)
  [val] 50/93 (10s)
  [val] done (93 batches, 19s)
  Val L:0.2527 ABS:0.4316 RMSE:1.4102 d1:0.5441
  >> Best Delta1:0.5441
  [train] epoch 23 step 200/737 (80s)
  [train] epoch 23 step 400/737 (161s)
  [train] epoch 23 step 600/737 (241s)
Epoch [23/40] L:2.1306 D:0.1319 295s
  [train] epoch 24 step 200/737 (80s)
  [train] epoch 24 step 400/737 (161s)
  [train] epoch 24 step 600/737 (241s)
Epoch [24/40] L:2.1114 D:0.1277 295s
  [val] starting (93 batches)
  [val] 50/93 (10s)
  [val] done (93 batches, 19s)
  Val L:0.2535 ABS:0.4574 RMSE:1.4006 d1:0.5463
  >> Best Delta1:0.5463
  [train] epoch 25 step 200/737 (81s)
  [train] epoch 25 step 400/737 (161s)
  [train] epoch 25 step 600/737 (241s)
Epoch [25/40] L:2.0949 D:0.1245 296s
  [train] epoch 26 step 200/737 (80s)
  [train] epoch 26 step 400/737 (160s)
  [train] epoch 26 step 600/737 (241s)
Epoch [26/40] L:2.0755 D:0.1203 295s
  [val] starting (93 batches)
  [val] 50/93 (10s)
  [val] done (93 batches, 18s)
  Val L:0.2612 ABS:0.4562 RMSE:1.4332 d1:0.5471
  >> Best Delta1:0.5471
  [train] epoch 27 step 200/737 (80s)
  [train] epoch 27 step 400/737 (160s)
  [train] epoch 27 step 600/737 (241s)
Epoch [27/40] L:2.0601 D:0.1172 295s
  [train] epoch 28 step 200/737 (80s)
  [train] epoch 28 step 400/737 (161s)
  [train] epoch 28 step 600/737 (241s)
Epoch [28/40] L:2.0455 D:0.1142 295s
  [val] starting (93 batches)
  [val] 50/93 (10s)
  [val] done (93 batches, 18s)
  Val L:0.2626 ABS:0.4762 RMSE:1.4320 d1:0.5430
  [train] epoch 29 step 200/737 (80s)
  [train] epoch 29 step 400/737 (160s)
  [train] epoch 29 step 600/737 (241s)
Epoch [29/40] L:2.0293 D:0.1110 295s
  [train] epoch 30 step 200/737 (80s)
  [train] epoch 30 step 400/737 (161s)
  [train] epoch 30 step 600/737 (241s)
Epoch [30/40] L:2.0135 D:0.1077 296s
  [val] starting (93 batches)
  [val] 50/93 (10s)
  [val] done (93 batches, 18s)
  Val L:0.2555 ABS:0.4439 RMSE:1.4213 d1:0.5490
  >> Best Delta1:0.5490
  [train] epoch 31 step 200/737 (80s)
  [train] epoch 31 step 400/737 (161s)
  [train] epoch 31 step 600/737 (241s)
Epoch [31/40] L:1.9990 D:0.1051 295s
  [train] epoch 32 step 200/737 (81s)
  [train] epoch 32 step 400/737 (161s)
  [train] epoch 32 step 600/737 (241s)
Epoch [32/40] L:1.9855 D:0.1024 296s
  [val] starting (93 batches)
  [val] 50/93 (10s)
  [val] done (93 batches, 18s)
  Val L:0.2648 ABS:0.4606 RMSE:1.4404 d1:0.5411
  [train] epoch 33 step 200/737 (81s)
  [train] epoch 33 step 400/737 (161s)
  [train] epoch 33 step 600/737 (241s)
Epoch [33/40] L:1.9719 D:0.0996 295s
  [train] epoch 34 step 200/737 (80s)
  [train] epoch 34 step 400/737 (161s)
  [train] epoch 34 step 600/737 (241s)
Epoch [34/40] L:1.9584 D:0.0970 295s
  [val] starting (93 batches)
  [val] 50/93 (10s)
  [val] done (93 batches, 18s)
  Val L:0.2657 ABS:0.4558 RMSE:1.4441 d1:0.5475
  [train] epoch 35 step 200/737 (81s)
  [train] epoch 35 step 400/737 (161s)
  [train] epoch 35 step 600/737 (241s)
Epoch [35/40] L:1.9453 D:0.0947 296s
  [train] epoch 36 step 200/737 (81s)
  [train] epoch 36 step 400/737 (161s)
  [train] epoch 36 step 600/737 (241s)
Epoch [36/40] L:1.9317 D:0.0920 296s
  [val] starting (93 batches)
  [val] 50/93 (10s)
  [val] done (93 batches, 18s)
  Val L:0.2614 ABS:0.4557 RMSE:1.4327 d1:0.5485
  [train] epoch 37 step 200/737 (80s)
  [train] epoch 37 step 400/737 (160s)
  [train] epoch 37 step 600/737 (241s)
Epoch [37/40] L:1.9207 D:0.0900 295s
  [train] epoch 38 step 200/737 (80s)
  [train] epoch 38 step 400/737 (161s)
  [train] epoch 38 step 600/737 (241s)
Epoch [38/40] L:1.9091 D:0.0880 295s
  [val] starting (93 batches)
  [val] 50/93 (10s)
  [val] done (93 batches, 18s)
  Val L:0.2656 ABS:0.4617 RMSE:1.4464 d1:0.5482
  [train] epoch 39 step 200/737 (80s)
  [train] epoch 39 step 400/737 (161s)
  [train] epoch 39 step 600/737 (241s)
Epoch [39/40] L:1.8975 D:0.0859 295s
  [train] epoch 40 step 200/737 (81s)
  [train] epoch 40 step 400/737 (161s)
  [train] epoch 40 step 600/737 (241s)
Epoch [40/40] L:1.8850 D:0.0838 295s
  [val] starting (93 batches)
  [val] 50/93 (10s)
  [val] done (93 batches, 18s)
  Val L:0.2733 ABS:0.4662 RMSE:1.4741 d1:0.5406

Done. Best score:1.0811@ep6  RMSE:1.3608@ep8  ABS:0.4162@ep-1  D1:0.5490@ep30
