/opt/conda/lib/python3.11/site-packages/timm/models/layers/__init__.py:49: FutureWarning: Importing from timm.models.layers is deprecated, please import via timm.layers
  warnings.warn(f"Importing from {__name__} is deprecated, please import via timm.layers", FutureWarning)
============================================================
Model: echorange  Dataset: soundspaces
BS: 48  LR: 0.0001  Opt: AdamW
============================================================
Loaded scene split from /root/local1/changwoo/matterport3d_0303renew/scene_split.json
  train: 72, val: 9, test: 9
[train] 23560 samples (fast cache: samples_train_erp_c7ed256fbb9b.json) [waveform=ON]
Loaded scene split from /root/local1/changwoo/matterport3d_0303renew/scene_split.json
  train: 72, val: 9, test: 9
[val] 2951 samples (fast cache: samples_val_erp_89df6a83b017.json) [waveform=ON]
Train: 23560, Val: 2951
Loading weights:   0%|          | 0/210 [00:00<?, ?it/s]Loading weights: 100%|██████████| 210/210 [00:00<00:00, 6027.70it/s]
[transformers] [1mWav2Vec2Model LOAD REPORT[0m from: facebook/wav2vec2-base-960h
Key               | Status     | 
------------------+------------+-
lm_head.bias      | UNEXPECTED | 
lm_head.weight    | UNEXPECTED | 
masked_spec_embed | MISSING    | 

Notes:
- UNEXPECTED:	can be ignored when loading from different task/architecture; not ok if you expect identical arch.
- MISSING:	those params were newly initialized because missing from the checkpoint. Consider training on your downstream task.
Model: echorange (132.6M params)
  [train] epoch 1 step 200/491 (175s)
  [train] epoch 1 step 400/491 (348s)
Epoch [1/20] L:3.4126 D:0.4260 427s
  [train] epoch 2 step 200/491 (173s)
  [train] epoch 2 step 400/491 (348s)
Epoch [2/20] L:3.1847 D:0.3616 426s
  [val] starting (62 batches)
  [val] 50/62 (27s)
  [val] done (62 batches, 34s)
  Val L:0.2539 ABS:0.4965 RMSE:1.4213 d1:0.4831
  >> Best score:1.1438 RMSE:1.4213 ABS:0.4965
  >> Best Delta1:0.4831
  [train] epoch 3 step 200/491 (174s)
  [train] epoch 3 step 400/491 (349s)
Epoch [3/20] L:3.1082 D:0.3420 428s
  [train] epoch 4 step 200/491 (174s)
  [train] epoch 4 step 400/491 (350s)
Epoch [4/20] L:3.0628 D:0.3303 430s
  [val] starting (62 batches)
  [val] 50/62 (28s)
  [val] done (62 batches, 34s)
  Val L:0.2455 ABS:0.4655 RMSE:1.4009 d1:0.5046
  >> Best score:1.1203 RMSE:1.4009 ABS:0.4655
  >> Best Delta1:0.5046
  [train] epoch 5 step 200/491 (175s)
  [train] epoch 5 step 400/491 (349s)
Epoch [5/20] L:3.0315 D:0.3225 428s
  [train] epoch 6 step 200/491 (175s)
  [train] epoch 6 step 400/491 (349s)
Epoch [6/20] L:2.9995 D:0.3146 428s
  [val] starting (62 batches)
  [val] 50/62 (26s)
  [val] done (62 batches, 32s)
  Val L:0.2381 ABS:0.4655 RMSE:1.3757 d1:0.5099
  >> Best score:1.1026 RMSE:1.3757 ABS:0.4655
  >> Best Delta1:0.5099
  [train] epoch 7 step 200/491 (174s)
  [train] epoch 7 step 400/491 (349s)
Epoch [7/20] L:2.9698 D:0.3074 429s
  [train] epoch 8 step 200/491 (175s)
  [train] epoch 8 step 400/491 (348s)
Epoch [8/20] L:2.9369 D:0.2976 427s
  [val] starting (62 batches)
  [val] 50/62 (26s)
  [val] done (62 batches, 33s)
  Val L:0.2364 ABS:0.4554 RMSE:1.3689 d1:0.5259
  >> Best score:1.0948 RMSE:1.3689 ABS:0.4554
  >> Best Delta1:0.5259
  [train] epoch 9 step 200/491 (175s)
  [train] epoch 9 step 400/491 (350s)
Epoch [9/20] L:2.9012 D:0.2879 430s
  [train] epoch 10 step 200/491 (174s)
  [train] epoch 10 step 400/491 (348s)
Epoch [10/20] L:2.8655 D:0.2774 427s
  [val] starting (62 batches)
  [val] 50/62 (26s)
  [val] done (62 batches, 32s)
  Val L:0.2330 ABS:0.4142 RMSE:1.3785 d1:0.5252
  >> Best score:1.0892 RMSE:1.3785 ABS:0.4142
  [train] epoch 11 step 200/491 (173s)
  [train] epoch 11 step 400/491 (347s)
Epoch [11/20] L:2.8198 D:0.2635 426s
  [train] epoch 12 step 200/491 (175s)
  [train] epoch 12 step 400/491 (349s)
Epoch [12/20] L:2.7768 D:0.2509 428s
  [val] starting (62 batches)
  [val] 50/62 (28s)
  [val] done (62 batches, 34s)
  Val L:0.2328 ABS:0.4396 RMSE:1.3502 d1:0.5358
  >> Best score:1.0770 RMSE:1.3502 ABS:0.4396
  >> Best Delta1:0.5358
  [train] epoch 13 step 200/491 (177s)
  [train] epoch 13 step 400/491 (352s)
Epoch [13/20] L:2.7332 D:0.2379 432s
  [train] epoch 14 step 200/491 (176s)
  [train] epoch 14 step 400/491 (350s)
Epoch [14/20] L:2.6915 D:0.2257 428s
  [val] starting (62 batches)
  [val] 50/62 (26s)
  [val] done (62 batches, 33s)
  Val L:0.2404 ABS:0.4393 RMSE:1.3764 d1:0.5352
  >> Best ABS_REL:0.4393
  [train] epoch 15 step 200/491 (172s)
  [train] epoch 15 step 400/491 (345s)
Epoch [15/20] L:2.6501 D:0.2140 423s
  [train] epoch 16 step 200/491 (174s)
  [train] epoch 16 step 400/491 (346s)
Epoch [16/20] L:2.6062 D:0.2023 425s
  [val] starting (62 batches)
  [val] 50/62 (28s)
  [val] done (62 batches, 34s)
  Val L:0.2452 ABS:0.4678 RMSE:1.3821 d1:0.5427
  >> Best Delta1:0.5427
  [train] epoch 17 step 200/491 (173s)
  [train] epoch 17 step 400/491 (346s)
Epoch [17/20] L:2.5680 D:0.1922 425s
  [train] epoch 18 step 200/491 (174s)
  [train] epoch 18 step 400/491 (346s)
Epoch [18/20] L:2.5389 D:0.1852 425s
  [val] starting (62 batches)
  [val] 50/62 (27s)
  [val] done (62 batches, 33s)
  Val L:0.2530 ABS:0.4287 RMSE:1.4158 d1:0.5322
  >> Best ABS_REL:0.4287
  [train] epoch 19 step 200/491 (175s)
  [train] epoch 19 step 400/491 (346s)
Epoch [19/20] L:2.5046 D:0.1770 424s
  [train] epoch 20 step 200/491 (171s)
  [train] epoch 20 step 400/491 (340s)
Epoch [20/20] L:2.4729 D:0.1697 417s
  [val] starting (62 batches)
  [val] 50/62 (26s)
  [val] done (62 batches, 32s)
  Val L:0.2502 ABS:0.4455 RMSE:1.4047 d1:0.5354

Done. Best score:1.0770@ep12  RMSE:1.3502@ep-1  ABS:0.4287@ep18  D1:0.5427@ep16
