/opt/conda/lib/python3.11/site-packages/timm/models/layers/__init__.py:49: FutureWarning: Importing from timm.models.layers is deprecated, please import via timm.layers
  warnings.warn(f"Importing from {__name__} is deprecated, please import via timm.layers", FutureWarning)
Warning: You are sending unauthenticated requests to the HF Hub. Please set a HF_TOKEN to enable higher rate limits and faster downloads.
============================================================
Model: echorange  Dataset: soundspaces
BS: 48  LR: 0.0001  Opt: AdamW
============================================================
Loaded scene split from /root/local1/changwoo/matterport3d_0303renew/scene_split.json
  train: 72, val: 9, test: 9
[train] 23560 samples (fast cache: samples_train_erp_c7ed256fbb9b.json) [waveform=ON]
Loaded scene split from /root/local1/changwoo/matterport3d_0303renew/scene_split.json
  train: 72, val: 9, test: 9
[val] 2951 samples (fast cache: samples_val_erp_89df6a83b017.json) [waveform=ON]
Train: 23560, Val: 2951
Loading weights:   0%|          | 0/210 [00:00<?, ?it/s]Loading weights: 100%|██████████| 210/210 [00:00<00:00, 6538.57it/s]
[transformers] [1mWav2Vec2Model LOAD REPORT[0m from: facebook/wav2vec2-base-960h
Key               | Status     | 
------------------+------------+-
lm_head.bias      | UNEXPECTED | 
lm_head.weight    | UNEXPECTED | 
masked_spec_embed | MISSING    | 

Notes:
- UNEXPECTED:	can be ignored when loading from different task/architecture; not ok if you expect identical arch.
- MISSING:	those params were newly initialized because missing from the checkpoint. Consider training on your downstream task.
Model: echorange (132.6M params)
  [train] epoch 1 step 200/491 (169s)
  [train] epoch 1 step 400/491 (335s)
Epoch [1/20] L:3.0233 D:0.4588 411s
  [train] epoch 2 step 200/491 (167s)
  [train] epoch 2 step 400/491 (334s)
Epoch [2/20] L:2.8248 D:0.3715 409s
  [val] starting (62 batches)
  [val] 50/62 (27s)
  [val] done (62 batches, 34s)
  Val L:0.5179 ABS:0.5980 RMSE:1.6739 d1:0.1723
  >> Best score:1.3512 RMSE:1.6739 ABS:0.5980
  >> Best Delta1:0.1723
  [train] epoch 3 step 200/491 (168s)
  [train] epoch 3 step 400/491 (334s)
Epoch [3/20] L:2.7639 D:0.3510 409s
  [train] epoch 4 step 200/491 (167s)
  [train] epoch 4 step 400/491 (334s)
Epoch [4/20] L:2.7227 D:0.3376 410s
  [val] starting (62 batches)
  [val] 50/62 (28s)
  [val] done (62 batches, 34s)
  Val L:0.4878 ABS:0.5750 RMSE:1.6146 d1:0.1970
  >> Best score:1.3027 RMSE:1.6146 ABS:0.5750
  >> Best Delta1:0.1970
  [train] epoch 5 step 200/491 (170s)
  [train] epoch 5 step 400/491 (338s)
Epoch [5/20] L:2.6876 D:0.3257 414s
  [train] epoch 6 step 200/491 (169s)
  [train] epoch 6 step 400/491 (337s)
Epoch [6/20] L:2.6547 D:0.3130 414s
  [val] starting (62 batches)
  [val] 50/62 (27s)
  [val] done (62 batches, 33s)
  Val L:0.5047 ABS:0.5842 RMSE:1.6415 d1:0.1860
  [train] epoch 7 step 200/491 (168s)
  [train] epoch 7 step 400/491 (336s)
Epoch [7/20] L:2.6165 D:0.2971 412s
  [train] epoch 8 step 200/491 (169s)
  [train] epoch 8 step 400/491 (337s)
Epoch [8/20] L:2.5839 D:0.2829 414s
  [val] starting (62 batches)
  [val] 50/62 (27s)
  [val] done (62 batches, 33s)
  Val L:0.5194 ABS:0.5941 RMSE:1.6063 d1:0.1915
  >> Best score:1.3026 RMSE:1.6063 ABS:0.5941
  [train] epoch 9 step 200/491 (169s)
  [train] epoch 9 step 400/491 (337s)
Epoch [9/20] L:2.5423 D:0.2654 413s
  [train] epoch 10 step 200/491 (169s)
  [train] epoch 10 step 400/491 (337s)
Epoch [10/20] L:2.4997 D:0.2472 413s
  [val] starting (62 batches)
  [val] 50/62 (27s)
  [val] done (62 batches, 33s)
  Val L:0.5460 ABS:0.6117 RMSE:1.6349 d1:0.1845
  [train] epoch 11 step 200/491 (168s)
  [train] epoch 11 step 400/491 (336s)
Epoch [11/20] L:2.4612 D:0.2326 412s
  [train] epoch 12 step 200/491 (168s)
  [train] epoch 12 step 400/491 (335s)
Epoch [12/20] L:2.4241 D:0.2192 411s
  [val] starting (62 batches)
  [val] 50/62 (27s)
  [val] done (62 batches, 33s)
  Val L:0.5282 ABS:0.5920 RMSE:1.6416 d1:0.1943
  >> Best ABS_REL:0.5920
  [train] epoch 13 step 200/491 (168s)
  [train] epoch 13 step 400/491 (334s)
Epoch [13/20] L:2.3889 D:0.2064 410s
  [train] epoch 14 step 200/491 (169s)
  [train] epoch 14 step 400/491 (337s)
Epoch [14/20] L:2.3540 D:0.1954 413s
  [val] starting (62 batches)
  [val] 50/62 (26s)
  [val] done (62 batches, 33s)
  Val L:0.5549 ABS:0.6114 RMSE:1.6772 d1:0.1753
  [train] epoch 15 step 200/491 (168s)
  [train] epoch 15 step 400/491 (336s)
Epoch [15/20] L:2.3252 D:0.1865 412s
  [train] epoch 16 step 200/491 (169s)
  [train] epoch 16 step 400/491 (337s)
Epoch [16/20] L:2.2983 D:0.1787 413s
  [val] starting (62 batches)
  [val] 50/62 (27s)
  [val] done (62 batches, 34s)
  Val L:0.5572 ABS:0.6131 RMSE:1.6548 d1:0.1916
  [train] epoch 17 step 200/491 (169s)
  [train] epoch 17 step 400/491 (336s)
Epoch [17/20] L:2.2693 D:0.1709 412s
  [train] epoch 18 step 200/491 (169s)
  [train] epoch 18 step 400/491 (337s)
Epoch [18/20] L:2.2449 D:0.1644 414s
  [val] starting (62 batches)
  [val] 50/62 (27s)
  [val] done (62 batches, 34s)
  Val L:0.5737 ABS:0.6175 RMSE:1.6821 d1:0.1795
  [train] epoch 19 step 200/491 (168s)
  [train] epoch 19 step 400/491 (337s)
Epoch [19/20] L:2.2220 D:0.1585 414s
  [train] epoch 20 step 200/491 (168s)
  [train] epoch 20 step 400/491 (336s)
Epoch [20/20] L:2.1987 D:0.1531 412s
  [val] starting (62 batches)
  [val] 50/62 (27s)
  [val] done (62 batches, 33s)
  Val L:0.5762 ABS:0.6319 RMSE:1.6524 d1:0.1904

Done. Best score:1.3026@ep8  RMSE:1.6063@ep-1  ABS:0.5920@ep12  D1:0.1970@ep4
