/opt/conda/lib/python3.11/site-packages/timm/models/layers/__init__.py:49: FutureWarning: Importing from timm.models.layers is deprecated, please import via timm.layers
  warnings.warn(f"Importing from {__name__} is deprecated, please import via timm.layers", FutureWarning)
Warning: You are sending unauthenticated requests to the HF Hub. Please set a HF_TOKEN to enable higher rate limits and faster downloads.
============================================================
Model: echorange  Dataset: soundspaces
BS: 32  LR: 0.0001  Opt: AdamW
============================================================
Loaded scene split from /root/local1/changwoo/matterport3d_0303_renew/scene_split.json
  train: 72, val: 9, test: 9
[train] 23560 samples (fast cache: samples_train_erp_c7ed256fbb9b.json) [waveform=ON]
Loaded scene split from /root/local1/changwoo/matterport3d_0303_renew/scene_split.json
  train: 72, val: 9, test: 9
[val] 2951 samples (fast cache: samples_val_erp_89df6a83b017.json) [waveform=ON]
Train: 23560, Val: 2951
Loading weights:   0%|          | 0/210 [00:00<?, ?it/s]Loading weights: 100%|██████████| 210/210 [00:00<00:00, 3458.46it/s]
[1mWav2Vec2Model LOAD REPORT[0m from: facebook/wav2vec2-base-960h
Key               | Status     | 
------------------+------------+-
lm_head.bias      | UNEXPECTED | 
lm_head.weight    | UNEXPECTED | 
masked_spec_embed | MISSING    | 

Notes:
- UNEXPECTED:	can be ignored when loading from different task/architecture; not ok if you expect identical arch.
- MISSING:	those params were newly initialized because missing from the checkpoint. Consider training on your downstream task.
Model: echorange (132.6M params)
  [train] epoch 1 step 200/737 (88s)
  [train] epoch 1 step 400/737 (173s)
  [train] epoch 1 step 600/737 (258s)
Epoch [1/40] L:3.0915 D:0.4211 316s
  [train] epoch 2 step 200/737 (86s)
  [train] epoch 2 step 400/737 (171s)
  [train] epoch 2 step 600/737 (256s)
Epoch [2/40] L:2.9295 D:0.3642 314s
  [val] starting (93 batches)
  [val] 50/93 (10s)
  [val] done (93 batches, 19s)
  Val L:0.2559 ABS:0.4450 RMSE:1.4647 d1:0.4798
  >> Best score:1.1588 RMSE:1.4647 ABS:0.4450
  >> Best Delta1:0.4798
  [train] epoch 3 step 200/737 (86s)
  [train] epoch 3 step 400/737 (171s)
  [train] epoch 3 step 600/737 (257s)
Epoch [3/40] L:2.8587 D:0.3403 315s
  [train] epoch 4 step 200/737 (86s)
  [train] epoch 4 step 400/737 (172s)
  [train] epoch 4 step 600/737 (257s)
Epoch [4/40] L:2.8168 D:0.3285 315s
  [val] starting (93 batches)
  [val] 50/93 (10s)
  [val] done (93 batches, 19s)
  Val L:0.2429 ABS:0.4492 RMSE:1.4123 d1:0.4959
  >> Best score:1.1234 RMSE:1.4123 ABS:0.4492
  >> Best Delta1:0.4959
  [train] epoch 5 step 200/737 (86s)
  [train] epoch 5 step 400/737 (171s)
  [train] epoch 5 step 600/737 (256s)
Epoch [5/40] L:2.7850 D:0.3196 315s
  [train] epoch 6 step 200/737 (86s)
  [train] epoch 6 step 400/737 (171s)
  [train] epoch 6 step 600/737 (257s)
Epoch [6/40] L:2.7584 D:0.3121 315s
  [val] starting (93 batches)
  [val] 50/93 (10s)
  [val] done (93 batches, 19s)
  Val L:0.2396 ABS:0.4389 RMSE:1.3984 d1:0.5078
  >> Best score:1.1106 RMSE:1.3984 ABS:0.4389
  >> Best Delta1:0.5078
  [train] epoch 7 step 200/737 (86s)
  [train] epoch 7 step 400/737 (171s)
  [train] epoch 7 step 600/737 (257s)
Epoch [7/40] L:2.7357 D:0.3053 315s
  [train] epoch 8 step 200/737 (86s)
  [train] epoch 8 step 400/737 (171s)
  [train] epoch 8 step 600/737 (257s)
Epoch [8/40] L:2.7130 D:0.2978 315s
  [val] starting (93 batches)
  [val] 50/93 (10s)
  [val] done (93 batches, 19s)
  Val L:0.2381 ABS:0.4306 RMSE:1.3800 d1:0.5298
  >> Best score:1.0952 RMSE:1.3800 ABS:0.4306
  >> Best Delta1:0.5298
  [train] epoch 9 step 200/737 (86s)
  [train] epoch 9 step 400/737 (171s)
  [train] epoch 9 step 600/737 (257s)
Epoch [9/40] L:2.6847 D:0.2880 315s
  [train] epoch 10 step 200/737 (86s)
  [train] epoch 10 step 400/737 (171s)
  [train] epoch 10 step 600/737 (256s)
Epoch [10/40] L:2.6582 D:0.2788 315s
  [val] starting (93 batches)
  [val] 50/93 (10s)
  [val] done (93 batches, 19s)
  Val L:0.2333 ABS:0.4481 RMSE:1.3650 d1:0.5211
  >> Best score:1.0900 RMSE:1.3650 ABS:0.4481
  [train] epoch 11 step 200/737 (86s)
  [train] epoch 11 step 400/737 (172s)
  [train] epoch 11 step 600/737 (257s)
Epoch [11/40] L:2.6269 D:0.2670 316s
  [train] epoch 12 step 200/737 (86s)
  [train] epoch 12 step 400/737 (172s)
  [train] epoch 12 step 600/737 (258s)
Epoch [12/40] L:2.5916 D:0.2538 316s
  [val] starting (93 batches)
  [val] 50/93 (10s)
  [val] done (93 batches, 19s)
  Val L:0.2339 ABS:0.4034 RMSE:1.3749 d1:0.5343
  >> Best score:1.0835 RMSE:1.3749 ABS:0.4034
  >> Best Delta1:0.5343
  [train] epoch 13 step 200/737 (86s)
  [train] epoch 13 step 400/737 (171s)
  [train] epoch 13 step 600/737 (257s)
Epoch [13/40] L:2.5579 D:0.2409 315s
  [train] epoch 14 step 200/737 (86s)
  [train] epoch 14 step 400/737 (171s)
  [train] epoch 14 step 600/737 (257s)
Epoch [14/40] L:2.5195 D:0.2267 315s
  [val] starting (93 batches)
  [val] 50/93 (10s)
  [val] done (93 batches, 19s)
  Val L:0.2421 ABS:0.4597 RMSE:1.3835 d1:0.5251
  [train] epoch 15 step 200/737 (86s)
  [train] epoch 15 step 400/737 (171s)
  [train] epoch 15 step 600/737 (257s)
Epoch [15/40] L:2.4829 D:0.2137 315s
  [train] epoch 16 step 200/737 (86s)
  [train] epoch 16 step 400/737 (171s)
  [train] epoch 16 step 600/737 (257s)
Epoch [16/40] L:2.4493 D:0.2027 315s
  [val] starting (93 batches)
  [val] 50/93 (11s)
  [val] done (93 batches, 19s)
  Val L:0.2403 ABS:0.4388 RMSE:1.3688 d1:0.5432
  >> Best RMSE:1.3688
  >> Best Delta1:0.5432
  [train] epoch 17 step 200/737 (86s)
  [train] epoch 17 step 400/737 (171s)
  [train] epoch 17 step 600/737 (257s)
Epoch [17/40] L:2.4195 D:0.1935 315s
  [train] epoch 18 step 200/737 (86s)
  [train] epoch 18 step 400/737 (171s)
  [train] epoch 18 step 600/737 (257s)
Epoch [18/40] L:2.3903 D:0.1845 315s
  [val] starting (93 batches)
  [val] 50/93 (10s)
  [val] done (93 batches, 19s)
  Val L:0.2573 ABS:0.4352 RMSE:1.4241 d1:0.5295
  [train] epoch 19 step 200/737 (86s)
  [train] epoch 19 step 400/737 (171s)
  [train] epoch 19 step 600/737 (257s)
Epoch [19/40] L:2.3593 D:0.1757 316s
  [train] epoch 20 step 200/737 (86s)
  [train] epoch 20 step 400/737 (172s)
  [train] epoch 20 step 600/737 (258s)
Epoch [20/40] L:2.3345 D:0.1688 316s
  [val] starting (93 batches)
  [val] 50/93 (10s)
  [val] done (93 batches, 19s)
  Val L:0.2470 ABS:0.4536 RMSE:1.3885 d1:0.5406
  [train] epoch 21 step 200/737 (86s)
  [train] epoch 21 step 400/737 (171s)
  [train] epoch 21 step 600/737 (257s)
Epoch [21/40] L:2.3114 D:0.1627 315s
  [train] epoch 22 step 200/737 (85s)
  [train] epoch 22 step 400/737 (171s)
  [train] epoch 22 step 600/737 (256s)
Epoch [22/40] L:2.2843 D:0.1563 314s
  [val] starting (93 batches)
  [val] 50/93 (10s)
  [val] done (93 batches, 18s)
  Val L:0.2517 ABS:0.4277 RMSE:1.4006 d1:0.5459
  >> Best Delta1:0.5459
  [train] epoch 23 step 200/737 (85s)
  [train] epoch 23 step 400/737 (170s)
  [train] epoch 23 step 600/737 (255s)
Epoch [23/40] L:2.2617 D:0.1506 313s
  [train] epoch 24 step 200/737 (85s)
  [train] epoch 24 step 400/737 (170s)
  [train] epoch 24 step 600/737 (256s)
Epoch [24/40] L:2.2396 D:0.1457 314s
  [val] starting (93 batches)
  [val] 50/93 (10s)
  [val] done (93 batches, 19s)
  Val L:0.2530 ABS:0.4470 RMSE:1.4137 d1:0.5432
  [train] epoch 25 step 200/737 (85s)
  [train] epoch 25 step 400/737 (170s)
  [train] epoch 25 step 600/737 (255s)
Epoch [25/40] L:2.2202 D:0.1413 313s
  [train] epoch 26 step 200/737 (85s)
  [train] epoch 26 step 400/737 (170s)
  [train] epoch 26 step 600/737 (256s)
Epoch [26/40] L:2.2002 D:0.1370 314s
  [val] starting (93 batches)
  [val] 50/93 (10s)
  [val] done (93 batches, 19s)
  Val L:0.2620 ABS:0.4424 RMSE:1.4396 d1:0.5367
  [train] epoch 27 step 200/737 (85s)
  [train] epoch 27 step 400/737 (170s)
  [train] epoch 27 step 600/737 (256s)
Epoch [27/40] L:2.1824 D:0.1333 313s
  [train] epoch 28 step 200/737 (85s)
  [train] epoch 28 step 400/737 (170s)
  [train] epoch 28 step 600/737 (256s)
Epoch [28/40] L:2.1644 D:0.1293 314s
  [val] starting (93 batches)
  [val] 50/93 (10s)
  [val] done (93 batches, 19s)
  Val L:0.2635 ABS:0.4656 RMSE:1.4353 d1:0.5267
  [train] epoch 29 step 200/737 (86s)
  [train] epoch 29 step 400/737 (171s)
  [train] epoch 29 step 600/737 (256s)
Epoch [29/40] L:2.1465 D:0.1257 314s
  [train] epoch 30 step 200/737 (85s)
  [train] epoch 30 step 400/737 (171s)
  [train] epoch 30 step 600/737 (256s)
Epoch [30/40] L:2.1292 D:0.1221 314s
  [val] starting (93 batches)
  [val] 50/93 (10s)
  [val] done (93 batches, 18s)
  Val L:0.2653 ABS:0.4703 RMSE:1.4470 d1:0.5343
  [train] epoch 31 step 200/737 (86s)
  [train] epoch 31 step 400/737 (171s)
  [train] epoch 31 step 600/737 (256s)
Epoch [31/40] L:2.1144 D:0.1192 314s
  [train] epoch 32 step 200/737 (85s)
  [train] epoch 32 step 400/737 (170s)
  [train] epoch 32 step 600/737 (256s)
Epoch [32/40] L:2.0986 D:0.1165 314s
  [val] starting (93 batches)
  [val] 50/93 (10s)
  [val] done (93 batches, 19s)
  Val L:0.2751 ABS:0.4827 RMSE:1.4771 d1:0.5313
  [train] epoch 33 step 200/737 (85s)
  [train] epoch 33 step 400/737 (171s)
  [train] epoch 33 step 600/737 (256s)
Epoch [33/40] L:2.0855 D:0.1136 314s
  [train] epoch 34 step 200/737 (85s)
  [train] epoch 34 step 400/737 (170s)
  [train] epoch 34 step 600/737 (256s)
Epoch [34/40] L:2.0695 D:0.1105 314s
  [val] starting (93 batches)
  [val] 50/93 (10s)
  [val] done (93 batches, 18s)
  Val L:0.2595 ABS:0.4655 RMSE:1.4312 d1:0.5492
  >> Best Delta1:0.5492
  [train] epoch 35 step 200/737 (85s)
  [train] epoch 35 step 400/737 (171s)
  [train] epoch 35 step 600/737 (256s)
Epoch [35/40] L:2.0586 D:0.1085 314s
  [train] epoch 36 step 200/737 (85s)
  [train] epoch 36 step 400/737 (171s)
  [train] epoch 36 step 600/737 (256s)
Epoch [36/40] L:2.0433 D:0.1059 314s
  [val] starting (93 batches)
  [val] 50/93 (10s)
  [val] done (93 batches, 18s)
  Val L:0.2653 ABS:0.4867 RMSE:1.4413 d1:0.5409
  [train] epoch 37 step 200/737 (86s)
  [train] epoch 37 step 400/737 (171s)
  [train] epoch 37 step 600/737 (256s)
Epoch [37/40] L:2.0298 D:0.1031 314s
  [train] epoch 38 step 200/737 (85s)
  [train] epoch 38 step 400/737 (170s)
  [train] epoch 38 step 600/737 (256s)
Epoch [38/40] L:2.0182 D:0.1011 314s
  [val] starting (93 batches)
  [val] 50/93 (10s)
  [val] done (93 batches, 18s)
  Val L:0.2660 ABS:0.4716 RMSE:1.4450 d1:0.5451
  [train] epoch 39 step 200/737 (85s)
  [train] epoch 39 step 400/737 (170s)
  [train] epoch 39 step 600/737 (256s)
Epoch [39/40] L:2.0052 D:0.0987 314s
  [train] epoch 40 step 200/737 (85s)
  [train] epoch 40 step 400/737 (170s)
  [train] epoch 40 step 600/737 (256s)
Epoch [40/40] L:1.9911 D:0.0960 314s
  [val] starting (93 batches)
  [val] 50/93 (10s)
  [val] done (93 batches, 19s)
  Val L:0.2687 ABS:0.4576 RMSE:1.4523 d1:0.5385

Done. Best score:1.0835@ep12  RMSE:1.3688@ep16  ABS:0.4034@ep-1  D1:0.5492@ep34
