/opt/conda/lib/python3.11/site-packages/timm/models/layers/__init__.py:49: FutureWarning: Importing from timm.models.layers is deprecated, please import via timm.layers
  warnings.warn(f"Importing from {__name__} is deprecated, please import via timm.layers", FutureWarning)
/opt/conda/lib/python3.11/site-packages/torch/cuda/__init__.py:829: UserWarning: Can't initialize NVML
  warnings.warn("Can't initialize NVML")
Warning: You are sending unauthenticated requests to the HF Hub. Please set a HF_TOKEN to enable higher rate limits and faster downloads.
============================================================
Model: echorange  Dataset: soundspaces
BS: 32  LR: 0.0001  Opt: AdamW
============================================================
Loaded scene split from /root/local1/changwoo/matterport3d_0303_renew/scene_split.json
  train: 72, val: 9, test: 9
[train] 23560 samples (fast cache: samples_train_erp_c7ed256fbb9b.json) [waveform=ON]
Loaded scene split from /root/local1/changwoo/matterport3d_0303_renew/scene_split.json
  train: 72, val: 9, test: 9
[val] 2951 samples (fast cache: samples_val_erp_89df6a83b017.json) [waveform=ON]
Train: 23560, Val: 2951
Loading weights:   0%|          | 0/210 [00:00<?, ?it/s]Loading weights: 100%|██████████| 210/210 [00:00<00:00, 12321.18it/s]
[1mWav2Vec2Model LOAD REPORT[0m from: facebook/wav2vec2-base-960h
Key               | Status     | 
------------------+------------+-
lm_head.bias      | UNEXPECTED | 
lm_head.weight    | UNEXPECTED | 
masked_spec_embed | MISSING    | 

Notes:
- UNEXPECTED:	can be ignored when loading from different task/architecture; not ok if you expect identical arch.
- MISSING:	those params were newly initialized because missing from the checkpoint. Consider training on your downstream task.
/opt/conda/lib/python3.11/site-packages/torch/cuda/__init__.py:829: UserWarning: Can't initialize NVML
  warnings.warn("Can't initialize NVML")
Model: echorange (132.6M params)
  [train] epoch 1 step 200/737 (86s)
  [train] epoch 1 step 400/737 (169s)
  [train] epoch 1 step 600/737 (252s)
Epoch [1/20] L:2.9713 D:0.4148 308s
  [train] epoch 2 step 200/737 (83s)
  [train] epoch 2 step 400/737 (164s)
  [train] epoch 2 step 600/737 (246s)
Epoch [2/20] L:2.8049 D:0.3513 302s
  [val] starting (93 batches)
  [val] 50/93 (10s)
  [val] done (93 batches, 19s)
  Val L:0.2677 ABS:0.5813 RMSE:1.4365 d1:0.4822
  >> Best score:1.1799 RMSE:1.4365 ABS:0.5813
  >> Best Delta1:0.4822
  [train] epoch 3 step 200/737 (83s)
  [train] epoch 3 step 400/737 (165s)
  [train] epoch 3 step 600/737 (247s)
Epoch [3/20] L:2.7482 D:0.3328 303s
  [train] epoch 4 step 200/737 (82s)
  [train] epoch 4 step 400/737 (164s)
  [train] epoch 4 step 600/737 (246s)
Epoch [4/20] L:2.7130 D:0.3219 302s
  [val] starting (93 batches)
  [val] 50/93 (10s)
  [val] done (93 batches, 19s)
  Val L:0.2380 ABS:0.4286 RMSE:1.3997 d1:0.5080
  >> Best score:1.1084 RMSE:1.3997 ABS:0.4286
  >> Best Delta1:0.5080
  [train] epoch 5 step 200/737 (82s)
  [train] epoch 5 step 400/737 (164s)
  [train] epoch 5 step 600/737 (246s)
Epoch [5/20] L:2.6835 D:0.3129 302s
  [train] epoch 6 step 200/737 (82s)
  [train] epoch 6 step 400/737 (164s)
  [train] epoch 6 step 600/737 (246s)
Epoch [6/20] L:2.6607 D:0.3058 301s
  [val] starting (93 batches)
  [val] 50/93 (10s)
  [val] done (93 batches, 18s)
  Val L:0.2369 ABS:0.4628 RMSE:1.3620 d1:0.5262
  >> Best score:1.0923 RMSE:1.3620 ABS:0.4628
  >> Best Delta1:0.5262
  [train] epoch 7 step 200/737 (82s)
  [train] epoch 7 step 400/737 (164s)
  [train] epoch 7 step 600/737 (245s)
Epoch [7/20] L:2.6345 D:0.2967 301s
  [train] epoch 8 step 200/737 (82s)
  [train] epoch 8 step 400/737 (164s)
  [train] epoch 8 step 600/737 (246s)
Epoch [8/20] L:2.6088 D:0.2877 301s
  [val] starting (93 batches)
  [val] 50/93 (11s)
  [val] done (93 batches, 19s)
  Val L:0.2345 ABS:0.4302 RMSE:1.3643 d1:0.5342
  >> Best score:1.0841 RMSE:1.3643 ABS:0.4302
  >> Best Delta1:0.5342
  [train] epoch 9 step 200/737 (82s)
  [train] epoch 9 step 400/737 (164s)
  [train] epoch 9 step 600/737 (246s)
Epoch [9/20] L:2.5811 D:0.2771 301s
  [train] epoch 10 step 200/737 (82s)
  [train] epoch 10 step 400/737 (164s)
  [train] epoch 10 step 600/737 (245s)
Epoch [10/20] L:2.5494 D:0.2643 301s
  [val] starting (93 batches)
  [val] 50/93 (11s)
  [val] done (93 batches, 19s)
  Val L:0.2286 ABS:0.4187 RMSE:1.3489 d1:0.5431
  >> Best score:1.0698 RMSE:1.3489 ABS:0.4187
  >> Best Delta1:0.5431
  [train] epoch 11 step 200/737 (82s)
  [train] epoch 11 step 400/737 (165s)
  [train] epoch 11 step 600/737 (247s)
Epoch [11/20] L:2.5153 D:0.2510 302s
  [train] epoch 12 step 200/737 (82s)
  [train] epoch 12 step 400/737 (164s)
  [train] epoch 12 step 600/737 (246s)
Epoch [12/20] L:2.4818 D:0.2381 301s
  [val] starting (93 batches)
  [val] 50/93 (10s)
  [val] done (93 batches, 18s)
  Val L:0.2378 ABS:0.4192 RMSE:1.3799 d1:0.5414
  [train] epoch 13 step 200/737 (82s)
  [train] epoch 13 step 400/737 (164s)
  [train] epoch 13 step 600/737 (246s)
Epoch [13/20] L:2.4480 D:0.2254 301s
  [train] epoch 14 step 200/737 (82s)
  [train] epoch 14 step 400/737 (164s)
  [train] epoch 14 step 600/737 (246s)
Epoch [14/20] L:2.4182 D:0.2145 301s
  [val] starting (93 batches)
  [val] 50/93 (11s)
  [val] done (93 batches, 20s)
  Val L:0.2388 ABS:0.4195 RMSE:1.3798 d1:0.5440
  >> Best Delta1:0.5440
  [train] epoch 15 step 200/737 (82s)
  [train] epoch 15 step 400/737 (164s)
  [train] epoch 15 step 600/737 (246s)
Epoch [15/20] L:2.3864 D:0.2029 302s
  [train] epoch 16 step 200/737 (82s)
  [train] epoch 16 step 400/737 (164s)
  [train] epoch 16 step 600/737 (246s)
Epoch [16/20] L:2.3571 D:0.1934 302s
  [val] starting (93 batches)
  [val] 50/93 (10s)
  [val] done (93 batches, 19s)
  Val L:0.2431 ABS:0.4740 RMSE:1.3726 d1:0.5465
  >> Best Delta1:0.5465
  [train] epoch 17 step 200/737 (82s)
  [train] epoch 17 step 400/737 (164s)
  [train] epoch 17 step 600/737 (246s)
Epoch [17/20] L:2.3286 D:0.1845 302s
  [train] epoch 18 step 200/737 (82s)
  [train] epoch 18 step 400/737 (164s)
  [train] epoch 18 step 600/737 (246s)
Epoch [18/20] L:2.3013 D:0.1761 302s
  [val] starting (93 batches)
  [val] 50/93 (10s)
  [val] done (93 batches, 19s)
  Val L:0.2441 ABS:0.4243 RMSE:1.3892 d1:0.5456
  [train] epoch 19 step 200/737 (82s)
  [train] epoch 19 step 400/737 (164s)
  [train] epoch 19 step 600/737 (245s)
Epoch [19/20] L:2.2767 D:0.1694 301s
  [train] epoch 20 step 200/737 (82s)
  [train] epoch 20 step 400/737 (164s)
  [train] epoch 20 step 600/737 (245s)
Epoch [20/20] L:2.2539 D:0.1625 301s
  [val] starting (93 batches)
  [val] 50/93 (10s)
  [val] done (93 batches, 19s)
  Val L:0.2547 ABS:0.4491 RMSE:1.4101 d1:0.5369

Done. Best score:1.0698@ep10  RMSE:1.3489@ep-1  ABS:0.4187@ep-1  D1:0.5465@ep16
