/opt/conda/lib/python3.11/site-packages/timm/models/layers/__init__.py:49: FutureWarning: Importing from timm.models.layers is deprecated, please import via timm.layers
  warnings.warn(f"Importing from {__name__} is deprecated, please import via timm.layers", FutureWarning)
Warning: You are sending unauthenticated requests to the HF Hub. Please set a HF_TOKEN to enable higher rate limits and faster downloads.
============================================================
Model: echorange  Dataset: soundspaces
BS: 32  LR: 0.0001  Opt: AdamW
============================================================
Loaded scene split from /root/local1/changwoo/matterport3d_0303renew/scene_split.json
  train: 72, val: 9, test: 9
[train] 23560 samples (fast cache: samples_train_erp_c7ed256fbb9b.json) [waveform=ON]
Loaded scene split from /root/local1/changwoo/matterport3d_0303renew/scene_split.json
  train: 72, val: 9, test: 9
[val] 2951 samples (fast cache: samples_val_erp_89df6a83b017.json) [waveform=ON]
Train: 23560, Val: 2951
Loading weights:   0%|          | 0/210 [00:00<?, ?it/s]Loading weights: 100%|██████████| 210/210 [00:00<00:00, 7075.58it/s]
[transformers] [1mWav2Vec2Model LOAD REPORT[0m from: facebook/wav2vec2-base-960h
Key               | Status     | 
------------------+------------+-
lm_head.bias      | UNEXPECTED | 
lm_head.weight    | UNEXPECTED | 
masked_spec_embed | MISSING    | 

Notes:
- UNEXPECTED:	can be ignored when loading from different task/architecture; not ok if you expect identical arch.
- MISSING:	those params were newly initialized because missing from the checkpoint. Consider training on your downstream task.
Model: echorange (132.6M params)
  [train] epoch 1 step 200/737 (150s)
  [train] epoch 1 step 400/737 (297s)
  [train] epoch 1 step 600/737 (445s)
Epoch [1/20] L:3.0847 D:0.4217 545s
  [train] epoch 2 step 200/737 (148s)
  [train] epoch 2 step 400/737 (295s)
  [train] epoch 2 step 600/737 (441s)
Epoch [2/20] L:2.9391 D:0.3698 542s
  [val] starting (93 batches)
  [val] 50/93 (23s)
  [val] done (93 batches, 43s)
  Val L:0.2631 ABS:0.4412 RMSE:1.4684 d1:0.4834
  >> Best score:1.1603 RMSE:1.4684 ABS:0.4412
  >> Best Delta1:0.4834
  [train] epoch 3 step 200/737 (148s)
  [train] epoch 3 step 400/737 (296s)
  [train] epoch 3 step 600/737 (444s)
Epoch [3/20] L:2.8557 D:0.3409 544s
  [train] epoch 4 step 200/737 (148s)
  [train] epoch 4 step 400/737 (295s)
  [train] epoch 4 step 600/737 (443s)
Epoch [4/20] L:2.8088 D:0.3272 543s
  [val] starting (93 batches)
  [val] 50/93 (22s)
  [val] done (93 batches, 41s)
  Val L:0.2410 ABS:0.4215 RMSE:1.4129 d1:0.5026
  >> Best score:1.1155 RMSE:1.4129 ABS:0.4215
  >> Best Delta1:0.5026
  [train] epoch 5 step 200/737 (148s)
  [train] epoch 5 step 400/737 (296s)
  [train] epoch 5 step 600/737 (443s)
Epoch [5/20] L:2.7772 D:0.3184 544s
  [train] epoch 6 step 200/737 (147s)
  [train] epoch 6 step 400/737 (295s)
  [train] epoch 6 step 600/737 (443s)
Epoch [6/20] L:2.7476 D:0.3092 543s
  [val] starting (93 batches)
  [val] 50/93 (23s)
  [val] done (93 batches, 42s)
  Val L:0.2334 ABS:0.4128 RMSE:1.3831 d1:0.5172
  >> Best score:1.0920 RMSE:1.3831 ABS:0.4128
  >> Best Delta1:0.5172
  [train] epoch 7 step 200/737 (147s)
  [train] epoch 7 step 400/737 (295s)
  [train] epoch 7 step 600/737 (442s)
Epoch [7/20] L:2.7187 D:0.2996 542s
  [train] epoch 8 step 200/737 (147s)
  [train] epoch 8 step 400/737 (294s)
  [train] epoch 8 step 600/737 (440s)
Epoch [8/20] L:2.6942 D:0.2921 542s
  [val] starting (93 batches)
  [val] 50/93 (22s)
  [val] done (93 batches, 41s)
  Val L:0.2314 ABS:0.4107 RMSE:1.3680 d1:0.5284
  >> Best score:1.0808 RMSE:1.3680 ABS:0.4107
  >> Best Delta1:0.5284
  [train] epoch 9 step 200/737 (148s)
  [train] epoch 9 step 400/737 (295s)
  [train] epoch 9 step 600/737 (441s)
Epoch [9/20] L:2.6666 D:0.2822 542s
  [train] epoch 10 step 200/737 (148s)
  [train] epoch 10 step 400/737 (296s)
  [train] epoch 10 step 600/737 (443s)
Epoch [10/20] L:2.6312 D:0.2695 544s
  [val] starting (93 batches)
  [val] 50/93 (23s)
  [val] done (93 batches, 41s)
  Val L:0.2320 ABS:0.4303 RMSE:1.3541 d1:0.5249
  >> Best score:1.0770 RMSE:1.3541 ABS:0.4303
  [train] epoch 11 step 200/737 (148s)
  [train] epoch 11 step 400/737 (295s)
  [train] epoch 11 step 600/737 (442s)
Epoch [11/20] L:2.5991 D:0.2580 542s
  [train] epoch 12 step 200/737 (147s)
  [train] epoch 12 step 400/737 (294s)
  [train] epoch 12 step 600/737 (441s)
Epoch [12/20] L:2.5638 D:0.2450 541s
  [val] starting (93 batches)
  [val] 50/93 (23s)
  [val] done (93 batches, 42s)
  Val L:0.2382 ABS:0.4338 RMSE:1.3666 d1:0.5480
  >> Best Delta1:0.5480
  [train] epoch 13 step 200/737 (149s)
  [train] epoch 13 step 400/737 (296s)
  [train] epoch 13 step 600/737 (444s)
Epoch [13/20] L:2.5237 D:0.2310 545s
  [train] epoch 14 step 200/737 (149s)
  [train] epoch 14 step 400/737 (296s)
  [train] epoch 14 step 600/737 (443s)
Epoch [14/20] L:2.4873 D:0.2185 543s
  [val] starting (93 batches)
  [val] 50/93 (24s)
  [val] done (93 batches, 43s)
  Val L:0.2429 ABS:0.4544 RMSE:1.3698 d1:0.5507
  >> Best Delta1:0.5507
  [train] epoch 15 step 200/737 (149s)
  [train] epoch 15 step 400/737 (296s)
  [train] epoch 15 step 600/737 (443s)
Epoch [15/20] L:2.4516 D:0.2064 543s
  [train] epoch 16 step 200/737 (148s)
  [train] epoch 16 step 400/737 (295s)
  [train] epoch 16 step 600/737 (442s)
Epoch [16/20] L:2.4195 D:0.1962 541s
  [val] starting (93 batches)
  [val] 50/93 (23s)
  [val] done (93 batches, 42s)
  Val L:0.2541 ABS:0.4842 RMSE:1.4089 d1:0.5406
  [train] epoch 17 step 200/737 (147s)
  [train] epoch 17 step 400/737 (294s)
  [train] epoch 17 step 600/737 (442s)
Epoch [17/20] L:2.3878 D:0.1864 543s
  [train] epoch 18 step 200/737 (146s)
  [train] epoch 18 step 400/737 (293s)
  [train] epoch 18 step 600/737 (440s)
Epoch [18/20] L:2.3572 D:0.1775 540s
  [val] starting (93 batches)
  [val] 50/93 (23s)
  [val] done (93 batches, 42s)
  Val L:0.2514 ABS:0.4680 RMSE:1.3961 d1:0.5366
  [train] epoch 19 step 200/737 (148s)
  [train] epoch 19 step 400/737 (294s)
  [train] epoch 19 step 600/737 (440s)
Epoch [19/20] L:2.3313 D:0.1710 540s
  [train] epoch 20 step 200/737 (147s)
  [train] epoch 20 step 400/737 (294s)
  [train] epoch 20 step 600/737 (440s)
Epoch [20/20] L:2.3092 D:0.1651 540s
  [val] starting (93 batches)
  [val] 50/93 (23s)
  [val] done (93 batches, 42s)
  Val L:0.2537 ABS:0.4543 RMSE:1.4106 d1:0.5389

Done. Best score:1.0770@ep10  RMSE:1.3541@ep-1  ABS:0.4303@ep-1  D1:0.5507@ep14
