/opt/conda/lib/python3.11/site-packages/timm/models/layers/__init__.py:49: FutureWarning: Importing from timm.models.layers is deprecated, please import via timm.layers
  warnings.warn(f"Importing from {__name__} is deprecated, please import via timm.layers", FutureWarning)
/opt/conda/lib/python3.11/site-packages/torch/cuda/__init__.py:829: UserWarning: Can't initialize NVML
  warnings.warn("Can't initialize NVML")
============================================================
Model: echorange  Dataset: soundspaces
BS: 32  LR: 0.0001  Opt: AdamW
============================================================
Loaded scene split from /root/local1/changwoo/matterport3d_0303_renew/scene_split.json
  train: 72, val: 9, test: 9
[train] 23560 samples (fast cache: samples_train_erp_c7ed256fbb9b.json) [waveform=ON]
Loaded scene split from /root/local1/changwoo/matterport3d_0303_renew/scene_split.json
  train: 72, val: 9, test: 9
[val] 2951 samples (fast cache: samples_val_erp_89df6a83b017.json) [waveform=ON]
Train: 23560, Val: 2951
Loading weights:   0%|          | 0/210 [00:00<?, ?it/s]Loading weights: 100%|██████████| 210/210 [00:00<00:00, 5062.88it/s]
[1mWav2Vec2Model LOAD REPORT[0m from: facebook/wav2vec2-base-960h
Key               | Status     | 
------------------+------------+-
lm_head.bias      | UNEXPECTED | 
lm_head.weight    | UNEXPECTED | 
masked_spec_embed | MISSING    | 

Notes:
- UNEXPECTED:	can be ignored when loading from different task/architecture; not ok if you expect identical arch.
- MISSING:	those params were newly initialized because missing from the checkpoint. Consider training on your downstream task.
/opt/conda/lib/python3.11/site-packages/torch/cuda/__init__.py:829: UserWarning: Can't initialize NVML
  warnings.warn("Can't initialize NVML")
Model: echorange (132.6M params)
  [train] epoch 1 step 200/737 (86s)
  [train] epoch 1 step 400/737 (167s)
  [train] epoch 1 step 600/737 (249s)
Epoch [1/20] L:2.9603 D:0.4119 305s
  [train] epoch 2 step 200/737 (81s)
  [train] epoch 2 step 400/737 (163s)
  [train] epoch 2 step 600/737 (244s)
Epoch [2/20] L:2.8034 D:0.3530 299s
  [val] starting (93 batches)
  [val] 50/93 (10s)
  [val] done (93 batches, 19s)
  Val L:0.2484 ABS:0.4372 RMSE:1.4316 d1:0.5046
  >> Best score:1.1333 RMSE:1.4316 ABS:0.4372
  >> Best Delta1:0.5046
  [train] epoch 3 step 200/737 (82s)
  [train] epoch 3 step 400/737 (163s)
  [train] epoch 3 step 600/737 (244s)
Epoch [3/20] L:2.7287 D:0.3278 300s
  [train] epoch 4 step 200/737 (82s)
  [train] epoch 4 step 400/737 (163s)
  [train] epoch 4 step 600/737 (244s)
Epoch [4/20] L:2.6907 D:0.3160 300s
  [val] starting (93 batches)
  [val] 50/93 (10s)
  [val] done (93 batches, 18s)
  Val L:0.2363 ABS:0.4202 RMSE:1.3854 d1:0.5161
  >> Best score:1.0959 RMSE:1.3854 ABS:0.4202
  >> Best Delta1:0.5161
  [train] epoch 5 step 200/737 (81s)
  [train] epoch 5 step 400/737 (163s)
  [train] epoch 5 step 600/737 (244s)
Epoch [5/20] L:2.6624 D:0.3066 299s
  [train] epoch 6 step 200/737 (81s)
  [train] epoch 6 step 400/737 (163s)
  [train] epoch 6 step 600/737 (244s)
Epoch [6/20] L:2.6307 D:0.2953 300s
  [val] starting (93 batches)
  [val] 50/93 (10s)
  [val] done (93 batches, 19s)
  Val L:0.2307 ABS:0.4243 RMSE:1.3584 d1:0.5389
  >> Best score:1.0782 RMSE:1.3584 ABS:0.4243
  >> Best Delta1:0.5389
  [train] epoch 7 step 200/737 (81s)
  [train] epoch 7 step 400/737 (163s)
  [train] epoch 7 step 600/737 (244s)
Epoch [7/20] L:2.6023 D:0.2836 300s
  [train] epoch 8 step 200/737 (82s)
  [train] epoch 8 step 400/737 (163s)
  [train] epoch 8 step 600/737 (244s)
Epoch [8/20] L:2.5683 D:0.2700 299s
  [val] starting (93 batches)
  [val] 50/93 (10s)
  [val] done (93 batches, 18s)
  Val L:0.2305 ABS:0.4341 RMSE:1.3511 d1:0.5385
  >> Best score:1.0760 RMSE:1.3511 ABS:0.4341
  [train] epoch 9 step 200/737 (82s)
  [train] epoch 9 step 400/737 (163s)
  [train] epoch 9 step 600/737 (244s)
Epoch [9/20] L:2.5318 D:0.2546 299s
  [train] epoch 10 step 200/737 (81s)
  [train] epoch 10 step 400/737 (163s)
  [train] epoch 10 step 600/737 (244s)
Epoch [10/20] L:2.4934 D:0.2385 299s
  [val] starting (93 batches)
  [val] 50/93 (10s)
  [val] done (93 batches, 19s)
  Val L:0.2400 ABS:0.4253 RMSE:1.3947 d1:0.5351
  >> Best ABS_REL:0.4253
  [train] epoch 11 step 200/737 (82s)
  [train] epoch 11 step 400/737 (163s)
  [train] epoch 11 step 600/737 (245s)
Epoch [11/20] L:2.4555 D:0.2232 300s
  [train] epoch 12 step 200/737 (82s)
  [train] epoch 12 step 400/737 (163s)
  [train] epoch 12 step 600/737 (244s)
Epoch [12/20] L:2.4205 D:0.2108 300s
  [val] starting (93 batches)
  [val] 50/93 (10s)
  [val] done (93 batches, 18s)
  Val L:0.2426 ABS:0.4378 RMSE:1.3768 d1:0.5400
  >> Best Delta1:0.5400
  [train] epoch 13 step 200/737 (82s)
  [train] epoch 13 step 400/737 (163s)
  [train] epoch 13 step 600/737 (245s)
Epoch [13/20] L:2.3874 D:0.1993 300s
  [train] epoch 14 step 200/737 (82s)
  [train] epoch 14 step 400/737 (163s)
  [train] epoch 14 step 600/737 (245s)
Epoch [14/20] L:2.3563 D:0.1887 301s
  [val] starting (93 batches)
  [val] 50/93 (11s)
  [val] done (93 batches, 19s)
  Val L:0.2463 ABS:0.4430 RMSE:1.4036 d1:0.5384
  [train] epoch 15 step 200/737 (82s)
  [train] epoch 15 step 400/737 (164s)
  [train] epoch 15 step 600/737 (246s)
Epoch [15/20] L:2.3241 D:0.1791 301s
  [train] epoch 16 step 200/737 (82s)
  [train] epoch 16 step 400/737 (163s)
  [train] epoch 16 step 600/737 (245s)
Epoch [16/20] L:2.2961 D:0.1714 300s
  [val] starting (93 batches)
  [val] 50/93 (10s)
  [val] done (93 batches, 19s)
  Val L:0.2540 ABS:0.4345 RMSE:1.4126 d1:0.5309
  [train] epoch 17 step 200/737 (82s)
  [train] epoch 17 step 400/737 (164s)
  [train] epoch 17 step 600/737 (246s)
Epoch [17/20] L:2.2708 D:0.1642 301s
  [train] epoch 18 step 200/737 (82s)
  [train] epoch 18 step 400/737 (164s)
  [train] epoch 18 step 600/737 (246s)
Epoch [18/20] L:2.2465 D:0.1577 301s
  [val] starting (93 batches)
  [val] 50/93 (10s)
  [val] done (93 batches, 19s)
  Val L:0.2459 ABS:0.4247 RMSE:1.3911 d1:0.5478
  >> Best ABS_REL:0.4247
  >> Best Delta1:0.5478
  [train] epoch 19 step 200/737 (82s)
  [train] epoch 19 step 400/737 (163s)
  [train] epoch 19 step 600/737 (245s)
Epoch [19/20] L:2.2235 D:0.1521 300s
  [train] epoch 20 step 200/737 (81s)
  [train] epoch 20 step 400/737 (162s)
  [train] epoch 20 step 600/737 (243s)
Epoch [20/20] L:2.2003 D:0.1469 299s
  [val] starting (93 batches)
  [val] 50/93 (10s)
  [val] done (93 batches, 18s)
  Val L:0.2633 ABS:0.4475 RMSE:1.4384 d1:0.5273

Done. Best score:1.0760@ep8  RMSE:1.3511@ep-1  ABS:0.4247@ep18  D1:0.5478@ep18
