/opt/conda/lib/python3.11/site-packages/timm/models/layers/__init__.py:49: FutureWarning: Importing from timm.models.layers is deprecated, please import via timm.layers
  warnings.warn(f"Importing from {__name__} is deprecated, please import via timm.layers", FutureWarning)
============================================================
Model: echorange  Dataset: soundspaces
BS: 48  LR: 0.0001  Opt: AdamW
============================================================
Loaded scene split from /root/local1/changwoo/matterport3d_0303renew/scene_split.json
  train: 72, val: 9, test: 9
[train] 23560 samples (fast cache: samples_train_erp_c7ed256fbb9b.json) [waveform=ON]
Loaded scene split from /root/local1/changwoo/matterport3d_0303renew/scene_split.json
  train: 72, val: 9, test: 9
[val] 2951 samples (fast cache: samples_val_erp_89df6a83b017.json) [waveform=ON]
Train: 23560, Val: 2951
Loading weights:   0%|          | 0/210 [00:00<?, ?it/s]Loading weights: 100%|██████████| 210/210 [00:00<00:00, 6907.51it/s]
[transformers] [1mWav2Vec2Model LOAD REPORT[0m from: facebook/wav2vec2-base-960h
Key               | Status     | 
------------------+------------+-
lm_head.bias      | UNEXPECTED | 
lm_head.weight    | UNEXPECTED | 
masked_spec_embed | MISSING    | 

Notes:
- UNEXPECTED:	can be ignored when loading from different task/architecture; not ok if you expect identical arch.
- MISSING:	those params were newly initialized because missing from the checkpoint. Consider training on your downstream task.
Model: echorange (132.6M params)
  [train] epoch 1 step 200/491 (178s)
  [train] epoch 1 step 400/491 (352s)
Epoch [1/20] L:3.1910 D:0.4187 431s
  [train] epoch 2 step 200/491 (175s)
  [train] epoch 2 step 400/491 (351s)
Epoch [2/20] L:2.9997 D:0.3558 430s
  [val] starting (62 batches)
  [val] 50/62 (26s)
  [val] done (62 batches, 33s)
  Val L:0.2503 ABS:0.4635 RMSE:1.4332 d1:0.4951
  >> Best score:1.1423 RMSE:1.4332 ABS:0.4635
  >> Best Delta1:0.4951
  [train] epoch 3 step 200/491 (176s)
  [train] epoch 3 step 400/491 (350s)
Epoch [3/20] L:2.9307 D:0.3360 430s
  [train] epoch 4 step 200/491 (176s)
  [train] epoch 4 step 400/491 (350s)
Epoch [4/20] L:2.8874 D:0.3248 429s
  [val] starting (62 batches)
  [val] 50/62 (27s)
  [val] done (62 batches, 33s)
  Val L:0.2352 ABS:0.4497 RMSE:1.3692 d1:0.5201
  >> Best score:1.0933 RMSE:1.3692 ABS:0.4497
  >> Best Delta1:0.5201
  [train] epoch 5 step 200/491 (176s)
  [train] epoch 5 step 400/491 (352s)
Epoch [5/20] L:2.8561 D:0.3163 432s
  [train] epoch 6 step 200/491 (175s)
  [train] epoch 6 step 400/491 (349s)
Epoch [6/20] L:2.8240 D:0.3069 428s
  [val] starting (62 batches)
  [val] 50/62 (28s)
  [val] done (62 batches, 34s)
  Val L:0.2317 ABS:0.4311 RMSE:1.3575 d1:0.5179
  >> Best score:1.0796 RMSE:1.3575 ABS:0.4311
  [train] epoch 7 step 200/491 (175s)
  [train] epoch 7 step 400/491 (349s)
Epoch [7/20] L:2.7899 D:0.2959 428s
  [train] epoch 8 step 200/491 (175s)
  [train] epoch 8 step 400/491 (350s)
Epoch [8/20] L:2.7524 D:0.2834 429s
  [val] starting (62 batches)
  [val] 50/62 (27s)
  [val] done (62 batches, 33s)
  Val L:0.2358 ABS:0.4189 RMSE:1.3806 d1:0.5243
  >> Best ABS_REL:0.4189
  >> Best Delta1:0.5243
  [train] epoch 9 step 200/491 (176s)
  [train] epoch 9 step 400/491 (350s)
Epoch [9/20] L:2.7106 D:0.2689 429s
  [train] epoch 10 step 200/491 (175s)
  [train] epoch 10 step 400/491 (350s)
Epoch [10/20] L:2.6717 D:0.2546 430s
  [val] starting (62 batches)
  [val] 50/62 (28s)
  [val] done (62 batches, 34s)
  Val L:0.2374 ABS:0.4522 RMSE:1.3640 d1:0.5243
  >> Best Delta1:0.5243
  [train] epoch 11 step 200/491 (174s)
  [train] epoch 11 step 400/491 (349s)
Epoch [11/20] L:2.6274 D:0.2395 428s
  [train] epoch 12 step 200/491 (176s)
  [train] epoch 12 step 400/491 (350s)
Epoch [12/20] L:2.5845 D:0.2251 429s
  [val] starting (62 batches)
  [val] 50/62 (28s)
  [val] done (62 batches, 34s)
  Val L:0.2416 ABS:0.4817 RMSE:1.3641 d1:0.5369
  >> Best Delta1:0.5369
  [train] epoch 13 step 200/491 (176s)
  [train] epoch 13 step 400/491 (351s)
Epoch [13/20] L:2.5424 D:0.2114 430s
  [train] epoch 14 step 200/491 (175s)
  [train] epoch 14 step 400/491 (349s)
Epoch [14/20] L:2.5059 D:0.2005 428s
  [val] starting (62 batches)
  [val] 50/62 (27s)
  [val] done (62 batches, 33s)
  Val L:0.2408 ABS:0.4409 RMSE:1.3650 d1:0.5479
  >> Best Delta1:0.5479
  [train] epoch 15 step 200/491 (176s)
  [train] epoch 15 step 400/491 (350s)
Epoch [15/20] L:2.4692 D:0.1899 429s
  [train] epoch 16 step 200/491 (175s)
  [train] epoch 16 step 400/491 (350s)
Epoch [16/20] L:2.4388 D:0.1816 430s
  [val] starting (62 batches)
  [val] 50/62 (28s)
  [val] done (62 batches, 34s)
  Val L:0.2463 ABS:0.4368 RMSE:1.3926 d1:0.5375
  [train] epoch 17 step 200/491 (176s)
  [train] epoch 17 step 400/491 (350s)
Epoch [17/20] L:2.4055 D:0.1731 430s
  [train] epoch 18 step 200/491 (175s)
  [train] epoch 18 step 400/491 (349s)
Epoch [18/20] L:2.3732 D:0.1648 429s
  [val] starting (62 batches)
  [val] 50/62 (28s)
  [val] done (62 batches, 34s)
  Val L:0.2519 ABS:0.4373 RMSE:1.4134 d1:0.5386
  [train] epoch 19 step 200/491 (175s)
  [train] epoch 19 step 400/491 (349s)
Epoch [19/20] L:2.3481 D:0.1591 428s
  [train] epoch 20 step 200/491 (175s)
  [train] epoch 20 step 400/491 (350s)
Epoch [20/20] L:2.3204 D:0.1528 429s
  [val] starting (62 batches)
  [val] 50/62 (27s)
  [val] done (62 batches, 33s)
  Val L:0.2496 ABS:0.4768 RMSE:1.3835 d1:0.5465

Done. Best score:1.0796@ep6  RMSE:1.3575@ep-1  ABS:0.4189@ep8  D1:0.5479@ep14
