/opt/conda/lib/python3.11/site-packages/timm/models/layers/__init__.py:49: FutureWarning: Importing from timm.models.layers is deprecated, please import via timm.layers
  warnings.warn(f"Importing from {__name__} is deprecated, please import via timm.layers", FutureWarning)
============================================================
Model: echorange  Dataset: soundspaces
BS: 48  LR: 0.0001  Opt: AdamW
============================================================
Loaded scene split from /root/local1/changwoo/matterport3d_0303renew/scene_split.json
  train: 72, val: 9, test: 9
[train] 23560 samples (fast cache: samples_train_erp_c7ed256fbb9b.json) [waveform=ON]
Loaded scene split from /root/local1/changwoo/matterport3d_0303renew/scene_split.json
  train: 72, val: 9, test: 9
[val] 2951 samples (fast cache: samples_val_erp_89df6a83b017.json) [waveform=ON]
Train: 23560, Val: 2951
Loading weights:   0%|          | 0/210 [00:00<?, ?it/s]Loading weights: 100%|██████████| 210/210 [00:00<00:00, 6413.08it/s]
[transformers] [1mWav2Vec2Model LOAD REPORT[0m from: facebook/wav2vec2-base-960h
Key               | Status     | 
------------------+------------+-
lm_head.bias      | UNEXPECTED | 
lm_head.weight    | UNEXPECTED | 
masked_spec_embed | MISSING    | 

Notes:
- UNEXPECTED:	can be ignored when loading from different task/architecture; not ok if you expect identical arch.
- MISSING:	those params were newly initialized because missing from the checkpoint. Consider training on your downstream task.
Model: echorange (132.6M params)
  [train] epoch 1 step 200/491 (166s)
  [train] epoch 1 step 400/491 (330s)
Epoch [1/20] L:2.9818 D:0.4161 405s
  [train] epoch 2 step 200/491 (165s)
  [train] epoch 2 step 400/491 (331s)
Epoch [2/20] L:2.8250 D:0.3551 406s
  [val] starting (62 batches)
  [val] 50/62 (27s)
  [val] done (62 batches, 34s)
  Val L:0.2529 ABS:0.4601 RMSE:1.4483 d1:0.4875
  >> Best score:1.1519 RMSE:1.4483 ABS:0.4601
  >> Best Delta1:0.4875
  [train] epoch 3 step 200/491 (166s)
  [train] epoch 3 step 400/491 (331s)
Epoch [3/20] L:2.7675 D:0.3358 406s
  [train] epoch 4 step 200/491 (166s)
  [train] epoch 4 step 400/491 (329s)
Epoch [4/20] L:2.7301 D:0.3248 404s
  [val] starting (62 batches)
  [val] 50/62 (27s)
  [val] done (62 batches, 33s)
  Val L:0.2401 ABS:0.4083 RMSE:1.4124 d1:0.5166
  >> Best score:1.1112 RMSE:1.4124 ABS:0.4083
  >> Best Delta1:0.5166
  [train] epoch 5 step 200/491 (164s)
  [train] epoch 5 step 400/491 (329s)
Epoch [5/20] L:2.7038 D:0.3164 403s
  [train] epoch 6 step 200/491 (165s)
  [train] epoch 6 step 400/491 (328s)
Epoch [6/20] L:2.6736 D:0.3062 402s
  [val] starting (62 batches)
  [val] 50/62 (26s)
  [val] done (62 batches, 32s)
  Val L:0.2436 ABS:0.4190 RMSE:1.4036 d1:0.4956
  >> Best score:1.1082 RMSE:1.4036 ABS:0.4190
  [train] epoch 7 step 200/491 (165s)
  [train] epoch 7 step 400/491 (330s)
Epoch [7/20] L:2.6473 D:0.2971 405s
  [train] epoch 8 step 200/491 (166s)
  [train] epoch 8 step 400/491 (330s)
Epoch [8/20] L:2.6186 D:0.2858 404s
  [val] starting (62 batches)
  [val] 50/62 (26s)
  [val] done (62 batches, 32s)
  Val L:0.2345 ABS:0.4341 RMSE:1.3699 d1:0.5244
  >> Best score:1.0891 RMSE:1.3699 ABS:0.4341
  >> Best Delta1:0.5244
  [train] epoch 9 step 200/491 (165s)
  [train] epoch 9 step 400/491 (329s)
Epoch [9/20] L:2.5849 D:0.2725 403s
  [train] epoch 10 step 200/491 (164s)
  [train] epoch 10 step 400/491 (328s)
Epoch [10/20] L:2.5526 D:0.2591 403s
  [val] starting (62 batches)
  [val] 50/62 (26s)
  [val] done (62 batches, 32s)
  Val L:0.2361 ABS:0.3929 RMSE:1.3859 d1:0.5393
  >> Best score:1.0880 RMSE:1.3859 ABS:0.3929
  >> Best Delta1:0.5393
  [train] epoch 11 step 200/491 (165s)
  [train] epoch 11 step 400/491 (328s)
Epoch [11/20] L:2.5185 D:0.2455 403s
  [train] epoch 12 step 200/491 (166s)
  [train] epoch 12 step 400/491 (331s)
Epoch [12/20] L:2.4825 D:0.2310 406s
  [val] starting (62 batches)
  [val] 50/62 (27s)
  [val] done (62 batches, 33s)
  Val L:0.2435 ABS:0.4541 RMSE:1.3883 d1:0.5313
  [train] epoch 13 step 200/491 (165s)
  [train] epoch 13 step 400/491 (329s)
Epoch [13/20] L:2.4487 D:0.2184 404s
  [train] epoch 14 step 200/491 (164s)
  [train] epoch 14 step 400/491 (328s)
Epoch [14/20] L:2.4165 D:0.2071 403s
  [val] starting (62 batches)
  [val] 50/62 (26s)
  [val] done (62 batches, 32s)
  Val L:0.2406 ABS:0.4432 RMSE:1.3730 d1:0.5434
  >> Best RMSE:1.3730
  >> Best Delta1:0.5434
  [train] epoch 15 step 200/491 (165s)
  [train] epoch 15 step 400/491 (329s)
Epoch [15/20] L:2.3872 D:0.1975 404s
  [train] epoch 16 step 200/491 (165s)
  [train] epoch 16 step 400/491 (329s)
Epoch [16/20] L:2.3581 D:0.1880 404s
  [val] starting (62 batches)
  [val] 50/62 (27s)
  [val] done (62 batches, 33s)
  Val L:0.2479 ABS:0.4224 RMSE:1.4030 d1:0.5316
  [train] epoch 17 step 200/491 (165s)
  [train] epoch 17 step 400/491 (329s)
Epoch [17/20] L:2.3298 D:0.1794 403s
  [train] epoch 18 step 200/491 (165s)
  [train] epoch 18 step 400/491 (329s)
Epoch [18/20] L:2.3059 D:0.1729 404s
  [val] starting (62 batches)
  [val] 50/62 (28s)
  [val] done (62 batches, 34s)
  Val L:0.2493 ABS:0.4478 RMSE:1.3946 d1:0.5387
  [train] epoch 19 step 200/491 (165s)
  [train] epoch 19 step 400/491 (330s)
Epoch [19/20] L:2.2798 D:0.1656 404s
  [train] epoch 20 step 200/491 (165s)
  [train] epoch 20 step 400/491 (329s)
Epoch [20/20] L:2.2588 D:0.1600 404s
  [val] starting (62 batches)
  [val] 50/62 (28s)
  [val] done (62 batches, 34s)
  Val L:0.2539 ABS:0.4511 RMSE:1.4158 d1:0.5387

Done. Best score:1.0880@ep10  RMSE:1.3730@ep14  ABS:0.3929@ep-1  D1:0.5434@ep14
