/opt/conda/lib/python3.11/site-packages/timm/models/layers/__init__.py:49: FutureWarning: Importing from timm.models.layers is deprecated, please import via timm.layers
  warnings.warn(f"Importing from {__name__} is deprecated, please import via timm.layers", FutureWarning)
============================================================
Model: echorange  Dataset: soundspaces
BS: 32  LR: 0.0001  Opt: AdamW
============================================================
Loaded scene split from /root/local1/changwoo/matterport3d_0303_renew/scene_split.json
  train: 72, val: 9, test: 9
[train] 23560 samples (fast cache: samples_train_erp_c7ed256fbb9b.json) [waveform=ON]
Loaded scene split from /root/local1/changwoo/matterport3d_0303_renew/scene_split.json
  train: 72, val: 9, test: 9
[val] 2951 samples (fast cache: samples_val_erp_89df6a83b017.json) [waveform=ON]
Train: 23560, Val: 2951
Loading weights:   0%|          | 0/210 [00:00<?, ?it/s]Loading weights: 100%|██████████| 210/210 [00:00<00:00, 4307.97it/s]
[1mWav2Vec2Model LOAD REPORT[0m from: facebook/wav2vec2-base-960h
Key               | Status     | 
------------------+------------+-
lm_head.bias      | UNEXPECTED | 
lm_head.weight    | UNEXPECTED | 
masked_spec_embed | MISSING    | 

Notes:
- UNEXPECTED:	can be ignored when loading from different task/architecture; not ok if you expect identical arch.
- MISSING:	those params were newly initialized because missing from the checkpoint. Consider training on your downstream task.
Model: echorange (132.6M params)
  [train] epoch 1 step 200/737 (87s)
  [train] epoch 1 step 400/737 (169s)
  [train] epoch 1 step 600/737 (252s)
Epoch [1/20] L:2.9564 D:0.4097 308s
  [train] epoch 2 step 200/737 (83s)
  [train] epoch 2 step 400/737 (164s)
  [train] epoch 2 step 600/737 (247s)
Epoch [2/20] L:2.7910 D:0.3463 302s
  [val] starting (93 batches)
  [val] 50/93 (10s)
  [val] done (93 batches, 19s)
  Val L:0.2481 ABS:0.4655 RMSE:1.4204 d1:0.4975
  >> Best score:1.1339 RMSE:1.4204 ABS:0.4655
  >> Best Delta1:0.4975
  [train] epoch 3 step 200/737 (83s)
  [train] epoch 3 step 400/737 (164s)
  [train] epoch 3 step 600/737 (246s)
Epoch [3/20] L:2.7337 D:0.3279 302s
  [train] epoch 4 step 200/737 (82s)
  [train] epoch 4 step 400/737 (164s)
  [train] epoch 4 step 600/737 (245s)
Epoch [4/20] L:2.6991 D:0.3177 301s
  [val] starting (93 batches)
  [val] 50/93 (10s)
  [val] done (93 batches, 18s)
  Val L:0.2401 ABS:0.4479 RMSE:1.3979 d1:0.5125
  >> Best score:1.1129 RMSE:1.3979 ABS:0.4479
  >> Best Delta1:0.5125
  [train] epoch 5 step 200/737 (82s)
  [train] epoch 5 step 400/737 (163s)
  [train] epoch 5 step 600/737 (245s)
Epoch [5/20] L:2.6673 D:0.3079 301s
  [train] epoch 6 step 200/737 (82s)
  [train] epoch 6 step 400/737 (164s)
  [train] epoch 6 step 600/737 (246s)
Epoch [6/20] L:2.6394 D:0.2979 301s
  [val] starting (93 batches)
  [val] 50/93 (10s)
  [val] done (93 batches, 18s)
  Val L:0.2324 ABS:0.4392 RMSE:1.3581 d1:0.5283
  >> Best score:1.0824 RMSE:1.3581 ABS:0.4392
  >> Best Delta1:0.5283
  [train] epoch 7 step 200/737 (82s)
  [train] epoch 7 step 400/737 (164s)
  [train] epoch 7 step 600/737 (245s)
Epoch [7/20] L:2.6089 D:0.2864 301s
  [train] epoch 8 step 200/737 (82s)
  [train] epoch 8 step 400/737 (164s)
  [train] epoch 8 step 600/737 (245s)
Epoch [8/20] L:2.5794 D:0.2745 301s
  [val] starting (93 batches)
  [val] 50/93 (10s)
  [val] done (93 batches, 18s)
  Val L:0.2324 ABS:0.4101 RMSE:1.3748 d1:0.5391
  >> Best ABS_REL:0.4101
  >> Best Delta1:0.5391
  [train] epoch 9 step 200/737 (82s)
  [train] epoch 9 step 400/737 (164s)
  [train] epoch 9 step 600/737 (245s)
Epoch [9/20] L:2.5449 D:0.2611 301s
  [train] epoch 10 step 200/737 (82s)
  [train] epoch 10 step 400/737 (164s)
  [train] epoch 10 step 600/737 (246s)
Epoch [10/20] L:2.5092 D:0.2469 301s
  [val] starting (93 batches)
  [val] 50/93 (10s)
  [val] done (93 batches, 18s)
  Val L:0.2391 ABS:0.4504 RMSE:1.3625 d1:0.5382
  [train] epoch 11 step 200/737 (82s)
  [train] epoch 11 step 400/737 (163s)
  [train] epoch 11 step 600/737 (245s)
Epoch [11/20] L:2.4783 D:0.2351 300s
  [train] epoch 12 step 200/737 (82s)
  [train] epoch 12 step 400/737 (164s)
  [train] epoch 12 step 600/737 (245s)
Epoch [12/20] L:2.4471 D:0.2230 301s
  [val] starting (93 batches)
  [val] 50/93 (10s)
  [val] done (93 batches, 18s)
  Val L:0.2390 ABS:0.4313 RMSE:1.3733 d1:0.5372
  [train] epoch 13 step 200/737 (82s)
  [train] epoch 13 step 400/737 (164s)
  [train] epoch 13 step 600/737 (245s)
Epoch [13/20] L:2.4140 D:0.2112 301s
  [train] epoch 14 step 200/737 (82s)
  [train] epoch 14 step 400/737 (164s)
  [train] epoch 14 step 600/737 (245s)
Epoch [14/20] L:2.3810 D:0.2000 301s
  [val] starting (93 batches)
  [val] 50/93 (11s)
  [val] done (93 batches, 19s)
  Val L:0.2444 ABS:0.4615 RMSE:1.3795 d1:0.5349
  [train] epoch 15 step 200/737 (82s)
  [train] epoch 15 step 400/737 (164s)
  [train] epoch 15 step 600/737 (245s)
Epoch [15/20] L:2.3533 D:0.1908 301s
  [train] epoch 16 step 200/737 (82s)
  [train] epoch 16 step 400/737 (163s)
  [train] epoch 16 step 600/737 (245s)
Epoch [16/20] L:2.3264 D:0.1827 301s
  [val] starting (93 batches)
  [val] 50/93 (10s)
  [val] done (93 batches, 18s)
  Val L:0.2500 ABS:0.4440 RMSE:1.4072 d1:0.5299
  [train] epoch 17 step 200/737 (82s)
  [train] epoch 17 step 400/737 (163s)
  [train] epoch 17 step 600/737 (245s)
Epoch [17/20] L:2.2978 D:0.1741 301s
  [train] epoch 18 step 200/737 (82s)
  [train] epoch 18 step 400/737 (164s)
  [train] epoch 18 step 600/737 (245s)
Epoch [18/20] L:2.2744 D:0.1682 301s
  [val] starting (93 batches)
  [val] 50/93 (10s)
  [val] done (93 batches, 19s)
  Val L:0.2568 ABS:0.4410 RMSE:1.4163 d1:0.5349
  [train] epoch 19 step 200/737 (82s)
  [train] epoch 19 step 400/737 (163s)
  [train] epoch 19 step 600/737 (245s)
Epoch [19/20] L:2.2521 D:0.1617 300s
  [train] epoch 20 step 200/737 (82s)
  [train] epoch 20 step 400/737 (163s)
  [train] epoch 20 step 600/737 (245s)
Epoch [20/20] L:2.2300 D:0.1564 300s
  [val] starting (93 batches)
  [val] 50/93 (10s)
  [val] done (93 batches, 18s)
  Val L:0.2546 ABS:0.4246 RMSE:1.4142 d1:0.5438
  >> Best Delta1:0.5438

Done. Best score:1.0824@ep6  RMSE:1.3581@ep-1  ABS:0.4101@ep8  D1:0.5438@ep20
