/opt/conda/lib/python3.11/site-packages/timm/models/layers/__init__.py:49: FutureWarning: Importing from timm.models.layers is deprecated, please import via timm.layers
  warnings.warn(f"Importing from {__name__} is deprecated, please import via timm.layers", FutureWarning)
Warning: You are sending unauthenticated requests to the HF Hub. Please set a HF_TOKEN to enable higher rate limits and faster downloads.
============================================================
Model: echorange  Dataset: soundspaces
BS: 32  LR: 0.0001  Opt: AdamW
============================================================
Loaded scene split from /root/local1/changwoo/matterport3d_0303renew/scene_split.json
  train: 72, val: 9, test: 9
[train] 23560 samples (fast cache: samples_train_erp_c7ed256fbb9b.json) [waveform=ON]
Loaded scene split from /root/local1/changwoo/matterport3d_0303renew/scene_split.json
  train: 72, val: 9, test: 9
[val] 2951 samples (fast cache: samples_val_erp_89df6a83b017.json) [waveform=ON]
Train: 23560, Val: 2951
Loading weights:   0%|          | 0/210 [00:00<?, ?it/s]Loading weights: 100%|██████████| 210/210 [00:00<00:00, 7321.55it/s]
[transformers] [1mWav2Vec2Model LOAD REPORT[0m from: facebook/wav2vec2-base-960h
Key               | Status     | 
------------------+------------+-
lm_head.bias      | UNEXPECTED | 
lm_head.weight    | UNEXPECTED | 
masked_spec_embed | MISSING    | 

Notes:
- UNEXPECTED:	can be ignored when loading from different task/architecture; not ok if you expect identical arch.
- MISSING:	those params were newly initialized because missing from the checkpoint. Consider training on your downstream task.
Model: echorange (132.6M params)
  [train] epoch 1 step 200/737 (134s)
  [train] epoch 1 step 400/737 (267s)
  [train] epoch 1 step 600/737 (401s)
Epoch [1/20] L:2.9874 D:0.4364 493s
  [train] epoch 2 step 200/737 (134s)
  [train] epoch 2 step 400/737 (268s)
  [train] epoch 2 step 600/737 (402s)
Epoch [2/20] L:2.8207 D:0.3708 494s
  [val] starting (93 batches)
  [val] 50/93 (22s)
  [val] done (93 batches, 41s)
  Val L:0.5220 ABS:0.5905 RMSE:1.6809 d1:0.1714
  >> Best score:1.3538 RMSE:1.6809 ABS:0.5905
  >> Best Delta1:0.1714
  [train] epoch 3 step 200/737 (133s)
  [train] epoch 3 step 400/737 (267s)
  [train] epoch 3 step 600/737 (403s)
Epoch [3/20] L:2.7573 D:0.3497 495s
  [train] epoch 4 step 200/737 (134s)
  [train] epoch 4 step 400/737 (268s)
  [train] epoch 4 step 600/737 (402s)
Epoch [4/20] L:2.7168 D:0.3367 494s
  [val] starting (93 batches)
  [val] 50/93 (23s)
  [val] done (93 batches, 42s)
  Val L:0.5217 ABS:0.5835 RMSE:1.6564 d1:0.1759
  >> Best score:1.3345 RMSE:1.6564 ABS:0.5835
  >> Best Delta1:0.1759
  [train] epoch 5 step 200/737 (134s)
  [train] epoch 5 step 400/737 (268s)
  [train] epoch 5 step 600/737 (403s)
Epoch [5/20] L:2.6815 D:0.3242 495s
  [train] epoch 6 step 200/737 (135s)
  [train] epoch 6 step 400/737 (269s)
  [train] epoch 6 step 600/737 (403s)
Epoch [6/20] L:2.6470 D:0.3105 495s
  [val] starting (93 batches)
  [val] 50/93 (23s)
  [val] done (93 batches, 42s)
  Val L:0.5329 ABS:0.5948 RMSE:1.6380 d1:0.1832
  >> Best score:1.3250 RMSE:1.6380 ABS:0.5948
  >> Best Delta1:0.1832
  [train] epoch 7 step 200/737 (135s)
  [train] epoch 7 step 400/737 (270s)
  [train] epoch 7 step 600/737 (405s)
Epoch [7/20] L:2.6094 D:0.2947 498s
  [train] epoch 8 step 200/737 (135s)
  [train] epoch 8 step 400/737 (269s)
  [train] epoch 8 step 600/737 (404s)
Epoch [8/20] L:2.5706 D:0.2780 496s
  [val] starting (93 batches)
  [val] 50/93 (22s)
  [val] done (93 batches, 41s)
  Val L:0.5455 ABS:0.6003 RMSE:1.6597 d1:0.1754
  [train] epoch 9 step 200/737 (135s)
  [train] epoch 9 step 400/737 (269s)
  [train] epoch 9 step 600/737 (404s)
Epoch [9/20] L:2.5308 D:0.2613 496s
  [train] epoch 10 step 200/737 (137s)
  [train] epoch 10 step 400/737 (273s)
  [train] epoch 10 step 600/737 (409s)
Epoch [10/20] L:2.4935 D:0.2460 500s
  [val] starting (93 batches)
  [val] 50/93 (24s)
  [val] done (93 batches, 44s)
  Val L:0.5272 ABS:0.6044 RMSE:1.6177 d1:0.2021
  >> Best score:1.3137 RMSE:1.6177 ABS:0.6044
  >> Best Delta1:0.2021
  [train] epoch 11 step 200/737 (135s)
  [train] epoch 11 step 400/737 (269s)
  [train] epoch 11 step 600/737 (404s)
Epoch [11/20] L:2.4589 D:0.2328 496s
  [train] epoch 12 step 200/737 (135s)
  [train] epoch 12 step 400/737 (269s)
  [train] epoch 12 step 600/737 (403s)
Epoch [12/20] L:2.4206 D:0.2188 495s
  [val] starting (93 batches)
  [val] 50/93 (23s)
  [val] done (93 batches, 42s)
  Val L:0.5588 ABS:0.6295 RMSE:1.6549 d1:0.1869
  [train] epoch 13 step 200/737 (134s)
  [train] epoch 13 step 400/737 (269s)
  [train] epoch 13 step 600/737 (403s)
Epoch [13/20] L:2.3905 D:0.2086 494s
  [train] epoch 14 step 200/737 (134s)
  [train] epoch 14 step 400/737 (268s)
  [train] epoch 14 step 600/737 (402s)
Epoch [14/20] L:2.3582 D:0.1981 494s
  [val] starting (93 batches)
  [val] 50/93 (23s)
  [val] done (93 batches, 43s)
  Val L:0.5605 ABS:0.6291 RMSE:1.6722 d1:0.1791
  [train] epoch 15 step 200/737 (133s)
  [train] epoch 15 step 400/737 (265s)
  [train] epoch 15 step 600/737 (396s)
Epoch [15/20] L:2.3266 D:0.1884 486s
  [train] epoch 16 step 200/737 (132s)
  [train] epoch 16 step 400/737 (263s)
  [train] epoch 16 step 600/737 (395s)
Epoch [16/20] L:2.2975 D:0.1797 484s
  [val] starting (93 batches)
  [val] 50/93 (22s)
  [val] done (93 batches, 41s)
  Val L:0.5555 ABS:0.6264 RMSE:1.6656 d1:0.1896
  [train] epoch 17 step 200/737 (134s)
  [train] epoch 17 step 400/737 (266s)
  [train] epoch 17 step 600/737 (398s)
Epoch [17/20] L:2.2706 D:0.1724 488s
  [train] epoch 18 step 200/737 (133s)
  [train] epoch 18 step 400/737 (266s)
  [train] epoch 18 step 600/737 (399s)
Epoch [18/20] L:2.2435 D:0.1654 490s
  [val] starting (93 batches)
  [val] 50/93 (22s)
  [val] done (93 batches, 41s)
  Val L:0.5557 ABS:0.6222 RMSE:1.6657 d1:0.1928
  [train] epoch 19 step 200/737 (133s)
  [train] epoch 19 step 400/737 (265s)
  [train] epoch 19 step 600/737 (397s)
Epoch [19/20] L:2.2217 D:0.1595 487s
  [train] epoch 20 step 200/737 (132s)
  [train] epoch 20 step 400/737 (265s)
  [train] epoch 20 step 600/737 (397s)
Epoch [20/20] L:2.1967 D:0.1534 488s
  [val] starting (93 batches)
  [val] 50/93 (22s)
  [val] done (93 batches, 41s)
  Val L:0.5763 ABS:0.6241 RMSE:1.6938 d1:0.1808

Done. Best score:1.3137@ep10  RMSE:1.6177@ep-1  ABS:0.6044@ep-1  D1:0.2021@ep10
