/opt/conda/lib/python3.11/site-packages/timm/models/layers/__init__.py:49: FutureWarning: Importing from timm.models.layers is deprecated, please import via timm.layers
  warnings.warn(f"Importing from {__name__} is deprecated, please import via timm.layers", FutureWarning)
/opt/conda/lib/python3.11/site-packages/torch/cuda/__init__.py:829: UserWarning: Can't initialize NVML
  warnings.warn("Can't initialize NVML")
Warning: You are sending unauthenticated requests to the HF Hub. Please set a HF_TOKEN to enable higher rate limits and faster downloads.
============================================================
Model: echorange  Dataset: soundspaces
BS: 32  LR: 0.0001  Opt: AdamW
============================================================
Loaded scene split from /root/local1/changwoo/matterport3d_0303_renew/scene_split.json
  train: 72, val: 9, test: 9
[train] 23560 samples (fast cache: samples_train_erp_c7ed256fbb9b.json) [waveform=ON]
Loaded scene split from /root/local1/changwoo/matterport3d_0303_renew/scene_split.json
  train: 72, val: 9, test: 9
[val] 2951 samples (fast cache: samples_val_erp_89df6a83b017.json) [waveform=ON]
Train: 23560, Val: 2951
Loading weights:   0%|          | 0/210 [00:00<?, ?it/s]Loading weights: 100%|██████████| 210/210 [00:00<00:00, 4791.53it/s]
[1mWav2Vec2Model LOAD REPORT[0m from: facebook/wav2vec2-base-960h
Key               | Status     | 
------------------+------------+-
lm_head.bias      | UNEXPECTED | 
lm_head.weight    | UNEXPECTED | 
masked_spec_embed | MISSING    | 

Notes:
- UNEXPECTED:	can be ignored when loading from different task/architecture; not ok if you expect identical arch.
- MISSING:	those params were newly initialized because missing from the checkpoint. Consider training on your downstream task.
/opt/conda/lib/python3.11/site-packages/torch/cuda/__init__.py:829: UserWarning: Can't initialize NVML
  warnings.warn("Can't initialize NVML")
Model: echorange (132.6M params)
  [train] epoch 1 step 200/737 (87s)
  [train] epoch 1 step 400/737 (168s)
  [train] epoch 1 step 600/737 (250s)
Epoch [1/20] L:2.9696 D:0.4125 306s
  [train] epoch 2 step 200/737 (82s)
  [train] epoch 2 step 400/737 (164s)
  [train] epoch 2 step 600/737 (245s)
Epoch [2/20] L:2.8068 D:0.3519 301s
  [val] starting (93 batches)
  [val] 50/93 (10s)
  [val] done (93 batches, 19s)
  Val L:0.2579 ABS:0.4983 RMSE:1.4424 d1:0.4848
  >> Best score:1.1592 RMSE:1.4424 ABS:0.4983
  >> Best Delta1:0.4848
  [train] epoch 3 step 200/737 (82s)
  [train] epoch 3 step 400/737 (163s)
  [train] epoch 3 step 600/737 (245s)
Epoch [3/20] L:2.7397 D:0.3289 301s
  [train] epoch 4 step 200/737 (82s)
  [train] epoch 4 step 400/737 (163s)
  [train] epoch 4 step 600/737 (245s)
Epoch [4/20] L:2.7016 D:0.3168 301s
  [val] starting (93 batches)
  [val] 50/93 (10s)
  [val] done (93 batches, 18s)
  Val L:0.2354 ABS:0.4293 RMSE:1.3779 d1:0.5197
  >> Best score:1.0934 RMSE:1.3779 ABS:0.4293
  >> Best Delta1:0.5197
  [train] epoch 5 step 200/737 (82s)
  [train] epoch 5 step 400/737 (163s)
  [train] epoch 5 step 600/737 (245s)
Epoch [5/20] L:2.6701 D:0.3067 300s
  [train] epoch 6 step 200/737 (82s)
  [train] epoch 6 step 400/737 (163s)
  [train] epoch 6 step 600/737 (245s)
Epoch [6/20] L:2.6367 D:0.2935 301s
  [val] starting (93 batches)
  [val] 50/93 (10s)
  [val] done (93 batches, 18s)
  Val L:0.2331 ABS:0.4367 RMSE:1.3620 d1:0.5230
  >> Best score:1.0844 RMSE:1.3620 ABS:0.4367
  >> Best Delta1:0.5230
  [train] epoch 7 step 200/737 (82s)
  [train] epoch 7 step 400/737 (163s)
  [train] epoch 7 step 600/737 (245s)
Epoch [7/20] L:2.6014 D:0.2793 301s
  [train] epoch 8 step 200/737 (82s)
  [train] epoch 8 step 400/737 (163s)
  [train] epoch 8 step 600/737 (245s)
Epoch [8/20] L:2.5655 D:0.2653 301s
  [val] starting (93 batches)
  [val] 50/93 (10s)
  [val] done (93 batches, 18s)
  Val L:0.2371 ABS:0.4186 RMSE:1.3696 d1:0.5330
  >> Best score:1.0843 RMSE:1.3696 ABS:0.4186
  >> Best Delta1:0.5330
  [train] epoch 9 step 200/737 (82s)
  [train] epoch 9 step 400/737 (163s)
  [train] epoch 9 step 600/737 (245s)
Epoch [9/20] L:2.5271 D:0.2495 301s
  [train] epoch 10 step 200/737 (82s)
  [train] epoch 10 step 400/737 (164s)
  [train] epoch 10 step 600/737 (245s)
Epoch [10/20] L:2.4917 D:0.2350 301s
  [val] starting (93 batches)
  [val] 50/93 (10s)
  [val] done (93 batches, 18s)
  Val L:0.2353 ABS:0.4586 RMSE:1.3555 d1:0.5363
  >> Best RMSE:1.3555
  >> Best Delta1:0.5363
  [train] epoch 11 step 200/737 (82s)
  [train] epoch 11 step 400/737 (164s)
  [train] epoch 11 step 600/737 (245s)
Epoch [11/20] L:2.4560 D:0.2213 301s
  [train] epoch 12 step 200/737 (82s)
  [train] epoch 12 step 400/737 (163s)
  [train] epoch 12 step 600/737 (245s)
Epoch [12/20] L:2.4223 D:0.2095 301s
  [val] starting (93 batches)
  [val] 50/93 (10s)
  [val] done (93 batches, 19s)
  Val L:0.2534 ABS:0.4175 RMSE:1.4133 d1:0.5287
  >> Best ABS_REL:0.4175
  [train] epoch 13 step 200/737 (82s)
  [train] epoch 13 step 400/737 (163s)
  [train] epoch 13 step 600/737 (245s)
Epoch [13/20] L:2.3899 D:0.1985 301s
  [train] epoch 14 step 200/737 (82s)
  [train] epoch 14 step 400/737 (163s)
  [train] epoch 14 step 600/737 (245s)
Epoch [14/20] L:2.3592 D:0.1885 300s
  [val] starting (93 batches)
  [val] 50/93 (10s)
  [val] done (93 batches, 18s)
  Val L:0.2477 ABS:0.4344 RMSE:1.3901 d1:0.5265
  [train] epoch 15 step 200/737 (82s)
  [train] epoch 15 step 400/737 (163s)
  [train] epoch 15 step 600/737 (245s)
Epoch [15/20] L:2.3295 D:0.1799 300s
  [train] epoch 16 step 200/737 (82s)
  [train] epoch 16 step 400/737 (163s)
  [train] epoch 16 step 600/737 (245s)
Epoch [16/20] L:2.3013 D:0.1718 300s
  [val] starting (93 batches)
  [val] 50/93 (10s)
  [val] done (93 batches, 18s)
  Val L:0.2554 ABS:0.4410 RMSE:1.4125 d1:0.5294
  [train] epoch 17 step 200/737 (82s)
  [train] epoch 17 step 400/737 (163s)
  [train] epoch 17 step 600/737 (245s)
Epoch [17/20] L:2.2735 D:0.1642 300s
  [train] epoch 18 step 200/737 (82s)
  [train] epoch 18 step 400/737 (163s)
  [train] epoch 18 step 600/737 (245s)
Epoch [18/20] L:2.2501 D:0.1582 300s
  [val] starting (93 batches)
  [val] 50/93 (10s)
  [val] done (93 batches, 18s)
  Val L:0.2621 ABS:0.4629 RMSE:1.4364 d1:0.5307
  [train] epoch 19 step 200/737 (82s)
  [train] epoch 19 step 400/737 (163s)
  [train] epoch 19 step 600/737 (245s)
Epoch [19/20] L:2.2271 D:0.1527 300s
  [train] epoch 20 step 200/737 (82s)
  [train] epoch 20 step 400/737 (163s)
  [train] epoch 20 step 600/737 (245s)
Epoch [20/20] L:2.2063 D:0.1472 300s
  [val] starting (93 batches)
  [val] 50/93 (10s)
  [val] done (93 batches, 18s)
  Val L:0.2546 ABS:0.4361 RMSE:1.4122 d1:0.5395
  >> Best Delta1:0.5395

Done. Best score:1.0843@ep8  RMSE:1.3555@ep10  ABS:0.4175@ep12  D1:0.5395@ep20
