/opt/conda/lib/python3.11/site-packages/timm/models/layers/__init__.py:49: FutureWarning: Importing from timm.models.layers is deprecated, please import via timm.layers
  warnings.warn(f"Importing from {__name__} is deprecated, please import via timm.layers", FutureWarning)
Warning: You are sending unauthenticated requests to the HF Hub. Please set a HF_TOKEN to enable higher rate limits and faster downloads.
============================================================
Model: echorange  Dataset: soundspaces
BS: 48  LR: 0.0001  Opt: AdamW
============================================================
Loaded scene split from /root/local1/changwoo/matterport3d_0303renew/scene_split.json
  train: 72, val: 9, test: 9
[train] 23560 samples (fast cache: samples_train_erp_c7ed256fbb9b.json) [waveform=ON]
Loaded scene split from /root/local1/changwoo/matterport3d_0303renew/scene_split.json
  train: 72, val: 9, test: 9
[val] 2951 samples (fast cache: samples_val_erp_89df6a83b017.json) [waveform=ON]
Train: 23560, Val: 2951
Loading weights:   0%|          | 0/210 [00:00<?, ?it/s]Loading weights: 100%|██████████| 210/210 [00:00<00:00, 6684.91it/s]
[transformers] [1mWav2Vec2Model LOAD REPORT[0m from: facebook/wav2vec2-base-960h
Key               | Status     | 
------------------+------------+-
lm_head.bias      | UNEXPECTED | 
lm_head.weight    | UNEXPECTED | 
masked_spec_embed | MISSING    | 

Notes:
- UNEXPECTED:	can be ignored when loading from different task/architecture; not ok if you expect identical arch.
- MISSING:	those params were newly initialized because missing from the checkpoint. Consider training on your downstream task.
Model: echorange (132.6M params)
  [train] epoch 1 step 200/491 (178s)
  [train] epoch 1 step 400/491 (353s)
Epoch [1/20] L:3.1015 D:0.4248 433s
  [train] epoch 2 step 200/491 (177s)
  [train] epoch 2 step 400/491 (353s)
Epoch [2/20] L:2.9251 D:0.3622 433s
  [val] starting (62 batches)
  [val] 50/62 (27s)
  [val] done (62 batches, 33s)
  Val L:0.2614 ABS:0.5317 RMSE:1.4327 d1:0.4834
  >> Best score:1.1624 RMSE:1.4327 ABS:0.5317
  >> Best Delta1:0.4834
  [train] epoch 3 step 200/491 (176s)
  [train] epoch 3 step 400/491 (350s)
Epoch [3/20] L:2.8567 D:0.3401 430s
  [train] epoch 4 step 200/491 (176s)
  [train] epoch 4 step 400/491 (352s)
Epoch [4/20] L:2.8185 D:0.3294 432s
  [val] starting (62 batches)
  [val] 50/62 (27s)
  [val] done (62 batches, 33s)
  Val L:0.2410 ABS:0.4278 RMSE:1.4174 d1:0.5037
  >> Best score:1.1206 RMSE:1.4174 ABS:0.4278
  >> Best Delta1:0.5037
  [train] epoch 5 step 200/491 (176s)
  [train] epoch 5 step 400/491 (352s)
Epoch [5/20] L:2.7839 D:0.3190 431s
  [train] epoch 6 step 200/491 (175s)
  [train] epoch 6 step 400/491 (349s)
Epoch [6/20] L:2.7557 D:0.3108 429s
  [val] starting (62 batches)
  [val] 50/62 (27s)
  [val] done (62 batches, 33s)
  Val L:0.2313 ABS:0.4461 RMSE:1.3442 d1:0.5266
  >> Best score:1.0748 RMSE:1.3442 ABS:0.4461
  >> Best Delta1:0.5266
  [train] epoch 7 step 200/491 (176s)
  [train] epoch 7 step 400/491 (352s)
Epoch [7/20] L:2.7289 D:0.3020 431s
  [train] epoch 8 step 200/491 (176s)
  [train] epoch 8 step 400/491 (350s)
Epoch [8/20] L:2.7009 D:0.2923 430s
  [val] starting (62 batches)
  [val] 50/62 (27s)
  [val] done (62 batches, 33s)
  Val L:0.2308 ABS:0.4556 RMSE:1.3467 d1:0.5228
  [train] epoch 9 step 200/491 (176s)
  [train] epoch 9 step 400/491 (350s)
Epoch [9/20] L:2.6702 D:0.2814 430s
  [train] epoch 10 step 200/491 (176s)
  [train] epoch 10 step 400/491 (352s)
Epoch [10/20] L:2.6319 D:0.2667 431s
  [val] starting (62 batches)
  [val] 50/62 (27s)
  [val] done (62 batches, 33s)
  Val L:0.2345 ABS:0.4390 RMSE:1.3672 d1:0.5182
  >> Best ABS_REL:0.4390
  [train] epoch 11 step 200/491 (176s)
  [train] epoch 11 step 400/491 (350s)
Epoch [11/20] L:2.5929 D:0.2517 429s
  [train] epoch 12 step 200/491 (176s)
  [train] epoch 12 step 400/491 (351s)
Epoch [12/20] L:2.5485 D:0.2345 430s
  [val] starting (62 batches)
  [val] 50/62 (27s)
  [val] done (62 batches, 33s)
  Val L:0.2364 ABS:0.4528 RMSE:1.3519 d1:0.5248
  [train] epoch 13 step 200/491 (175s)
  [train] epoch 13 step 400/491 (350s)
Epoch [13/20] L:2.5069 D:0.2198 430s
  [train] epoch 14 step 200/491 (176s)
  [train] epoch 14 step 400/491 (353s)
Epoch [14/20] L:2.4672 D:0.2058 432s
  [val] starting (62 batches)
  [val] 50/62 (27s)
  [val] done (62 batches, 34s)
  Val L:0.2478 ABS:0.4673 RMSE:1.3881 d1:0.5326
  >> Best Delta1:0.5326
  [train] epoch 15 step 200/491 (177s)
  [train] epoch 15 step 400/491 (352s)
Epoch [15/20] L:2.4299 D:0.1939 431s
  [train] epoch 16 step 200/491 (175s)
  [train] epoch 16 step 400/491 (349s)
Epoch [16/20] L:2.3991 D:0.1844 429s
  [val] starting (62 batches)
  [val] 50/62 (28s)
  [val] done (62 batches, 34s)
  Val L:0.2529 ABS:0.4631 RMSE:1.3874 d1:0.5382
  >> Best Delta1:0.5382
  [train] epoch 17 step 200/491 (175s)
  [train] epoch 17 step 400/491 (350s)
Epoch [17/20] L:2.3713 D:0.1767 429s
  [train] epoch 18 step 200/491 (176s)
  [train] epoch 18 step 400/491 (353s)
Epoch [18/20] L:2.3425 D:0.1685 432s
  [val] starting (62 batches)
  [val] 50/62 (26s)
  [val] done (62 batches, 32s)
  Val L:0.2582 ABS:0.4779 RMSE:1.4147 d1:0.5307
  [train] epoch 19 step 200/491 (175s)
  [train] epoch 19 step 400/491 (350s)
Epoch [19/20] L:2.3140 D:0.1614 430s
  [train] epoch 20 step 200/491 (177s)
  [train] epoch 20 step 400/491 (354s)
Epoch [20/20] L:2.2912 D:0.1560 434s
  [val] starting (62 batches)
  [val] 50/62 (28s)
  [val] done (62 batches, 35s)
  Val L:0.2479 ABS:0.4363 RMSE:1.3989 d1:0.5413
  >> Best ABS_REL:0.4363
  >> Best Delta1:0.5413

Done. Best score:1.0748@ep6  RMSE:1.3442@ep-1  ABS:0.4363@ep20  D1:0.5413@ep20
