/opt/conda/lib/python3.11/site-packages/timm/models/layers/__init__.py:49: FutureWarning: Importing from timm.models.layers is deprecated, please import via timm.layers
  warnings.warn(f"Importing from {__name__} is deprecated, please import via timm.layers", FutureWarning)
Warning: You are sending unauthenticated requests to the HF Hub. Please set a HF_TOKEN to enable higher rate limits and faster downloads.
============================================================
Model: echorange  Dataset: soundspaces
BS: 48  LR: 0.0001  Opt: AdamW
============================================================
Loaded scene split from /root/local1/changwoo/matterport3d_0303renew/scene_split.json
  train: 72, val: 9, test: 9
[train] 23560 samples (fast cache: samples_train_erp_c7ed256fbb9b.json) [waveform=ON]
Loaded scene split from /root/local1/changwoo/matterport3d_0303renew/scene_split.json
  train: 72, val: 9, test: 9
[val] 2951 samples (fast cache: samples_val_erp_89df6a83b017.json) [waveform=ON]
Train: 23560, Val: 2951
Loading weights:   0%|          | 0/210 [00:00<?, ?it/s]Loading weights: 100%|██████████| 210/210 [00:00<00:00, 6118.82it/s]
[transformers] [1mWav2Vec2Model LOAD REPORT[0m from: facebook/wav2vec2-base-960h
Key               | Status     | 
------------------+------------+-
lm_head.bias      | UNEXPECTED | 
lm_head.weight    | UNEXPECTED | 
masked_spec_embed | MISSING    | 

Notes:
- UNEXPECTED:	can be ignored when loading from different task/architecture; not ok if you expect identical arch.
- MISSING:	those params were newly initialized because missing from the checkpoint. Consider training on your downstream task.
Model: echorange (132.6M params)
  [train] epoch 1 step 200/491 (178s)
  [train] epoch 1 step 400/491 (355s)
Epoch [1/20] L:0.5415 D:0.5490 436s
  [train] epoch 2 step 200/491 (179s)
  [train] epoch 2 step 400/491 (358s)
Epoch [2/20] L:0.5511 D:0.5415 439s
  [val] starting (62 batches)
[haz] alpha: mean=0.4596 p50=0.1732 p90=0.9996 p95=0.9999 p99=1.0000
[haz] frac_alpha: >.5=0.458 >.9=0.402 >.95=0.379 >.99=0.299
[haz] bg_weight: p10=0.000 p50=0.000 p90=0.000  ent: p10=0.409 p50=0.489 p90=0.595
[haz] argmax_bin_hist (folded 32→16, %): [0.0, 0.0, 0.2, 0.6, 0.5, 1.0, 3.5, 19.8, 21.7, 41.3, 8.0, 3.3, 0.0, 0.0, 0.0, 0.0]
[haz] sliced: [0.1,1) AR=0.403 RMSE=0.354  [1,3) AR=0.311 RMSE=0.733  [3,6) AR=0.577 RMSE=2.501  [6,9.8) AR=0.743 RMSE=5.270  [9.8,10.001) AR=0.872 RMSE=8.727
  [val] 50/62 (27s)
  [val] done (62 batches, 33s)
  Val L:0.3989 ABS:0.4262 RMSE:1.9479 d1:0.2369
  >> Best (score:1.4914 RMSE:1.9479 ABS:0.4262)
  [train] epoch 3 step 200/491 (178s)
  [train] epoch 3 step 400/491 (355s)
Epoch [3/20] L:0.6110 D:0.5806 436s
  [train] epoch 4 step 200/491 (178s)
  [train] epoch 4 step 400/491 (356s)
Epoch [4/20] L:0.6643 D:0.6045 437s
  [val] starting (62 batches)
[haz] alpha: mean=0.5012 p50=0.5456 p90=0.9967 p95=0.9991 p99=1.0000
[haz] frac_alpha: >.5=0.504 >.9=0.450 >.95=0.420 >.99=0.250
[haz] bg_weight: p10=0.000 p50=0.000 p90=0.000  ent: p10=0.392 p50=0.455 p90=0.545
[haz] argmax_bin_hist (folded 32→16, %): [0.0, 0.0, 0.2, 0.5, 1.0, 2.8, 13.9, 27.4, 31.7, 17.2, 4.6, 0.6, 0.0, 0.0, 0.0, 0.0]
[haz] sliced: [0.1,1) AR=0.279 RMSE=0.241  [1,3) AR=0.401 RMSE=0.906  [3,6) AR=0.661 RMSE=2.803  [6,9.8) AR=0.802 RMSE=5.672  [9.8,10.001) AR=0.912 RMSE=9.124
  [val] 50/62 (27s)
  [val] done (62 batches, 34s)
  Val L:0.4999 ABS:0.4726 RMSE:2.0998 d1:0.1566
  [train] epoch 5 step 200/491 (178s)
  [train] epoch 5 step 400/491 (356s)
Epoch [5/20] L:0.7144 D:0.6249 437s
  [train] epoch 6 step 200/491 (180s)
  [train] epoch 6 step 400/491 (359s)
Epoch [6/20] L:0.6979 D:0.6118 439s
  [val] starting (62 batches)
[haz] alpha: mean=0.4858 p50=0.3970 p90=0.9958 p95=0.9990 p99=1.0000
[haz] frac_alpha: >.5=0.492 >.9=0.443 >.95=0.409 >.99=0.202
[haz] bg_weight: p10=0.000 p50=0.000 p90=0.000  ent: p10=0.345 p50=0.417 p90=0.478
[haz] argmax_bin_hist (folded 32→16, %): [0.0, 0.0, 0.0, 0.1, 0.5, 0.5, 7.5, 30.1, 34.8, 22.9, 3.5, 0.1, 0.0, 0.0, 0.0, 0.0]
[haz] sliced: [0.1,1) AR=0.262 RMSE=0.252  [1,3) AR=0.362 RMSE=0.839  [3,6) AR=0.647 RMSE=2.746  [6,9.8) AR=0.789 RMSE=5.560  [9.8,10.001) AR=0.886 RMSE=8.861
  [val] 50/62 (27s)
  [val] done (62 batches, 34s)
  Val L:0.4379 ABS:0.4424 RMSE:2.0485 d1:0.1889
  [train] epoch 7 step 200/491 (180s)
  [train] epoch 7 step 400/491 (360s)
Epoch [7/20] L:0.6802 D:0.5961 441s
  [train] epoch 8 step 200/491 (176s)
  [train] epoch 8 step 400/491 (351s)
Epoch [8/20] L:0.6604 D:0.5775 431s
  [val] starting (62 batches)
[haz] alpha: mean=0.4935 p50=0.4833 p90=0.9972 p95=0.9994 p99=1.0000
[haz] frac_alpha: >.5=0.499 >.9=0.439 >.95=0.400 >.99=0.228
[haz] bg_weight: p10=0.000 p50=0.000 p90=0.000  ent: p10=0.345 p50=0.452 p90=0.565
[haz] argmax_bin_hist (folded 32→16, %): [0.0, 0.0, 0.0, 0.5, 0.8, 3.3, 20.7, 19.4, 24.2, 21.4, 7.2, 2.5, 0.0, 0.0, 0.0, 0.0]
[haz] sliced: [0.1,1) AR=0.230 RMSE=0.222  [1,3) AR=0.393 RMSE=0.885  [3,6) AR=0.618 RMSE=2.654  [6,9.8) AR=0.755 RMSE=5.367  [9.8,10.001) AR=0.882 RMSE=8.837
  [val] 50/62 (26s)
  [val] done (62 batches, 33s)
  Val L:0.4742 ABS:0.4550 RMSE:2.0258 d1:0.1864
  [train] epoch 9 step 200/491 (176s)
  [train] epoch 9 step 400/491 (351s)
Epoch [9/20] L:0.6372 D:0.5560 431s
  [train] epoch 10 step 200/491 (176s)
  [train] epoch 10 step 400/491 (351s)
Epoch [10/20] L:0.6135 D:0.5333 431s
  [val] starting (62 batches)
[haz] alpha: mean=0.4902 p50=0.4367 p90=0.9971 p95=0.9993 p99=1.0000
[haz] frac_alpha: >.5=0.495 >.9=0.444 >.95=0.408 >.99=0.238
[haz] bg_weight: p10=0.000 p50=0.000 p90=0.000  ent: p10=0.330 p50=0.422 p90=0.517
[haz] argmax_bin_hist (folded 32→16, %): [0.0, 0.0, 0.0, 0.1, 0.9, 2.2, 13.8, 24.2, 30.4, 21.0, 6.0, 1.4, 0.0, 0.0, 0.0, 0.0]
[haz] sliced: [0.1,1) AR=0.268 RMSE=0.257  [1,3) AR=0.371 RMSE=0.856  [3,6) AR=0.626 RMSE=2.690  [6,9.8) AR=0.772 RMSE=5.475  [9.8,10.001) AR=0.891 RMSE=8.925
  [val] 50/62 (28s)
  [val] done (62 batches, 34s)
  Val L:0.4475 ABS:0.4438 RMSE:1.9978 d1:0.1941
  [train] epoch 11 step 200/491 (178s)
  [train] epoch 11 step 400/491 (354s)
Epoch [11/20] L:0.5932 D:0.5099 434s
  [train] epoch 12 step 200/491 (176s)
  [train] epoch 12 step 400/491 (352s)
Epoch [12/20] L:0.5698 D:0.4884 432s
  [val] starting (62 batches)
[haz] alpha: mean=0.4823 p50=0.3185 p90=0.9967 p95=0.9992 p99=1.0000
[haz] frac_alpha: >.5=0.488 >.9=0.443 >.95=0.411 >.99=0.226
[haz] bg_weight: p10=0.000 p50=0.000 p90=0.000  ent: p10=0.314 p50=0.399 p90=0.469
[haz] argmax_bin_hist (folded 32→16, %): [0.0, 0.0, 0.0, 0.3, 0.4, 2.1, 10.9, 21.1, 30.6, 26.8, 7.0, 0.6, 0.0, 0.0, 0.0, 0.0]
[haz] sliced: [0.1,1) AR=0.320 RMSE=0.294  [1,3) AR=0.349 RMSE=0.811  [3,6) AR=0.612 RMSE=2.625  [6,9.8) AR=0.765 RMSE=5.413  [9.8,10.001) AR=0.874 RMSE=8.752
  [val] 50/62 (27s)
  [val] done (62 batches, 33s)
  Val L:0.4430 ABS:0.4352 RMSE:1.9905 d1:0.2166
  [train] epoch 13 step 200/491 (177s)
  [train] epoch 13 step 400/491 (353s)
Epoch [13/20] L:0.5494 D:0.4688 434s
  [train] epoch 14 step 200/491 (176s)
  [train] epoch 14 step 400/491 (352s)
Epoch [14/20] L:0.5334 D:0.4521 432s
  [val] starting (62 batches)
[haz] alpha: mean=0.4607 p50=0.1404 p90=0.9955 p95=0.9988 p99=1.0000
[haz] frac_alpha: >.5=0.468 >.9=0.417 >.95=0.380 >.99=0.183
[haz] bg_weight: p10=0.000 p50=0.000 p90=0.000  ent: p10=0.300 p50=0.399 p90=0.482
[haz] argmax_bin_hist (folded 32→16, %): [0.0, 0.0, 0.0, 0.1, 0.4, 1.3, 5.0, 20.5, 27.5, 34.0, 9.8, 1.3, 0.1, 0.0, 0.0, 0.0]
[haz] sliced: [0.1,1) AR=0.361 RMSE=0.369  [1,3) AR=0.304 RMSE=0.729  [3,6) AR=0.568 RMSE=2.453  [6,9.8) AR=0.728 RMSE=5.180  [9.8,10.001) AR=0.861 RMSE=8.630
  [val] 50/62 (27s)
  [val] done (62 batches, 33s)
  Val L:0.3939 ABS:0.4162 RMSE:1.8936 d1:0.2616
  >> Best (score:1.4503 RMSE:1.8936 ABS:0.4162)
  [train] epoch 15 step 200/491 (175s)
  [train] epoch 15 step 400/491 (351s)
Epoch [15/20] L:0.5194 D:0.4367 431s
  [train] epoch 16 step 200/491 (178s)
  [train] epoch 16 step 400/491 (355s)
Epoch [16/20] L:0.5048 D:0.4225 436s
  [val] starting (62 batches)
[haz] alpha: mean=0.4748 p50=0.2362 p90=0.9963 p95=0.9990 p99=1.0000
[haz] frac_alpha: >.5=0.481 >.9=0.436 >.95=0.403 >.99=0.221
[haz] bg_weight: p10=0.000 p50=0.000 p90=0.000  ent: p10=0.278 p50=0.383 p90=0.466
[haz] argmax_bin_hist (folded 32→16, %): [0.0, 0.0, 0.0, 0.2, 0.7, 1.5, 8.5, 24.1, 26.7, 28.7, 8.0, 1.6, 0.0, 0.0, 0.0, 0.0]
[haz] sliced: [0.1,1) AR=0.361 RMSE=0.357  [1,3) AR=0.334 RMSE=0.786  [3,6) AR=0.588 RMSE=2.531  [6,9.8) AR=0.741 RMSE=5.263  [9.8,10.001) AR=0.872 RMSE=8.737
  [val] 50/62 (29s)
  [val] done (62 batches, 36s)
  Val L:0.4112 ABS:0.4189 RMSE:1.9262 d1:0.2487
  [train] epoch 17 step 200/491 (181s)
  [train] epoch 17 step 400/491 (361s)
Epoch [17/20] L:0.4912 D:0.4085 443s
  [train] epoch 18 step 200/491 (181s)
  [train] epoch 18 step 400/491 (362s)
Epoch [18/20] L:0.4809 D:0.3977 443s
  [val] starting (62 batches)
[haz] alpha: mean=0.4571 p50=0.1097 p90=0.9954 p95=0.9987 p99=1.0000
[haz] frac_alpha: >.5=0.464 >.9=0.415 >.95=0.377 >.99=0.185
[haz] bg_weight: p10=0.000 p50=0.000 p90=0.000  ent: p10=0.281 p50=0.393 p90=0.473
[haz] argmax_bin_hist (folded 32→16, %): [0.0, 0.0, 0.0, 0.0, 0.6, 1.4, 5.0, 16.1, 31.6, 33.4, 9.6, 2.3, 0.0, 0.0, 0.0, 0.0]
[haz] sliced: [0.1,1) AR=0.377 RMSE=0.366  [1,3) AR=0.285 RMSE=0.707  [3,6) AR=0.565 RMSE=2.455  [6,9.8) AR=0.732 RMSE=5.208  [9.8,10.001) AR=0.872 RMSE=8.737
  [val] 50/62 (29s)
  [val] done (62 batches, 35s)
  Val L:0.4014 ABS:0.3999 RMSE:1.9087 d1:0.2937
  [train] epoch 19 step 200/491 (181s)
  [train] epoch 19 step 400/491 (361s)
Epoch [19/20] L:0.4695 D:0.3858 443s
  [train] epoch 20 step 200/491 (180s)
  [train] epoch 20 step 400/491 (359s)
Epoch [20/20] L:0.4592 D:0.3763 440s
  [val] starting (62 batches)
[haz] alpha: mean=0.4618 p50=0.1334 p90=0.9965 p95=0.9991 p99=1.0000
[haz] frac_alpha: >.5=0.467 >.9=0.422 >.95=0.389 >.99=0.218
[haz] bg_weight: p10=0.000 p50=0.000 p90=0.000  ent: p10=0.286 p50=0.393 p90=0.477
[haz] argmax_bin_hist (folded 32→16, %): [0.0, 0.0, 0.0, 0.1, 0.7, 1.5, 6.6, 17.0, 32.3, 28.0, 10.0, 3.6, 0.2, 0.0, 0.0, 0.0]
[haz] sliced: [0.1,1) AR=0.412 RMSE=0.411  [1,3) AR=0.309 RMSE=0.733  [3,6) AR=0.542 RMSE=2.356  [6,9.8) AR=0.705 RMSE=5.041  [9.8,10.001) AR=0.854 RMSE=8.563
  [val] 50/62 (27s)
  [val] done (62 batches, 33s)
  Val L:0.3857 ABS:0.4201 RMSE:1.8599 d1:0.2578
  >> Best (score:1.4280 RMSE:1.8599 ABS:0.4201)

Done. Best score:1.4280 RMSE:1.8599 ABS:0.4201
