/opt/conda/lib/python3.11/site-packages/timm/models/layers/__init__.py:49: FutureWarning: Importing from timm.models.layers is deprecated, please import via timm.layers
  warnings.warn(f"Importing from {__name__} is deprecated, please import via timm.layers", FutureWarning)
Warning: You are sending unauthenticated requests to the HF Hub. Please set a HF_TOKEN to enable higher rate limits and faster downloads.
============================================================
Model: echorange  Dataset: soundspaces
BS: 48  LR: 0.0001  Opt: AdamW
============================================================
Loaded scene split from /root/local1/changwoo/matterport3d_0303renew/scene_split.json
  train: 72, val: 9, test: 9
[train] 23560 samples (fast cache: samples_train_erp_c7ed256fbb9b.json) [waveform=ON]
Loaded scene split from /root/local1/changwoo/matterport3d_0303renew/scene_split.json
  train: 72, val: 9, test: 9
[val] 2951 samples (fast cache: samples_val_erp_89df6a83b017.json) [waveform=ON]
Train: 23560, Val: 2951
Loading weights:   0%|          | 0/210 [00:00<?, ?it/s]Loading weights: 100%|██████████| 210/210 [00:00<00:00, 6044.50it/s]
[transformers] [1mWav2Vec2Model LOAD REPORT[0m from: facebook/wav2vec2-base-960h
Key               | Status     | 
------------------+------------+-
lm_head.bias      | UNEXPECTED | 
lm_head.weight    | UNEXPECTED | 
masked_spec_embed | MISSING    | 

Notes:
- UNEXPECTED:	can be ignored when loading from different task/architecture; not ok if you expect identical arch.
- MISSING:	those params were newly initialized because missing from the checkpoint. Consider training on your downstream task.
Model: echorange (132.6M params)
  [train] epoch 1 step 200/491 (186s)
  [train] epoch 1 step 400/491 (368s)
Epoch [1/20] L:3.2181 D:0.4301 451s
  [train] epoch 2 step 200/491 (182s)
  [train] epoch 2 step 400/491 (364s)
Epoch [2/20] L:3.0366 D:0.3705 445s
  [val] starting (62 batches)
  [val] 50/62 (27s)
  [val] done (62 batches, 33s)
  Val L:0.2565 ABS:0.4996 RMSE:1.4246 d1:0.4885
  >> Best score:1.1471 RMSE:1.4246 ABS:0.4996
  >> Best Delta1:0.4885
  [train] epoch 3 step 200/491 (183s)
  [train] epoch 3 step 400/491 (364s)
Epoch [3/20] L:2.9641 D:0.3455 447s
  [train] epoch 4 step 200/491 (182s)
  [train] epoch 4 step 400/491 (364s)
Epoch [4/20] L:2.9214 D:0.3350 446s
  [val] starting (62 batches)
  [val] 50/62 (28s)
  [val] done (62 batches, 34s)
  Val L:0.2452 ABS:0.5015 RMSE:1.3883 d1:0.4987
  >> Best score:1.1222 RMSE:1.3883 ABS:0.5015
  >> Best Delta1:0.4987
  [train] epoch 5 step 200/491 (182s)
  [train] epoch 5 step 400/491 (363s)
Epoch [5/20] L:2.8870 D:0.3252 445s
  [train] epoch 6 step 200/491 (182s)
  [train] epoch 6 step 400/491 (364s)
Epoch [6/20] L:2.8569 D:0.3169 447s
  [val] starting (62 batches)
  [val] 50/62 (27s)
  [val] done (62 batches, 33s)
  Val L:0.2450 ABS:0.5084 RMSE:1.3760 d1:0.5052
  >> Best score:1.1158 RMSE:1.3760 ABS:0.5084
  >> Best Delta1:0.5052
  [train] epoch 7 step 200/491 (182s)
  [train] epoch 7 step 400/491 (363s)
Epoch [7/20] L:2.8314 D:0.3090 446s
  [train] epoch 8 step 200/491 (182s)
  [train] epoch 8 step 400/491 (363s)
Epoch [8/20] L:2.8068 D:0.3010 446s
  [val] starting (62 batches)
  [val] 50/62 (27s)
  [val] done (62 batches, 33s)
  Val L:0.2370 ABS:0.4294 RMSE:1.3922 d1:0.5196
  >> Best score:1.1034 RMSE:1.3922 ABS:0.4294
  >> Best Delta1:0.5196
  [train] epoch 9 step 200/491 (183s)
  [train] epoch 9 step 400/491 (363s)
Epoch [9/20] L:2.7751 D:0.2908 446s
  [train] epoch 10 step 200/491 (182s)
  [train] epoch 10 step 400/491 (363s)
Epoch [10/20] L:2.7437 D:0.2800 445s
  [val] starting (62 batches)
  [val] 50/62 (26s)
  [val] done (62 batches, 32s)
  Val L:0.2339 ABS:0.4546 RMSE:1.3474 d1:0.5323
  >> Best score:1.0796 RMSE:1.3474 ABS:0.4546
  >> Best Delta1:0.5323
  [train] epoch 11 step 200/491 (182s)
  [train] epoch 11 step 400/491 (364s)
Epoch [11/20] L:2.7044 D:0.2665 446s
  [train] epoch 12 step 200/491 (181s)
  [train] epoch 12 step 400/491 (364s)
Epoch [12/20] L:2.6688 D:0.2543 447s
  [val] starting (62 batches)
  [val] 50/62 (27s)
  [val] done (62 batches, 33s)
  Val L:0.2361 ABS:0.4143 RMSE:1.3720 d1:0.5282
  >> Best ABS_REL:0.4143
  [train] epoch 13 step 200/491 (182s)
  [train] epoch 13 step 400/491 (363s)
Epoch [13/20] L:2.6290 D:0.2406 445s
  [train] epoch 14 step 200/491 (182s)
  [train] epoch 14 step 400/491 (364s)
Epoch [14/20] L:2.5859 D:0.2263 447s
  [val] starting (62 batches)
  [val] 50/62 (27s)
  [val] done (62 batches, 33s)
  Val L:0.2374 ABS:0.4439 RMSE:1.3619 d1:0.5373
  >> Best Delta1:0.5373
  [train] epoch 15 step 200/491 (181s)
  [train] epoch 15 step 400/491 (362s)
Epoch [15/20] L:2.5481 D:0.2141 444s
  [train] epoch 16 step 200/491 (182s)
  [train] epoch 16 step 400/491 (364s)
Epoch [16/20] L:2.5147 D:0.2037 446s
  [val] starting (62 batches)
  [val] 50/62 (28s)
  [val] done (62 batches, 34s)
  Val L:0.2483 ABS:0.4839 RMSE:1.3915 d1:0.5251
  [train] epoch 17 step 200/491 (183s)
  [train] epoch 17 step 400/491 (365s)
Epoch [17/20] L:2.4798 D:0.1936 447s
  [train] epoch 18 step 200/491 (182s)
  [train] epoch 18 step 400/491 (363s)
Epoch [18/20] L:2.4472 D:0.1847 445s
  [val] starting (62 batches)
  [val] 50/62 (27s)
  [val] done (62 batches, 34s)
  Val L:0.2516 ABS:0.4600 RMSE:1.4103 d1:0.5341
  [train] epoch 19 step 200/491 (181s)
  [train] epoch 19 step 400/491 (363s)
Epoch [19/20] L:2.4168 D:0.1768 445s
  [train] epoch 20 step 200/491 (181s)
  [train] epoch 20 step 400/491 (363s)
Epoch [20/20] L:2.3867 D:0.1689 445s
  [val] starting (62 batches)
  [val] 50/62 (28s)
  [val] done (62 batches, 35s)
  Val L:0.2569 ABS:0.4130 RMSE:1.4141 d1:0.5310
  >> Best ABS_REL:0.4130

Done. Best score:1.0796@ep10  RMSE:1.3474@ep-1  ABS:0.4130@ep20  D1:0.5373@ep14
