/opt/conda/lib/python3.11/site-packages/timm/models/layers/__init__.py:49: FutureWarning: Importing from timm.models.layers is deprecated, please import via timm.layers
  warnings.warn(f"Importing from {__name__} is deprecated, please import via timm.layers", FutureWarning)
Warning: You are sending unauthenticated requests to the HF Hub. Please set a HF_TOKEN to enable higher rate limits and faster downloads.
============================================================
Model: echorange  Dataset: soundspaces
BS: 48  LR: 0.0001  Opt: AdamW
============================================================
Loaded scene split from /root/local1/changwoo/matterport3d_0303renew/scene_split.json
  train: 72, val: 9, test: 9
[train] 23560 samples (fast cache: samples_train_erp_c7ed256fbb9b.json) [waveform=ON]
Loaded scene split from /root/local1/changwoo/matterport3d_0303renew/scene_split.json
  train: 72, val: 9, test: 9
[val] 2951 samples (fast cache: samples_val_erp_89df6a83b017.json) [waveform=ON]
Train: 23560, Val: 2951
Loading weights:   0%|          | 0/210 [00:00<?, ?it/s]Loading weights: 100%|██████████| 210/210 [00:00<00:00, 7659.56it/s]
[transformers] [1mWav2Vec2Model LOAD REPORT[0m from: facebook/wav2vec2-base-960h
Key               | Status     | 
------------------+------------+-
lm_head.bias      | UNEXPECTED | 
lm_head.weight    | UNEXPECTED | 
masked_spec_embed | MISSING    | 

Notes:
- UNEXPECTED:	can be ignored when loading from different task/architecture; not ok if you expect identical arch.
- MISSING:	those params were newly initialized because missing from the checkpoint. Consider training on your downstream task.
Model: echorange (132.6M params)
  [train] epoch 1 step 200/491 (171s)
  [train] epoch 1 step 400/491 (341s)
Epoch [1/20] L:2.9720 D:0.4133 417s
  [train] epoch 2 step 200/491 (168s)
  [train] epoch 2 step 400/491 (336s)
Epoch [2/20] L:2.8030 D:0.3491 412s
  [val] starting (62 batches)
  [val] 50/62 (27s)
  [val] done (62 batches, 33s)
  Val L:0.2542 ABS:0.5113 RMSE:1.4225 d1:0.4884
  >> Best score:1.1491 RMSE:1.4225 ABS:0.5113
  >> Best Delta1:0.4884
  [train] epoch 3 step 200/491 (173s)
  [train] epoch 3 step 400/491 (343s)
Epoch [3/20] L:2.7439 D:0.3309 421s
  [train] epoch 4 step 200/491 (169s)
  [train] epoch 4 step 400/491 (338s)
Epoch [4/20] L:2.7070 D:0.3200 415s
  [val] starting (62 batches)
  [val] 50/62 (27s)
  [val] done (62 batches, 33s)
  Val L:0.2510 ABS:0.3647 RMSE:1.4601 d1:0.5031
  >> Best score:1.1315 RMSE:1.4601 ABS:0.3647
  >> Best Delta1:0.5031
  [train] epoch 5 step 200/491 (169s)
  [train] epoch 5 step 400/491 (337s)
Epoch [5/20] L:2.6766 D:0.3101 413s
  [train] epoch 6 step 200/491 (169s)
  [train] epoch 6 step 400/491 (338s)
Epoch [6/20] L:2.6472 D:0.2999 414s
  [val] starting (62 batches)
  [val] 50/62 (27s)
  [val] done (62 batches, 33s)
  Val L:0.2342 ABS:0.4323 RMSE:1.3852 d1:0.5261
  >> Best score:1.0994 RMSE:1.3852 ABS:0.4323
  >> Best Delta1:0.5261
  [train] epoch 7 step 200/491 (170s)
  [train] epoch 7 step 400/491 (338s)
Epoch [7/20] L:2.6159 D:0.2884 414s
  [train] epoch 8 step 200/491 (169s)
  [train] epoch 8 step 400/491 (338s)
Epoch [8/20] L:2.5842 D:0.2763 414s
  [val] starting (62 batches)
  [val] 50/62 (26s)
  [val] done (62 batches, 33s)
  Val L:0.2335 ABS:0.3893 RMSE:1.3868 d1:0.5312
  >> Best score:1.0875 RMSE:1.3868 ABS:0.3893
  >> Best Delta1:0.5312
  [train] epoch 9 step 200/491 (169s)
  [train] epoch 9 step 400/491 (337s)
Epoch [9/20] L:2.5507 D:0.2628 414s
  [train] epoch 10 step 200/491 (169s)
  [train] epoch 10 step 400/491 (337s)
Epoch [10/20] L:2.5139 D:0.2484 413s
  [val] starting (62 batches)
  [val] 50/62 (26s)
  [val] done (62 batches, 32s)
  Val L:0.2387 ABS:0.4714 RMSE:1.3555 d1:0.5436
  >> Best RMSE:1.3555
  >> Best Delta1:0.5436
  [train] epoch 11 step 200/491 (169s)
  [train] epoch 11 step 400/491 (338s)
Epoch [11/20] L:2.4759 D:0.2333 415s
  [train] epoch 12 step 200/491 (168s)
  [train] epoch 12 step 400/491 (337s)
Epoch [12/20] L:2.4421 D:0.2212 413s
  [val] starting (62 batches)
  [val] 50/62 (27s)
  [val] done (62 batches, 33s)
  Val L:0.2414 ABS:0.4130 RMSE:1.3936 d1:0.5382
  [train] epoch 13 step 200/491 (169s)
  [train] epoch 13 step 400/491 (338s)
Epoch [13/20] L:2.4052 D:0.2077 414s
  [train] epoch 14 step 200/491 (169s)
  [train] epoch 14 step 400/491 (338s)
Epoch [14/20] L:2.3718 D:0.1961 414s
  [val] starting (62 batches)
  [val] 50/62 (27s)
  [val] done (62 batches, 33s)
  Val L:0.2520 ABS:0.4782 RMSE:1.3966 d1:0.5407
  [train] epoch 15 step 200/491 (170s)
  [train] epoch 15 step 400/491 (338s)
Epoch [15/20] L:2.3415 D:0.1864 415s
  [train] epoch 16 step 200/491 (169s)
  [train] epoch 16 step 400/491 (337s)
Epoch [16/20] L:2.3129 D:0.1777 413s
  [val] starting (62 batches)
  [val] 50/62 (26s)
  [val] done (62 batches, 33s)
  Val L:0.2530 ABS:0.4451 RMSE:1.4146 d1:0.5370
  [train] epoch 17 step 200/491 (170s)
  [train] epoch 17 step 400/491 (339s)
Epoch [17/20] L:2.2844 D:0.1694 415s
  [train] epoch 18 step 200/491 (169s)
  [train] epoch 18 step 400/491 (337s)
Epoch [18/20] L:2.2564 D:0.1617 413s
  [val] starting (62 batches)
  [val] 50/62 (27s)
  [val] done (62 batches, 33s)
  Val L:0.2472 ABS:0.4455 RMSE:1.3891 d1:0.5446
  >> Best Delta1:0.5446
  [train] epoch 19 step 200/491 (170s)
  [train] epoch 19 step 400/491 (339s)
Epoch [19/20] L:2.2338 D:0.1558 415s
  [train] epoch 20 step 200/491 (169s)
  [train] epoch 20 step 400/491 (338s)
Epoch [20/20] L:2.2093 D:0.1496 414s
  [val] starting (62 batches)
  [val] 50/62 (27s)
  [val] done (62 batches, 34s)
  Val L:0.2529 ABS:0.4699 RMSE:1.3994 d1:0.5468
  >> Best Delta1:0.5468

Done. Best score:1.0875@ep8  RMSE:1.3555@ep10  ABS:0.3893@ep-1  D1:0.5468@ep20
