/opt/conda/lib/python3.11/site-packages/timm/models/layers/__init__.py:49: FutureWarning: Importing from timm.models.layers is deprecated, please import via timm.layers
  warnings.warn(f"Importing from {__name__} is deprecated, please import via timm.layers", FutureWarning)
Warning: You are sending unauthenticated requests to the HF Hub. Please set a HF_TOKEN to enable higher rate limits and faster downloads.
============================================================
Model: echorange  Dataset: soundspaces
BS: 48  LR: 0.0001  Opt: AdamW
============================================================
Loaded scene split from /root/local1/changwoo/matterport3d_0303renew/scene_split.json
  train: 72, val: 9, test: 9
[train] 23560 samples (fast cache: samples_train_erp_c7ed256fbb9b.json) [waveform=ON]
Loaded scene split from /root/local1/changwoo/matterport3d_0303renew/scene_split.json
  train: 72, val: 9, test: 9
[val] 2951 samples (fast cache: samples_val_erp_89df6a83b017.json) [waveform=ON]
Train: 23560, Val: 2951
Loading weights:   0%|          | 0/210 [00:00<?, ?it/s]Loading weights: 100%|██████████| 210/210 [00:00<00:00, 14253.18it/s]
[transformers] [1mWav2Vec2Model LOAD REPORT[0m from: facebook/wav2vec2-base-960h
Key               | Status     | 
------------------+------------+-
lm_head.bias      | UNEXPECTED | 
lm_head.weight    | UNEXPECTED | 
masked_spec_embed | MISSING    | 

Notes:
- UNEXPECTED:	can be ignored when loading from different task/architecture; not ok if you expect identical arch.
- MISSING:	those params were newly initialized because missing from the checkpoint. Consider training on your downstream task.
Model: echorange (132.6M params)
  [train] epoch 1 step 200/491 (178s)
  [train] epoch 1 step 400/491 (351s)
Epoch [1/20] L:3.1957 D:0.4218 430s
  [train] epoch 2 step 200/491 (174s)
  [train] epoch 2 step 400/491 (349s)
Epoch [2/20] L:2.9976 D:0.3577 427s
  [val] starting (62 batches)
  [val] 50/62 (27s)
  [val] done (62 batches, 33s)
  Val L:0.2535 ABS:0.4835 RMSE:1.4137 d1:0.4973
  >> Best score:1.1347 RMSE:1.4137 ABS:0.4835
  >> Best Delta1:0.4973
  [train] epoch 3 step 200/491 (175s)
  [train] epoch 3 step 400/491 (348s)
Epoch [3/20] L:2.9215 D:0.3360 427s
  [train] epoch 4 step 200/491 (175s)
  [train] epoch 4 step 400/491 (350s)
Epoch [4/20] L:2.8737 D:0.3228 429s
  [val] starting (62 batches)
  [val] 50/62 (26s)
  [val] done (62 batches, 32s)
  Val L:0.2381 ABS:0.4730 RMSE:1.3696 d1:0.5034
  >> Best score:1.1006 RMSE:1.3696 ABS:0.4730
  >> Best Delta1:0.5034
  [train] epoch 5 step 200/491 (175s)
  [train] epoch 5 step 400/491 (348s)
Epoch [5/20] L:2.8415 D:0.3136 427s
  [train] epoch 6 step 200/491 (175s)
  [train] epoch 6 step 400/491 (349s)
Epoch [6/20] L:2.8157 D:0.3063 428s
  [val] starting (62 batches)
  [val] 50/62 (26s)
  [val] done (62 batches, 32s)
  Val L:0.2380 ABS:0.4781 RMSE:1.3656 d1:0.5084
  >> Best score:1.0994 RMSE:1.3656 ABS:0.4781
  >> Best Delta1:0.5084
  [train] epoch 7 step 200/491 (175s)
  [train] epoch 7 step 400/491 (349s)
Epoch [7/20] L:2.7803 D:0.2951 428s
  [train] epoch 8 step 200/491 (175s)
  [train] epoch 8 step 400/491 (349s)
Epoch [8/20] L:2.7476 D:0.2847 427s
  [val] starting (62 batches)
  [val] 50/62 (27s)
  [val] done (62 batches, 33s)
  Val L:0.2343 ABS:0.4245 RMSE:1.3842 d1:0.5152
  >> Best score:1.0963 RMSE:1.3842 ABS:0.4245
  >> Best Delta1:0.5152
  [train] epoch 9 step 200/491 (174s)
  [train] epoch 9 step 400/491 (348s)
Epoch [9/20] L:2.7079 D:0.2708 427s
  [train] epoch 10 step 200/491 (174s)
  [train] epoch 10 step 400/491 (347s)
Epoch [10/20] L:2.6642 D:0.2555 426s
  [val] starting (62 batches)
  [val] 50/62 (27s)
  [val] done (62 batches, 33s)
  Val L:0.2300 ABS:0.4394 RMSE:1.3436 d1:0.5410
  >> Best score:1.0723 RMSE:1.3436 ABS:0.4394
  >> Best Delta1:0.5410
  [train] epoch 11 step 200/491 (175s)
  [train] epoch 11 step 400/491 (350s)
Epoch [11/20] L:2.6193 D:0.2393 429s
  [train] epoch 12 step 200/491 (174s)
  [train] epoch 12 step 400/491 (349s)
Epoch [12/20] L:2.5731 D:0.2234 428s
  [val] starting (62 batches)
  [val] 50/62 (26s)
  [val] done (62 batches, 32s)
  Val L:0.2380 ABS:0.4411 RMSE:1.3629 d1:0.5293
  [train] epoch 13 step 200/491 (174s)
  [train] epoch 13 step 400/491 (347s)
Epoch [13/20] L:2.5340 D:0.2106 426s
  [train] epoch 14 step 200/491 (175s)
  [train] epoch 14 step 400/491 (348s)
Epoch [14/20] L:2.4961 D:0.1989 427s
  [val] starting (62 batches)
  [val] 50/62 (26s)
  [val] done (62 batches, 32s)
  Val L:0.2388 ABS:0.4440 RMSE:1.3738 d1:0.5393
  [train] epoch 15 step 200/491 (174s)
  [train] epoch 15 step 400/491 (348s)
Epoch [15/20] L:2.4594 D:0.1881 427s
  [train] epoch 16 step 200/491 (174s)
  [train] epoch 16 step 400/491 (349s)
Epoch [16/20] L:2.4305 D:0.1806 428s
  [val] starting (62 batches)
  [val] 50/62 (26s)
  [val] done (62 batches, 32s)
  Val L:0.2498 ABS:0.4492 RMSE:1.3979 d1:0.5441
  >> Best Delta1:0.5441
  [train] epoch 17 step 200/491 (174s)
  [train] epoch 17 step 400/491 (348s)
Epoch [17/20] L:2.4002 D:0.1725 427s
  [train] epoch 18 step 200/491 (174s)
  [train] epoch 18 step 400/491 (348s)
Epoch [18/20] L:2.3728 D:0.1657 427s
  [val] starting (62 batches)
  [val] 50/62 (26s)
  [val] done (62 batches, 32s)
  Val L:0.2468 ABS:0.4745 RMSE:1.3851 d1:0.5342
  [train] epoch 19 step 200/491 (174s)
  [train] epoch 19 step 400/491 (349s)
Epoch [19/20] L:2.3448 D:0.1591 429s
  [train] epoch 20 step 200/491 (174s)
  [train] epoch 20 step 400/491 (348s)
Epoch [20/20] L:2.3222 D:0.1538 426s
  [val] starting (62 batches)
  [val] 50/62 (26s)
  [val] done (62 batches, 32s)
  Val L:0.2456 ABS:0.4368 RMSE:1.3875 d1:0.5484
  >> Best ABS_REL:0.4368
  >> Best Delta1:0.5484

Done. Best score:1.0723@ep10  RMSE:1.3436@ep-1  ABS:0.4368@ep20  D1:0.5484@ep20
