/opt/conda/lib/python3.11/site-packages/timm/models/layers/__init__.py:49: FutureWarning: Importing from timm.models.layers is deprecated, please import via timm.layers
  warnings.warn(f"Importing from {__name__} is deprecated, please import via timm.layers", FutureWarning)
/opt/conda/lib/python3.11/site-packages/torch/cuda/__init__.py:829: UserWarning: Can't initialize NVML
  warnings.warn("Can't initialize NVML")
Warning: You are sending unauthenticated requests to the HF Hub. Please set a HF_TOKEN to enable higher rate limits and faster downloads.
============================================================
Model: echorange  Dataset: soundspaces
BS: 32  LR: 0.0001  Opt: AdamW
============================================================
Loaded scene split from /root/local1/changwoo/matterport3d_0303_renew/scene_split.json
  train: 72, val: 9, test: 9
[train] 23560 samples (fast cache: samples_train_erp_c7ed256fbb9b.json) [waveform=ON]
Loaded scene split from /root/local1/changwoo/matterport3d_0303_renew/scene_split.json
  train: 72, val: 9, test: 9
[val] 2951 samples (fast cache: samples_val_erp_89df6a83b017.json) [waveform=ON]
Train: 23560, Val: 2951
Loading weights:   0%|          | 0/210 [00:00<?, ?it/s]Loading weights: 100%|██████████| 210/210 [00:00<00:00, 4334.64it/s]
[1mWav2Vec2Model LOAD REPORT[0m from: facebook/wav2vec2-base-960h
Key               | Status     | 
------------------+------------+-
lm_head.weight    | UNEXPECTED | 
lm_head.bias      | UNEXPECTED | 
masked_spec_embed | MISSING    | 

Notes:
- UNEXPECTED:	can be ignored when loading from different task/architecture; not ok if you expect identical arch.
- MISSING:	those params were newly initialized because missing from the checkpoint. Consider training on your downstream task.
/opt/conda/lib/python3.11/site-packages/torch/cuda/__init__.py:829: UserWarning: Can't initialize NVML
  warnings.warn("Can't initialize NVML")
Model: echorange (132.6M params)
  [train] epoch 1 step 200/737 (86s)
  [train] epoch 1 step 400/737 (168s)
  [train] epoch 1 step 600/737 (249s)
Epoch [1/20] L:2.9701 D:0.4142 305s
  [train] epoch 2 step 200/737 (82s)
  [train] epoch 2 step 400/737 (163s)
  [train] epoch 2 step 600/737 (244s)
Epoch [2/20] L:2.8130 D:0.3551 299s
  [val] starting (93 batches)
  [val] 50/93 (11s)
  [val] done (93 batches, 19s)
  Val L:0.2558 ABS:0.4922 RMSE:1.4308 d1:0.5035
  >> Best score:1.1492 RMSE:1.4308 ABS:0.4922
  >> Best Delta1:0.5035
  [train] epoch 3 step 200/737 (81s)
  [train] epoch 3 step 400/737 (162s)
  [train] epoch 3 step 600/737 (243s)
Epoch [3/20] L:2.7441 D:0.3301 299s
  [train] epoch 4 step 200/737 (81s)
  [train] epoch 4 step 400/737 (163s)
  [train] epoch 4 step 600/737 (244s)
Epoch [4/20] L:2.7053 D:0.3179 299s
  [val] starting (93 batches)
  [val] 50/93 (10s)
  [val] done (93 batches, 19s)
  Val L:0.2481 ABS:0.5033 RMSE:1.4141 d1:0.4917
  >> Best score:1.1409 RMSE:1.4141 ABS:0.5033
  [train] epoch 5 step 200/737 (81s)
  [train] epoch 5 step 400/737 (163s)
  [train] epoch 5 step 600/737 (244s)
Epoch [5/20] L:2.6767 D:0.3090 299s
  [train] epoch 6 step 200/737 (81s)
  [train] epoch 6 step 400/737 (163s)
  [train] epoch 6 step 600/737 (244s)
Epoch [6/20] L:2.6472 D:0.2985 299s
  [val] starting (93 batches)
  [val] 50/93 (10s)
  [val] done (93 batches, 19s)
  Val L:0.2421 ABS:0.4099 RMSE:1.4116 d1:0.5064
  >> Best score:1.1111 RMSE:1.4116 ABS:0.4099
  >> Best Delta1:0.5064
  [train] epoch 7 step 200/737 (81s)
  [train] epoch 7 step 400/737 (163s)
  [train] epoch 7 step 600/737 (244s)
Epoch [7/20] L:2.6153 D:0.2857 299s
  [train] epoch 8 step 200/737 (81s)
  [train] epoch 8 step 400/737 (163s)
  [train] epoch 8 step 600/737 (244s)
Epoch [8/20] L:2.5820 D:0.2723 299s
  [val] starting (93 batches)
  [val] 50/93 (10s)
  [val] done (93 batches, 19s)
  Val L:0.2421 ABS:0.4647 RMSE:1.3895 d1:0.5181
  >> Best RMSE:1.3895
  >> Best Delta1:0.5181
  [train] epoch 9 step 200/737 (81s)
  [train] epoch 9 step 400/737 (163s)
  [train] epoch 9 step 600/737 (244s)
Epoch [9/20] L:2.5472 D:0.2582 299s
  [train] epoch 10 step 200/737 (81s)
  [train] epoch 10 step 400/737 (163s)
  [train] epoch 10 step 600/737 (244s)
Epoch [10/20] L:2.5103 D:0.2434 299s
  [val] starting (93 batches)
  [val] 50/93 (10s)
  [val] done (93 batches, 18s)
  Val L:0.2403 ABS:0.4099 RMSE:1.3954 d1:0.5352
  >> Best score:1.0997 RMSE:1.3954 ABS:0.4099
  >> Best Delta1:0.5352
  [train] epoch 11 step 200/737 (81s)
  [train] epoch 11 step 400/737 (163s)
  [train] epoch 11 step 600/737 (244s)
Epoch [11/20] L:2.4721 D:0.2289 299s
  [train] epoch 12 step 200/737 (82s)
  [train] epoch 12 step 400/737 (163s)
  [train] epoch 12 step 600/737 (244s)
Epoch [12/20] L:2.4376 D:0.2161 299s
  [val] starting (93 batches)
  [val] 50/93 (10s)
  [val] done (93 batches, 19s)
  Val L:0.2487 ABS:0.4578 RMSE:1.3931 d1:0.5357
  >> Best RMSE:1.3931
  >> Best Delta1:0.5357
  [train] epoch 13 step 200/737 (81s)
  [train] epoch 13 step 400/737 (163s)
  [train] epoch 13 step 600/737 (244s)
Epoch [13/20] L:2.4040 D:0.2044 299s
  [train] epoch 14 step 200/737 (81s)
  [train] epoch 14 step 400/737 (163s)
  [train] epoch 14 step 600/737 (244s)
Epoch [14/20] L:2.3711 D:0.1937 299s
  [val] starting (93 batches)
  [val] 50/93 (10s)
  [val] done (93 batches, 18s)
  Val L:0.2482 ABS:0.4339 RMSE:1.3882 d1:0.5311
  >> Best RMSE:1.3882
  [train] epoch 15 step 200/737 (81s)
  [train] epoch 15 step 400/737 (162s)
  [train] epoch 15 step 600/737 (244s)
Epoch [15/20] L:2.3398 D:0.1838 299s
  [train] epoch 16 step 200/737 (81s)
  [train] epoch 16 step 400/737 (162s)
  [train] epoch 16 step 600/737 (243s)
Epoch [16/20] L:2.3101 D:0.1749 299s
  [val] starting (93 batches)
  [val] 50/93 (11s)
  [val] done (93 batches, 19s)
  Val L:0.2497 ABS:0.4318 RMSE:1.4032 d1:0.5426
  >> Best Delta1:0.5426
  [train] epoch 17 step 200/737 (81s)
  [train] epoch 17 step 400/737 (162s)
  [train] epoch 17 step 600/737 (244s)
Epoch [17/20] L:2.2839 D:0.1678 299s
  [train] epoch 18 step 200/737 (81s)
  [train] epoch 18 step 400/737 (163s)
  [train] epoch 18 step 600/737 (244s)
Epoch [18/20] L:2.2563 D:0.1602 299s
  [val] starting (93 batches)
  [val] 50/93 (10s)
  [val] done (93 batches, 18s)
  Val L:0.2577 ABS:0.4219 RMSE:1.4135 d1:0.5390
  [train] epoch 19 step 200/737 (81s)
  [train] epoch 19 step 400/737 (162s)
  [train] epoch 19 step 600/737 (243s)
Epoch [19/20] L:2.2323 D:0.1547 299s
  [train] epoch 20 step 200/737 (81s)
  [train] epoch 20 step 400/737 (162s)
  [train] epoch 20 step 600/737 (244s)
Epoch [20/20] L:2.2104 D:0.1493 299s
  [val] starting (93 batches)
  [val] 50/93 (11s)
  [val] done (93 batches, 19s)
  Val L:0.2587 ABS:0.4449 RMSE:1.4220 d1:0.5378

Done. Best score:1.0997@ep10  RMSE:1.3882@ep14  ABS:0.4099@ep-1  D1:0.5426@ep16
