/opt/conda/lib/python3.11/site-packages/timm/models/layers/__init__.py:49: FutureWarning: Importing from timm.models.layers is deprecated, please import via timm.layers
  warnings.warn(f"Importing from {__name__} is deprecated, please import via timm.layers", FutureWarning)
Warning: You are sending unauthenticated requests to the HF Hub. Please set a HF_TOKEN to enable higher rate limits and faster downloads.
============================================================
Model: echorange  Dataset: soundspaces
BS: 48  LR: 0.0001  Opt: AdamW
============================================================
Loaded scene split from /root/local1/changwoo/matterport3d_0303renew/scene_split.json
  train: 72, val: 9, test: 9
[train] 23560 samples (fast cache: samples_train_erp_c7ed256fbb9b.json) [waveform=ON]
Loaded scene split from /root/local1/changwoo/matterport3d_0303renew/scene_split.json
  train: 72, val: 9, test: 9
[val] 2951 samples (fast cache: samples_val_erp_89df6a83b017.json) [waveform=ON]
Train: 23560, Val: 2951
Loading weights:   0%|          | 0/210 [00:00<?, ?it/s]Loading weights: 100%|██████████| 210/210 [00:00<00:00, 7547.98it/s]
[transformers] [1mWav2Vec2Model LOAD REPORT[0m from: facebook/wav2vec2-base-960h
Key               | Status     | 
------------------+------------+-
lm_head.bias      | UNEXPECTED | 
lm_head.weight    | UNEXPECTED | 
masked_spec_embed | MISSING    | 

Notes:
- UNEXPECTED:	can be ignored when loading from different task/architecture; not ok if you expect identical arch.
- MISSING:	those params were newly initialized because missing from the checkpoint. Consider training on your downstream task.
Model: echorange (132.6M params)
  [train] epoch 1 step 200/491 (177s)
  [train] epoch 1 step 400/491 (350s)
Epoch [1/20] L:3.0798 D:0.4169 429s
  [train] epoch 2 step 200/491 (173s)
  [train] epoch 2 step 400/491 (346s)
Epoch [2/20] L:2.8975 D:0.3521 425s
  [val] starting (62 batches)
  [val] 50/62 (27s)
  [val] done (62 batches, 33s)
  Val L:0.2493 ABS:0.4410 RMSE:1.4284 d1:0.4968
  >> Best score:1.1321 RMSE:1.4284 ABS:0.4410
  >> Best Delta1:0.4968
  [train] epoch 3 step 200/491 (175s)
  [train] epoch 3 step 400/491 (349s)
Epoch [3/20] L:2.8299 D:0.3320 429s
  [train] epoch 4 step 200/491 (174s)
  [train] epoch 4 step 400/491 (347s)
Epoch [4/20] L:2.7905 D:0.3199 427s
  [val] starting (62 batches)
  [val] 50/62 (27s)
  [val] done (62 batches, 33s)
  Val L:0.2408 ABS:0.4665 RMSE:1.3698 d1:0.5275
  >> Best score:1.0988 RMSE:1.3698 ABS:0.4665
  >> Best Delta1:0.5275
  [train] epoch 5 step 200/491 (175s)
  [train] epoch 5 step 400/491 (349s)
Epoch [5/20] L:2.7527 D:0.3076 429s
  [train] epoch 6 step 200/491 (174s)
  [train] epoch 6 step 400/491 (348s)
Epoch [6/20] L:2.7181 D:0.2954 427s
  [val] starting (62 batches)
  [val] 50/62 (26s)
  [val] done (62 batches, 33s)
  Val L:0.2390 ABS:0.4836 RMSE:1.3654 d1:0.5236
  >> Best RMSE:1.3654
  [train] epoch 7 step 200/491 (175s)
  [train] epoch 7 step 400/491 (350s)
Epoch [7/20] L:2.6860 D:0.2832 429s
  [train] epoch 8 step 200/491 (175s)
  [train] epoch 8 step 400/491 (350s)
Epoch [8/20] L:2.6482 D:0.2699 429s
  [val] starting (62 batches)
  [val] 50/62 (26s)
  [val] done (62 batches, 33s)
  Val L:0.2344 ABS:0.4496 RMSE:1.3475 d1:0.5332
  >> Best score:1.0781 RMSE:1.3475 ABS:0.4496
  >> Best Delta1:0.5332
  [train] epoch 9 step 200/491 (174s)
  [train] epoch 9 step 400/491 (348s)
Epoch [9/20] L:2.6077 D:0.2547 428s
  [train] epoch 10 step 200/491 (174s)
  [train] epoch 10 step 400/491 (349s)
Epoch [10/20] L:2.5732 D:0.2418 428s
  [val] starting (62 batches)
  [val] 50/62 (27s)
  [val] done (62 batches, 33s)
  Val L:0.2372 ABS:0.4232 RMSE:1.3750 d1:0.5371
  >> Best ABS_REL:0.4232
  >> Best Delta1:0.5371
  [train] epoch 11 step 200/491 (174s)
  [train] epoch 11 step 400/491 (348s)
Epoch [11/20] L:2.5354 D:0.2285 427s
  [train] epoch 12 step 200/491 (175s)
  [train] epoch 12 step 400/491 (349s)
Epoch [12/20] L:2.5024 D:0.2180 428s
  [val] starting (62 batches)
  [val] 50/62 (27s)
  [val] done (62 batches, 33s)
  Val L:0.2533 ABS:0.4957 RMSE:1.4025 d1:0.5135
  [train] epoch 13 step 200/491 (174s)
  [train] epoch 13 step 400/491 (349s)
Epoch [13/20] L:2.4656 D:0.2060 428s
  [train] epoch 14 step 200/491 (174s)
  [train] epoch 14 step 400/491 (348s)
Epoch [14/20] L:2.4322 D:0.1959 427s
  [val] starting (62 batches)
  [val] 50/62 (26s)
  [val] done (62 batches, 32s)
  Val L:0.2413 ABS:0.4401 RMSE:1.3834 d1:0.5390
  >> Best Delta1:0.5390
  [train] epoch 15 step 200/491 (174s)
  [train] epoch 15 step 400/491 (348s)
Epoch [15/20] L:2.3988 D:0.1860 427s
  [train] epoch 16 step 200/491 (174s)
  [train] epoch 16 step 400/491 (348s)
Epoch [16/20] L:2.3700 D:0.1782 427s
  [val] starting (62 batches)
  [val] 50/62 (27s)
  [val] done (62 batches, 33s)
  Val L:0.2523 ABS:0.4951 RMSE:1.4016 d1:0.5249
  [train] epoch 17 step 200/491 (175s)
  [train] epoch 17 step 400/491 (349s)
Epoch [17/20] L:2.3419 D:0.1709 428s
  [train] epoch 18 step 200/491 (175s)
  [train] epoch 18 step 400/491 (349s)
Epoch [18/20] L:2.3172 D:0.1647 428s
  [val] starting (62 batches)
  [val] 50/62 (26s)
  [val] done (62 batches, 32s)
  Val L:0.2513 ABS:0.4471 RMSE:1.3960 d1:0.5348
  [train] epoch 19 step 200/491 (174s)
  [train] epoch 19 step 400/491 (348s)
Epoch [19/20] L:2.2901 D:0.1577 427s
  [train] epoch 20 step 200/491 (174s)
  [train] epoch 20 step 400/491 (349s)
Epoch [20/20] L:2.2649 D:0.1518 428s
  [val] starting (62 batches)
  [val] 50/62 (26s)
  [val] done (62 batches, 32s)
  Val L:0.2478 ABS:0.4584 RMSE:1.3952 d1:0.5409
  >> Best Delta1:0.5409

Done. Best score:1.0781@ep8  RMSE:1.3475@ep6  ABS:0.4232@ep10  D1:0.5409@ep20
