/opt/conda/lib/python3.11/site-packages/timm/models/layers/__init__.py:49: FutureWarning: Importing from timm.models.layers is deprecated, please import via timm.layers
  warnings.warn(f"Importing from {__name__} is deprecated, please import via timm.layers", FutureWarning)
/opt/conda/lib/python3.11/site-packages/torch/cuda/__init__.py:829: UserWarning: Can't initialize NVML
  warnings.warn("Can't initialize NVML")
Warning: You are sending unauthenticated requests to the HF Hub. Please set a HF_TOKEN to enable higher rate limits and faster downloads.
============================================================
Model: echorange  Dataset: soundspaces
BS: 32  LR: 0.0001  Opt: AdamW
============================================================
Loaded scene split from /root/local1/changwoo/matterport3d_0303_renew/scene_split.json
  train: 72, val: 9, test: 9
[train] 23560 samples (fast cache: samples_train_erp_c7ed256fbb9b.json) [waveform=ON]
Loaded scene split from /root/local1/changwoo/matterport3d_0303_renew/scene_split.json
  train: 72, val: 9, test: 9
[val] 2951 samples (fast cache: samples_val_erp_89df6a83b017.json) [waveform=ON]
Train: 23560, Val: 2951
Loading weights:   0%|          | 0/210 [00:00<?, ?it/s]Loading weights: 100%|██████████| 210/210 [00:00<00:00, 5804.92it/s]
[1mWav2Vec2Model LOAD REPORT[0m from: facebook/wav2vec2-base-960h
Key               | Status     | 
------------------+------------+-
lm_head.bias      | UNEXPECTED | 
lm_head.weight    | UNEXPECTED | 
masked_spec_embed | MISSING    | 

Notes:
- UNEXPECTED:	can be ignored when loading from different task/architecture; not ok if you expect identical arch.
- MISSING:	those params were newly initialized because missing from the checkpoint. Consider training on your downstream task.
/opt/conda/lib/python3.11/site-packages/torch/cuda/__init__.py:829: UserWarning: Can't initialize NVML
  warnings.warn("Can't initialize NVML")
Model: echorange (132.6M params)
  [train] epoch 1 step 200/737 (85s)
  [train] epoch 1 step 400/737 (166s)
  [train] epoch 1 step 600/737 (247s)
Epoch [1/20] L:2.9637 D:0.4093 303s
  [train] epoch 2 step 200/737 (82s)
  [train] epoch 2 step 400/737 (163s)
  [train] epoch 2 step 600/737 (244s)
Epoch [2/20] L:2.8001 D:0.3483 299s
  [val] starting (93 batches)
  [val] 50/93 (10s)
  [val] done (93 batches, 18s)
  Val L:0.2625 ABS:0.5367 RMSE:1.4294 d1:0.5010
  >> Best score:1.1616 RMSE:1.4294 ABS:0.5367
  >> Best Delta1:0.5010
  [train] epoch 3 step 200/737 (81s)
  [train] epoch 3 step 400/737 (163s)
  [train] epoch 3 step 600/737 (244s)
Epoch [3/20] L:2.7453 D:0.3315 299s
  [train] epoch 4 step 200/737 (81s)
  [train] epoch 4 step 400/737 (163s)
  [train] epoch 4 step 600/737 (244s)
Epoch [4/20] L:2.7100 D:0.3211 299s
  [val] starting (93 batches)
  [val] 50/93 (10s)
  [val] done (93 batches, 18s)
  Val L:0.2416 ABS:0.4631 RMSE:1.3913 d1:0.5223
  >> Best score:1.1128 RMSE:1.3913 ABS:0.4631
  >> Best Delta1:0.5223
  [train] epoch 5 step 200/737 (81s)
  [train] epoch 5 step 400/737 (162s)
  [train] epoch 5 step 600/737 (243s)
Epoch [5/20] L:2.6817 D:0.3130 299s
  [train] epoch 6 step 200/737 (81s)
  [train] epoch 6 step 400/737 (162s)
  [train] epoch 6 step 600/737 (243s)
Epoch [6/20] L:2.6574 D:0.3052 298s
  [val] starting (93 batches)
  [val] 50/93 (10s)
  [val] done (93 batches, 18s)
  Val L:0.2397 ABS:0.4235 RMSE:1.3917 d1:0.5103
  >> Best score:1.1012 RMSE:1.3917 ABS:0.4235
  [train] epoch 7 step 200/737 (82s)
  [train] epoch 7 step 400/737 (163s)
  [train] epoch 7 step 600/737 (244s)
Epoch [7/20] L:2.6328 D:0.2973 299s
  [train] epoch 8 step 200/737 (81s)
  [train] epoch 8 step 400/737 (162s)
  [train] epoch 8 step 600/737 (243s)
Epoch [8/20] L:2.6078 D:0.2881 299s
  [val] starting (93 batches)
  [val] 50/93 (10s)
  [val] done (93 batches, 18s)
  Val L:0.2331 ABS:0.4521 RMSE:1.3591 d1:0.5215
  >> Best score:1.0870 RMSE:1.3591 ABS:0.4521
  [train] epoch 9 step 200/737 (81s)
  [train] epoch 9 step 400/737 (162s)
  [train] epoch 9 step 600/737 (243s)
Epoch [9/20] L:2.5786 D:0.2774 299s
  [train] epoch 10 step 200/737 (81s)
  [train] epoch 10 step 400/737 (162s)
  [train] epoch 10 step 600/737 (244s)
Epoch [10/20] L:2.5500 D:0.2671 299s
  [val] starting (93 batches)
  [val] 50/93 (11s)
  [val] done (93 batches, 19s)
  Val L:0.2317 ABS:0.4423 RMSE:1.3558 d1:0.5272
  >> Best score:1.0817 RMSE:1.3558 ABS:0.4423
  >> Best Delta1:0.5272
  [train] epoch 11 step 200/737 (81s)
  [train] epoch 11 step 400/737 (163s)
  [train] epoch 11 step 600/737 (244s)
Epoch [11/20] L:2.5158 D:0.2533 299s
  [train] epoch 12 step 200/737 (82s)
  [train] epoch 12 step 400/737 (163s)
  [train] epoch 12 step 600/737 (244s)
Epoch [12/20] L:2.4819 D:0.2408 299s
  [val] starting (93 batches)
  [val] 50/93 (10s)
  [val] done (93 batches, 19s)
  Val L:0.2373 ABS:0.4441 RMSE:1.3633 d1:0.5390
  >> Best Delta1:0.5390
  [train] epoch 13 step 200/737 (81s)
  [train] epoch 13 step 400/737 (162s)
  [train] epoch 13 step 600/737 (243s)
Epoch [13/20] L:2.4469 D:0.2270 299s
  [train] epoch 14 step 200/737 (82s)
  [train] epoch 14 step 400/737 (163s)
  [train] epoch 14 step 600/737 (245s)
Epoch [14/20] L:2.4121 D:0.2139 300s
  [val] starting (93 batches)
  [val] 50/93 (10s)
  [val] done (93 batches, 18s)
  Val L:0.2417 ABS:0.4223 RMSE:1.3868 d1:0.5415
  >> Best ABS_REL:0.4223
  >> Best Delta1:0.5415
  [train] epoch 15 step 200/737 (81s)
  [train] epoch 15 step 400/737 (163s)
  [train] epoch 15 step 600/737 (244s)
Epoch [15/20] L:2.3780 D:0.2017 299s
  [train] epoch 16 step 200/737 (82s)
  [train] epoch 16 step 400/737 (163s)
  [train] epoch 16 step 600/737 (244s)
Epoch [16/20] L:2.3469 D:0.1915 299s
  [val] starting (93 batches)
  [val] 50/93 (10s)
  [val] done (93 batches, 19s)
  Val L:0.2429 ABS:0.4276 RMSE:1.3796 d1:0.5451
  >> Best Delta1:0.5451
  [train] epoch 17 step 200/737 (81s)
  [train] epoch 17 step 400/737 (162s)
  [train] epoch 17 step 600/737 (243s)
Epoch [17/20] L:2.3182 D:0.1824 299s
  [train] epoch 18 step 200/737 (81s)
  [train] epoch 18 step 400/737 (162s)
  [train] epoch 18 step 600/737 (243s)
Epoch [18/20] L:2.2910 D:0.1739 299s
  [val] starting (93 batches)
  [val] 50/93 (10s)
  [val] done (93 batches, 18s)
  Val L:0.2542 ABS:0.4471 RMSE:1.4046 d1:0.5246
  [train] epoch 19 step 200/737 (81s)
  [train] epoch 19 step 400/737 (163s)
  [train] epoch 19 step 600/737 (243s)
Epoch [19/20] L:2.2643 D:0.1665 299s
  [train] epoch 20 step 200/737 (81s)
  [train] epoch 20 step 400/737 (162s)
  [train] epoch 20 step 600/737 (243s)
Epoch [20/20] L:2.2411 D:0.1601 299s
  [val] starting (93 batches)
  [val] 50/93 (11s)
  [val] done (93 batches, 19s)
  Val L:0.2548 ABS:0.4583 RMSE:1.4192 d1:0.5375

Done. Best score:1.0817@ep10  RMSE:1.3558@ep-1  ABS:0.4223@ep14  D1:0.5451@ep16
