/opt/conda/lib/python3.11/site-packages/timm/models/layers/__init__.py:49: FutureWarning: Importing from timm.models.layers is deprecated, please import via timm.layers
  warnings.warn(f"Importing from {__name__} is deprecated, please import via timm.layers", FutureWarning)
============================================================
Model: echorange  Dataset: soundspaces
BS: 32  LR: 0.0001  Opt: AdamW
============================================================
Loaded scene split from /root/local1/changwoo/matterport3d_0303renew/scene_split.json
  train: 72, val: 9, test: 9
[train] 23560 samples (fast cache: samples_train_erp_c7ed256fbb9b.json) [waveform=ON]
Loaded scene split from /root/local1/changwoo/matterport3d_0303renew/scene_split.json
  train: 72, val: 9, test: 9
[val] 2951 samples (fast cache: samples_val_erp_89df6a83b017.json) [waveform=ON]
Train: 23560, Val: 2951
Loading weights:   0%|          | 0/210 [00:00<?, ?it/s]Loading weights: 100%|██████████| 210/210 [00:00<00:00, 6410.55it/s]
[transformers] [1mWav2Vec2Model LOAD REPORT[0m from: facebook/wav2vec2-base-960h
Key               | Status     | 
------------------+------------+-
lm_head.bias      | UNEXPECTED | 
lm_head.weight    | UNEXPECTED | 
masked_spec_embed | MISSING    | 

Notes:
- UNEXPECTED:	can be ignored when loading from different task/architecture; not ok if you expect identical arch.
- MISSING:	those params were newly initialized because missing from the checkpoint. Consider training on your downstream task.
Model: echorange (132.6M params)
  [train] epoch 1 step 200/737 (139s)
  [train] epoch 1 step 400/737 (274s)
  [train] epoch 1 step 600/737 (411s)
Epoch [1/20] L:2.9530 D:0.4070 503s
  [train] epoch 2 step 200/737 (136s)
  [train] epoch 2 step 400/737 (272s)
  [train] epoch 2 step 600/737 (408s)
Epoch [2/20] L:2.7946 D:0.3470 500s
  [val] starting (93 batches)
  [val] 50/93 (23s)
  [val] done (93 batches, 41s)
  Val L:0.2487 ABS:0.4658 RMSE:1.4272 d1:0.4997
  >> Best score:1.1388 RMSE:1.4272 ABS:0.4658
  >> Best Delta1:0.4997
  [train] epoch 3 step 200/737 (137s)
  [train] epoch 3 step 400/737 (272s)
  [train] epoch 3 step 600/737 (408s)
Epoch [3/20] L:2.7395 D:0.3296 501s
  [train] epoch 4 step 200/737 (136s)
  [train] epoch 4 step 400/737 (272s)
  [train] epoch 4 step 600/737 (408s)
Epoch [4/20] L:2.7082 D:0.3193 500s
  [val] starting (93 batches)
  [val] 50/93 (23s)
  [val] done (93 batches, 42s)
  Val L:0.2410 ABS:0.4571 RMSE:1.3826 d1:0.5146
  >> Best score:1.1049 RMSE:1.3826 ABS:0.4571
  >> Best Delta1:0.5146
  [train] epoch 5 step 200/737 (137s)
  [train] epoch 5 step 400/737 (273s)
  [train] epoch 5 step 600/737 (408s)
Epoch [5/20] L:2.6782 D:0.3090 500s
  [train] epoch 6 step 200/737 (137s)
  [train] epoch 6 step 400/737 (273s)
  [train] epoch 6 step 600/737 (409s)
Epoch [6/20] L:2.6482 D:0.2981 501s
  [val] starting (93 batches)
  [val] 50/93 (24s)
  [val] done (93 batches, 44s)
  Val L:0.2314 ABS:0.4132 RMSE:1.3769 d1:0.5273
  >> Best score:1.0878 RMSE:1.3769 ABS:0.4132
  >> Best Delta1:0.5273
  [train] epoch 7 step 200/737 (136s)
  [train] epoch 7 step 400/737 (271s)
  [train] epoch 7 step 600/737 (407s)
Epoch [7/20] L:2.6173 D:0.2854 499s
  [train] epoch 8 step 200/737 (135s)
  [train] epoch 8 step 400/737 (270s)
  [train] epoch 8 step 600/737 (405s)
Epoch [8/20] L:2.5860 D:0.2730 497s
  [val] starting (93 batches)
  [val] 50/93 (22s)
  [val] done (93 batches, 41s)
  Val L:0.2390 ABS:0.4351 RMSE:1.3774 d1:0.5341
  >> Best Delta1:0.5341
  [train] epoch 9 step 200/737 (135s)
  [train] epoch 9 step 400/737 (270s)
  [train] epoch 9 step 600/737 (405s)
Epoch [9/20] L:2.5576 D:0.2611 498s
  [train] epoch 10 step 200/737 (136s)
  [train] epoch 10 step 400/737 (271s)
  [train] epoch 10 step 600/737 (405s)
Epoch [10/20] L:2.5243 D:0.2478 499s
  [val] starting (93 batches)
  [val] 50/93 (23s)
  [val] done (93 batches, 41s)
  Val L:0.2433 ABS:0.4248 RMSE:1.3800 d1:0.5336
  [train] epoch 11 step 200/737 (136s)
  [train] epoch 11 step 400/737 (270s)
  [train] epoch 11 step 600/737 (405s)
Epoch [11/20] L:2.4920 D:0.2354 499s
  [train] epoch 12 step 200/737 (135s)
  [train] epoch 12 step 400/737 (270s)
  [train] epoch 12 step 600/737 (405s)
Epoch [12/20] L:2.4635 D:0.2243 497s
  [val] starting (93 batches)
  [val] 50/93 (23s)
  [val] done (93 batches, 42s)
  Val L:0.2438 ABS:0.4516 RMSE:1.3829 d1:0.5352
  >> Best Delta1:0.5352
  [train] epoch 13 step 200/737 (135s)
  [train] epoch 13 step 400/737 (270s)
  [train] epoch 13 step 600/737 (405s)
Epoch [13/20] L:2.4305 D:0.2125 498s
  [train] epoch 14 step 200/737 (136s)
  [train] epoch 14 step 400/737 (271s)
  [train] epoch 14 step 600/737 (406s)
Epoch [14/20] L:2.4043 D:0.2038 498s
  [val] starting (93 batches)
  [val] 50/93 (23s)
  [val] done (93 batches, 42s)
  Val L:0.2492 ABS:0.4506 RMSE:1.3956 d1:0.5285
  [train] epoch 15 step 200/737 (136s)
  [train] epoch 15 step 400/737 (271s)
  [train] epoch 15 step 600/737 (406s)
Epoch [15/20] L:2.3746 D:0.1940 499s
  [train] epoch 16 step 200/737 (134s)
  [train] epoch 16 step 400/737 (269s)
  [train] epoch 16 step 600/737 (405s)
Epoch [16/20] L:2.3484 D:0.1860 498s
  [val] starting (93 batches)
  [val] 50/93 (24s)
  [val] done (93 batches, 44s)
  Val L:0.2464 ABS:0.4025 RMSE:1.4018 d1:0.5438
  >> Best ABS_REL:0.4025
  >> Best Delta1:0.5438
  [train] epoch 17 step 200/737 (136s)
  [train] epoch 17 step 400/737 (272s)
  [train] epoch 17 step 600/737 (407s)
Epoch [17/20] L:2.3229 D:0.1782 499s
  [train] epoch 18 step 200/737 (135s)
  [train] epoch 18 step 400/737 (271s)
  [train] epoch 18 step 600/737 (406s)
Epoch [18/20] L:2.2975 D:0.1710 498s
  [val] starting (93 batches)
  [val] 50/93 (24s)
  [val] done (93 batches, 44s)
  Val L:0.2539 ABS:0.4231 RMSE:1.4069 d1:0.5402
  [train] epoch 19 step 200/737 (135s)
  [train] epoch 19 step 400/737 (270s)
  [train] epoch 19 step 600/737 (405s)
Epoch [19/20] L:2.2721 D:0.1644 497s
  [train] epoch 20 step 200/737 (135s)
  [train] epoch 20 step 400/737 (270s)
  [train] epoch 20 step 600/737 (405s)
Epoch [20/20] L:2.2506 D:0.1589 498s
  [val] starting (93 batches)
  [val] 50/93 (23s)
  [val] done (93 batches, 42s)
  Val L:0.2599 ABS:0.4944 RMSE:1.4228 d1:0.5255

Done. Best score:1.0878@ep6  RMSE:1.3769@ep-1  ABS:0.4025@ep16  D1:0.5438@ep16
