/opt/conda/lib/python3.11/site-packages/timm/models/layers/__init__.py:49: FutureWarning: Importing from timm.models.layers is deprecated, please import via timm.layers
  warnings.warn(f"Importing from {__name__} is deprecated, please import via timm.layers", FutureWarning)
============================================================
Model: echorange  Dataset: soundspaces
BS: 32  LR: 0.0001  Opt: AdamW
============================================================
Loaded scene split from /root/local1/changwoo/matterport3d_0303_renew/scene_split.json
  train: 72, val: 9, test: 9
[train] 23560 samples (fast cache: samples_train_erp_c7ed256fbb9b.json) [waveform=ON]
Loaded scene split from /root/local1/changwoo/matterport3d_0303_renew/scene_split.json
  train: 72, val: 9, test: 9
[val] 2951 samples (fast cache: samples_val_erp_89df6a83b017.json) [waveform=ON]
Train: 23560, Val: 2951
Loading weights:   0%|          | 0/210 [00:00<?, ?it/s]Loading weights: 100%|██████████| 210/210 [00:00<00:00, 4051.74it/s]
[1mWav2Vec2Model LOAD REPORT[0m from: facebook/wav2vec2-base-960h
Key               | Status     | 
------------------+------------+-
lm_head.bias      | UNEXPECTED | 
lm_head.weight    | UNEXPECTED | 
masked_spec_embed | MISSING    | 

Notes:
- UNEXPECTED:	can be ignored when loading from different task/architecture; not ok if you expect identical arch.
- MISSING:	those params were newly initialized because missing from the checkpoint. Consider training on your downstream task.
Model: echorange (132.6M params)
  [train] epoch 1 step 200/737 (88s)
  [train] epoch 1 step 400/737 (173s)
  [train] epoch 1 step 600/737 (259s)
Epoch [1/40] L:3.0833 D:0.4204 318s
  [train] epoch 2 step 200/737 (88s)
  [train] epoch 2 step 400/737 (176s)
  [train] epoch 2 step 600/737 (264s)
Epoch [2/40] L:2.9513 D:0.3764 324s
  [val] starting (93 batches)
  [val] 50/93 (10s)
  [val] done (93 batches, 19s)
  Val L:0.2638 ABS:0.5521 RMSE:1.4290 d1:0.4833
  >> Best score:1.1659 RMSE:1.4290 ABS:0.5521
  >> Best Delta1:0.4833
  [train] epoch 3 step 200/737 (88s)
  [train] epoch 3 step 400/737 (176s)
  [train] epoch 3 step 600/737 (264s)
Epoch [3/40] L:2.8505 D:0.3402 324s
  [train] epoch 4 step 200/737 (88s)
  [train] epoch 4 step 400/737 (176s)
  [train] epoch 4 step 600/737 (264s)
Epoch [4/40] L:2.8067 D:0.3278 324s
  [val] starting (93 batches)
  [val] 50/93 (10s)
  [val] done (93 batches, 19s)
  Val L:0.2391 ABS:0.4637 RMSE:1.3655 d1:0.5262
  >> Best score:1.0950 RMSE:1.3655 ABS:0.4637
  >> Best Delta1:0.5262
  [train] epoch 5 step 200/737 (88s)
  [train] epoch 5 step 400/737 (176s)
  [train] epoch 5 step 600/737 (264s)
Epoch [5/40] L:2.7746 D:0.3176 324s
  [train] epoch 6 step 200/737 (88s)
  [train] epoch 6 step 400/737 (176s)
  [train] epoch 6 step 600/737 (264s)
Epoch [6/40] L:2.7502 D:0.3105 324s
  [val] starting (93 batches)
  [val] 50/93 (10s)
  [val] done (93 batches, 18s)
  Val L:0.2349 ABS:0.4371 RMSE:1.3693 d1:0.5263
  >> Best score:1.0896 RMSE:1.3693 ABS:0.4371
  >> Best Delta1:0.5263
  [train] epoch 7 step 200/737 (88s)
  [train] epoch 7 step 400/737 (176s)
  [train] epoch 7 step 600/737 (264s)
Epoch [7/40] L:2.7257 D:0.3026 324s
  [train] epoch 8 step 200/737 (88s)
  [train] epoch 8 step 400/737 (176s)
  [train] epoch 8 step 600/737 (264s)
Epoch [8/40] L:2.7017 D:0.2943 324s
  [val] starting (93 batches)
  [val] 50/93 (10s)
  [val] done (93 batches, 18s)
  Val L:0.2333 ABS:0.4472 RMSE:1.3641 d1:0.5216
  >> Best score:1.0890 RMSE:1.3641 ABS:0.4472
  [train] epoch 9 step 200/737 (88s)
  [train] epoch 9 step 400/737 (176s)
  [train] epoch 9 step 600/737 (264s)
Epoch [9/40] L:2.6777 D:0.2859 324s
  [train] epoch 10 step 200/737 (88s)
  [train] epoch 10 step 400/737 (176s)
  [train] epoch 10 step 600/737 (264s)
Epoch [10/40] L:2.6463 D:0.2747 324s
  [val] starting (93 batches)
  [val] 50/93 (10s)
  [val] done (93 batches, 18s)
  Val L:0.2302 ABS:0.4067 RMSE:1.3588 d1:0.5405
  >> Best score:1.0732 RMSE:1.3588 ABS:0.4067
  >> Best Delta1:0.5405
  [train] epoch 11 step 200/737 (88s)
  [train] epoch 11 step 400/737 (176s)
  [train] epoch 11 step 600/737 (264s)
Epoch [11/40] L:2.6164 D:0.2636 324s
  [train] epoch 12 step 200/737 (88s)
  [train] epoch 12 step 400/737 (176s)
  [train] epoch 12 step 600/737 (264s)
Epoch [12/40] L:2.5817 D:0.2504 324s
  [val] starting (93 batches)
  [val] 50/93 (10s)
  [val] done (93 batches, 18s)
  Val L:0.2326 ABS:0.4271 RMSE:1.3591 d1:0.5412
  >> Best Delta1:0.5412
  [train] epoch 13 step 200/737 (88s)
  [train] epoch 13 step 400/737 (176s)
  [train] epoch 13 step 600/737 (264s)
Epoch [13/40] L:2.5464 D:0.2377 324s
  [train] epoch 14 step 200/737 (88s)
  [train] epoch 14 step 400/737 (176s)
  [train] epoch 14 step 600/737 (264s)
Epoch [14/40] L:2.5119 D:0.2255 324s
  [val] starting (93 batches)
  [val] 50/93 (10s)
  [val] done (93 batches, 19s)
  Val L:0.2437 ABS:0.4391 RMSE:1.3865 d1:0.5437
  >> Best Delta1:0.5437
  [train] epoch 15 step 200/737 (88s)
  [train] epoch 15 step 400/737 (176s)
  [train] epoch 15 step 600/737 (264s)
Epoch [15/40] L:2.4771 D:0.2132 324s
  [train] epoch 16 step 200/737 (88s)
  [train] epoch 16 step 400/737 (176s)
  [train] epoch 16 step 600/737 (264s)
Epoch [16/40] L:2.4427 D:0.2020 324s
  [val] starting (93 batches)
  [val] 50/93 (10s)
  [val] done (93 batches, 18s)
  Val L:0.2500 ABS:0.4288 RMSE:1.4043 d1:0.5342
  [train] epoch 17 step 200/737 (88s)
  [train] epoch 17 step 400/737 (176s)
  [train] epoch 17 step 600/737 (264s)
Epoch [17/40] L:2.4103 D:0.1917 324s
  [train] epoch 18 step 200/737 (88s)
  [train] epoch 18 step 400/737 (176s)
  [train] epoch 18 step 600/737 (264s)
Epoch [18/40] L:2.3852 D:0.1845 324s
  [val] starting (93 batches)
  [val] 50/93 (10s)
  [val] done (93 batches, 19s)
  Val L:0.2576 ABS:0.4042 RMSE:1.4109 d1:0.5401
  >> Best ABS_REL:0.4042
  [train] epoch 19 step 200/737 (88s)
  [train] epoch 19 step 400/737 (176s)
  [train] epoch 19 step 600/737 (264s)
Epoch [19/40] L:2.3535 D:0.1754 324s
  [train] epoch 20 step 200/737 (88s)
  [train] epoch 20 step 400/737 (176s)
  [train] epoch 20 step 600/737 (264s)
Epoch [20/40] L:2.3272 D:0.1685 324s
  [val] starting (93 batches)
  [val] 50/93 (10s)
  [val] done (93 batches, 18s)
  Val L:0.2512 ABS:0.4672 RMSE:1.3959 d1:0.5329
  [train] epoch 21 step 200/737 (88s)
  [train] epoch 21 step 400/737 (176s)
  [train] epoch 21 step 600/737 (264s)
Epoch [21/40] L:2.3039 D:0.1625 324s
  [train] epoch 22 step 200/737 (88s)
  [train] epoch 22 step 400/737 (176s)
  [train] epoch 22 step 600/737 (264s)
Epoch [22/40] L:2.2780 D:0.1558 324s
  [val] starting (93 batches)
  [val] 50/93 (10s)
  [val] done (93 batches, 18s)
  Val L:0.2605 ABS:0.4578 RMSE:1.4259 d1:0.5422
  [train] epoch 23 step 200/737 (88s)
  [train] epoch 23 step 400/737 (176s)
  [train] epoch 23 step 600/737 (264s)
Epoch [23/40] L:2.2569 D:0.1510 324s
  [train] epoch 24 step 200/737 (88s)
  [train] epoch 24 step 400/737 (176s)
  [train] epoch 24 step 600/737 (264s)
Epoch [24/40] L:2.2358 D:0.1461 324s
  [val] starting (93 batches)
  [val] 50/93 (10s)
  [val] done (93 batches, 18s)
  Val L:0.2574 ABS:0.4839 RMSE:1.4135 d1:0.5410
  [train] epoch 25 step 200/737 (88s)
  [train] epoch 25 step 400/737 (176s)
  [train] epoch 25 step 600/737 (264s)
Epoch [25/40] L:2.2148 D:0.1417 324s
  [train] epoch 26 step 200/737 (88s)
  [train] epoch 26 step 400/737 (176s)
  [train] epoch 26 step 600/737 (264s)
Epoch [26/40] L:2.1964 D:0.1376 324s
  [val] starting (93 batches)
  [val] 50/93 (10s)
  [val] done (93 batches, 18s)
  Val L:0.2536 ABS:0.4526 RMSE:1.4120 d1:0.5425
  [train] epoch 27 step 200/737 (88s)
  [train] epoch 27 step 400/737 (176s)
  [train] epoch 27 step 600/737 (264s)
Epoch [27/40] L:2.1775 D:0.1334 324s
  [train] epoch 28 step 200/737 (88s)
  [train] epoch 28 step 400/737 (176s)
  [train] epoch 28 step 600/737 (264s)
Epoch [28/40] L:2.1613 D:0.1300 324s
  [val] starting (93 batches)
  [val] 50/93 (10s)
  [val] done (93 batches, 19s)
  Val L:0.2637 ABS:0.4806 RMSE:1.4455 d1:0.5394
  [train] epoch 29 step 200/737 (88s)
  [train] epoch 29 step 400/737 (176s)
  [train] epoch 29 step 600/737 (264s)
Epoch [29/40] L:2.1441 D:0.1264 324s
  [train] epoch 30 step 200/737 (88s)
  [train] epoch 30 step 400/737 (176s)
  [train] epoch 30 step 600/737 (264s)
Epoch [30/40] L:2.1271 D:0.1227 324s
  [val] starting (93 batches)
  [val] 50/93 (10s)
  [val] done (93 batches, 19s)
  Val L:0.2631 ABS:0.4737 RMSE:1.4438 d1:0.5405
  [train] epoch 31 step 200/737 (88s)
  [train] epoch 31 step 400/737 (176s)
  [train] epoch 31 step 600/737 (264s)
Epoch [31/40] L:2.1110 D:0.1199 324s
  [train] epoch 32 step 200/737 (88s)
  [train] epoch 32 step 400/737 (176s)
  [train] epoch 32 step 600/737 (264s)
Epoch [32/40] L:2.0960 D:0.1166 324s
  [val] starting (93 batches)
  [val] 50/93 (10s)
  [val] done (93 batches, 19s)
  Val L:0.2638 ABS:0.4725 RMSE:1.4464 d1:0.5416
  [train] epoch 33 step 200/737 (88s)
  [train] epoch 33 step 400/737 (176s)
  [train] epoch 33 step 600/737 (264s)
Epoch [33/40] L:2.0831 D:0.1140 324s
  [train] epoch 34 step 200/737 (88s)
  [train] epoch 34 step 400/737 (176s)
  [train] epoch 34 step 600/737 (264s)
Epoch [34/40] L:2.0663 D:0.1110 324s
  [val] starting (93 batches)
  [val] 50/93 (10s)
  [val] done (93 batches, 19s)
  Val L:0.2591 ABS:0.4514 RMSE:1.4375 d1:0.5481
  >> Best Delta1:0.5481
  [train] epoch 35 step 200/737 (88s)
  [train] epoch 35 step 400/737 (176s)
  [train] epoch 35 step 600/737 (264s)
Epoch [35/40] L:2.0538 D:0.1085 324s
  [train] epoch 36 step 200/737 (88s)
  [train] epoch 36 step 400/737 (176s)
  [train] epoch 36 step 600/737 (264s)
Epoch [36/40] L:2.0403 D:0.1060 324s
  [val] starting (93 batches)
  [val] 50/93 (10s)
  [val] done (93 batches, 18s)
  Val L:0.2655 ABS:0.4658 RMSE:1.4492 d1:0.5453
  [train] epoch 37 step 200/737 (88s)
  [train] epoch 37 step 400/737 (176s)
  [train] epoch 37 step 600/737 (264s)
Epoch [37/40] L:2.0278 D:0.1036 324s
  [train] epoch 38 step 200/737 (88s)
  [train] epoch 38 step 400/737 (176s)
  [train] epoch 38 step 600/737 (264s)
Epoch [38/40] L:2.0158 D:0.1013 324s
  [val] starting (93 batches)
  [val] 50/93 (11s)
  [val] done (93 batches, 19s)
  Val L:0.2654 ABS:0.4706 RMSE:1.4540 d1:0.5389
  [train] epoch 39 step 200/737 (88s)
  [train] epoch 39 step 400/737 (176s)
  [train] epoch 39 step 600/737 (264s)
Epoch [39/40] L:2.0019 D:0.0984 323s
  [train] epoch 40 step 200/737 (88s)
  [train] epoch 40 step 400/737 (176s)
  [train] epoch 40 step 600/737 (264s)
Epoch [40/40] L:1.9910 D:0.0965 323s
  [val] starting (93 batches)
  [val] 50/93 (10s)
  [val] done (93 batches, 18s)
  Val L:0.2688 ABS:0.4817 RMSE:1.4673 d1:0.5425

Done. Best score:1.0732@ep10  RMSE:1.3588@ep-1  ABS:0.4042@ep18  D1:0.5481@ep34
