/opt/conda/lib/python3.11/site-packages/timm/models/layers/__init__.py:49: FutureWarning: Importing from timm.models.layers is deprecated, please import via timm.layers
  warnings.warn(f"Importing from {__name__} is deprecated, please import via timm.layers", FutureWarning)
Warning: You are sending unauthenticated requests to the HF Hub. Please set a HF_TOKEN to enable higher rate limits and faster downloads.
============================================================
Model: echorange  Dataset: soundspaces
BS: 48  LR: 0.0001  Opt: AdamW
============================================================
Loaded scene split from /root/local1/changwoo/matterport3d_0303renew/scene_split.json
  train: 72, val: 9, test: 9
[train] 23560 samples (fast cache: samples_train_erp_c7ed256fbb9b.json) [waveform=ON]
Loaded scene split from /root/local1/changwoo/matterport3d_0303renew/scene_split.json
  train: 72, val: 9, test: 9
[val] 2951 samples (fast cache: samples_val_erp_89df6a83b017.json) [waveform=ON]
Train: 23560, Val: 2951
Loading weights:   0%|          | 0/210 [00:00<?, ?it/s]Loading weights: 100%|██████████| 210/210 [00:00<00:00, 5613.36it/s]
[transformers] [1mWav2Vec2Model LOAD REPORT[0m from: facebook/wav2vec2-base-960h
Key               | Status     | 
------------------+------------+-
lm_head.bias      | UNEXPECTED | 
lm_head.weight    | UNEXPECTED | 
masked_spec_embed | MISSING    | 

Notes:
- UNEXPECTED:	can be ignored when loading from different task/architecture; not ok if you expect identical arch.
- MISSING:	those params were newly initialized because missing from the checkpoint. Consider training on your downstream task.
Model: echorange (132.6M params)
  [train] epoch 1 step 200/491 (185s)
  [train] epoch 1 step 400/491 (368s)
Epoch [1/20] L:3.0759 D:0.4140 451s
  [train] epoch 2 step 200/491 (183s)
  [train] epoch 2 step 400/491 (366s)
Epoch [2/20] L:2.9051 D:0.3542 449s
  [val] starting (62 batches)
  [val] 50/62 (27s)
  [val] done (62 batches, 33s)
  Val L:0.2570 ABS:0.4799 RMSE:1.4612 d1:0.4719
  >> Best score:1.1668 RMSE:1.4612 ABS:0.4799
  >> Best Delta1:0.4719
  [train] epoch 3 step 200/491 (182s)
  [train] epoch 3 step 400/491 (364s)
Epoch [3/20] L:2.8411 D:0.3356 447s
  [train] epoch 4 step 200/491 (182s)
  [train] epoch 4 step 400/491 (365s)
Epoch [4/20] L:2.8031 D:0.3245 447s
  [val] starting (62 batches)
  [val] 50/62 (27s)
  [val] done (62 batches, 33s)
  Val L:0.2421 ABS:0.4637 RMSE:1.3851 d1:0.4944
  >> Best score:1.1087 RMSE:1.3851 ABS:0.4637
  >> Best Delta1:0.4944
  [train] epoch 5 step 200/491 (183s)
  [train] epoch 5 step 400/491 (365s)
Epoch [5/20] L:2.7723 D:0.3158 448s
  [train] epoch 6 step 200/491 (182s)
  [train] epoch 6 step 400/491 (364s)
Epoch [6/20] L:2.7426 D:0.3069 447s
  [val] starting (62 batches)
  [val] 50/62 (27s)
  [val] done (62 batches, 33s)
  Val L:0.2323 ABS:0.4344 RMSE:1.3609 d1:0.5253
  >> Best score:1.0830 RMSE:1.3609 ABS:0.4344
  >> Best Delta1:0.5253
  [train] epoch 7 step 200/491 (183s)
  [train] epoch 7 step 400/491 (364s)
Epoch [7/20] L:2.7174 D:0.2988 447s
  [train] epoch 8 step 200/491 (182s)
  [train] epoch 8 step 400/491 (365s)
Epoch [8/20] L:2.6874 D:0.2890 448s
  [val] starting (62 batches)
  [val] 50/62 (27s)
  [val] done (62 batches, 33s)
  Val L:0.2335 ABS:0.4197 RMSE:1.3654 d1:0.5217
  >> Best score:1.0817 RMSE:1.3654 ABS:0.4197
  [train] epoch 9 step 200/491 (182s)
  [train] epoch 9 step 400/491 (364s)
Epoch [9/20] L:2.6533 D:0.2771 446s
  [train] epoch 10 step 200/491 (182s)
  [train] epoch 10 step 400/491 (363s)
Epoch [10/20] L:2.6208 D:0.2652 445s
  [val] starting (62 batches)
  [val] 50/62 (27s)
  [val] done (62 batches, 33s)
  Val L:0.2339 ABS:0.4258 RMSE:1.3655 d1:0.5319
  >> Best Delta1:0.5319
  [train] epoch 11 step 200/491 (181s)
  [train] epoch 11 step 400/491 (362s)
Epoch [11/20] L:2.5828 D:0.2521 445s
  [train] epoch 12 step 200/491 (182s)
  [train] epoch 12 step 400/491 (363s)
Epoch [12/20] L:2.5425 D:0.2367 445s
  [val] starting (62 batches)
  [val] 50/62 (27s)
  [val] done (62 batches, 33s)
  Val L:0.2334 ABS:0.4118 RMSE:1.3635 d1:0.5389
  >> Best score:1.0780 RMSE:1.3635 ABS:0.4118
  >> Best Delta1:0.5389
  [train] epoch 13 step 200/491 (182s)
  [train] epoch 13 step 400/491 (363s)
Epoch [13/20] L:2.5068 D:0.2245 445s
  [train] epoch 14 step 200/491 (181s)
  [train] epoch 14 step 400/491 (362s)
Epoch [14/20] L:2.4660 D:0.2105 445s
  [val] starting (62 batches)
  [val] 50/62 (27s)
  [val] done (62 batches, 33s)
  Val L:0.2428 ABS:0.4776 RMSE:1.3775 d1:0.5223
  [train] epoch 15 step 200/491 (184s)
  [train] epoch 15 step 400/491 (366s)
Epoch [15/20] L:2.4319 D:0.1992 448s
  [train] epoch 16 step 200/491 (182s)
  [train] epoch 16 step 400/491 (363s)
Epoch [16/20] L:2.3996 D:0.1891 445s
  [val] starting (62 batches)
  [val] 50/62 (27s)
  [val] done (62 batches, 33s)
  Val L:0.2438 ABS:0.4631 RMSE:1.3719 d1:0.5280
  [train] epoch 17 step 200/491 (182s)
  [train] epoch 17 step 400/491 (364s)
Epoch [17/20] L:2.3647 D:0.1791 446s
  [train] epoch 18 step 200/491 (181s)
  [train] epoch 18 step 400/491 (362s)
Epoch [18/20] L:2.3351 D:0.1707 445s
  [val] starting (62 batches)
  [val] 50/62 (27s)
  [val] done (62 batches, 33s)
  Val L:0.2457 ABS:0.4352 RMSE:1.3837 d1:0.5440
  >> Best Delta1:0.5440
  [train] epoch 19 step 200/491 (183s)
  [train] epoch 19 step 400/491 (364s)
Epoch [19/20] L:2.3125 D:0.1651 447s
  [train] epoch 20 step 200/491 (182s)
  [train] epoch 20 step 400/491 (364s)
Epoch [20/20] L:2.2837 D:0.1579 447s
  [val] starting (62 batches)
  [val] 50/62 (27s)
  [val] done (62 batches, 33s)
  Val L:0.2540 ABS:0.4213 RMSE:1.4231 d1:0.5419

Done. Best score:1.0780@ep12  RMSE:1.3635@ep-1  ABS:0.4118@ep-1  D1:0.5440@ep18
