/opt/conda/lib/python3.11/site-packages/timm/models/layers/__init__.py:49: FutureWarning: Importing from timm.models.layers is deprecated, please import via timm.layers
  warnings.warn(f"Importing from {__name__} is deprecated, please import via timm.layers", FutureWarning)
Warning: You are sending unauthenticated requests to the HF Hub. Please set a HF_TOKEN to enable higher rate limits and faster downloads.
============================================================
Model: echorange  Dataset: soundspaces
BS: 32  LR: 0.0001  Opt: AdamW
============================================================
Loaded scene split from /root/local1/changwoo/matterport3d_0303_renew/scene_split.json
  train: 72, val: 9, test: 9
[train] 23560 samples (fast cache: samples_train_erp_c7ed256fbb9b.json) [waveform=ON]
Loaded scene split from /root/local1/changwoo/matterport3d_0303_renew/scene_split.json
  train: 72, val: 9, test: 9
[val] 2951 samples (fast cache: samples_val_erp_89df6a83b017.json) [waveform=ON]
Train: 23560, Val: 2951
Loading weights:   0%|          | 0/210 [00:00<?, ?it/s]Loading weights: 100%|██████████| 210/210 [00:00<00:00, 5149.42it/s]
[1mWav2Vec2Model LOAD REPORT[0m from: facebook/wav2vec2-base-960h
Key               | Status     | 
------------------+------------+-
lm_head.bias      | UNEXPECTED | 
lm_head.weight    | UNEXPECTED | 
masked_spec_embed | MISSING    | 

Notes:
- UNEXPECTED:	can be ignored when loading from different task/architecture; not ok if you expect identical arch.
- MISSING:	those params were newly initialized because missing from the checkpoint. Consider training on your downstream task.
Model: echorange (132.6M params)
  [LR] cosine schedule enabled  warmup=1ep (737 steps), total=29480 steps
  [train] epoch 1 step 200/737 (88s)
  [train] epoch 1 step 400/737 (173s)
  [train] epoch 1 step 600/737 (259s)
Epoch [1/40] L:3.1809 D:0.4415 318s
  [train] epoch 2 step 200/737 (86s)
  [train] epoch 2 step 400/737 (172s)
  [train] epoch 2 step 600/737 (257s)
Epoch [2/40] L:2.9144 D:0.3606 316s
  [val] starting (93 batches)
  [val] 50/93 (10s)
  [val] done (93 batches, 19s)
  Val L:0.2562 ABS:0.5155 RMSE:1.4177 d1:0.4954
  >> Best score:1.1470 RMSE:1.4177 ABS:0.5155
  >> Best Delta1:0.4954
  [train] epoch 3 step 200/737 (86s)
  [train] epoch 3 step 400/737 (171s)
  [train] epoch 3 step 600/737 (257s)
Epoch [3/40] L:2.8339 D:0.3348 315s
  [train] epoch 4 step 200/737 (86s)
  [train] epoch 4 step 400/737 (171s)
  [train] epoch 4 step 600/737 (257s)
Epoch [4/40] L:2.7876 D:0.3210 315s
  [val] starting (93 batches)
  [val] 50/93 (11s)
  [val] done (93 batches, 19s)
  Val L:0.2392 ABS:0.4301 RMSE:1.3997 d1:0.5181
  >> Best score:1.1088 RMSE:1.3997 ABS:0.4301
  >> Best Delta1:0.5181
  [train] epoch 5 step 200/737 (86s)
  [train] epoch 5 step 400/737 (172s)
  [train] epoch 5 step 600/737 (258s)
Epoch [5/40] L:2.7488 D:0.3087 317s
  [train] epoch 6 step 200/737 (86s)
  [train] epoch 6 step 400/737 (172s)
  [train] epoch 6 step 600/737 (258s)
Epoch [6/40] L:2.7116 D:0.2952 316s
  [val] starting (93 batches)
  [val] 50/93 (10s)
  [val] done (93 batches, 18s)
  Val L:0.2341 ABS:0.4157 RMSE:1.3773 d1:0.5218
  >> Best score:1.0888 RMSE:1.3773 ABS:0.4157
  >> Best Delta1:0.5218
  [train] epoch 7 step 200/737 (86s)
  [train] epoch 7 step 400/737 (172s)
  [train] epoch 7 step 600/737 (258s)
Epoch [7/40] L:2.6686 D:0.2795 316s
  [train] epoch 8 step 200/737 (86s)
  [train] epoch 8 step 400/737 (172s)
  [train] epoch 8 step 600/737 (258s)
Epoch [8/40] L:2.6239 D:0.2627 317s
  [val] starting (93 batches)
  [val] 50/93 (10s)
  [val] done (93 batches, 18s)
  Val L:0.2392 ABS:0.4391 RMSE:1.3835 d1:0.5155
  [train] epoch 9 step 200/737 (86s)
  [train] epoch 9 step 400/737 (172s)
  [train] epoch 9 step 600/737 (258s)
Epoch [9/40] L:2.5747 D:0.2444 317s
  [train] epoch 10 step 200/737 (86s)
  [train] epoch 10 step 400/737 (172s)
  [train] epoch 10 step 600/737 (258s)
Epoch [10/40] L:2.5250 D:0.2262 317s
  [val] starting (93 batches)
  [val] 50/93 (10s)
  [val] done (93 batches, 18s)
  Val L:0.2421 ABS:0.4530 RMSE:1.3792 d1:0.5352
  >> Best Delta1:0.5352
  [train] epoch 11 step 200/737 (86s)
  [train] epoch 11 step 400/737 (172s)
  [train] epoch 11 step 600/737 (258s)
Epoch [11/40] L:2.4762 D:0.2096 317s
  [train] epoch 12 step 200/737 (86s)
  [train] epoch 12 step 400/737 (172s)
  [train] epoch 12 step 600/737 (258s)
Epoch [12/40] L:2.4325 D:0.1956 317s
  [val] starting (93 batches)
  [val] 50/93 (10s)
  [val] done (93 batches, 18s)
  Val L:0.2479 ABS:0.4271 RMSE:1.3836 d1:0.5442
  >> Best Delta1:0.5442
  [train] epoch 13 step 200/737 (86s)
  [train] epoch 13 step 400/737 (172s)
  [train] epoch 13 step 600/737 (258s)
Epoch [13/40] L:2.3853 D:0.1820 317s
  [train] epoch 14 step 200/737 (86s)
  [train] epoch 14 step 400/737 (172s)
  [train] epoch 14 step 600/737 (258s)
Epoch [14/40] L:2.3395 D:0.1692 317s
  [val] starting (93 batches)
  [val] 50/93 (10s)
  [val] done (93 batches, 19s)
  Val L:0.2527 ABS:0.4650 RMSE:1.4031 d1:0.5261
  [train] epoch 15 step 200/737 (86s)
  [train] epoch 15 step 400/737 (172s)
  [train] epoch 15 step 600/737 (258s)
Epoch [15/40] L:2.2978 D:0.1585 317s
  [train] epoch 16 step 200/737 (86s)
  [train] epoch 16 step 400/737 (172s)
  [train] epoch 16 step 600/737 (258s)
Epoch [16/40] L:2.2538 D:0.1482 316s
  [val] starting (93 batches)
  [val] 50/93 (10s)
  [val] done (93 batches, 18s)
  Val L:0.2503 ABS:0.4692 RMSE:1.3954 d1:0.5369
  [train] epoch 17 step 200/737 (86s)
  [train] epoch 17 step 400/737 (172s)
  [train] epoch 17 step 600/737 (258s)
Epoch [17/40] L:2.2128 D:0.1388 316s
  [train] epoch 18 step 200/737 (86s)
  [train] epoch 18 step 400/737 (172s)
  [train] epoch 18 step 600/737 (258s)
Epoch [18/40] L:2.1728 D:0.1301 316s
  [val] starting (93 batches)
  [val] 50/93 (10s)
  [val] done (93 batches, 18s)
  Val L:0.2519 ABS:0.4438 RMSE:1.4053 d1:0.5447
  >> Best Delta1:0.5447
  [train] epoch 19 step 200/737 (86s)
  [train] epoch 19 step 400/737 (172s)
  [train] epoch 19 step 600/737 (258s)
Epoch [19/40] L:2.1341 D:0.1226 316s
  [train] epoch 20 step 200/737 (86s)
  [train] epoch 20 step 400/737 (172s)
  [train] epoch 20 step 600/737 (258s)
Epoch [20/40] L:2.0982 D:0.1153 316s
  [val] starting (93 batches)
  [val] 50/93 (11s)
  [val] done (93 batches, 19s)
  Val L:0.2567 ABS:0.4481 RMSE:1.4178 d1:0.5473
  >> Best Delta1:0.5473
  [train] epoch 21 step 200/737 (86s)
  [train] epoch 21 step 400/737 (172s)
  [train] epoch 21 step 600/737 (258s)
Epoch [21/40] L:2.0633 D:0.1089 316s
  [train] epoch 22 step 200/737 (86s)
  [train] epoch 22 step 400/737 (172s)
  [train] epoch 22 step 600/737 (258s)
Epoch [22/40] L:2.0309 D:0.1028 317s
  [val] starting (93 batches)
  [val] 50/93 (10s)
  [val] done (93 batches, 19s)
  Val L:0.2555 ABS:0.4494 RMSE:1.4183 d1:0.5467
  [train] epoch 23 step 200/737 (86s)
  [train] epoch 23 step 400/737 (172s)
  [train] epoch 23 step 600/737 (258s)
Epoch [23/40] L:2.0001 D:0.0974 317s
  [train] epoch 24 step 200/737 (86s)
  [train] epoch 24 step 400/737 (172s)
  [train] epoch 24 step 600/737 (258s)
Epoch [24/40] L:1.9682 D:0.0917 316s
  [val] starting (93 batches)
  [val] 50/93 (10s)
  [val] done (93 batches, 18s)
  Val L:0.2632 ABS:0.4582 RMSE:1.4422 d1:0.5473
  [train] epoch 25 step 200/737 (86s)
  [train] epoch 25 step 400/737 (172s)
  [train] epoch 25 step 600/737 (258s)
Epoch [25/40] L:1.9399 D:0.0869 316s
  [train] epoch 26 step 200/737 (86s)
  [train] epoch 26 step 400/737 (172s)
  [train] epoch 26 step 600/737 (258s)
Epoch [26/40] L:1.9124 D:0.0822 316s
  [val] starting (93 batches)
  [val] 50/93 (10s)
  [val] done (93 batches, 19s)
  Val L:0.2644 ABS:0.4712 RMSE:1.4461 d1:0.5441
  [train] epoch 27 step 200/737 (86s)
  [train] epoch 27 step 400/737 (172s)
  [train] epoch 27 step 600/737 (258s)
Epoch [27/40] L:1.8866 D:0.0779 316s
  [train] epoch 28 step 200/737 (86s)
  [train] epoch 28 step 400/737 (172s)
  [train] epoch 28 step 600/737 (258s)
Epoch [28/40] L:1.8632 D:0.0741 316s
  [val] starting (93 batches)
  [val] 50/93 (10s)
  [val] done (93 batches, 18s)
  Val L:0.2673 ABS:0.4665 RMSE:1.4563 d1:0.5455
  [train] epoch 29 step 200/737 (86s)
  [train] epoch 29 step 400/737 (172s)
  [train] epoch 29 step 600/737 (258s)
Epoch [29/40] L:1.8414 D:0.0706 316s
  [train] epoch 30 step 200/737 (86s)
  [train] epoch 30 step 400/737 (172s)
  [train] epoch 30 step 600/737 (258s)
Epoch [30/40] L:1.8218 D:0.0675 316s
  [val] starting (93 batches)
  [val] 50/93 (10s)
  [val] done (93 batches, 18s)
  Val L:0.2682 ABS:0.4612 RMSE:1.4564 d1:0.5470
  [train] epoch 31 step 200/737 (86s)
  [train] epoch 31 step 400/737 (172s)
  [train] epoch 31 step 600/737 (258s)
Epoch [31/40] L:1.8045 D:0.0647 316s
  [train] epoch 32 step 200/737 (86s)
  [train] epoch 32 step 400/737 (172s)
  [train] epoch 32 step 600/737 (258s)
Epoch [32/40] L:1.7897 D:0.0624 316s
  [val] starting (93 batches)
  [val] 50/93 (10s)
  [val] done (93 batches, 19s)
  Val L:0.2686 ABS:0.4734 RMSE:1.4602 d1:0.5451
  [train] epoch 33 step 200/737 (86s)
  [train] epoch 33 step 400/737 (172s)
  [train] epoch 33 step 600/737 (258s)
Epoch [33/40] L:1.7772 D:0.0605 316s
  [train] epoch 34 step 200/737 (86s)
  [train] epoch 34 step 400/737 (172s)
  [train] epoch 34 step 600/737 (258s)
Epoch [34/40] L:1.7667 D:0.0588 317s
  [val] starting (93 batches)
  [val] 50/93 (10s)
  [val] done (93 batches, 19s)
  Val L:0.2736 ABS:0.4758 RMSE:1.4775 d1:0.5441
  [train] epoch 35 step 200/737 (86s)
  [train] epoch 35 step 400/737 (172s)
  [train] epoch 35 step 600/737 (257s)
Epoch [35/40] L:1.7586 D:0.0575 316s
  [train] epoch 36 step 200/737 (86s)
  [train] epoch 36 step 400/737 (172s)
  [train] epoch 36 step 600/737 (258s)
Epoch [36/40] L:1.7527 D:0.0566 316s
  [val] starting (93 batches)
  [val] 50/93 (11s)
  [val] done (93 batches, 19s)
  Val L:0.2740 ABS:0.4757 RMSE:1.4783 d1:0.5429
  [train] epoch 37 step 200/737 (86s)
  [train] epoch 37 step 400/737 (172s)
  [train] epoch 37 step 600/737 (258s)
Epoch [37/40] L:1.7473 D:0.0558 316s
  [train] epoch 38 step 200/737 (86s)
  [train] epoch 38 step 400/737 (171s)
  [train] epoch 38 step 600/737 (257s)
Epoch [38/40] L:1.7443 D:0.0553 316s
  [val] starting (93 batches)
  [val] 50/93 (10s)
  [val] done (93 batches, 19s)
  Val L:0.2755 ABS:0.4775 RMSE:1.4842 d1:0.5430
  [train] epoch 39 step 200/737 (86s)
  [train] epoch 39 step 400/737 (171s)
  [train] epoch 39 step 600/737 (257s)
Epoch [39/40] L:1.7427 D:0.0550 316s
  [train] epoch 40 step 200/737 (86s)
  [train] epoch 40 step 400/737 (172s)
  [train] epoch 40 step 600/737 (257s)
Epoch [40/40] L:1.7412 D:0.0548 316s
  [val] starting (93 batches)
  [val] 50/93 (10s)
  [val] done (93 batches, 19s)
  Val L:0.2758 ABS:0.4772 RMSE:1.4843 d1:0.5426

Done. Best score:1.0888@ep6  RMSE:1.3773@ep-1  ABS:0.4157@ep-1  D1:0.5473@ep20
