/opt/conda/lib/python3.11/site-packages/timm/models/layers/__init__.py:49: FutureWarning: Importing from timm.models.layers is deprecated, please import via timm.layers
  warnings.warn(f"Importing from {__name__} is deprecated, please import via timm.layers", FutureWarning)
Warning: You are sending unauthenticated requests to the HF Hub. Please set a HF_TOKEN to enable higher rate limits and faster downloads.
============================================================
Model: echorange  Dataset: soundspaces
BS: 48  LR: 0.0001  Opt: AdamW
============================================================
Loaded scene split from /root/local1/changwoo/matterport3d_0303renew/scene_split.json
  train: 72, val: 9, test: 9
[train] 23560 samples (fast cache: samples_train_erp_c7ed256fbb9b.json) [waveform=ON]
Loaded scene split from /root/local1/changwoo/matterport3d_0303renew/scene_split.json
  train: 72, val: 9, test: 9
[val] 2951 samples (fast cache: samples_val_erp_89df6a83b017.json) [waveform=ON]
Train: 23560, Val: 2951
Loading weights:   0%|          | 0/210 [00:00<?, ?it/s]Loading weights: 100%|██████████| 210/210 [00:00<00:00, 6653.25it/s]
[transformers] [1mWav2Vec2Model LOAD REPORT[0m from: facebook/wav2vec2-base-960h
Key               | Status     | 
------------------+------------+-
lm_head.bias      | UNEXPECTED | 
lm_head.weight    | UNEXPECTED | 
masked_spec_embed | MISSING    | 

Notes:
- UNEXPECTED:	can be ignored when loading from different task/architecture; not ok if you expect identical arch.
- MISSING:	those params were newly initialized because missing from the checkpoint. Consider training on your downstream task.
Model: echorange (132.6M params)
  [train] epoch 1 step 200/491 (180s)
  [train] epoch 1 step 400/491 (356s)
Epoch [1/20] L:3.0837 D:0.4159 436s
  [train] epoch 2 step 200/491 (177s)
  [train] epoch 2 step 400/491 (353s)
Epoch [2/20] L:2.9120 D:0.3554 434s
  [val] starting (62 batches)
  [val] 50/62 (28s)
  [val] done (62 batches, 34s)
  Val L:0.2525 ABS:0.4658 RMSE:1.4541 d1:0.4891
  >> Best score:1.1576 RMSE:1.4541 ABS:0.4658
  >> Best Delta1:0.4891
  [train] epoch 3 step 200/491 (178s)
  [train] epoch 3 step 400/491 (355s)
Epoch [3/20] L:2.8567 D:0.3379 435s
  [train] epoch 4 step 200/491 (177s)
  [train] epoch 4 step 400/491 (353s)
Epoch [4/20] L:2.8141 D:0.3255 434s
  [val] starting (62 batches)
  [val] 50/62 (28s)
  [val] done (62 batches, 34s)
  Val L:0.2434 ABS:0.4225 RMSE:1.4308 d1:0.5144
  >> Best score:1.1283 RMSE:1.4308 ABS:0.4225
  >> Best Delta1:0.5144
  [train] epoch 5 step 200/491 (176s)
  [train] epoch 5 step 400/491 (353s)
Epoch [5/20] L:2.7834 D:0.3164 433s
  [train] epoch 6 step 200/491 (177s)
  [train] epoch 6 step 400/491 (352s)
Epoch [6/20] L:2.7546 D:0.3074 432s
  [val] starting (62 batches)
  [val] 50/62 (28s)
  [val] done (62 batches, 35s)
  Val L:0.2397 ABS:0.4793 RMSE:1.3845 d1:0.5105
  >> Best score:1.1129 RMSE:1.3845 ABS:0.4793
  [train] epoch 7 step 200/491 (178s)
  [train] epoch 7 step 400/491 (355s)
Epoch [7/20] L:2.7253 D:0.2974 436s
  [train] epoch 8 step 200/491 (177s)
  [train] epoch 8 step 400/491 (352s)
Epoch [8/20] L:2.6921 D:0.2855 432s
  [val] starting (62 batches)
  [val] 50/62 (28s)
  [val] done (62 batches, 34s)
  Val L:0.2357 ABS:0.4136 RMSE:1.3786 d1:0.5262
  >> Best score:1.0891 RMSE:1.3786 ABS:0.4136
  >> Best Delta1:0.5262
  [train] epoch 9 step 200/491 (176s)
  [train] epoch 9 step 400/491 (351s)
Epoch [9/20] L:2.6593 D:0.2731 431s
  [train] epoch 10 step 200/491 (175s)
  [train] epoch 10 step 400/491 (350s)
Epoch [10/20] L:2.6253 D:0.2609 430s
  [val] starting (62 batches)
  [val] 50/62 (27s)
  [val] done (62 batches, 33s)
  Val L:0.2387 ABS:0.4819 RMSE:1.3615 d1:0.5262
  >> Best RMSE:1.3615
  [train] epoch 11 step 200/491 (175s)
  [train] epoch 11 step 400/491 (350s)
Epoch [11/20] L:2.5914 D:0.2481 429s
  [train] epoch 12 step 200/491 (175s)
  [train] epoch 12 step 400/491 (349s)
Epoch [12/20] L:2.5566 D:0.2356 430s
  [val] starting (62 batches)
  [val] 50/62 (27s)
  [val] done (62 batches, 34s)
  Val L:0.2394 ABS:0.4346 RMSE:1.3729 d1:0.5397
  >> Best Delta1:0.5397
  [train] epoch 13 step 200/491 (176s)
  [train] epoch 13 step 400/491 (350s)
Epoch [13/20] L:2.5222 D:0.2238 430s
  [train] epoch 14 step 200/491 (175s)
  [train] epoch 14 step 400/491 (350s)
Epoch [14/20] L:2.4893 D:0.2127 429s
  [val] starting (62 batches)
  [val] 50/62 (26s)
  [val] done (62 batches, 32s)
  Val L:0.2432 ABS:0.4624 RMSE:1.3808 d1:0.5305
  [train] epoch 15 step 200/491 (176s)
  [train] epoch 15 step 400/491 (351s)
Epoch [15/20] L:2.4581 D:0.2031 430s
  [train] epoch 16 step 200/491 (175s)
  [train] epoch 16 step 400/491 (349s)
Epoch [16/20] L:2.4276 D:0.1930 429s
  [val] starting (62 batches)
  [val] 50/62 (27s)
  [val] done (62 batches, 33s)
  Val L:0.2418 ABS:0.4393 RMSE:1.3822 d1:0.5324
  [train] epoch 17 step 200/491 (174s)
  [train] epoch 17 step 400/491 (349s)
Epoch [17/20] L:2.3959 D:0.1845 428s
  [train] epoch 18 step 200/491 (175s)
  [train] epoch 18 step 400/491 (349s)
Epoch [18/20] L:2.3668 D:0.1762 429s
  [val] starting (62 batches)
  [val] 50/62 (27s)
  [val] done (62 batches, 33s)
  Val L:0.2489 ABS:0.4368 RMSE:1.3935 d1:0.5402
  >> Best Delta1:0.5402
  [train] epoch 19 step 200/491 (175s)
  [train] epoch 19 step 400/491 (350s)
Epoch [19/20] L:2.3409 D:0.1696 429s
  [train] epoch 20 step 200/491 (175s)
  [train] epoch 20 step 400/491 (349s)
Epoch [20/20] L:2.3139 D:0.1626 429s
  [val] starting (62 batches)
  [val] 50/62 (28s)
  [val] done (62 batches, 34s)
  Val L:0.2530 ABS:0.4595 RMSE:1.4071 d1:0.5339

Done. Best score:1.0891@ep8  RMSE:1.3615@ep10  ABS:0.4136@ep-1  D1:0.5402@ep18
