/opt/conda/lib/python3.11/site-packages/timm/models/layers/__init__.py:49: FutureWarning: Importing from timm.models.layers is deprecated, please import via timm.layers
  warnings.warn(f"Importing from {__name__} is deprecated, please import via timm.layers", FutureWarning)
Warning: You are sending unauthenticated requests to the HF Hub. Please set a HF_TOKEN to enable higher rate limits and faster downloads.
============================================================
Model: echorange  Dataset: soundspaces
BS: 32  LR: 0.0001  Opt: AdamW
============================================================
Loaded scene split from /root/local1/changwoo/matterport3d_0303_renew/scene_split.json
  train: 72, val: 9, test: 9
[train] 23560 samples (fast cache: samples_train_erp_c7ed256fbb9b.json) [waveform=ON]
Loaded scene split from /root/local1/changwoo/matterport3d_0303_renew/scene_split.json
  train: 72, val: 9, test: 9
[val] 2951 samples (fast cache: samples_val_erp_89df6a83b017.json) [waveform=ON]
Train: 23560, Val: 2951
Loading weights:   0%|          | 0/210 [00:00<?, ?it/s]Loading weights: 100%|██████████| 210/210 [00:00<00:00, 4263.14it/s]
[1mWav2Vec2Model LOAD REPORT[0m from: facebook/wav2vec2-base-960h
Key               | Status     | 
------------------+------------+-
lm_head.bias      | UNEXPECTED | 
lm_head.weight    | UNEXPECTED | 
masked_spec_embed | MISSING    | 

Notes:
- UNEXPECTED:	can be ignored when loading from different task/architecture; not ok if you expect identical arch.
- MISSING:	those params were newly initialized because missing from the checkpoint. Consider training on your downstream task.
Model: echorange (132.6M params)
  [train] epoch 1 step 200/737 (83s)
  [train] epoch 1 step 400/737 (164s)
  [train] epoch 1 step 600/737 (245s)
Epoch [1/40] L:2.9402 D:0.3992 301s
  [train] epoch 2 step 200/737 (81s)
  [train] epoch 2 step 400/737 (162s)
  [train] epoch 2 step 600/737 (243s)
Epoch [2/40] L:2.7859 D:0.3439 298s
  [val] starting (93 batches)
  [val] 50/93 (10s)
  [val] done (93 batches, 18s)
  Val L:0.2485 ABS:0.4240 RMSE:1.4581 d1:0.4981
  >> Best score:1.1478 RMSE:1.4581 ABS:0.4240
  >> Best Delta1:0.4981
  [train] epoch 3 step 200/737 (81s)
  [train] epoch 3 step 400/737 (162s)
  [train] epoch 3 step 600/737 (243s)
Epoch [3/40] L:2.7315 D:0.3278 298s
  [train] epoch 4 step 200/737 (81s)
  [train] epoch 4 step 400/737 (162s)
  [train] epoch 4 step 600/737 (243s)
Epoch [4/40] L:2.6972 D:0.3181 298s
  [val] starting (93 batches)
  [val] 50/93 (10s)
  [val] done (93 batches, 18s)
  Val L:0.2422 ABS:0.4949 RMSE:1.3643 d1:0.5209
  >> Best score:1.1035 RMSE:1.3643 ABS:0.4949
  >> Best Delta1:0.5209
  [train] epoch 5 step 200/737 (81s)
  [train] epoch 5 step 400/737 (162s)
  [train] epoch 5 step 600/737 (243s)
Epoch [5/40] L:2.6672 D:0.3083 298s
  [train] epoch 6 step 200/737 (81s)
  [train] epoch 6 step 400/737 (162s)
  [train] epoch 6 step 600/737 (243s)
Epoch [6/40] L:2.6398 D:0.2983 298s
  [val] starting (93 batches)
  [val] 50/93 (10s)
  [val] done (93 batches, 18s)
  Val L:0.2369 ABS:0.4328 RMSE:1.3876 d1:0.5172
  >> Best score:1.1012 RMSE:1.3876 ABS:0.4328
  [train] epoch 7 step 200/737 (81s)
  [train] epoch 7 step 400/737 (162s)
  [train] epoch 7 step 600/737 (243s)
Epoch [7/40] L:2.6074 D:0.2863 298s
  [train] epoch 8 step 200/737 (82s)
  [train] epoch 8 step 400/737 (163s)
  [train] epoch 8 step 600/737 (243s)
Epoch [8/40] L:2.5736 D:0.2727 299s
  [val] starting (93 batches)
  [val] 50/93 (10s)
  [val] done (93 batches, 18s)
  Val L:0.2329 ABS:0.4281 RMSE:1.3703 d1:0.5379
  >> Best score:1.0876 RMSE:1.3703 ABS:0.4281
  >> Best Delta1:0.5379
  [train] epoch 9 step 200/737 (81s)
  [train] epoch 9 step 400/737 (162s)
  [train] epoch 9 step 600/737 (243s)
Epoch [9/40] L:2.5334 D:0.2566 298s
  [train] epoch 10 step 200/737 (81s)
  [train] epoch 10 step 400/737 (162s)
  [train] epoch 10 step 600/737 (243s)
Epoch [10/40] L:2.4949 D:0.2412 298s
  [val] starting (93 batches)
  [val] 50/93 (10s)
  [val] done (93 batches, 18s)
  Val L:0.2389 ABS:0.4172 RMSE:1.3730 d1:0.5422
  >> Best score:1.0862 RMSE:1.3730 ABS:0.4172
  >> Best Delta1:0.5422
  [train] epoch 11 step 200/737 (81s)
  [train] epoch 11 step 400/737 (162s)
  [train] epoch 11 step 600/737 (243s)
Epoch [11/40] L:2.4554 D:0.2255 298s
  [train] epoch 12 step 200/737 (81s)
  [train] epoch 12 step 400/737 (162s)
  [train] epoch 12 step 600/737 (243s)
Epoch [12/40] L:2.4152 D:0.2106 298s
  [val] starting (93 batches)
  [val] 50/93 (10s)
  [val] done (93 batches, 19s)
  Val L:0.2426 ABS:0.4626 RMSE:1.3719 d1:0.5363
  >> Best RMSE:1.3719
  [train] epoch 13 step 200/737 (81s)
  [train] epoch 13 step 400/737 (162s)
  [train] epoch 13 step 600/737 (243s)
Epoch [13/40] L:2.3763 D:0.1966 298s
  [train] epoch 14 step 200/737 (81s)
  [train] epoch 14 step 400/737 (162s)
  [train] epoch 14 step 600/737 (243s)
Epoch [14/40] L:2.3427 D:0.1857 298s
  [val] starting (93 batches)
  [val] 50/93 (10s)
  [val] done (93 batches, 18s)
  Val L:0.2515 ABS:0.4660 RMSE:1.3969 d1:0.5314
  [train] epoch 15 step 200/737 (81s)
  [train] epoch 15 step 400/737 (162s)
  [train] epoch 15 step 600/737 (243s)
Epoch [15/40] L:2.3097 D:0.1755 298s
  [train] epoch 16 step 200/737 (81s)
  [train] epoch 16 step 400/737 (162s)
  [train] epoch 16 step 600/737 (243s)
Epoch [16/40] L:2.2828 D:0.1681 298s
  [val] starting (93 batches)
  [val] 50/93 (10s)
  [val] done (93 batches, 18s)
  Val L:0.2506 ABS:0.4473 RMSE:1.4120 d1:0.5412
  [train] epoch 17 step 200/737 (81s)
  [train] epoch 17 step 400/737 (162s)
  [train] epoch 17 step 600/737 (243s)
Epoch [17/40] L:2.2559 D:0.1609 298s
  [train] epoch 18 step 200/737 (81s)
  [train] epoch 18 step 400/737 (162s)
  [train] epoch 18 step 600/737 (243s)
Epoch [18/40] L:2.2284 D:0.1538 298s
  [val] starting (93 batches)
  [val] 50/93 (10s)
  [val] done (93 batches, 18s)
  Val L:0.2544 ABS:0.4415 RMSE:1.4134 d1:0.5407
  [train] epoch 19 step 200/737 (81s)
  [train] epoch 19 step 400/737 (162s)
  [train] epoch 19 step 600/737 (243s)
Epoch [19/40] L:2.2073 D:0.1485 299s
  [train] epoch 20 step 200/737 (81s)
  [train] epoch 20 step 400/737 (162s)
  [train] epoch 20 step 600/737 (243s)
Epoch [20/40] L:2.1825 D:0.1429 298s
  [val] starting (93 batches)
  [val] 50/93 (10s)
  [val] done (93 batches, 19s)
  Val L:0.2578 ABS:0.4642 RMSE:1.4229 d1:0.5490
  >> Best Delta1:0.5490
  [train] epoch 21 step 200/737 (81s)
  [train] epoch 21 step 400/737 (162s)
  [train] epoch 21 step 600/737 (243s)
Epoch [21/40] L:2.1620 D:0.1379 298s
  [train] epoch 22 step 200/737 (81s)
  [train] epoch 22 step 400/737 (162s)
  [train] epoch 22 step 600/737 (243s)
Epoch [22/40] L:2.1411 D:0.1333 298s
  [val] starting (93 batches)
  [val] 50/93 (10s)
  [val] done (93 batches, 18s)
  Val L:0.2596 ABS:0.4599 RMSE:1.4307 d1:0.5411
  [train] epoch 23 step 200/737 (81s)
  [train] epoch 23 step 400/737 (162s)
  [train] epoch 23 step 600/737 (243s)
Epoch [23/40] L:2.1235 D:0.1293 298s
  [train] epoch 24 step 200/737 (81s)
  [train] epoch 24 step 400/737 (162s)
  [train] epoch 24 step 600/737 (243s)
Epoch [24/40] L:2.1036 D:0.1252 298s
  [val] starting (93 batches)
  [val] 50/93 (10s)
  [val] done (93 batches, 19s)
  Val L:0.2608 ABS:0.4462 RMSE:1.4403 d1:0.5401
  [train] epoch 25 step 200/737 (81s)
  [train] epoch 25 step 400/737 (162s)
  [train] epoch 25 step 600/737 (243s)
Epoch [25/40] L:2.0869 D:0.1218 298s
  [train] epoch 26 step 200/737 (81s)
  [train] epoch 26 step 400/737 (162s)
  [train] epoch 26 step 600/737 (243s)
Epoch [26/40] L:2.0691 D:0.1181 298s
  [val] starting (93 batches)
  [val] 50/93 (10s)
  [val] done (93 batches, 18s)
  Val L:0.2585 ABS:0.4533 RMSE:1.4197 d1:0.5439
  [train] epoch 27 step 200/737 (81s)
  [train] epoch 27 step 400/737 (162s)
  [train] epoch 27 step 600/737 (243s)
Epoch [27/40] L:2.0530 D:0.1151 298s
  [train] epoch 28 step 200/737 (81s)
  [train] epoch 28 step 400/737 (162s)
  [train] epoch 28 step 600/737 (243s)
Epoch [28/40] L:2.0358 D:0.1111 298s
  [val] starting (93 batches)
  [val] 50/93 (10s)
  [val] done (93 batches, 18s)
  Val L:0.2654 ABS:0.4685 RMSE:1.4511 d1:0.5404
  [train] epoch 29 step 200/737 (81s)
  [train] epoch 29 step 400/737 (162s)
  [train] epoch 29 step 600/737 (243s)
Epoch [29/40] L:2.0220 D:0.1084 298s
  [train] epoch 30 step 200/737 (81s)
  [train] epoch 30 step 400/737 (162s)
  [train] epoch 30 step 600/737 (243s)
Epoch [30/40] L:2.0076 D:0.1055 298s
  [val] starting (93 batches)
  [val] 50/93 (10s)
  [val] done (93 batches, 18s)
  Val L:0.2660 ABS:0.4448 RMSE:1.4416 d1:0.5483
  [train] epoch 31 step 200/737 (81s)
  [train] epoch 31 step 400/737 (162s)
  [train] epoch 31 step 600/737 (243s)
Epoch [31/40] L:1.9934 D:0.1027 298s
  [train] epoch 32 step 200/737 (81s)
  [train] epoch 32 step 400/737 (162s)
  [train] epoch 32 step 600/737 (243s)
Epoch [32/40] L:1.9793 D:0.1001 298s
  [val] starting (93 batches)
  [val] 50/93 (10s)
  [val] done (93 batches, 18s)
  Val L:0.2673 ABS:0.4834 RMSE:1.4544 d1:0.5369
  [train] epoch 33 step 200/737 (81s)
  [train] epoch 33 step 400/737 (162s)
  [train] epoch 33 step 600/737 (243s)
Epoch [33/40] L:1.9665 D:0.0979 298s
  [train] epoch 34 step 200/737 (81s)
  [train] epoch 34 step 400/737 (162s)
  [train] epoch 34 step 600/737 (243s)
Epoch [34/40] L:1.9522 D:0.0953 298s
  [val] starting (93 batches)
  [val] 50/93 (10s)
  [val] done (93 batches, 18s)
  Val L:0.2662 ABS:0.4702 RMSE:1.4439 d1:0.5481
  [train] epoch 35 step 200/737 (81s)
  [train] epoch 35 step 400/737 (162s)
  [train] epoch 35 step 600/737 (243s)
Epoch [35/40] L:1.9402 D:0.0929 298s
  [train] epoch 36 step 200/737 (81s)
  [train] epoch 36 step 400/737 (162s)
  [train] epoch 36 step 600/737 (243s)
Epoch [36/40] L:1.9279 D:0.0906 298s
  [val] starting (93 batches)
  [val] 50/93 (10s)
  [val] done (93 batches, 18s)
  Val L:0.2713 ABS:0.4536 RMSE:1.4626 d1:0.5383
  [train] epoch 37 step 200/737 (81s)
  [train] epoch 37 step 400/737 (162s)
  [train] epoch 37 step 600/737 (243s)
Epoch [37/40] L:1.9174 D:0.0886 298s
  [train] epoch 38 step 200/737 (81s)
  [train] epoch 38 step 400/737 (162s)
  [train] epoch 38 step 600/737 (243s)
Epoch [38/40] L:1.9046 D:0.0864 298s
  [val] starting (93 batches)
  [val] 50/93 (10s)
  [val] done (93 batches, 19s)
  Val L:0.2675 ABS:0.4566 RMSE:1.4562 d1:0.5417
  [train] epoch 39 step 200/737 (81s)
  [train] epoch 39 step 400/737 (162s)
  [train] epoch 39 step 600/737 (243s)
Epoch [39/40] L:1.8936 D:0.0843 298s
  [train] epoch 40 step 200/737 (81s)
  [train] epoch 40 step 400/737 (162s)
  [train] epoch 40 step 600/737 (243s)
Epoch [40/40] L:1.8829 D:0.0826 298s
  [val] starting (93 batches)
  [val] 50/93 (10s)
  [val] done (93 batches, 19s)
  Val L:0.2730 ABS:0.4951 RMSE:1.4653 d1:0.5374

Done. Best score:1.0862@ep10  RMSE:1.3719@ep12  ABS:0.4172@ep-1  D1:0.5490@ep20
