/opt/conda/lib/python3.11/site-packages/timm/models/layers/__init__.py:49: FutureWarning: Importing from timm.models.layers is deprecated, please import via timm.layers
  warnings.warn(f"Importing from {__name__} is deprecated, please import via timm.layers", FutureWarning)
============================================================
Model: echorange  Dataset: soundspaces
BS: 48  LR: 0.0001  Opt: AdamW
============================================================
Loaded scene split from /root/local1/changwoo/matterport3d_0303renew/scene_split.json
  train: 72, val: 9, test: 9
[train] 23560 samples (fast cache: samples_train_erp_c7ed256fbb9b.json) [waveform=ON]
Loaded scene split from /root/local1/changwoo/matterport3d_0303renew/scene_split.json
  train: 72, val: 9, test: 9
[val] 2951 samples (fast cache: samples_val_erp_89df6a83b017.json) [waveform=ON]
Train: 23560, Val: 2951
Loading weights:   0%|          | 0/210 [00:00<?, ?it/s]Loading weights: 100%|██████████| 210/210 [00:00<00:00, 6337.99it/s]
[transformers] [1mWav2Vec2Model LOAD REPORT[0m from: facebook/wav2vec2-base-960h
Key               | Status     | 
------------------+------------+-
lm_head.bias      | UNEXPECTED | 
lm_head.weight    | UNEXPECTED | 
masked_spec_embed | MISSING    | 

Notes:
- UNEXPECTED:	can be ignored when loading from different task/architecture; not ok if you expect identical arch.
- MISSING:	those params were newly initialized because missing from the checkpoint. Consider training on your downstream task.
Model: echorange (132.6M params)
  [train] epoch 1 step 200/491 (259s)
  [train] epoch 1 step 400/491 (519s)
Epoch [1/20] L:3.0117 D:0.4448 639s
  [train] epoch 2 step 200/491 (257s)
  [train] epoch 2 step 400/491 (503s)
Epoch [2/20] L:2.8281 D:0.3719 621s
  [val] starting (62 batches)
  [val] 50/62 (31s)
  [val] done (62 batches, 39s)
  Val L:0.4936 ABS:0.5893 RMSE:1.6675 d1:0.1726
  >> Best score:1.3441 RMSE:1.6675 ABS:0.5893
  >> Best Delta1:0.1726
  [train] epoch 3 step 200/491 (259s)
  [train] epoch 3 step 400/491 (519s)
Epoch [3/20] L:2.7671 D:0.3513 637s
  [train] epoch 4 step 200/491 (253s)
  [train] epoch 4 step 400/491 (504s)
Epoch [4/20] L:2.7327 D:0.3407 622s
  [val] starting (62 batches)
  [val] 50/62 (31s)
  [val] done (62 batches, 38s)
  Val L:0.5067 ABS:0.6066 RMSE:1.6269 d1:0.1808
  >> Best score:1.3208 RMSE:1.6269 ABS:0.6066
  >> Best Delta1:0.1808
  [train] epoch 5 step 200/491 (265s)
  [train] epoch 5 step 400/491 (540s)
Epoch [5/20] L:2.7031 D:0.3308 657s
  [train] epoch 6 step 200/491 (250s)
  [train] epoch 6 step 400/491 (511s)
Epoch [6/20] L:2.6708 D:0.3192 633s
  [val] starting (62 batches)
  [val] 50/62 (31s)
  [val] done (62 batches, 38s)
  Val L:0.4972 ABS:0.5839 RMSE:1.6304 d1:0.1807
  >> Best score:1.3165 RMSE:1.6304 ABS:0.5839
  [train] epoch 7 step 200/491 (260s)
  [train] epoch 7 step 400/491 (519s)
Epoch [7/20] L:2.6369 D:0.3070 637s
  [train] epoch 8 step 200/491 (252s)
  [train] epoch 8 step 400/491 (515s)
Epoch [8/20] L:2.6003 D:0.2921 633s
  [val] starting (62 batches)
  [val] 50/62 (31s)
  [val] done (62 batches, 39s)
  Val L:0.5186 ABS:0.5751 RMSE:1.6536 d1:0.1757
  >> Best ABS_REL:0.5751
  [train] epoch 9 step 200/491 (259s)
  [train] epoch 9 step 400/491 (525s)
Epoch [9/20] L:2.5619 D:0.2769 642s
  [train] epoch 10 step 200/491 (254s)
  [train] epoch 10 step 400/491 (512s)
Epoch [10/20] L:2.5195 D:0.2589 629s
  [val] starting (62 batches)
  [val] 50/62 (32s)
  [val] done (62 batches, 39s)
  Val L:0.5314 ABS:0.5819 RMSE:1.6633 d1:0.1746
  [train] epoch 11 step 200/491 (272s)
  [train] epoch 11 step 400/491 (534s)
Epoch [11/20] L:2.4785 D:0.2424 652s
  [train] epoch 12 step 200/491 (207s)
  [train] epoch 12 step 400/491 (409s)
Epoch [12/20] L:2.4392 D:0.2272 495s
  [val] starting (62 batches)
  [val] 50/62 (29s)
  [val] done (62 batches, 36s)
  Val L:0.5282 ABS:0.6005 RMSE:1.6273 d1:0.1852
  >> Best RMSE:1.6273
  >> Best Delta1:0.1852
  [train] epoch 13 step 200/491 (200s)
  [train] epoch 13 step 400/491 (401s)
Epoch [13/20] L:2.3989 D:0.2122 488s
  [train] epoch 14 step 200/491 (201s)
  [train] epoch 14 step 400/491 (383s)
Epoch [14/20] L:2.3641 D:0.2004 458s
  [val] starting (62 batches)
  [val] 50/62 (27s)
  [val] done (62 batches, 34s)
  Val L:0.5153 ABS:0.6132 RMSE:1.6182 d1:0.1948
  >> Best RMSE:1.6182
  >> Best Delta1:0.1948
  [train] epoch 15 step 200/491 (166s)
  [train] epoch 15 step 400/491 (332s)
Epoch [15/20] L:2.3331 D:0.1909 407s
  [train] epoch 16 step 200/491 (166s)
  [train] epoch 16 step 400/491 (331s)
Epoch [16/20] L:2.3034 D:0.1819 406s
  [val] starting (62 batches)
  [val] 50/62 (27s)
  [val] done (62 batches, 33s)
  Val L:0.5320 ABS:0.6065 RMSE:1.6437 d1:0.1925
  [train] epoch 17 step 200/491 (166s)
  [train] epoch 17 step 400/491 (332s)
Epoch [17/20] L:2.2716 D:0.1726 408s
  [train] epoch 18 step 200/491 (166s)
  [train] epoch 18 step 400/491 (331s)
Epoch [18/20] L:2.2467 D:0.1658 406s
  [val] starting (62 batches)
  [val] 50/62 (27s)
  [val] done (62 batches, 33s)
  Val L:0.5378 ABS:0.6044 RMSE:1.6583 d1:0.1854
  [train] epoch 19 step 200/491 (165s)
  [train] epoch 19 step 400/491 (330s)
Epoch [19/20] L:2.2193 D:0.1582 405s
  [train] epoch 20 step 200/491 (166s)
  [train] epoch 20 step 400/491 (330s)
Epoch [20/20] L:2.1956 D:0.1531 405s
  [val] starting (62 batches)
  [val] 50/62 (27s)
  [val] done (62 batches, 33s)
  Val L:0.5375 ABS:0.6007 RMSE:1.6597 d1:0.1920

Done. Best score:1.3165@ep6  RMSE:1.6182@ep14  ABS:0.5751@ep8  D1:0.1948@ep14
e. Best score:1.3235@ep6  RMSE:1.6369@ep-1  ABS:0.5844@ep12  D1:0.1924@ep20
