/opt/conda/lib/python3.11/site-packages/timm/models/layers/__init__.py:49: FutureWarning: Importing from timm.models.layers is deprecated, please import via timm.layers
  warnings.warn(f"Importing from {__name__} is deprecated, please import via timm.layers", FutureWarning)
============================================================
Model: echorange  Dataset: soundspaces
BS: 48  LR: 0.0001  Opt: AdamW
============================================================
Loaded scene split from /root/local1/changwoo/matterport3d_0303renew/scene_split.json
  train: 72, val: 9, test: 9
[train] 23560 samples (fast cache: samples_train_erp_c7ed256fbb9b.json) [waveform=ON]
Loaded scene split from /root/local1/changwoo/matterport3d_0303renew/scene_split.json
  train: 72, val: 9, test: 9
[val] 2951 samples (fast cache: samples_val_erp_89df6a83b017.json) [waveform=ON]
Train: 23560, Val: 2951
Loading weights:   0%|          | 0/210 [00:00<?, ?it/s]Loading weights: 100%|██████████| 210/210 [00:00<00:00, 7562.63it/s]
[transformers] [1mWav2Vec2Model LOAD REPORT[0m from: facebook/wav2vec2-base-960h
Key               | Status     | 
------------------+------------+-
lm_head.bias      | UNEXPECTED | 
lm_head.weight    | UNEXPECTED | 
masked_spec_embed | MISSING    | 

Notes:
- UNEXPECTED:	can be ignored when loading from different task/architecture; not ok if you expect identical arch.
- MISSING:	those params were newly initialized because missing from the checkpoint. Consider training on your downstream task.
Model: echorange (132.6M params)
  [train] epoch 1 step 200/491 (180s)
  [train] epoch 1 step 400/491 (358s)
Epoch [1/20] L:0.2933 D:0.4552 440s
  [train] epoch 2 step 200/491 (180s)
  [train] epoch 2 step 400/491 (359s)
Epoch [2/20] L:0.2358 D:0.3539 440s
  [val] starting (62 batches)
[haz] alpha: mean=0.2075 p50=0.0733 p90=0.6669 p95=0.8449 p99=0.9860
[haz] frac_alpha: >.5=0.164 >.9=0.038 >.95=0.026 >.99=0.008
[haz] bg_weight: p10=0.000 p50=0.000 p90=0.024  ent: p10=0.733 p50=0.787 p90=0.854
[haz] argmax_bin_hist (folded 32→16, %): [0.0, 0.0, 0.0, 0.0, 0.2, 2.3, 0.1, 4.7, 12.9, 26.9, 0.0, 46.0, 0.2, 0.0, 6.9, 0.0]
[haz] sliced: [0.1,1) AR=1.109 RMSE=0.996  [1,3) AR=0.227 RMSE=0.607  [3,6) AR=0.304 RMSE=1.486  [6,9.8) AR=0.494 RMSE=3.699  [9.8,10.001) AR=0.725 RMSE=7.295
  [val] 50/62 (28s)
  [val] done (62 batches, 35s)
  Val L:0.2561 ABS:0.4416 RMSE:1.4585 d1:0.4609
  >> Best (score:1.1534 RMSE:1.4585 ABS:0.4416)
  [train] epoch 3 step 200/491 (179s)
  [train] epoch 3 step 400/491 (356s)
Epoch [3/20] L:0.2305 D:0.3323 437s
  [train] epoch 4 step 200/491 (177s)
  [train] epoch 4 step 400/491 (353s)
Epoch [4/20] L:0.2236 D:0.3224 433s
  [val] starting (62 batches)
[haz] alpha: mean=0.2043 p50=0.0393 p90=0.6261 p95=0.7557 p99=0.9377
[haz] frac_alpha: >.5=0.177 >.9=0.018 >.95=0.008 >.99=0.000
[haz] bg_weight: p10=0.000 p50=0.000 p90=0.007  ent: p10=0.661 p50=0.726 p90=0.800
[haz] argmax_bin_hist (folded 32→16, %): [0.0, 0.0, 0.0, 0.0, 0.1, 0.6, 0.0, 2.2, 10.0, 61.0, 7.6, 13.2, 1.9, 0.0, 3.4, 0.0]
[haz] sliced: [0.1,1) AR=1.318 RMSE=1.076  [1,3) AR=0.210 RMSE=0.545  [3,6) AR=0.283 RMSE=1.398  [6,9.8) AR=0.503 RMSE=3.714  [9.8,10.001) AR=0.718 RMSE=7.208
  [val] 50/62 (28s)
  [val] done (62 batches, 35s)
  Val L:0.2446 ABS:0.4199 RMSE:1.4253 d1:0.5135
  >> Best (score:1.1236 RMSE:1.4253 ABS:0.4199)
  [train] epoch 5 step 200/491 (177s)
  [train] epoch 5 step 400/491 (354s)
Epoch [5/20] L:0.2177 D:0.3133 434s
  [train] epoch 6 step 200/491 (178s)
  [train] epoch 6 step 400/491 (355s)
Epoch [6/20] L:0.2122 D:0.3043 435s
  [val] starting (62 batches)
[haz] alpha: mean=0.2451 p50=0.0469 p90=0.7926 p95=0.8998 p99=0.9735
[haz] frac_alpha: >.5=0.238 >.9=0.050 >.95=0.022 >.99=0.003
[haz] bg_weight: p10=0.000 p50=0.000 p90=0.004  ent: p10=0.596 p50=0.701 p90=0.804
[haz] argmax_bin_hist (folded 32→16, %): [0.0, 0.0, 0.0, 0.0, 0.6, 0.6, 0.1, 6.6, 17.8, 60.3, 6.7, 1.4, 3.4, 1.7, 0.8, 0.0]
[haz] sliced: [0.1,1) AR=0.954 RMSE=0.832  [1,3) AR=0.207 RMSE=0.538  [3,6) AR=0.323 RMSE=1.563  [6,9.8) AR=0.528 RMSE=3.899  [9.8,10.001) AR=0.746 RMSE=7.489
  [val] 50/62 (28s)
  [val] done (62 batches, 34s)
  Val L:0.2422 ABS:0.3880 RMSE:1.4299 d1:0.4908
  >> Best (score:1.1173 RMSE:1.4299 ABS:0.3880)
  [train] epoch 7 step 200/491 (177s)
  [train] epoch 7 step 400/491 (354s)
Epoch [7/20] L:0.2070 D:0.2960 434s
  [train] epoch 8 step 200/491 (177s)
  [train] epoch 8 step 400/491 (353s)
Epoch [8/20] L:0.2007 D:0.2856 433s
  [val] starting (62 batches)
[haz] alpha: mean=0.2217 p50=0.0375 p90=0.7261 p95=0.8426 p99=0.9549
[haz] frac_alpha: >.5=0.207 >.9=0.027 >.95=0.011 >.99=0.002
[haz] bg_weight: p10=0.000 p50=0.000 p90=0.008  ent: p10=0.563 p50=0.716 p90=0.797
[haz] argmax_bin_hist (folded 32→16, %): [0.0, 0.0, 0.0, 0.0, 0.2, 0.9, 0.1, 7.0, 13.0, 59.4, 4.1, 5.5, 5.8, 3.4, 0.6, 0.0]
[haz] sliced: [0.1,1) AR=1.213 RMSE=1.096  [1,3) AR=0.223 RMSE=0.595  [3,6) AR=0.269 RMSE=1.340  [6,9.8) AR=0.462 RMSE=3.500  [9.8,10.001) AR=0.710 RMSE=7.175
  [val] 50/62 (28s)
  [val] done (62 batches, 34s)
  Val L:0.2338 ABS:0.4341 RMSE:1.3664 d1:0.5181
  >> Best (score:1.0867 RMSE:1.3664 ABS:0.4341)
  [train] epoch 9 step 200/491 (177s)
  [train] epoch 9 step 400/491 (351s)
Epoch [9/20] L:nan D:nan 429s
  [train] epoch 10 step 200/491 (173s)
  [train] epoch 10 step 400/491 (346s)
Epoch [10/20] L:nan D:nan 425s
  [val] starting (62 batches)
[haz] alpha: mean=nan p50=nan p90=nan p95=nan p99=nan
[haz] frac_alpha: >.5=0.000 >.9=0.000 >.95=0.000 >.99=0.000
[haz] bg_weight: p10=nan p50=nan p90=nan  ent: p10=nan p50=nan p90=nan
[haz] argmax_bin_hist (folded 32→16, %): [100.0, 0.0, 0.0, 0.0, 0.0, 0.0, 0.0, 0.0, 0.0, 0.0, 0.0, 0.0, 0.0, 0.0, 0.0, 0.0]
[haz] sliced: [0.1,1) AR=nan RMSE=nan  [1,3) AR=nan RMSE=nan  [3,6) AR=nan RMSE=nan  [6,9.8) AR=nan RMSE=nan  [9.8,10.001) AR=nan RMSE=nan
  [val] 50/62 (27s)
  [val] done (62 batches, 34s)
  Val L:nan ABS:nan RMSE:nan d1:0.0000
  [train] epoch 11 step 200/491 (173s)
  [train] epoch 11 step 400/491 (346s)
Epoch [11/20] L:nan D:nan 424s
  [train] epoch 12 step 200/491 (174s)
  [train] epoch 12 step 400/491 (346s)
Epoch [12/20] L:nan D:nan 424s
  [val] starting (62 batches)
[haz] alpha: mean=nan p50=nan p90=nan p95=nan p99=nan
[haz] frac_alpha: >.5=0.000 >.9=0.000 >.95=0.000 >.99=0.000
[haz] bg_weight: p10=nan p50=nan p90=nan  ent: p10=nan p50=nan p90=nan
[haz] argmax_bin_hist (folded 32→16, %): [100.0, 0.0, 0.0, 0.0, 0.0, 0.0, 0.0, 0.0, 0.0, 0.0, 0.0, 0.0, 0.0, 0.0, 0.0, 0.0]
[haz] sliced: [0.1,1) AR=nan RMSE=nan  [1,3) AR=nan RMSE=nan  [3,6) AR=nan RMSE=nan  [6,9.8) AR=nan RMSE=nan  [9.8,10.001) AR=nan RMSE=nan
  [val] 50/62 (28s)
  [val] done (62 batches, 34s)
  Val L:nan ABS:nan RMSE:nan d1:0.0000
  [train] epoch 13 step 200/491 (173s)
  [train] epoch 13 step 400/491 (347s)
Epoch [13/20] L:nan D:nan 425s
  [train] epoch 14 step 200/491 (174s)
  [train] epoch 14 step 400/491 (347s)
Epoch [14/20] L:nan D:nan 425s
  [val] starting (62 batches)
[haz] alpha: mean=nan p50=nan p90=nan p95=nan p99=nan
[haz] frac_alpha: >.5=0.000 >.9=0.000 >.95=0.000 >.99=0.000
[haz] bg_weight: p10=nan p50=nan p90=nan  ent: p10=nan p50=nan p90=nan
[haz] argmax_bin_hist (folded 32→16, %): [100.0, 0.0, 0.0, 0.0, 0.0, 0.0, 0.0, 0.0, 0.0, 0.0, 0.0, 0.0, 0.0, 0.0, 0.0, 0.0]
[haz] sliced: [0.1,1) AR=nan RMSE=nan  [1,3) AR=nan RMSE=nan  [3,6) AR=nan RMSE=nan  [6,9.8) AR=nan RMSE=nan  [9.8,10.001) AR=nan RMSE=nan
  [val] 50/62 (28s)
  [val] done (62 batches, 34s)
  Val L:nan ABS:nan RMSE:nan d1:0.0000
  [train] epoch 15 step 200/491 (173s)
  [train] epoch 15 step 400/491 (347s)
Epoch [15/20] L:nan D:nan 425s
  [train] epoch 16 step 200/491 (173s)
  [train] epoch 16 step 400/491 (346s)
Epoch [16/20] L:nan D:nan 425s
  [val] starting (62 batches)
[haz] alpha: mean=nan p50=nan p90=nan p95=nan p99=nan
[haz] frac_alpha: >.5=0.000 >.9=0.000 >.95=0.000 >.99=0.000
[haz] bg_weight: p10=nan p50=nan p90=nan  ent: p10=nan p50=nan p90=nan
[haz] argmax_bin_hist (folded 32→16, %): [100.0, 0.0, 0.0, 0.0, 0.0, 0.0, 0.0, 0.0, 0.0, 0.0, 0.0, 0.0, 0.0, 0.0, 0.0, 0.0]
[haz] sliced: [0.1,1) AR=nan RMSE=nan  [1,3) AR=nan RMSE=nan  [3,6) AR=nan RMSE=nan  [6,9.8) AR=nan RMSE=nan  [9.8,10.001) AR=nan RMSE=nan
  [val] 50/62 (28s)
  [val] done (62 batches, 35s)
  Val L:nan ABS:nan RMSE:nan d1:0.0000
  [train] epoch 17 step 200/491 (174s)
  [train] epoch 17 step 400/491 (347s)
Epoch [17/20] L:nan D:nan 426s
  [train] epoch 18 step 200/491 (174s)
  [train] epoch 18 step 400/491 (346s)
Epoch [18/20] L:nan D:nan 425s
  [val] starting (62 batches)
[haz] alpha: mean=nan p50=nan p90=nan p95=nan p99=nan
[haz] frac_alpha: >.5=0.000 >.9=0.000 >.95=0.000 >.99=0.000
[haz] bg_weight: p10=nan p50=nan p90=nan  ent: p10=nan p50=nan p90=nan
[haz] argmax_bin_hist (folded 32→16, %): [100.0, 0.0, 0.0, 0.0, 0.0, 0.0, 0.0, 0.0, 0.0, 0.0, 0.0, 0.0, 0.0, 0.0, 0.0, 0.0]
[haz] sliced: [0.1,1) AR=nan RMSE=nan  [1,3) AR=nan RMSE=nan  [3,6) AR=nan RMSE=nan  [6,9.8) AR=nan RMSE=nan  [9.8,10.001) AR=nan RMSE=nan
  [val] 50/62 (29s)
  [val] done (62 batches, 36s)
  Val L:nan ABS:nan RMSE:nan d1:0.0000
  [train] epoch 19 step 200/491 (173s)
  [train] epoch 19 step 400/491 (347s)
Epoch [19/20] L:nan D:nan 425s
  [train] epoch 20 step 200/491 (173s)
  [train] epoch 20 step 400/491 (346s)
Epoch [20/20] L:nan D:nan 425s
  [val] starting (62 batches)
[haz] alpha: mean=nan p50=nan p90=nan p95=nan p99=nan
[haz] frac_alpha: >.5=0.000 >.9=0.000 >.95=0.000 >.99=0.000
[haz] bg_weight: p10=nan p50=nan p90=nan  ent: p10=nan p50=nan p90=nan
[haz] argmax_bin_hist (folded 32→16, %): [100.0, 0.0, 0.0, 0.0, 0.0, 0.0, 0.0, 0.0, 0.0, 0.0, 0.0, 0.0, 0.0, 0.0, 0.0, 0.0]
[haz] sliced: [0.1,1) AR=nan RMSE=nan  [1,3) AR=nan RMSE=nan  [3,6) AR=nan RMSE=nan  [6,9.8) AR=nan RMSE=nan  [9.8,10.001) AR=nan RMSE=nan
  [val] 50/62 (28s)
  [val] done (62 batches, 34s)
  Val L:nan ABS:nan RMSE:nan d1:0.0000

Done. Best score:1.0867 RMSE:1.3664 ABS:0.4341
