/opt/conda/lib/python3.11/site-packages/timm/models/layers/__init__.py:49: FutureWarning: Importing from timm.models.layers is deprecated, please import via timm.layers
  warnings.warn(f"Importing from {__name__} is deprecated, please import via timm.layers", FutureWarning)
Warning: You are sending unauthenticated requests to the HF Hub. Please set a HF_TOKEN to enable higher rate limits and faster downloads.
============================================================
Model: echorange  Dataset: soundspaces
BS: 32  LR: 0.0001  Opt: AdamW
============================================================
Loaded scene split from /root/local1/changwoo/matterport3d_0303_renew/scene_split.json
  train: 72, val: 9, test: 9
[train] 23560 samples (fast cache: samples_train_erp_c7ed256fbb9b.json) [waveform=ON]
Loaded scene split from /root/local1/changwoo/matterport3d_0303_renew/scene_split.json
  train: 72, val: 9, test: 9
[val] 2951 samples (fast cache: samples_val_erp_89df6a83b017.json) [waveform=ON]
Train: 23560, Val: 2951
Loading weights:   0%|          | 0/210 [00:00<?, ?it/s]Loading weights: 100%|██████████| 210/210 [00:00<00:00, 5146.93it/s]
[1mWav2Vec2Model LOAD REPORT[0m from: facebook/wav2vec2-base-960h
Key               | Status     | 
------------------+------------+-
lm_head.weight    | UNEXPECTED | 
lm_head.bias      | UNEXPECTED | 
masked_spec_embed | MISSING    | 

Notes:
- UNEXPECTED:	can be ignored when loading from different task/architecture; not ok if you expect identical arch.
- MISSING:	those params were newly initialized because missing from the checkpoint. Consider training on your downstream task.
Model: echorange (132.6M params)
  [LR] cosine schedule enabled  warmup=1ep (737 steps), total=29480 steps
  [train] epoch 1 step 200/737 (82s)
  [train] epoch 1 step 400/737 (163s)
  [train] epoch 1 step 600/737 (243s)
Epoch [1/40] L:3.0744 D:0.4398 298s
  [train] epoch 2 step 200/737 (81s)
  [train] epoch 2 step 400/737 (161s)
  [train] epoch 2 step 600/737 (242s)
Epoch [2/40] L:2.8207 D:0.3584 296s
  [val] starting (93 batches)
  [val] 50/93 (10s)
  [val] done (93 batches, 19s)
  Val L:0.2536 ABS:0.4854 RMSE:1.4309 d1:0.4821
  >> Best score:1.1472 RMSE:1.4309 ABS:0.4854
  >> Best Delta1:0.4821
  [train] epoch 3 step 200/737 (81s)
  [train] epoch 3 step 400/737 (161s)
  [train] epoch 3 step 600/737 (241s)
Epoch [3/40] L:2.7452 D:0.3332 296s
  [train] epoch 4 step 200/737 (81s)
  [train] epoch 4 step 400/737 (161s)
  [train] epoch 4 step 600/737 (241s)
Epoch [4/40] L:2.7021 D:0.3193 296s
  [val] starting (93 batches)
  [val] 50/93 (10s)
  [val] done (93 batches, 18s)
  Val L:0.2431 ABS:0.4685 RMSE:1.3799 d1:0.5195
  >> Best score:1.1065 RMSE:1.3799 ABS:0.4685
  >> Best Delta1:0.5195
  [train] epoch 5 step 200/737 (80s)
  [train] epoch 5 step 400/737 (161s)
  [train] epoch 5 step 600/737 (241s)
Epoch [5/40] L:2.6699 D:0.3091 296s
  [train] epoch 6 step 200/737 (80s)
  [train] epoch 6 step 400/737 (161s)
  [train] epoch 6 step 600/737 (241s)
Epoch [6/40] L:2.6364 D:0.2963 296s
  [val] starting (93 batches)
  [val] 50/93 (10s)
  [val] done (93 batches, 18s)
  Val L:0.2386 ABS:0.4482 RMSE:1.3823 d1:0.5259
  >> Best score:1.1021 RMSE:1.3823 ABS:0.4482
  >> Best Delta1:0.5259
  [train] epoch 7 step 200/737 (81s)
  [train] epoch 7 step 400/737 (161s)
  [train] epoch 7 step 600/737 (241s)
Epoch [7/40] L:2.5987 D:0.2822 296s
  [train] epoch 8 step 200/737 (80s)
  [train] epoch 8 step 400/737 (161s)
  [train] epoch 8 step 600/737 (241s)
Epoch [8/40] L:2.5552 D:0.2649 296s
  [val] starting (93 batches)
  [val] 50/93 (10s)
  [val] done (93 batches, 18s)
  Val L:0.2343 ABS:0.4210 RMSE:1.3662 d1:0.5399
  >> Best score:1.0827 RMSE:1.3662 ABS:0.4210
  >> Best Delta1:0.5399
  [train] epoch 9 step 200/737 (80s)
  [train] epoch 9 step 400/737 (161s)
  [train] epoch 9 step 600/737 (241s)
Epoch [9/40] L:2.5098 D:0.2466 296s
  [train] epoch 10 step 200/737 (81s)
  [train] epoch 10 step 400/737 (161s)
  [train] epoch 10 step 600/737 (241s)
Epoch [10/40] L:2.4622 D:0.2275 296s
  [val] starting (93 batches)
  [val] 50/93 (10s)
  [val] done (93 batches, 19s)
  Val L:0.2408 ABS:0.4275 RMSE:1.3736 d1:0.5377
  [train] epoch 11 step 200/737 (81s)
  [train] epoch 11 step 400/737 (161s)
  [train] epoch 11 step 600/737 (241s)
Epoch [11/40] L:2.4142 D:0.2098 296s
  [train] epoch 12 step 200/737 (80s)
  [train] epoch 12 step 400/737 (161s)
  [train] epoch 12 step 600/737 (241s)
Epoch [12/40] L:2.3671 D:0.1938 296s
  [val] starting (93 batches)
  [val] 50/93 (10s)
  [val] done (93 batches, 18s)
  Val L:0.2472 ABS:0.4233 RMSE:1.3912 d1:0.5458
  >> Best Delta1:0.5458
  [train] epoch 13 step 200/737 (81s)
  [train] epoch 13 step 400/737 (161s)
  [train] epoch 13 step 600/737 (241s)
Epoch [13/40] L:2.3212 D:0.1794 296s
  [train] epoch 14 step 200/737 (81s)
  [train] epoch 14 step 400/737 (161s)
  [train] epoch 14 step 600/737 (241s)
Epoch [14/40] L:2.2800 D:0.1677 296s
  [val] starting (93 batches)
  [val] 50/93 (10s)
  [val] done (93 batches, 19s)
  Val L:0.2518 ABS:0.4579 RMSE:1.4050 d1:0.5361
  [train] epoch 15 step 200/737 (80s)
  [train] epoch 15 step 400/737 (161s)
  [train] epoch 15 step 600/737 (241s)
Epoch [15/40] L:2.2377 D:0.1564 296s
  [train] epoch 16 step 200/737 (81s)
  [train] epoch 16 step 400/737 (161s)
  [train] epoch 16 step 600/737 (241s)
Epoch [16/40] L:2.1990 D:0.1465 296s
  [val] starting (93 batches)
  [val] 50/93 (10s)
  [val] done (93 batches, 18s)
  Val L:0.2540 ABS:0.4372 RMSE:1.4158 d1:0.5371
  [train] epoch 17 step 200/737 (80s)
  [train] epoch 17 step 400/737 (161s)
  [train] epoch 17 step 600/737 (241s)
Epoch [17/40] L:2.1602 D:0.1375 296s
  [train] epoch 18 step 200/737 (81s)
  [train] epoch 18 step 400/737 (161s)
  [train] epoch 18 step 600/737 (241s)
Epoch [18/40] L:2.1233 D:0.1291 295s
  [val] starting (93 batches)
  [val] 50/93 (10s)
  [val] done (93 batches, 18s)
  Val L:0.2587 ABS:0.4520 RMSE:1.4218 d1:0.5439
  [train] epoch 19 step 200/737 (80s)
  [train] epoch 19 step 400/737 (160s)
  [train] epoch 19 step 600/737 (240s)
Epoch [19/40] L:2.0883 D:0.1216 295s
  [train] epoch 20 step 200/737 (80s)
  [train] epoch 20 step 400/737 (161s)
  [train] epoch 20 step 600/737 (241s)
Epoch [20/40] L:2.0540 D:0.1146 296s
  [val] starting (93 batches)
  [val] 50/93 (10s)
  [val] done (93 batches, 18s)
  Val L:0.2676 ABS:0.4745 RMSE:1.4582 d1:0.5352
  [train] epoch 21 step 200/737 (80s)
  [train] epoch 21 step 400/737 (161s)
  [train] epoch 21 step 600/737 (241s)
Epoch [21/40] L:2.0218 D:0.1079 296s
  [train] epoch 22 step 200/737 (80s)
  [train] epoch 22 step 400/737 (161s)
  [train] epoch 22 step 600/737 (241s)
Epoch [22/40] L:1.9893 D:0.1019 295s
  [val] starting (93 batches)
  [val] 50/93 (10s)
  [val] done (93 batches, 19s)
  Val L:0.2642 ABS:0.4484 RMSE:1.4510 d1:0.5385
  [train] epoch 23 step 200/737 (80s)
  [train] epoch 23 step 400/737 (161s)
  [train] epoch 23 step 600/737 (241s)
Epoch [23/40] L:1.9589 D:0.0960 296s
  [train] epoch 24 step 200/737 (80s)
  [train] epoch 24 step 400/737 (161s)
  [train] epoch 24 step 600/737 (241s)
Epoch [24/40] L:1.9304 D:0.0908 295s
  [val] starting (93 batches)
  [val] 50/93 (10s)
  [val] done (93 batches, 18s)
  Val L:0.2664 ABS:0.4641 RMSE:1.4507 d1:0.5450
  [train] epoch 25 step 200/737 (81s)
  [train] epoch 25 step 400/737 (161s)
  [train] epoch 25 step 600/737 (241s)
Epoch [25/40] L:1.9032 D:0.0858 295s
  [train] epoch 26 step 200/737 (81s)
  [train] epoch 26 step 400/737 (161s)
  [train] epoch 26 step 600/737 (241s)
Epoch [26/40] L:1.8774 D:0.0813 295s
  [val] starting (93 batches)
  [val] 50/93 (10s)
  [val] done (93 batches, 19s)
  Val L:0.2683 ABS:0.4612 RMSE:1.4581 d1:0.5445
  [train] epoch 27 step 200/737 (80s)
  [train] epoch 27 step 400/737 (161s)
  [train] epoch 27 step 600/737 (241s)
Epoch [27/40] L:1.8524 D:0.0769 295s
  [train] epoch 28 step 200/737 (80s)
  [train] epoch 28 step 400/737 (161s)
  [train] epoch 28 step 600/737 (241s)
Epoch [28/40] L:1.8302 D:0.0731 296s
  [val] starting (93 batches)
  [val] 50/93 (10s)
  [val] done (93 batches, 18s)
  Val L:0.2724 ABS:0.4769 RMSE:1.4766 d1:0.5410
  [train] epoch 29 step 200/737 (80s)
  [train] epoch 29 step 400/737 (161s)
  [train] epoch 29 step 600/737 (241s)
Epoch [29/40] L:1.8098 D:0.0696 296s
  [train] epoch 30 step 200/737 (80s)
  [train] epoch 30 step 400/737 (160s)
  [train] epoch 30 step 600/737 (241s)
Epoch [30/40] L:1.7920 D:0.0666 295s
  [val] starting (93 batches)
  [val] 50/93 (10s)
  [val] done (93 batches, 18s)
  Val L:0.2728 ABS:0.4649 RMSE:1.4770 d1:0.5425
  [train] epoch 31 step 200/737 (80s)
  [train] epoch 31 step 400/737 (161s)
  [train] epoch 31 step 600/737 (241s)
Epoch [31/40] L:1.7756 D:0.0638 296s
  [train] epoch 32 step 200/737 (81s)
  [train] epoch 32 step 400/737 (161s)
  [train] epoch 32 step 600/737 (241s)
Epoch [32/40] L:1.7616 D:0.0615 296s
  [val] starting (93 batches)
  [val] 50/93 (10s)
  [val] done (93 batches, 18s)
  Val L:0.2768 ABS:0.4709 RMSE:1.4906 d1:0.5407
  [train] epoch 33 step 200/737 (80s)
  [train] epoch 33 step 400/737 (161s)
  [train] epoch 33 step 600/737 (241s)
Epoch [33/40] L:1.7492 D:0.0595 295s
  [train] epoch 34 step 200/737 (80s)
  [train] epoch 34 step 400/737 (161s)
  [train] epoch 34 step 600/737 (241s)
Epoch [34/40] L:1.7389 D:0.0578 295s
  [val] starting (93 batches)
  [val] 50/93 (10s)
  [val] done (93 batches, 18s)
  Val L:0.2771 ABS:0.4702 RMSE:1.4904 d1:0.5404
  [train] epoch 35 step 200/737 (81s)
  [train] epoch 35 step 400/737 (161s)
  [train] epoch 35 step 600/737 (241s)
Epoch [35/40] L:1.7316 D:0.0566 296s
  [train] epoch 36 step 200/737 (80s)
  [train] epoch 36 step 400/737 (161s)
  [train] epoch 36 step 600/737 (241s)
Epoch [36/40] L:1.7255 D:0.0556 296s
  [val] starting (93 batches)
  [val] 50/93 (10s)
  [val] done (93 batches, 19s)
  Val L:0.2798 ABS:0.4753 RMSE:1.5017 d1:0.5396
  [train] epoch 37 step 200/737 (81s)
  [train] epoch 37 step 400/737 (161s)
  [train] epoch 37 step 600/737 (241s)
Epoch [37/40] L:1.7211 D:0.0549 296s
  [train] epoch 38 step 200/737 (81s)
  [train] epoch 38 step 400/737 (161s)
  [train] epoch 38 step 600/737 (241s)
Epoch [38/40] L:1.7176 D:0.0543 296s
  [val] starting (93 batches)
  [val] 50/93 (10s)
  [val] done (93 batches, 18s)
  Val L:0.2812 ABS:0.4789 RMSE:1.5055 d1:0.5387
  [train] epoch 39 step 200/737 (81s)
  [train] epoch 39 step 400/737 (161s)
  [train] epoch 39 step 600/737 (241s)
Epoch [39/40] L:1.7165 D:0.0541 295s
  [train] epoch 40 step 200/737 (80s)
  [train] epoch 40 step 400/737 (161s)
  [train] epoch 40 step 600/737 (241s)
Epoch [40/40] L:1.7155 D:0.0539 295s
  [val] starting (93 batches)
  [val] 50/93 (10s)
  [val] done (93 batches, 18s)
  Val L:0.2812 ABS:0.4765 RMSE:1.5052 d1:0.5383

Done. Best score:1.0827@ep8  RMSE:1.3662@ep-1  ABS:0.4210@ep-1  D1:0.5458@ep12
