/opt/conda/lib/python3.11/site-packages/timm/models/layers/__init__.py:49: FutureWarning: Importing from timm.models.layers is deprecated, please import via timm.layers
  warnings.warn(f"Importing from {__name__} is deprecated, please import via timm.layers", FutureWarning)
Warning: You are sending unauthenticated requests to the HF Hub. Please set a HF_TOKEN to enable higher rate limits and faster downloads.
============================================================
Model: echorange  Dataset: soundspaces
BS: 48  LR: 0.0001  Opt: AdamW
============================================================
Loaded scene split from /root/local1/changwoo/matterport3d_0303renew/scene_split.json
  train: 72, val: 9, test: 9
[train] 23560 samples (fast cache: samples_train_erp_c7ed256fbb9b.json) [waveform=ON]
Loaded scene split from /root/local1/changwoo/matterport3d_0303renew/scene_split.json
  train: 72, val: 9, test: 9
[val] 2951 samples (fast cache: samples_val_erp_89df6a83b017.json) [waveform=ON]
Train: 23560, Val: 2951
Loading weights:   0%|          | 0/210 [00:00<?, ?it/s]Loading weights: 100%|██████████| 210/210 [00:00<00:00, 6098.44it/s]
[transformers] [1mWav2Vec2Model LOAD REPORT[0m from: facebook/wav2vec2-base-960h
Key               | Status     | 
------------------+------------+-
lm_head.bias      | UNEXPECTED | 
lm_head.weight    | UNEXPECTED | 
masked_spec_embed | MISSING    | 

Notes:
- UNEXPECTED:	can be ignored when loading from different task/architecture; not ok if you expect identical arch.
- MISSING:	those params were newly initialized because missing from the checkpoint. Consider training on your downstream task.
Model: echorange (132.6M params)
  [train] epoch 1 step 200/491 (180s)
  [train] epoch 1 step 400/491 (357s)
Epoch [1/20] L:3.0904 D:0.4197 438s
  [train] epoch 2 step 200/491 (177s)
  [train] epoch 2 step 400/491 (353s)
Epoch [2/20] L:2.9089 D:0.3550 433s
  [val] starting (62 batches)
  [val] 50/62 (27s)
  [val] done (62 batches, 34s)
  Val L:0.2629 ABS:0.5326 RMSE:1.4342 d1:0.4847
  >> Best score:1.1637 RMSE:1.4342 ABS:0.5326
  >> Best Delta1:0.4847
  [train] epoch 3 step 200/491 (177s)
  [train] epoch 3 step 400/491 (353s)
Epoch [3/20] L:2.8386 D:0.3347 433s
  [train] epoch 4 step 200/491 (177s)
  [train] epoch 4 step 400/491 (354s)
Epoch [4/20] L:2.8014 D:0.3241 434s
  [val] starting (62 batches)
  [val] 50/62 (28s)
  [val] done (62 batches, 34s)
  Val L:0.2373 ABS:0.4336 RMSE:1.3895 d1:0.5065
  >> Best score:1.1027 RMSE:1.3895 ABS:0.4336
  >> Best Delta1:0.5065
  [train] epoch 5 step 200/491 (179s)
  [train] epoch 5 step 400/491 (356s)
Epoch [5/20] L:2.7735 D:0.3159 437s
  [train] epoch 6 step 200/491 (178s)
  [train] epoch 6 step 400/491 (355s)
Epoch [6/20] L:2.7474 D:0.3085 435s
  [val] starting (62 batches)
  [val] 50/62 (27s)
  [val] done (62 batches, 34s)
  Val L:0.2368 ABS:0.4614 RMSE:1.3687 d1:0.5263
  >> Best score:1.0965 RMSE:1.3687 ABS:0.4614
  >> Best Delta1:0.5263
  [train] epoch 7 step 200/491 (176s)
  [train] epoch 7 step 400/491 (352s)
Epoch [7/20] L:2.7224 D:0.3005 433s
  [train] epoch 8 step 200/491 (176s)
  [train] epoch 8 step 400/491 (351s)
Epoch [8/20] L:2.6949 D:0.2915 430s
  [val] starting (62 batches)
  [val] 50/62 (26s)
  [val] done (62 batches, 33s)
  Val L:0.2354 ABS:0.4660 RMSE:1.3590 d1:0.5207
  >> Best score:1.0911 RMSE:1.3590 ABS:0.4660
  [train] epoch 9 step 200/491 (175s)
  [train] epoch 9 step 400/491 (351s)
Epoch [9/20] L:2.6654 D:0.2813 431s
  [train] epoch 10 step 200/491 (176s)
  [train] epoch 10 step 400/491 (351s)
Epoch [10/20] L:2.6349 D:0.2702 431s
  [val] starting (62 batches)
  [val] 50/62 (26s)
  [val] done (62 batches, 32s)
  Val L:0.2306 ABS:0.4192 RMSE:1.3504 d1:0.5345
  >> Best score:1.0710 RMSE:1.3504 ABS:0.4192
  >> Best Delta1:0.5345
  [train] epoch 11 step 200/491 (175s)
  [train] epoch 11 step 400/491 (350s)
Epoch [11/20] L:2.5994 D:0.2577 430s
  [train] epoch 12 step 200/491 (176s)
  [train] epoch 12 step 400/491 (352s)
Epoch [12/20] L:2.5637 D:0.2442 432s
  [val] starting (62 batches)
  [val] 50/62 (28s)
  [val] done (62 batches, 34s)
  Val L:0.2366 ABS:0.3984 RMSE:1.3885 d1:0.5380
  >> Best ABS_REL:0.3984
  >> Best Delta1:0.5380
  [train] epoch 13 step 200/491 (179s)
  [train] epoch 13 step 400/491 (355s)
Epoch [13/20] L:2.5298 D:0.2321 435s
  [train] epoch 14 step 200/491 (176s)
  [train] epoch 14 step 400/491 (352s)
Epoch [14/20] L:2.4948 D:0.2190 431s
  [val] starting (62 batches)
  [val] 50/62 (28s)
  [val] done (62 batches, 34s)
  Val L:0.2401 ABS:0.4466 RMSE:1.3763 d1:0.5373
  [train] epoch 15 step 200/491 (176s)
  [train] epoch 15 step 400/491 (351s)
Epoch [15/20] L:2.4581 D:0.2068 431s
  [train] epoch 16 step 200/491 (177s)
  [train] epoch 16 step 400/491 (353s)
Epoch [16/20] L:2.4285 D:0.1975 433s
  [val] starting (62 batches)
  [val] 50/62 (28s)
  [val] done (62 batches, 34s)
  Val L:0.2411 ABS:0.4519 RMSE:1.3671 d1:0.5379
  [train] epoch 17 step 200/491 (177s)
  [train] epoch 17 step 400/491 (353s)
Epoch [17/20] L:2.3997 D:0.1885 433s
  [train] epoch 18 step 200/491 (177s)
  [train] epoch 18 step 400/491 (353s)
Epoch [18/20] L:2.3723 D:0.1809 433s
  [val] starting (62 batches)
  [val] 50/62 (28s)
  [val] done (62 batches, 34s)
  Val L:0.2453 ABS:0.4539 RMSE:1.3738 d1:0.5477
  >> Best Delta1:0.5477
  [train] epoch 19 step 200/491 (178s)
  [train] epoch 19 step 400/491 (356s)
Epoch [19/20] L:2.3432 D:0.1728 436s
  [train] epoch 20 step 200/491 (178s)
  [train] epoch 20 step 400/491 (356s)
Epoch [20/20] L:2.3180 D:0.1658 437s
  [val] starting (62 batches)
  [val] 50/62 (27s)
  [val] done (62 batches, 33s)
  Val L:0.2489 ABS:0.4460 RMSE:1.3989 d1:0.5389

Done. Best score:1.0710@ep10  RMSE:1.3504@ep-1  ABS:0.3984@ep12  D1:0.5477@ep18
