/opt/conda/lib/python3.11/site-packages/timm/models/layers/__init__.py:49: FutureWarning: Importing from timm.models.layers is deprecated, please import via timm.layers
  warnings.warn(f"Importing from {__name__} is deprecated, please import via timm.layers", FutureWarning)
Warning: You are sending unauthenticated requests to the HF Hub. Please set a HF_TOKEN to enable higher rate limits and faster downloads.
============================================================
Model: echorange  Dataset: soundspaces
BS: 48  LR: 0.0001  Opt: AdamW
============================================================
Loaded scene split from /root/local1/changwoo/matterport3d_0303renew/scene_split.json
  train: 72, val: 9, test: 9
[train] 23560 samples (fast cache: samples_train_erp_c7ed256fbb9b.json) [waveform=ON]
Loaded scene split from /root/local1/changwoo/matterport3d_0303renew/scene_split.json
  train: 72, val: 9, test: 9
[val] 2951 samples (fast cache: samples_val_erp_89df6a83b017.json) [waveform=ON]
Train: 23560, Val: 2951
Loading weights:   0%|          | 0/210 [00:00<?, ?it/s]Loading weights: 100%|██████████| 210/210 [00:00<00:00, 6224.98it/s]
[transformers] [1mWav2Vec2Model LOAD REPORT[0m from: facebook/wav2vec2-base-960h
Key               | Status     | 
------------------+------------+-
lm_head.bias      | UNEXPECTED | 
lm_head.weight    | UNEXPECTED | 
masked_spec_embed | MISSING    | 

Notes:
- UNEXPECTED:	can be ignored when loading from different task/architecture; not ok if you expect identical arch.
- MISSING:	those params were newly initialized because missing from the checkpoint. Consider training on your downstream task.
Model: echorange (132.6M params)
  [train] epoch 1 step 200/491 (177s)
  [train] epoch 1 step 400/491 (352s)
Epoch [1/20] L:3.0858 D:0.4165 431s
  [train] epoch 2 step 200/491 (174s)
  [train] epoch 2 step 400/491 (349s)
Epoch [2/20] L:2.9028 D:0.3532 428s
  [val] starting (62 batches)
  [val] 50/62 (27s)
  [val] done (62 batches, 33s)
  Val L:0.2549 ABS:0.4939 RMSE:1.4301 d1:0.4804
  >> Best score:1.1492 RMSE:1.4301 ABS:0.4939
  >> Best Delta1:0.4804
  [train] epoch 3 step 200/491 (175s)
  [train] epoch 3 step 400/491 (349s)
Epoch [3/20] L:2.8375 D:0.3333 429s
  [train] epoch 4 step 200/491 (175s)
  [train] epoch 4 step 400/491 (349s)
Epoch [4/20] L:2.7965 D:0.3218 429s
  [val] starting (62 batches)
  [val] 50/62 (27s)
  [val] done (62 batches, 33s)
  Val L:0.2393 ABS:0.4332 RMSE:1.3908 d1:0.5071
  >> Best score:1.1035 RMSE:1.3908 ABS:0.4332
  >> Best Delta1:0.5071
  [train] epoch 5 step 200/491 (175s)
  [train] epoch 5 step 400/491 (349s)
Epoch [5/20] L:2.7612 D:0.3121 428s
  [train] epoch 6 step 200/491 (174s)
  [train] epoch 6 step 400/491 (348s)
Epoch [6/20] L:2.7316 D:0.3036 426s
  [val] starting (62 batches)
  [val] 50/62 (27s)
  [val] done (62 batches, 33s)
  Val L:0.2302 ABS:0.4204 RMSE:1.3627 d1:0.5234
  >> Best score:1.0800 RMSE:1.3627 ABS:0.4204
  >> Best Delta1:0.5234
  [train] epoch 7 step 200/491 (175s)
  [train] epoch 7 step 400/491 (349s)
Epoch [7/20] L:2.6984 D:0.2919 428s
  [train] epoch 8 step 200/491 (175s)
  [train] epoch 8 step 400/491 (349s)
Epoch [8/20] L:2.6660 D:0.2806 428s
  [val] starting (62 batches)
  [val] 50/62 (28s)
  [val] done (62 batches, 34s)
  Val L:0.2374 ABS:0.4233 RMSE:1.3834 d1:0.5304
  >> Best Delta1:0.5304
  [train] epoch 9 step 200/491 (174s)
  [train] epoch 9 step 400/491 (347s)
Epoch [9/20] L:2.6275 D:0.2665 426s
  [train] epoch 10 step 200/491 (174s)
  [train] epoch 10 step 400/491 (348s)
Epoch [10/20] L:2.5914 D:0.2536 426s
  [val] starting (62 batches)
  [val] 50/62 (26s)
  [val] done (62 batches, 33s)
  Val L:0.2367 ABS:0.4244 RMSE:1.3647 d1:0.5267
  [train] epoch 11 step 200/491 (175s)
  [train] epoch 11 step 400/491 (349s)
Epoch [11/20] L:2.5532 D:0.2397 428s
  [train] epoch 12 step 200/491 (174s)
  [train] epoch 12 step 400/491 (348s)
Epoch [12/20] L:2.5159 D:0.2265 427s
  [val] starting (62 batches)
  [val] 50/62 (27s)
  [val] done (62 batches, 33s)
  Val L:0.2436 ABS:0.4899 RMSE:1.3755 d1:0.5294
  [train] epoch 13 step 200/491 (174s)
  [train] epoch 13 step 400/491 (348s)
Epoch [13/20] L:2.4766 D:0.2135 428s
  [train] epoch 14 step 200/491 (175s)
  [train] epoch 14 step 400/491 (348s)
Epoch [14/20] L:2.4439 D:0.2026 427s
  [val] starting (62 batches)
  [val] 50/62 (28s)
  [val] done (62 batches, 34s)
  Val L:0.2522 ABS:0.4533 RMSE:1.3967 d1:0.5282
  [train] epoch 15 step 200/491 (175s)
  [train] epoch 15 step 400/491 (348s)
Epoch [15/20] L:2.4133 D:0.1924 427s
  [train] epoch 16 step 200/491 (175s)
  [train] epoch 16 step 400/491 (348s)
Epoch [16/20] L:2.3854 D:0.1847 427s
  [val] starting (62 batches)
  [val] 50/62 (27s)
  [val] done (62 batches, 33s)
  Val L:0.2499 ABS:0.4379 RMSE:1.3904 d1:0.5377
  >> Best Delta1:0.5377
  [train] epoch 17 step 200/491 (175s)
  [train] epoch 17 step 400/491 (349s)
Epoch [17/20] L:2.3552 D:0.1760 428s
  [train] epoch 18 step 200/491 (173s)
  [train] epoch 18 step 400/491 (347s)
Epoch [18/20] L:2.3281 D:0.1693 426s
  [val] starting (62 batches)
  [val] 50/62 (26s)
  [val] done (62 batches, 32s)
  Val L:0.2556 ABS:0.4206 RMSE:1.4126 d1:0.5395
  >> Best Delta1:0.5395
  [train] epoch 19 step 200/491 (174s)
  [train] epoch 19 step 400/491 (347s)
Epoch [19/20] L:2.3046 D:0.1633 427s
  [train] epoch 20 step 200/491 (174s)
  [train] epoch 20 step 400/491 (348s)
Epoch [20/20] L:2.2829 D:0.1580 426s
  [val] starting (62 batches)
  [val] 50/62 (26s)
  [val] done (62 batches, 32s)
  Val L:0.2549 ABS:0.4364 RMSE:1.4126 d1:0.5391

Done. Best score:1.0800@ep6  RMSE:1.3627@ep-1  ABS:0.4204@ep-1  D1:0.5395@ep18
