/opt/conda/lib/python3.11/site-packages/timm/models/layers/__init__.py:49: FutureWarning: Importing from timm.models.layers is deprecated, please import via timm.layers
  warnings.warn(f"Importing from {__name__} is deprecated, please import via timm.layers", FutureWarning)
============================================================
Model: echorange  Dataset: soundspaces
BS: 48  LR: 0.0001  Opt: AdamW
============================================================
Loaded scene split from /root/local1/changwoo/matterport3d_0303renew/scene_split.json
  train: 72, val: 9, test: 9
[train] 23560 samples (fast cache: samples_train_erp_c7ed256fbb9b.json) [waveform=ON]
Loaded scene split from /root/local1/changwoo/matterport3d_0303renew/scene_split.json
  train: 72, val: 9, test: 9
[val] 2951 samples (fast cache: samples_val_erp_89df6a83b017.json) [waveform=ON]
Train: 23560, Val: 2951
Loading weights:   0%|          | 0/210 [00:00<?, ?it/s]Loading weights: 100%|██████████| 210/210 [00:00<00:00, 5724.97it/s]
[transformers] [1mWav2Vec2Model LOAD REPORT[0m from: facebook/wav2vec2-base-960h
Key               | Status     | 
------------------+------------+-
lm_head.bias      | UNEXPECTED | 
lm_head.weight    | UNEXPECTED | 
masked_spec_embed | MISSING    | 

Notes:
- UNEXPECTED:	can be ignored when loading from different task/architecture; not ok if you expect identical arch.
- MISSING:	those params were newly initialized because missing from the checkpoint. Consider training on your downstream task.
Model: echorange (132.6M params)
  [train] epoch 1 step 200/491 (173s)
  [train] epoch 1 step 400/491 (341s)
Epoch [1/20] L:2.9713 D:0.4142 418s
  [train] epoch 2 step 200/491 (170s)
  [train] epoch 2 step 400/491 (339s)
Epoch [2/20] L:2.8033 D:0.3510 416s
  [val] starting (62 batches)
  [val] 50/62 (27s)
  [val] done (62 batches, 33s)
  Val L:0.2619 ABS:0.4548 RMSE:1.4665 d1:0.4951
  >> Best score:1.1630 RMSE:1.4665 ABS:0.4548
  >> Best Delta1:0.4951
  [train] epoch 3 step 200/491 (170s)
  [train] epoch 3 step 400/491 (340s)
Epoch [3/20] L:2.7415 D:0.3318 417s
  [train] epoch 4 step 200/491 (170s)
  [train] epoch 4 step 400/491 (340s)
Epoch [4/20] L:2.7051 D:0.3202 418s
  [val] starting (62 batches)
  [val] 50/62 (27s)
  [val] done (62 batches, 33s)
  Val L:0.2391 ABS:0.4643 RMSE:1.3811 d1:0.5140
  >> Best score:1.1061 RMSE:1.3811 ABS:0.4643
  >> Best Delta1:0.5140
  [train] epoch 5 step 200/491 (170s)
  [train] epoch 5 step 400/491 (340s)
Epoch [5/20] L:2.6747 D:0.3107 417s
  [train] epoch 6 step 200/491 (170s)
  [train] epoch 6 step 400/491 (340s)
Epoch [6/20] L:2.6501 D:0.3024 417s
  [val] starting (62 batches)
  [val] 50/62 (27s)
  [val] done (62 batches, 33s)
  Val L:0.2333 ABS:0.4410 RMSE:1.3636 d1:0.5187
  >> Best score:1.0868 RMSE:1.3636 ABS:0.4410
  >> Best Delta1:0.5187
  [train] epoch 7 step 200/491 (171s)
  [train] epoch 7 step 400/491 (341s)
Epoch [7/20] L:2.6241 D:0.2929 419s
  [train] epoch 8 step 200/491 (170s)
  [train] epoch 8 step 400/491 (340s)
Epoch [8/20] L:2.5966 D:0.2826 417s
  [val] starting (62 batches)
  [val] 50/62 (27s)
  [val] done (62 batches, 34s)
  Val L:0.2366 ABS:0.4544 RMSE:1.3664 d1:0.5303
  >> Best Delta1:0.5303
  [train] epoch 9 step 200/491 (172s)
  [train] epoch 9 step 400/491 (343s)
Epoch [9/20] L:2.5656 D:0.2699 421s
  [train] epoch 10 step 200/491 (171s)
  [train] epoch 10 step 400/491 (341s)
Epoch [10/20] L:2.5313 D:0.2570 419s
  [val] starting (62 batches)
  [val] 50/62 (27s)
  [val] done (62 batches, 34s)
  Val L:0.2339 ABS:0.4521 RMSE:1.3457 d1:0.5460
  >> Best score:1.0776 RMSE:1.3457 ABS:0.4521
  >> Best Delta1:0.5460
  [train] epoch 11 step 200/491 (172s)
  [train] epoch 11 step 400/491 (343s)
Epoch [11/20] L:2.4974 D:0.2430 420s
  [train] epoch 12 step 200/491 (171s)
  [train] epoch 12 step 400/491 (343s)
Epoch [12/20] L:2.4633 D:0.2300 421s
  [val] starting (62 batches)
  [val] 50/62 (27s)
  [val] done (62 batches, 33s)
  Val L:0.2349 ABS:0.4373 RMSE:1.3557 d1:0.5486
  >> Best ABS_REL:0.4373
  >> Best Delta1:0.5486
  [train] epoch 13 step 200/491 (171s)
  [train] epoch 13 step 400/491 (341s)
Epoch [13/20] L:2.4316 D:0.2178 419s
  [train] epoch 14 step 200/491 (171s)
  [train] epoch 14 step 400/491 (342s)
Epoch [14/20] L:2.3967 D:0.2052 420s
  [val] starting (62 batches)
  [val] 50/62 (27s)
  [val] done (62 batches, 34s)
  Val L:0.2504 ABS:0.4225 RMSE:1.3881 d1:0.5379
  >> Best ABS_REL:0.4225
  [train] epoch 15 step 200/491 (171s)
  [train] epoch 15 step 400/491 (344s)
Epoch [15/20] L:2.3652 D:0.1947 421s
  [train] epoch 16 step 200/491 (171s)
  [train] epoch 16 step 400/491 (342s)
Epoch [16/20] L:2.3380 D:0.1860 419s
  [val] starting (62 batches)
  [val] 50/62 (27s)
  [val] done (62 batches, 34s)
  Val L:0.2582 ABS:0.4761 RMSE:1.4067 d1:0.5227
  [train] epoch 17 step 200/491 (171s)
  [train] epoch 17 step 400/491 (341s)
Epoch [17/20] L:2.3074 D:0.1764 418s
  [train] epoch 18 step 200/491 (171s)
  [train] epoch 18 step 400/491 (341s)
Epoch [18/20] L:2.2802 D:0.1688 419s
  [val] starting (62 batches)
  [val] 50/62 (27s)
  [val] done (62 batches, 34s)
  Val L:0.2568 ABS:0.4399 RMSE:1.4158 d1:0.5421
  [train] epoch 19 step 200/491 (173s)
  [train] epoch 19 step 400/491 (344s)
Epoch [19/20] L:2.2571 D:0.1625 422s
  [train] epoch 20 step 200/491 (171s)
  [train] epoch 20 step 400/491 (343s)
Epoch [20/20] L:2.2351 D:0.1568 420s
  [val] starting (62 batches)
  [val] 50/62 (28s)
  [val] done (62 batches, 35s)
  Val L:0.2511 ABS:0.4450 RMSE:1.4007 d1:0.5457

Done. Best score:1.0776@ep10  RMSE:1.3457@ep-1  ABS:0.4225@ep14  D1:0.5486@ep12
