/opt/conda/lib/python3.11/site-packages/timm/models/layers/__init__.py:49: FutureWarning: Importing from timm.models.layers is deprecated, please import via timm.layers
  warnings.warn(f"Importing from {__name__} is deprecated, please import via timm.layers", FutureWarning)
============================================================
Model: echodiffusion  Dataset: soundspaces
BS: 32  LR: 0.0001  Opt: AdamW
============================================================
Loaded scene split from /root/local1/changwoo/matterport3d_0303_renew/scene_split.json
  train: 72, val: 9, test: 9
[train] 23560 samples (fast cache: samples_train_erp_c7ed256fbb9b.json) [waveform=ON]
Loaded scene split from /root/local1/changwoo/matterport3d_0303_renew/scene_split.json
  train: 72, val: 9, test: 9
[val] 2951 samples (fast cache: samples_val_erp_89df6a83b017.json) [waveform=ON]
Train: 23560, Val: 2951
Loading weights:   0%|          | 0/210 [00:00<?, ?it/s]Loading weights: 100%|██████████| 210/210 [00:00<00:00, 4631.81it/s]
[1mWav2Vec2Model LOAD REPORT[0m from: facebook/wav2vec2-base-960h
Key               | Status     | 
------------------+------------+-
lm_head.weight    | UNEXPECTED | 
lm_head.bias      | UNEXPECTED | 
masked_spec_embed | MISSING    | 

Notes:
- UNEXPECTED:	can be ignored when loading from different task/architecture; not ok if you expect identical arch.
- MISSING:	those params were newly initialized because missing from the checkpoint. Consider training on your downstream task.
Model: echodiffusion (132.6M params)
  [LR] cosine schedule enabled  warmup=1ep (737 steps), total=29480 steps
  [train] epoch 1 step 200/737 (77s)
  [train] epoch 1 step 400/737 (152s)
  [train] epoch 1 step 600/737 (227s)
Epoch [1/40] L:1.5663 D:1.5663 279s
  [train] epoch 2 step 200/737 (76s)
  [train] epoch 2 step 400/737 (151s)
  [train] epoch 2 step 600/737 (226s)
Epoch [2/40] L:0.2281 D:0.2281 277s
  [train] epoch 3 step 200/737 (76s)
  [train] epoch 3 step 400/737 (151s)
  [train] epoch 3 step 600/737 (226s)
Epoch [3/40] L:0.2126 D:0.2126 278s
  [train] epoch 4 step 200/737 (76s)
  [train] epoch 4 step 400/737 (151s)
  [train] epoch 4 step 600/737 (226s)
Epoch [4/40] L:0.2059 D:0.2059 278s
  [val] starting (93 batches)
  [val] 50/93 (10s)
  [val] done (93 batches, 18s)
  Val L:0.2666 ABS:0.4240 RMSE:1.4855 d1:0.3774
  >> Best score:1.1671 RMSE:1.4855 ABS:0.4240
  >> Best Delta1:0.3774
  [train] epoch 5 step 200/737 (76s)
  [train] epoch 5 step 400/737 (152s)
  [train] epoch 5 step 600/737 (228s)
Epoch [5/40] L:0.2001 D:0.2001 279s
  [train] epoch 6 step 200/737 (76s)
  [train] epoch 6 step 400/737 (152s)
  [train] epoch 6 step 600/737 (228s)
Epoch [6/40] L:0.1962 D:0.1962 279s
  [train] epoch 7 step 200/737 (76s)
  [train] epoch 7 step 400/737 (152s)
  [train] epoch 7 step 600/737 (228s)
Epoch [7/40] L:0.1905 D:0.1905 279s
  [train] epoch 8 step 200/737 (76s)
  [train] epoch 8 step 400/737 (152s)
  [train] epoch 8 step 600/737 (227s)
Epoch [8/40] L:0.1845 D:0.1845 279s
  [val] starting (93 batches)
  [val] 50/93 (10s)
  [val] done (93 batches, 18s)
  Val L:0.2399 ABS:0.4327 RMSE:1.3851 d1:0.5198
  >> Best score:1.0994 RMSE:1.3851 ABS:0.4327
  >> Best Delta1:0.5198
  [train] epoch 9 step 200/737 (76s)
  [train] epoch 9 step 400/737 (151s)
  [train] epoch 9 step 600/737 (227s)
Epoch [9/40] L:0.1794 D:0.1794 278s
  [train] epoch 10 step 200/737 (76s)
  [train] epoch 10 step 400/737 (151s)
  [train] epoch 10 step 600/737 (226s)
Epoch [10/40] L:0.1721 D:0.1721 278s
  [train] epoch 11 step 200/737 (76s)
  [train] epoch 11 step 400/737 (151s)
  [train] epoch 11 step 600/737 (226s)
Epoch [11/40] L:0.1655 D:0.1655 278s
  [train] epoch 12 step 200/737 (76s)
  [train] epoch 12 step 400/737 (151s)
  [train] epoch 12 step 600/737 (226s)
Epoch [12/40] L:0.1571 D:0.1571 278s
  [val] starting (93 batches)
  [val] 50/93 (10s)
  [val] done (93 batches, 18s)
  Val L:0.2499 ABS:0.4305 RMSE:1.4082 d1:0.5329
  >> Best ABS_REL:0.4305
  >> Best Delta1:0.5329
  [train] epoch 13 step 200/737 (76s)
  [train] epoch 13 step 400/737 (151s)
  [train] epoch 13 step 600/737 (226s)
Epoch [13/40] L:0.1502 D:0.1502 278s
  [train] epoch 14 step 200/737 (76s)
  [train] epoch 14 step 400/737 (151s)
  [train] epoch 14 step 600/737 (227s)
Epoch [14/40] L:0.1429 D:0.1429 278s
  [train] epoch 15 step 200/737 (76s)
  [train] epoch 15 step 400/737 (151s)
  [train] epoch 15 step 600/737 (226s)
Epoch [15/40] L:0.1356 D:0.1356 278s
  [train] epoch 16 step 200/737 (76s)
  [train] epoch 16 step 400/737 (151s)
  [train] epoch 16 step 600/737 (226s)
Epoch [16/40] L:0.1289 D:0.1289 278s
  [val] starting (93 batches)
  [val] 50/93 (10s)
  [val] done (93 batches, 18s)
  Val L:0.2573 ABS:0.4448 RMSE:1.4130 d1:0.5111
  [train] epoch 17 step 200/737 (76s)
  [train] epoch 17 step 400/737 (151s)
  [train] epoch 17 step 600/737 (227s)
Epoch [17/40] L:0.1217 D:0.1217 278s
  [train] epoch 18 step 200/737 (76s)
  [train] epoch 18 step 400/737 (151s)
  [train] epoch 18 step 600/737 (227s)
Epoch [18/40] L:0.1160 D:0.1160 278s
  [train] epoch 19 step 200/737 (76s)
  [train] epoch 19 step 400/737 (151s)
  [train] epoch 19 step 600/737 (227s)
Epoch [19/40] L:0.1099 D:0.1099 278s
  [train] epoch 20 step 200/737 (76s)
  [train] epoch 20 step 400/737 (151s)
  [train] epoch 20 step 600/737 (226s)
Epoch [20/40] L:0.1043 D:0.1043 278s
  [val] starting (93 batches)
  [val] 50/93 (10s)
  [val] done (93 batches, 18s)
  Val L:0.2618 ABS:0.4508 RMSE:1.4275 d1:0.5239
  [train] epoch 21 step 200/737 (76s)
  [train] epoch 21 step 400/737 (152s)
  [train] epoch 21 step 600/737 (227s)
Epoch [21/40] L:0.0993 D:0.0993 279s
  [train] epoch 22 step 200/737 (76s)
  [train] epoch 22 step 400/737 (152s)
  [train] epoch 22 step 600/737 (227s)
Epoch [22/40] L:0.0938 D:0.0938 279s
  [train] epoch 23 step 200/737 (76s)
  [train] epoch 23 step 400/737 (152s)
  [train] epoch 23 step 600/737 (227s)
Epoch [23/40] L:0.0898 D:0.0898 279s
  [train] epoch 24 step 200/737 (76s)
  [train] epoch 24 step 400/737 (152s)
  [train] epoch 24 step 600/737 (227s)
Epoch [24/40] L:0.0852 D:0.0852 279s
  [val] starting (93 batches)
  [val] 50/93 (10s)
  [val] done (93 batches, 18s)
  Val L:0.2580 ABS:0.4432 RMSE:1.4376 d1:0.5349
  >> Best Delta1:0.5349
  [train] epoch 25 step 200/737 (76s)
  [train] epoch 25 step 400/737 (152s)
  [train] epoch 25 step 600/737 (227s)
Epoch [25/40] L:0.0811 D:0.0811 279s
  [train] epoch 26 step 200/737 (76s)
  [train] epoch 26 step 400/737 (151s)
  [train] epoch 26 step 600/737 (226s)
Epoch [26/40] L:0.0773 D:0.0773 277s
  [train] epoch 27 step 200/737 (76s)
  [train] epoch 27 step 400/737 (151s)
  [train] epoch 27 step 600/737 (226s)
Epoch [27/40] L:0.0741 D:0.0741 277s
  [train] epoch 28 step 200/737 (75s)
  [train] epoch 28 step 400/737 (150s)
  [train] epoch 28 step 600/737 (226s)
Epoch [28/40] L:0.0707 D:0.0707 277s
  [val] starting (93 batches)
  [val] 50/93 (10s)
  [val] done (93 batches, 18s)
  Val L:0.2615 ABS:0.4501 RMSE:1.4492 d1:0.5284
  [train] epoch 29 step 200/737 (75s)
  [train] epoch 29 step 400/737 (150s)
  [train] epoch 29 step 600/737 (225s)
Epoch [29/40] L:0.0679 D:0.0679 277s
  [train] epoch 30 step 200/737 (75s)
  [train] epoch 30 step 400/737 (150s)
  [train] epoch 30 step 600/737 (226s)
Epoch [30/40] L:0.0652 D:0.0652 277s
  [train] epoch 31 step 200/737 (75s)
  [train] epoch 31 step 400/737 (150s)
  [train] epoch 31 step 600/737 (225s)
Epoch [31/40] L:0.0627 D:0.0627 277s
  [train] epoch 32 step 200/737 (75s)
  [train] epoch 32 step 400/737 (151s)
  [train] epoch 32 step 600/737 (226s)
Epoch [32/40] L:0.0607 D:0.0607 277s
  [val] starting (93 batches)
  [val] 50/93 (10s)
  [val] done (93 batches, 18s)
  Val L:0.2666 ABS:0.4541 RMSE:1.4799 d1:0.5302
  [train] epoch 33 step 200/737 (75s)
  [train] epoch 33 step 400/737 (151s)
  [train] epoch 33 step 600/737 (226s)
Epoch [33/40] L:0.0590 D:0.0590 277s
  [train] epoch 34 step 200/737 (75s)
  [train] epoch 34 step 400/737 (151s)
  [train] epoch 34 step 600/737 (226s)
Epoch [34/40] L:0.0576 D:0.0576 277s
  [train] epoch 35 step 200/737 (75s)
  [train] epoch 35 step 400/737 (150s)
  [train] epoch 35 step 600/737 (226s)
Epoch [35/40] L:0.0566 D:0.0566 277s
  [train] epoch 36 step 200/737 (75s)
  [train] epoch 36 step 400/737 (151s)
  [train] epoch 36 step 600/737 (226s)
Epoch [36/40] L:0.0557 D:0.0557 277s
  [val] starting (93 batches)
  [val] 50/93 (10s)
  [val] done (93 batches, 18s)
  Val L:0.2698 ABS:0.4545 RMSE:1.4919 d1:0.5285
  [train] epoch 37 step 200/737 (75s)
  [train] epoch 37 step 400/737 (150s)
  [train] epoch 37 step 600/737 (226s)
Epoch [37/40] L:0.0550 D:0.0550 277s
  [train] epoch 38 step 200/737 (75s)
  [train] epoch 38 step 400/737 (151s)
  [train] epoch 38 step 600/737 (226s)
Epoch [38/40] L:0.0547 D:0.0547 277s
  [train] epoch 39 step 200/737 (75s)
  [train] epoch 39 step 400/737 (150s)
  [train] epoch 39 step 600/737 (226s)
Epoch [39/40] L:0.0544 D:0.0544 277s
  [train] epoch 40 step 200/737 (75s)
  [train] epoch 40 step 400/737 (151s)
  [train] epoch 40 step 600/737 (226s)
Epoch [40/40] L:0.0543 D:0.0543 277s
  [val] starting (93 batches)
  [val] 50/93 (10s)
  [val] done (93 batches, 17s)
  Val L:0.2696 ABS:0.4581 RMSE:1.4918 d1:0.5287

Done. Best score:1.0994@ep8  RMSE:1.3851@ep-1  ABS:0.4305@ep12  D1:0.5349@ep24
