/opt/conda/lib/python3.11/site-packages/timm/models/layers/__init__.py:49: FutureWarning: Importing from timm.models.layers is deprecated, please import via timm.layers
  warnings.warn(f"Importing from {__name__} is deprecated, please import via timm.layers", FutureWarning)
============================================================
Model: echorange  Dataset: soundspaces
BS: 48  LR: 0.0001  Opt: AdamW
============================================================
Loaded scene split from /root/local1/changwoo/matterport3d_0303renew/scene_split.json
  train: 72, val: 9, test: 9
[train] 23560 samples (fast cache: samples_train_erp_c7ed256fbb9b.json) [waveform=ON]
Loaded scene split from /root/local1/changwoo/matterport3d_0303renew/scene_split.json
  train: 72, val: 9, test: 9
[val] 2951 samples (fast cache: samples_val_erp_89df6a83b017.json) [waveform=ON]
Train: 23560, Val: 2951
Loading weights:   0%|          | 0/210 [00:00<?, ?it/s]Loading weights: 100%|██████████| 210/210 [00:00<00:00, 6691.16it/s]
[transformers] [1mWav2Vec2Model LOAD REPORT[0m from: facebook/wav2vec2-base-960h
Key               | Status     | 
------------------+------------+-
lm_head.bias      | UNEXPECTED | 
lm_head.weight    | UNEXPECTED | 
masked_spec_embed | MISSING    | 

Notes:
- UNEXPECTED:	can be ignored when loading from different task/architecture; not ok if you expect identical arch.
- MISSING:	those params were newly initialized because missing from the checkpoint. Consider training on your downstream task.
Model: echorange (132.6M params)
  [train] epoch 1 step 200/491 (169s)
  [train] epoch 1 step 400/491 (336s)
Epoch [1/20] L:2.9702 D:0.4099 411s
  [train] epoch 2 step 200/491 (167s)
  [train] epoch 2 step 400/491 (332s)
Epoch [2/20] L:2.8042 D:0.3494 407s
  [val] starting (62 batches)
  [val] 50/62 (26s)
  [val] done (62 batches, 33s)
  Val L:0.2478 ABS:0.4547 RMSE:1.4272 d1:0.4933
  >> Best score:1.1354 RMSE:1.4272 ABS:0.4547
  >> Best Delta1:0.4933
  [train] epoch 3 step 200/491 (165s)
  [train] epoch 3 step 400/491 (330s)
Epoch [3/20] L:2.7452 D:0.3313 405s
  [train] epoch 4 step 200/491 (165s)
  [train] epoch 4 step 400/491 (330s)
Epoch [4/20] L:2.7086 D:0.3207 405s
  [val] starting (62 batches)
  [val] 50/62 (26s)
  [val] done (62 batches, 32s)
  Val L:0.2416 ABS:0.4570 RMSE:1.3844 d1:0.5188
  >> Best score:1.1062 RMSE:1.3844 ABS:0.4570
  >> Best Delta1:0.5188
  [train] epoch 5 step 200/491 (166s)
  [train] epoch 5 step 400/491 (332s)
Epoch [5/20] L:2.6789 D:0.3110 407s
  [train] epoch 6 step 200/491 (167s)
  [train] epoch 6 step 400/491 (332s)
Epoch [6/20] L:2.6537 D:0.3025 407s
  [val] starting (62 batches)
  [val] 50/62 (27s)
  [val] done (62 batches, 33s)
  Val L:0.2308 ABS:0.4379 RMSE:1.3531 d1:0.5284
  >> Best score:1.0785 RMSE:1.3531 ABS:0.4379
  >> Best Delta1:0.5284
  [train] epoch 7 step 200/491 (166s)
  [train] epoch 7 step 400/491 (333s)
Epoch [7/20] L:2.6244 D:0.2922 408s
  [train] epoch 8 step 200/491 (166s)
  [train] epoch 8 step 400/491 (331s)
Epoch [8/20] L:2.5962 D:0.2812 406s
  [val] starting (62 batches)
  [val] 50/62 (28s)
  [val] done (62 batches, 34s)
  Val L:0.2303 ABS:0.4206 RMSE:1.3574 d1:0.5339
  >> Best score:1.0764 RMSE:1.3574 ABS:0.4206
  >> Best Delta1:0.5339
  [train] epoch 9 step 200/491 (167s)
  [train] epoch 9 step 400/491 (332s)
Epoch [9/20] L:2.5637 D:0.2686 407s
  [train] epoch 10 step 200/491 (167s)
  [train] epoch 10 step 400/491 (333s)
Epoch [10/20] L:2.5306 D:0.2557 408s
  [val] starting (62 batches)
  [val] 50/62 (27s)
  [val] done (62 batches, 34s)
  Val L:0.2388 ABS:0.4481 RMSE:1.3790 d1:0.5160
  [train] epoch 11 step 200/491 (166s)
  [train] epoch 11 step 400/491 (332s)
Epoch [11/20] L:2.4901 D:0.2392 407s
  [train] epoch 12 step 200/491 (166s)
  [train] epoch 12 step 400/491 (332s)
Epoch [12/20] L:2.4550 D:0.2256 408s
  [val] starting (62 batches)
  [val] 50/62 (27s)
  [val] done (62 batches, 34s)
  Val L:0.2434 ABS:0.4278 RMSE:1.3876 d1:0.5303
  [train] epoch 13 step 200/491 (166s)
  [train] epoch 13 step 400/491 (331s)
Epoch [13/20] L:2.4157 D:0.2111 407s
  [train] epoch 14 step 200/491 (166s)
  [train] epoch 14 step 400/491 (332s)
Epoch [14/20] L:2.3797 D:0.1980 407s
  [val] starting (62 batches)
  [val] 50/62 (28s)
  [val] done (62 batches, 35s)
  Val L:0.2543 ABS:0.4161 RMSE:1.4094 d1:0.5368
  >> Best ABS_REL:0.4161
  >> Best Delta1:0.5368
  [train] epoch 15 step 200/491 (166s)
  [train] epoch 15 step 400/491 (332s)
Epoch [15/20] L:2.3441 D:0.1867 408s
  [train] epoch 16 step 200/491 (166s)
  [train] epoch 16 step 400/491 (332s)
Epoch [16/20] L:2.3113 D:0.1766 407s
  [val] starting (62 batches)
  [val] 50/62 (27s)
  [val] done (62 batches, 33s)
  Val L:0.2502 ABS:0.4530 RMSE:1.3937 d1:0.5372
  >> Best Delta1:0.5372
  [train] epoch 17 step 200/491 (166s)
  [train] epoch 17 step 400/491 (332s)
Epoch [17/20] L:2.2842 D:0.1688 407s
  [train] epoch 18 step 200/491 (166s)
  [train] epoch 18 step 400/491 (331s)
Epoch [18/20] L:2.2569 D:0.1615 407s
  [val] starting (62 batches)
  [val] 50/62 (27s)
  [val] done (62 batches, 33s)
  Val L:0.2579 ABS:0.4430 RMSE:1.4193 d1:0.5353
  [train] epoch 19 step 200/491 (166s)
  [train] epoch 19 step 400/491 (331s)
Epoch [19/20] L:2.2321 D:0.1548 406s
  [train] epoch 20 step 200/491 (165s)
  [train] epoch 20 step 400/491 (330s)
Epoch [20/20] L:2.2098 D:0.1496 406s
  [val] starting (62 batches)
  [val] 50/62 (27s)
  [val] done (62 batches, 33s)
  Val L:0.2570 ABS:0.4279 RMSE:1.4180 d1:0.5407
  >> Best Delta1:0.5407

Done. Best score:1.0764@ep8  RMSE:1.3574@ep-1  ABS:0.4161@ep14  D1:0.5407@ep20
