/opt/conda/lib/python3.11/site-packages/timm/models/layers/__init__.py:49: FutureWarning: Importing from timm.models.layers is deprecated, please import via timm.layers
  warnings.warn(f"Importing from {__name__} is deprecated, please import via timm.layers", FutureWarning)
============================================================
Model: echorange  Dataset: soundspaces
BS: 48  LR: 0.0001  Opt: AdamW
============================================================
Loaded scene split from /root/local1/changwoo/matterport3d_0303renew/scene_split.json
  train: 72, val: 9, test: 9
[train] 23560 samples (fast cache: samples_train_erp_c7ed256fbb9b.json) [waveform=ON]
Loaded scene split from /root/local1/changwoo/matterport3d_0303renew/scene_split.json
  train: 72, val: 9, test: 9
[val] 2951 samples (fast cache: samples_val_erp_89df6a83b017.json) [waveform=ON]
Train: 23560, Val: 2951
Loading weights:   0%|          | 0/210 [00:00<?, ?it/s]Loading weights: 100%|██████████| 210/210 [00:00<00:00, 6491.73it/s]
[transformers] [1mWav2Vec2Model LOAD REPORT[0m from: facebook/wav2vec2-base-960h
Key               | Status     | 
------------------+------------+-
lm_head.bias      | UNEXPECTED | 
lm_head.weight    | UNEXPECTED | 
masked_spec_embed | MISSING    | 

Notes:
- UNEXPECTED:	can be ignored when loading from different task/architecture; not ok if you expect identical arch.
- MISSING:	those params were newly initialized because missing from the checkpoint. Consider training on your downstream task.
Model: echorange (132.6M params)
  [train] epoch 1 step 200/491 (179s)
  [train] epoch 1 step 400/491 (355s)
Epoch [1/20] L:3.0893 D:0.4193 435s
  [train] epoch 2 step 200/491 (176s)
  [train] epoch 2 step 400/491 (354s)
Epoch [2/20] L:2.9077 D:0.3539 433s
  [val] starting (62 batches)
  [val] 50/62 (27s)
  [val] done (62 batches, 33s)
  Val L:0.2534 ABS:0.4632 RMSE:1.4449 d1:0.4963
  >> Best score:1.1504 RMSE:1.4449 ABS:0.4632
  >> Best Delta1:0.4963
  [train] epoch 3 step 200/491 (177s)
  [train] epoch 3 step 400/491 (354s)
Epoch [3/20] L:2.8476 D:0.3358 434s
  [train] epoch 4 step 200/491 (177s)
  [train] epoch 4 step 400/491 (355s)
Epoch [4/20] L:2.8125 D:0.3260 435s
  [val] starting (62 batches)
  [val] 50/62 (26s)
  [val] done (62 batches, 33s)
  Val L:0.2534 ABS:0.4901 RMSE:1.4154 d1:0.4995
  >> Best score:1.1378 RMSE:1.4154 ABS:0.4901
  >> Best Delta1:0.4995
  [train] epoch 5 step 200/491 (177s)
  [train] epoch 5 step 400/491 (354s)
Epoch [5/20] L:2.7811 D:0.3165 434s
  [train] epoch 6 step 200/491 (177s)
  [train] epoch 6 step 400/491 (354s)
Epoch [6/20] L:2.7527 D:0.3077 434s
  [val] starting (62 batches)
  [val] 50/62 (28s)
  [val] done (62 batches, 34s)
  Val L:0.2364 ABS:0.4208 RMSE:1.3832 d1:0.5263
  >> Best score:1.0945 RMSE:1.3832 ABS:0.4208
  >> Best Delta1:0.5263
  [train] epoch 7 step 200/491 (179s)
  [train] epoch 7 step 400/491 (356s)
Epoch [7/20] L:2.7198 D:0.2963 436s
  [train] epoch 8 step 200/491 (178s)
  [train] epoch 8 step 400/491 (354s)
Epoch [8/20] L:2.6885 D:0.2851 435s
  [val] starting (62 batches)
  [val] 50/62 (27s)
  [val] done (62 batches, 33s)
  Val L:0.2362 ABS:0.4658 RMSE:1.3632 d1:0.5222
  >> Best score:1.0940 RMSE:1.3632 ABS:0.4658
  [train] epoch 9 step 200/491 (176s)
  [train] epoch 9 step 400/491 (353s)
Epoch [9/20] L:2.6486 D:0.2703 433s
  [train] epoch 10 step 200/491 (177s)
  [train] epoch 10 step 400/491 (354s)
Epoch [10/20] L:2.6088 D:0.2553 433s
  [val] starting (62 batches)
  [val] 50/62 (27s)
  [val] done (62 batches, 33s)
  Val L:0.2387 ABS:0.4366 RMSE:1.3778 d1:0.5346
  >> Best ABS_REL:0.4366
  >> Best Delta1:0.5346
  [train] epoch 11 step 200/491 (176s)
  [train] epoch 11 step 400/491 (351s)
Epoch [11/20] L:2.5668 D:0.2391 430s
  [train] epoch 12 step 200/491 (175s)
  [train] epoch 12 step 400/491 (350s)
Epoch [12/20] L:2.5229 D:0.2233 429s
  [val] starting (62 batches)
  [val] 50/62 (27s)
  [val] done (62 batches, 33s)
  Val L:0.2426 ABS:0.4364 RMSE:1.3913 d1:0.5383
  >> Best ABS_REL:0.4364
  >> Best Delta1:0.5383
  [train] epoch 13 step 200/491 (176s)
  [train] epoch 13 step 400/491 (351s)
Epoch [13/20] L:2.4807 D:0.2090 431s
  [train] epoch 14 step 200/491 (175s)
  [train] epoch 14 step 400/491 (350s)
Epoch [14/20] L:2.4443 D:0.1972 430s
  [val] starting (62 batches)
  [val] 50/62 (27s)
  [val] done (62 batches, 33s)
  Val L:0.2489 ABS:0.4457 RMSE:1.4054 d1:0.5283
  [train] epoch 15 step 200/491 (176s)
  [train] epoch 15 step 400/491 (351s)
Epoch [15/20] L:2.4100 D:0.1868 431s
  [train] epoch 16 step 200/491 (175s)
  [train] epoch 16 step 400/491 (350s)
Epoch [16/20] L:2.3746 D:0.1774 429s
  [val] starting (62 batches)
  [val] 50/62 (26s)
  [val] done (62 batches, 32s)
  Val L:0.2487 ABS:0.4866 RMSE:1.3798 d1:0.5440
  >> Best Delta1:0.5440
  [train] epoch 17 step 200/491 (175s)
  [train] epoch 17 step 400/491 (350s)
Epoch [17/20] L:2.3444 D:0.1687 430s
  [train] epoch 18 step 200/491 (176s)
  [train] epoch 18 step 400/491 (350s)
Epoch [18/20] L:2.3160 D:0.1624 430s
  [val] starting (62 batches)
  [val] 50/62 (26s)
  [val] done (62 batches, 32s)
  Val L:0.2548 ABS:0.4780 RMSE:1.4084 d1:0.5373
  [train] epoch 19 step 200/491 (176s)
  [train] epoch 19 step 400/491 (352s)
Epoch [19/20] L:2.2873 D:0.1556 432s
  [train] epoch 20 step 200/491 (176s)
  [train] epoch 20 step 400/491 (351s)
Epoch [20/20] L:2.2576 D:0.1486 430s
  [val] starting (62 batches)
  [val] 50/62 (26s)
  [val] done (62 batches, 32s)
  Val L:0.2536 ABS:0.4440 RMSE:1.4063 d1:0.5407

Done. Best score:1.0940@ep8  RMSE:1.3632@ep-1  ABS:0.4364@ep12  D1:0.5440@ep16
