/opt/conda/lib/python3.11/site-packages/timm/models/layers/__init__.py:49: FutureWarning: Importing from timm.models.layers is deprecated, please import via timm.layers
  warnings.warn(f"Importing from {__name__} is deprecated, please import via timm.layers", FutureWarning)
Warning: You are sending unauthenticated requests to the HF Hub. Please set a HF_TOKEN to enable higher rate limits and faster downloads.
============================================================
Model: echorange  Dataset: soundspaces
BS: 48  LR: 0.0001  Opt: AdamW
============================================================
Loaded scene split from /root/local1/changwoo/matterport3d_0303renew/scene_split.json
  train: 72, val: 9, test: 9
[train] 23560 samples (fast cache: samples_train_erp_c7ed256fbb9b.json) [waveform=ON]
Loaded scene split from /root/local1/changwoo/matterport3d_0303renew/scene_split.json
  train: 72, val: 9, test: 9
[val] 2951 samples (fast cache: samples_val_erp_89df6a83b017.json) [waveform=ON]
Train: 23560, Val: 2951
Loading weights:   0%|          | 0/210 [00:00<?, ?it/s]Loading weights: 100%|██████████| 210/210 [00:00<00:00, 5713.68it/s]
[transformers] [1mWav2Vec2Model LOAD REPORT[0m from: facebook/wav2vec2-base-960h
Key               | Status     | 
------------------+------------+-
lm_head.bias      | UNEXPECTED | 
lm_head.weight    | UNEXPECTED | 
masked_spec_embed | MISSING    | 

Notes:
- UNEXPECTED:	can be ignored when loading from different task/architecture; not ok if you expect identical arch.
- MISSING:	those params were newly initialized because missing from the checkpoint. Consider training on your downstream task.
Model: echorange (132.6M params)
  [train] epoch 1 step 200/491 (168s)
  [train] epoch 1 step 400/491 (332s)
Epoch [1/20] L:2.9714 D:0.4141 407s
  [train] epoch 2 step 200/491 (165s)
  [train] epoch 2 step 400/491 (329s)
Epoch [2/20] L:2.7985 D:0.3458 404s
  [val] starting (62 batches)
  [val] 50/62 (27s)
  [val] done (62 batches, 33s)
  Val L:0.2486 ABS:0.4342 RMSE:1.4351 d1:0.4917
  >> Best score:1.1348 RMSE:1.4351 ABS:0.4342
  >> Best Delta1:0.4917
  [train] epoch 3 step 200/491 (165s)
  [train] epoch 3 step 400/491 (330s)
Epoch [3/20] L:2.7430 D:0.3289 406s
  [train] epoch 4 step 200/491 (166s)
  [train] epoch 4 step 400/491 (332s)
Epoch [4/20] L:2.7049 D:0.3173 407s
  [val] starting (62 batches)
  [val] 50/62 (27s)
  [val] done (62 batches, 33s)
  Val L:0.2371 ABS:0.4462 RMSE:1.3766 d1:0.5245
  >> Best score:1.0975 RMSE:1.3766 ABS:0.4462
  >> Best Delta1:0.5245
  [train] epoch 5 step 200/491 (167s)
  [train] epoch 5 step 400/491 (333s)
Epoch [5/20] L:2.6707 D:0.3054 408s
  [train] epoch 6 step 200/491 (166s)
  [train] epoch 6 step 400/491 (332s)
Epoch [6/20] L:2.6390 D:0.2932 408s
  [val] starting (62 batches)
  [val] 50/62 (27s)
  [val] done (62 batches, 33s)
  Val L:0.2327 ABS:0.4122 RMSE:1.3870 d1:0.5261
  >> Best score:1.0946 RMSE:1.3870 ABS:0.4122
  >> Best Delta1:0.5261
  [train] epoch 7 step 200/491 (166s)
  [train] epoch 7 step 400/491 (332s)
Epoch [7/20] L:2.6038 D:0.2787 407s
  [train] epoch 8 step 200/491 (166s)
  [train] epoch 8 step 400/491 (330s)
Epoch [8/20] L:2.5656 D:0.2627 405s
  [val] starting (62 batches)
  [val] 50/62 (26s)
  [val] done (62 batches, 33s)
  Val L:0.2403 ABS:0.4381 RMSE:1.3819 d1:0.5281
  >> Best RMSE:1.3819
  >> Best Delta1:0.5281
  [train] epoch 9 step 200/491 (166s)
  [train] epoch 9 step 400/491 (331s)
Epoch [9/20] L:2.5255 D:0.2462 405s
  [train] epoch 10 step 200/491 (166s)
  [train] epoch 10 step 400/491 (330s)
Epoch [10/20] L:2.4860 D:0.2301 405s
  [val] starting (62 batches)
  [val] 50/62 (27s)
  [val] done (62 batches, 33s)
  Val L:0.2426 ABS:0.4396 RMSE:1.3930 d1:0.5290
  >> Best Delta1:0.5290
  [train] epoch 11 step 200/491 (165s)
  [train] epoch 11 step 400/491 (330s)
Epoch [11/20] L:2.4467 D:0.2156 406s
  [train] epoch 12 step 200/491 (166s)
  [train] epoch 12 step 400/491 (331s)
Epoch [12/20] L:2.4101 D:0.2023 406s
  [val] starting (62 batches)
  [val] 50/62 (27s)
  [val] done (62 batches, 33s)
  Val L:0.2511 ABS:0.4583 RMSE:1.4017 d1:0.5344
  >> Best Delta1:0.5344
  [train] epoch 13 step 200/491 (166s)
  [train] epoch 13 step 400/491 (331s)
Epoch [13/20] L:2.3778 D:0.1918 406s
  [train] epoch 14 step 200/491 (166s)
  [train] epoch 14 step 400/491 (331s)
Epoch [14/20] L:2.3454 D:0.1817 406s
  [val] starting (62 batches)
  [val] 50/62 (27s)
  [val] done (62 batches, 33s)
  Val L:0.2491 ABS:0.4761 RMSE:1.3881 d1:0.5385
  >> Best Delta1:0.5385
  [train] epoch 15 step 200/491 (166s)
  [train] epoch 15 step 400/491 (331s)
Epoch [15/20] L:2.3160 D:0.1732 405s
  [train] epoch 16 step 200/491 (164s)
  [train] epoch 16 step 400/491 (328s)
Epoch [16/20] L:2.2875 D:0.1656 402s
  [val] starting (62 batches)
  [val] 50/62 (26s)
  [val] done (62 batches, 32s)
  Val L:0.2530 ABS:0.4529 RMSE:1.4049 d1:0.5415
  >> Best Delta1:0.5415
  [train] epoch 17 step 200/491 (164s)
  [train] epoch 17 step 400/491 (329s)
Epoch [17/20] L:2.2597 D:0.1584 404s
  [train] epoch 18 step 200/491 (165s)
  [train] epoch 18 step 400/491 (330s)
Epoch [18/20] L:2.2373 D:0.1526 404s
  [val] starting (62 batches)
  [val] 50/62 (26s)
  [val] done (62 batches, 32s)
  Val L:0.2502 ABS:0.4431 RMSE:1.3993 d1:0.5417
  >> Best Delta1:0.5417
  [train] epoch 19 step 200/491 (164s)
  [train] epoch 19 step 400/491 (328s)
Epoch [19/20] L:2.2135 D:0.1472 403s
  [train] epoch 20 step 200/491 (164s)
  [train] epoch 20 step 400/491 (328s)
Epoch [20/20] L:2.1919 D:0.1424 403s
  [val] starting (62 batches)
  [val] 50/62 (26s)
  [val] done (62 batches, 32s)
  Val L:0.2580 ABS:0.4674 RMSE:1.4289 d1:0.5334

Done. Best score:1.0946@ep6  RMSE:1.3819@ep8  ABS:0.4122@ep-1  D1:0.5417@ep18
