/opt/conda/lib/python3.11/site-packages/timm/models/layers/__init__.py:49: FutureWarning: Importing from timm.models.layers is deprecated, please import via timm.layers
  warnings.warn(f"Importing from {__name__} is deprecated, please import via timm.layers", FutureWarning)
Warning: You are sending unauthenticated requests to the HF Hub. Please set a HF_TOKEN to enable higher rate limits and faster downloads.
============================================================
Model: echorange  Dataset: soundspaces
BS: 48  LR: 0.0001  Opt: AdamW
============================================================
Loaded scene split from /root/local1/changwoo/matterport3d_0303renew/scene_split.json
  train: 72, val: 9, test: 9
[train] 23560 samples (fast cache: samples_train_erp_c7ed256fbb9b.json) [waveform=ON]
Loaded scene split from /root/local1/changwoo/matterport3d_0303renew/scene_split.json
  train: 72, val: 9, test: 9
[val] 2951 samples (fast cache: samples_val_erp_89df6a83b017.json) [waveform=ON]
Train: 23560, Val: 2951
Loading weights:   0%|          | 0/210 [00:00<?, ?it/s]Loading weights: 100%|██████████| 210/210 [00:00<00:00, 6840.50it/s]
[transformers] [1mWav2Vec2Model LOAD REPORT[0m from: facebook/wav2vec2-base-960h
Key               | Status     | 
------------------+------------+-
lm_head.bias      | UNEXPECTED | 
lm_head.weight    | UNEXPECTED | 
masked_spec_embed | MISSING    | 

Notes:
- UNEXPECTED:	can be ignored when loading from different task/architecture; not ok if you expect identical arch.
- MISSING:	those params were newly initialized because missing from the checkpoint. Consider training on your downstream task.
Model: echorange (132.6M params)
  [train] epoch 1 step 200/491 (165s)
  [train] epoch 1 step 400/491 (329s)
Epoch [1/20] L:2.9837 D:0.4188 403s
  [train] epoch 2 step 200/491 (164s)
  [train] epoch 2 step 400/491 (327s)
Epoch [2/20] L:2.8351 D:0.3648 401s
  [val] starting (62 batches)
  [val] 50/62 (27s)
  [val] done (62 batches, 33s)
  Val L:0.2538 ABS:0.4450 RMSE:1.4499 d1:0.4772
  >> Best score:1.1484 RMSE:1.4499 ABS:0.4450
  >> Best Delta1:0.4772
  [train] epoch 3 step 200/491 (165s)
  [train] epoch 3 step 400/491 (330s)
Epoch [3/20] L:2.7502 D:0.3349 405s
  [train] epoch 4 step 200/491 (165s)
  [train] epoch 4 step 400/491 (330s)
Epoch [4/20] L:2.7108 D:0.3216 405s
  [val] starting (62 batches)
  [val] 50/62 (27s)
  [val] done (62 batches, 33s)
  Val L:0.2354 ABS:0.4445 RMSE:1.3795 d1:0.5176
  >> Best score:1.0990 RMSE:1.3795 ABS:0.4445
  >> Best Delta1:0.5176
  [train] epoch 5 step 200/491 (166s)
  [train] epoch 5 step 400/491 (331s)
Epoch [5/20] L:2.6797 D:0.3124 406s
  [train] epoch 6 step 200/491 (166s)
  [train] epoch 6 step 400/491 (331s)
Epoch [6/20] L:2.6520 D:0.3026 406s
  [val] starting (62 batches)
  [val] 50/62 (27s)
  [val] done (62 batches, 33s)
  Val L:0.2353 ABS:0.4015 RMSE:1.3922 d1:0.5162
  >> Best score:1.0950 RMSE:1.3922 ABS:0.4015
  [train] epoch 7 step 200/491 (165s)
  [train] epoch 7 step 400/491 (330s)
Epoch [7/20] L:2.6226 D:0.2921 405s
  [train] epoch 8 step 200/491 (165s)
  [train] epoch 8 step 400/491 (329s)
Epoch [8/20] L:2.5924 D:0.2806 404s
  [val] starting (62 batches)
  [val] 50/62 (27s)
  [val] done (62 batches, 33s)
  Val L:0.2303 ABS:0.4166 RMSE:1.3546 d1:0.5432
  >> Best score:1.0732 RMSE:1.3546 ABS:0.4166
  >> Best Delta1:0.5432
  [train] epoch 9 step 200/491 (165s)
  [train] epoch 9 step 400/491 (329s)
Epoch [9/20] L:2.5583 D:0.2675 404s
  [train] epoch 10 step 200/491 (165s)
  [train] epoch 10 step 400/491 (330s)
Epoch [10/20] L:2.5194 D:0.2517 405s
  [val] starting (62 batches)
  [val] 50/62 (27s)
  [val] done (62 batches, 33s)
  Val L:0.2369 ABS:0.4164 RMSE:1.3737 d1:0.5376
  >> Best ABS_REL:0.4164
  [train] epoch 11 step 200/491 (165s)
  [train] epoch 11 step 400/491 (329s)
Epoch [11/20] L:2.4804 D:0.2358 404s
  [train] epoch 12 step 200/491 (165s)
  [train] epoch 12 step 400/491 (331s)
Epoch [12/20] L:2.4408 D:0.2208 405s
  [val] starting (62 batches)
  [val] 50/62 (27s)
  [val] done (62 batches, 33s)
  Val L:0.2392 ABS:0.4486 RMSE:1.3713 d1:0.5439
  >> Best Delta1:0.5439
  [train] epoch 13 step 200/491 (166s)
  [train] epoch 13 step 400/491 (330s)
Epoch [13/20] L:2.4045 D:0.2070 405s
  [train] epoch 14 step 200/491 (165s)
  [train] epoch 14 step 400/491 (330s)
Epoch [14/20] L:2.3677 D:0.1947 405s
  [val] starting (62 batches)
  [val] 50/62 (27s)
  [val] done (62 batches, 33s)
  Val L:0.2532 ABS:0.4855 RMSE:1.4092 d1:0.5269
  [train] epoch 15 step 200/491 (165s)
  [train] epoch 15 step 400/491 (329s)
Epoch [15/20] L:2.3299 D:0.1822 403s
  [train] epoch 16 step 200/491 (166s)
  [train] epoch 16 step 400/491 (330s)
Epoch [16/20] L:2.3008 D:0.1732 405s
  [val] starting (62 batches)
  [val] 50/62 (27s)
  [val] done (62 batches, 33s)
  Val L:0.2434 ABS:0.4160 RMSE:1.3817 d1:0.5401
  >> Best ABS_REL:0.4160
  [train] epoch 17 step 200/491 (166s)
  [train] epoch 17 step 400/491 (330s)
Epoch [17/20] L:2.2687 D:0.1648 405s
  [train] epoch 18 step 200/491 (165s)
  [train] epoch 18 step 400/491 (329s)
Epoch [18/20] L:2.2393 D:0.1568 404s
  [val] starting (62 batches)
  [val] 50/62 (27s)
  [val] done (62 batches, 33s)
  Val L:0.2504 ABS:0.4190 RMSE:1.4035 d1:0.5471
  >> Best Delta1:0.5471
  [train] epoch 19 step 200/491 (165s)
  [train] epoch 19 step 400/491 (329s)
Epoch [19/20] L:2.2181 D:0.1514 404s
  [train] epoch 20 step 200/491 (165s)
  [train] epoch 20 step 400/491 (330s)
Epoch [20/20] L:2.1928 D:0.1452 405s
  [val] starting (62 batches)
  [val] 50/62 (27s)
  [val] done (62 batches, 33s)
  Val L:0.2618 ABS:0.4678 RMSE:1.4334 d1:0.5346

Done. Best score:1.0732@ep8  RMSE:1.3546@ep-1  ABS:0.4160@ep16  D1:0.5471@ep18
