/opt/conda/lib/python3.11/site-packages/timm/models/layers/__init__.py:49: FutureWarning: Importing from timm.models.layers is deprecated, please import via timm.layers
  warnings.warn(f"Importing from {__name__} is deprecated, please import via timm.layers", FutureWarning)
============================================================
Model: n9_0424  Dataset: soundspaces
BS: 64  LR: 0.0001  Opt: AdamW
============================================================
Loaded scene split from /root/local1/changwoo/matterport3d_0303_renew/scene_split.json
  train: 72, val: 9, test: 9
[train] 23560 samples (fast cache: samples_train_erp_8b3be925d3ae.json) [ambisonic=ON]
  Precomputed SH basis matrix: (131072, 4) (order=1)
Loaded scene split from /root/local1/changwoo/matterport3d_0303_renew/scene_split.json
  train: 72, val: 9, test: 9
[val] 2951 samples (fast cache: samples_val_erp_be0f29dd7abf.json) [ambisonic=ON]
  Precomputed SH basis matrix: (131072, 4) (order=1)
Train: 23560, Val: 2951
Model: n9_0424 (100.0M params)
  [train] epoch 1 step 200/369 (85s)
Epoch [1/40] L:0.3081 D:0.3080 F:0.0028 151s
  [train] epoch 2 step 200/369 (80s)
Epoch [2/40] L:0.2411 D:0.2411 F:0.0001 146s
  [train] epoch 3 step 200/369 (79s)
Epoch [3/40] L:0.2282 D:0.2282 F:0.0001 145s
  [train] epoch 4 step 200/369 (79s)
Epoch [4/40] L:0.2158 D:0.2158 F:0.0001 145s
  [val] starting (47 batches)
  [val] done (47 batches, 15s)
  Val L:0.2656 ABS:0.4837 RMSE:1.4551 d1:0.4792
  >> Best (score:1.1637 RMSE:1.4551 ABS:0.4837)
  [train] epoch 5 step 200/369 (80s)
Epoch [5/40] L:0.2078 D:0.2078 F:0.0001 146s
  [train] epoch 6 step 200/369 (79s)
Epoch [6/40] L:0.2023 D:0.2023 F:0.0001 146s
  [train] epoch 7 step 200/369 (80s)
Epoch [7/40] L:0.1979 D:0.1979 F:0.0001 145s
  [train] epoch 8 step 200/369 (80s)
Epoch [8/40] L:0.1938 D:0.1938 F:0.0001 146s
  [val] starting (47 batches)
  [val] done (47 batches, 16s)
  Val L:0.2457 ABS:0.4173 RMSE:1.4324 d1:0.4985
  >> Best (score:1.1279 RMSE:1.4324 ABS:0.4173)
  [train] epoch 9 step 200/369 (80s)
Epoch [9/40] L:0.1901 D:0.1901 F:0.0001 146s
  [train] epoch 10 step 200/369 (80s)
Epoch [10/40] L:0.1876 D:0.1876 F:0.0000 146s
  [train] epoch 11 step 200/369 (80s)
Epoch [11/40] L:0.1842 D:0.1842 F:0.0000 145s
  [train] epoch 12 step 200/369 (80s)
Epoch [12/40] L:0.1814 D:0.1814 F:0.0000 146s
  [val] starting (47 batches)
  [val] done (47 batches, 15s)
  Val L:0.2370 ABS:0.4224 RMSE:1.4017 d1:0.5086
  >> Best (score:1.1079 RMSE:1.4017 ABS:0.4224)
  [train] epoch 13 step 200/369 (80s)
Epoch [13/40] L:0.1781 D:0.1781 F:0.0000 146s
  [train] epoch 14 step 200/369 (80s)
Epoch [14/40] L:0.1745 D:0.1745 F:0.0000 146s
  [train] epoch 15 step 200/369 (80s)
Epoch [15/40] L:0.1717 D:0.1717 F:0.0000 146s
  [train] epoch 16 step 200/369 (80s)
Epoch [16/40] L:0.1680 D:0.1680 F:0.0000 146s
  [val] starting (47 batches)
  [val] done (47 batches, 16s)
  Val L:0.2397 ABS:0.4191 RMSE:1.3866 d1:0.5226
  >> Best (score:1.0964 RMSE:1.3866 ABS:0.4191)
  [train] epoch 17 step 200/369 (81s)
Epoch [17/40] L:0.1644 D:0.1644 F:0.0000 147s
  [train] epoch 18 step 200/369 (80s)
Epoch [18/40] L:0.1612 D:0.1612 F:0.0000 146s
  [train] epoch 19 step 200/369 (80s)
Epoch [19/40] L:0.1574 D:0.1574 F:0.0000 146s
  [train] epoch 20 step 200/369 (80s)
Epoch [20/40] L:0.1530 D:0.1530 F:0.0000 146s
  [val] starting (47 batches)
  [val] done (47 batches, 15s)
  Val L:0.2392 ABS:0.4193 RMSE:1.3992 d1:0.5183
  [train] epoch 21 step 200/369 (80s)
Epoch [21/40] L:0.1492 D:0.1492 F:0.0000 146s
  [train] epoch 22 step 200/369 (80s)
Epoch [22/40] L:0.1449 D:0.1449 F:0.0000 146s
  [train] epoch 23 step 200/369 (80s)
Epoch [23/40] L:0.1393 D:0.1393 F:0.0000 146s
  [train] epoch 24 step 200/369 (80s)
Epoch [24/40] L:0.1348 D:0.1348 F:0.0000 146s
  [val] starting (47 batches)
  [val] done (47 batches, 16s)
  Val L:0.2623 ABS:0.4590 RMSE:1.4474 d1:0.5197
  [train] epoch 25 step 200/369 (80s)
Epoch [25/40] L:0.1299 D:0.1299 F:0.0000 146s
  [train] epoch 26 step 200/369 (80s)
Epoch [26/40] L:0.1257 D:0.1257 F:0.0000 146s
  [train] epoch 27 step 200/369 (80s)
Epoch [27/40] L:0.1214 D:0.1214 F:0.0000 146s
  [train] epoch 28 step 200/369 (80s)
Epoch [28/40] L:0.1160 D:0.1160 F:0.0000 146s
  [val] starting (47 batches)
  [val] done (47 batches, 15s)
  Val L:0.2604 ABS:0.4499 RMSE:1.4347 d1:0.5253
  [train] epoch 29 step 200/369 (80s)
Epoch [29/40] L:0.1101 D:0.1101 F:0.0000 146s
  [train] epoch 30 step 200/369 (80s)
Epoch [30/40] L:0.1061 D:0.1061 F:0.0000 146s
  [train] epoch 31 step 200/369 (80s)
Epoch [31/40] L:0.1007 D:0.1007 F:0.0000 146s
  [train] epoch 32 step 200/369 (80s)
Epoch [32/40] L:0.0973 D:0.0973 F:0.0000 146s
  [val] starting (47 batches)
  [val] done (47 batches, 16s)
  Val L:0.2676 ABS:0.4250 RMSE:1.4516 d1:0.5269
  [train] epoch 33 step 200/369 (80s)
Epoch [33/40] L:0.0935 D:0.0935 F:0.0000 146s
  [train] epoch 34 step 200/369 (80s)
Epoch [34/40] L:0.0887 D:0.0887 F:0.0000 146s
  [train] epoch 35 step 200/369 (80s)
Epoch [35/40] L:0.0847 D:0.0847 F:0.0000 146s
  [train] epoch 36 step 200/369 (80s)
Epoch [36/40] L:0.0820 D:0.0820 F:0.0000 146s
  [val] starting (47 batches)
  [val] done (47 batches, 15s)
  Val L:0.2748 ABS:0.4152 RMSE:1.4766 d1:0.5311
  [train] epoch 37 step 200/369 (80s)
Epoch [37/40] L:0.0804 D:0.0804 F:0.0000 146s
  [train] epoch 38 step 200/369 (80s)
Epoch [38/40] L:0.0769 D:0.0769 F:0.0000 146s
  [train] epoch 39 step 200/369 (80s)
Epoch [39/40] L:0.0746 D:0.0746 F:0.0000 146s
  [train] epoch 40 step 200/369 (80s)
Epoch [40/40] L:0.0719 D:0.0719 F:0.0000 146s
  [val] starting (47 batches)
  [val] done (47 batches, 15s)
  Val L:0.2652 ABS:0.4478 RMSE:1.4639 d1:0.5349

Done. Best score:1.0964 RMSE:1.3866 ABS:0.4191
