/opt/conda/lib/python3.11/site-packages/timm/models/layers/__init__.py:49: FutureWarning: Importing from timm.models.layers is deprecated, please import via timm.layers
  warnings.warn(f"Importing from {__name__} is deprecated, please import via timm.layers", FutureWarning)
============================================================
Model: n9_0424  Dataset: soundspaces
BS: 64  LR: 0.0003  Opt: AdamW
============================================================
Loaded scene split from /root/local1/changwoo/matterport3d_0303_renew/scene_split.json
  train: 72, val: 9, test: 9
[train] 23560 samples (fast cache: samples_train_erp_8b3be925d3ae.json) [ambisonic=ON]
  Precomputed SH basis matrix: (131072, 4) (order=1)
Loaded scene split from /root/local1/changwoo/matterport3d_0303_renew/scene_split.json
  train: 72, val: 9, test: 9
[val] 2951 samples (fast cache: samples_val_erp_be0f29dd7abf.json) [ambisonic=ON]
  Precomputed SH basis matrix: (131072, 4) (order=1)
Train: 23560, Val: 2951
Model: n9_0424 (100.0M params)
  [train] epoch 1 step 200/369 (85s)
Epoch [1/40] L:0.3159 D:0.3157 F:0.0047 152s
  [train] epoch 2 step 200/369 (80s)
Epoch [2/40] L:0.2365 D:0.2365 F:0.0001 147s
  [train] epoch 3 step 200/369 (80s)
Epoch [3/40] L:0.2244 D:0.2244 F:0.0001 147s
  [train] epoch 4 step 200/369 (81s)
Epoch [4/40] L:0.2191 D:0.2191 F:0.0001 147s
  [val] starting (47 batches)
  [val] done (47 batches, 15s)
  Val L:0.2622 ABS:0.4659 RMSE:1.4700 d1:0.4765
  >> Best (score:1.1688 RMSE:1.4700 ABS:0.4659)
  [train] epoch 5 step 200/369 (81s)
Epoch [5/40] L:0.2168 D:0.2168 F:0.0001 147s
  [train] epoch 6 step 200/369 (81s)
Epoch [6/40] L:0.2123 D:0.2123 F:0.0001 147s
  [train] epoch 7 step 200/369 (81s)
Epoch [7/40] L:0.2088 D:0.2088 F:0.0001 147s
  [train] epoch 8 step 200/369 (81s)
Epoch [8/40] L:0.2056 D:0.2056 F:0.0001 147s
  [val] starting (47 batches)
  [val] done (47 batches, 16s)
  Val L:0.2562 ABS:0.4265 RMSE:1.4620 d1:0.4886
  >> Best (score:1.1513 RMSE:1.4620 ABS:0.4265)
  [train] epoch 9 step 200/369 (80s)
Epoch [9/40] L:0.2021 D:0.2021 F:0.0001 147s
  [train] epoch 10 step 200/369 (81s)
Epoch [10/40] L:0.1997 D:0.1997 F:0.0002 148s
  [train] epoch 11 step 200/369 (80s)
Epoch [11/40] L:0.1966 D:0.1966 F:0.0001 147s
  [train] epoch 12 step 200/369 (81s)
Epoch [12/40] L:0.1950 D:0.1950 F:0.0001 147s
  [val] starting (47 batches)
  [val] done (47 batches, 15s)
  Val L:0.2417 ABS:0.4444 RMSE:1.3933 d1:0.5085
  >> Best (score:1.1086 RMSE:1.3933 ABS:0.4444)
  [train] epoch 13 step 200/369 (81s)
Epoch [13/40] L:0.1925 D:0.1925 F:0.0000 147s
  [train] epoch 14 step 200/369 (81s)
Epoch [14/40] L:0.1907 D:0.1907 F:0.0001 148s
  [train] epoch 15 step 200/369 (81s)
Epoch [15/40] L:0.1896 D:0.1896 F:0.0002 147s
  [train] epoch 16 step 200/369 (81s)
Epoch [16/40] L:0.1874 D:0.1874 F:0.0001 148s
  [val] starting (47 batches)
  [val] done (47 batches, 16s)
  Val L:0.2456 ABS:0.3875 RMSE:1.4500 d1:0.4983
  [train] epoch 17 step 200/369 (81s)
Epoch [17/40] L:0.1851 D:0.1851 F:0.0002 148s
  [train] epoch 18 step 200/369 (81s)
Epoch [18/40] L:0.1849 D:0.1849 F:0.0001 147s
  [train] epoch 19 step 200/369 (81s)
Epoch [19/40] L:0.1813 D:0.1813 F:0.0001 148s
  [train] epoch 20 step 200/369 (81s)
Epoch [20/40] L:0.1788 D:0.1788 F:0.0001 148s
  [val] starting (47 batches)
  [val] done (47 batches, 15s)
  Val L:0.2358 ABS:0.4543 RMSE:1.3517 d1:0.5297
  >> Best (score:1.0825 RMSE:1.3517 ABS:0.4543)
  [train] epoch 21 step 200/369 (81s)
Epoch [21/40] L:0.1774 D:0.1774 F:0.0001 147s
  [train] epoch 22 step 200/369 (81s)
Epoch [22/40] L:0.1766 D:0.1766 F:0.0000 147s
  [train] epoch 23 step 200/369 (81s)
Epoch [23/40] L:0.1740 D:0.1740 F:0.0000 148s
  [train] epoch 24 step 200/369 (81s)
Epoch [24/40] L:0.1716 D:0.1716 F:0.0000 148s
  [val] starting (47 batches)
  [val] done (47 batches, 16s)
  Val L:0.2357 ABS:0.4788 RMSE:1.3552 d1:0.5242
  [train] epoch 25 step 200/369 (81s)
Epoch [25/40] L:0.1695 D:0.1695 F:0.0000 147s
  [train] epoch 26 step 200/369 (80s)
Epoch [26/40] L:0.1665 D:0.1665 F:0.0000 147s
  [train] epoch 27 step 200/369 (81s)
Epoch [27/40] L:0.1656 D:0.1656 F:0.0000 148s
  [train] epoch 28 step 200/369 (81s)
Epoch [28/40] L:0.1625 D:0.1625 F:0.0000 148s
  [val] starting (47 batches)
  [val] done (47 batches, 16s)
  Val L:0.2442 ABS:0.4064 RMSE:1.4050 d1:0.5222
  [train] epoch 29 step 200/369 (81s)
Epoch [29/40] L:0.1593 D:0.1593 F:0.0000 148s
  [train] epoch 30 step 200/369 (81s)
Epoch [30/40] L:0.1569 D:0.1569 F:0.0000 148s
  [train] epoch 31 step 200/369 (81s)
Epoch [31/40] L:0.1534 D:0.1534 F:0.0000 148s
  [train] epoch 32 step 200/369 (81s)
Epoch [32/40] L:0.1506 D:0.1506 F:0.0000 148s
  [val] starting (47 batches)
  [val] done (47 batches, 15s)
  Val L:0.2455 ABS:0.4253 RMSE:1.3988 d1:0.5246
  [train] epoch 33 step 200/369 (81s)
Epoch [33/40] L:0.1481 D:0.1481 F:0.0000 148s
  [train] epoch 34 step 200/369 (81s)
Epoch [34/40] L:0.1451 D:0.1451 F:0.0000 148s
  [train] epoch 35 step 200/369 (81s)
Epoch [35/40] L:0.1409 D:0.1409 F:0.0000 148s
  [train] epoch 36 step 200/369 (81s)
Epoch [36/40] L:0.1383 D:0.1383 F:0.0000 148s
  [val] starting (47 batches)
  [val] done (47 batches, 15s)
  Val L:0.2665 ABS:0.3904 RMSE:1.4592 d1:0.5099
  [train] epoch 37 step 200/369 (81s)
Epoch [37/40] L:0.1343 D:0.1343 F:0.0000 148s
  [train] epoch 38 step 200/369 (81s)
Epoch [38/40] L:0.1313 D:0.1313 F:0.0000 148s
  [train] epoch 39 step 200/369 (81s)
Epoch [39/40] L:0.1279 D:0.1279 F:0.0000 148s
  [train] epoch 40 step 200/369 (81s)
Epoch [40/40] L:0.1260 D:0.1260 F:0.0000 148s
  [val] starting (47 batches)
  [val] done (47 batches, 15s)
  Val L:0.2495 ABS:0.4311 RMSE:1.4106 d1:0.5271

Done. Best score:1.0825 RMSE:1.3517 ABS:0.4543
