/opt/conda/lib/python3.11/site-packages/timm/models/layers/__init__.py:49: FutureWarning: Importing from timm.models.layers is deprecated, please import via timm.layers
  warnings.warn(f"Importing from {__name__} is deprecated, please import via timm.layers", FutureWarning)
============================================================
Model: renew_dpt_only  Dataset: soundspaces
BS: 32  LR: 0.0001  Opt: AdamW
============================================================
Loaded scene split from /root/storage/matterport3d_0303renew/scene_split.json
  train: 72, val: 9, test: 9
[train] 23560 samples (fast cache: samples_train_erp_8b3be925d3ae.json) [ambisonic=ON]
  Precomputed SH basis matrix: (131072, 4) (order=1)
Loaded scene split from /root/storage/matterport3d_0303renew/scene_split.json
  train: 72, val: 9, test: 9
[val] 2951 samples (fast cache: samples_val_erp_be0f29dd7abf.json) [ambisonic=ON]
  Precomputed SH basis matrix: (131072, 4) (order=1)
Train: 23560, Val: 2951
Model: renew_dpt_only (183.8M params)
  [LR] cosine schedule enabled  warmup=1ep (737 steps), total=29480 steps
Epoch [1/40] L:0.4334 D:0.3488 F:0.0605 632s
Epoch [2/40] L:0.2848 D:0.2117 F:0.0377 674s
  Val L:0.2601 ABS:0.4712 RMSE:1.3327 d1:0.4809
  >> Best (score:1.0743 RMSE:1.3327 ABS:0.4712)
Epoch [3/40] L:0.2684 D:0.1973 F:0.0328 464s
Epoch [4/40] L:0.2587 D:0.1888 F:0.0298 550s
  Val L:0.2415 ABS:0.4192 RMSE:1.2933 d1:0.5009
  >> Best (score:1.0311 RMSE:1.2933 ABS:0.4192)
Epoch [5/40] L:0.2511 D:0.1823 F:0.0276 601s
Epoch [6/40] L:0.2456 D:0.1775 F:0.0261 493s
  Val L:0.2405 ABS:0.3842 RMSE:1.3041 d1:0.4783
  >> Best (score:1.0282 RMSE:1.3041 ABS:0.3842)
Epoch [7/40] L:0.2402 D:0.1725 F:0.0251 503s
Epoch [8/40] L:0.2346 D:0.1674 F:0.0241 736s
  Val L:0.2320 ABS:0.3801 RMSE:1.2805 d1:0.5155
  >> Best (score:1.0104 RMSE:1.2805 ABS:0.3801)
Epoch [9/40] L:0.2286 D:0.1618 F:0.0232 942s
Epoch [10/40] L:0.2228 D:0.1563 F:0.0226 738s
  Val L:0.2395 ABS:0.3825 RMSE:1.2511 d1:0.5221
  >> Best (score:0.9905 RMSE:1.2511 ABS:0.3825)
Epoch [11/40] L:0.2159 D:0.1496 F:0.0222 869s
Epoch [12/40] L:0.2089 D:0.1429 F:0.0214 970s
  Val L:0.2291 ABS:0.4002 RMSE:1.2278 d1:0.5345
  >> Best (score:0.9795 RMSE:1.2278 ABS:0.4002)
Epoch [13/40] L:0.2003 D:0.1346 F:0.0208 968s
Epoch [14/40] L:0.1923 D:0.1268 F:0.0203 1230s
  Val L:0.2441 ABS:0.3797 RMSE:1.2797 d1:0.5184
Epoch [15/40] L:0.1841 D:0.1189 F:0.0194 734s
Epoch [16/40] L:0.1756 D:0.1107 F:0.0189 743s
  Val L:0.2384 ABS:0.4126 RMSE:1.2472 d1:0.5342
Epoch [17/40] L:0.1683 D:0.1036 F:0.0183 504s
Epoch [18/40] L:0.1609 D:0.0964 F:0.0176 554s
  Val L:0.2431 ABS:0.4061 RMSE:1.2699 d1:0.5254
Epoch [19/40] L:0.1540 D:0.0899 F:0.0169 492s
Epoch [20/40] L:0.1483 D:0.0843 F:0.0164 571s
  Val L:0.2386 ABS:0.4190 RMSE:1.2617 d1:0.5402
Epoch [21/40] L:0.1427 D:0.0789 F:0.0157 513s
Epoch [22/40] L:0.1376 D:0.0741 F:0.0150 695s
  Val L:0.2472 ABS:0.4157 RMSE:1.2829 d1:0.5458
Epoch [23/40] L:0.1332 D:0.0699 F:0.0143 599s
Epoch [24/40] L:0.1293 D:0.0662 F:0.0136 556s
  Val L:0.2476 ABS:0.4144 RMSE:1.2930 d1:0.5433
Epoch [25/40] L:0.1255 D:0.0627 F:0.0129 680s
Epoch [26/40] L:0.1222 D:0.0596 F:0.0122 617s
  Val L:0.2499 ABS:0.4218 RMSE:1.3060 d1:0.5431
Epoch [27/40] L:0.1190 D:0.0567 F:0.0116 503s
Epoch [28/40] L:0.1161 D:0.0541 F:0.0108 612s
  Val L:0.2529 ABS:0.4346 RMSE:1.3174 d1:0.5404
Epoch [29/40] L:0.1135 D:0.0517 F:0.0102 732s
Epoch [30/40] L:0.1112 D:0.0496 F:0.0095 623s
  Val L:0.2588 ABS:0.4348 RMSE:1.3307 d1:0.5389
Epoch [31/40] L:0.1091 D:0.0477 F:0.0089 574s
Epoch [32/40] L:0.1073 D:0.0460 F:0.0084 541s
  Val L:0.2591 ABS:0.4311 RMSE:1.3374 d1:0.5393
Epoch [33/40] L:0.1057 D:0.0446 F:0.0078 623s
Epoch [34/40] L:0.1044 D:0.0435 F:0.0074 809s
  Val L:0.2612 ABS:0.4371 RMSE:1.3443 d1:0.5393
Epoch [35/40] L:0.1034 D:0.0426 F:0.0070 630s
Epoch [36/40] L:0.1026 D:0.0419 F:0.0066 478s
  Val L:0.2630 ABS:0.4390 RMSE:1.3516 d1:0.5370
Epoch [37/40] L:0.1020 D:0.0414 F:0.0064 563s
Epoch [38/40] L:0.1016 D:0.0411 F:0.0062 564s
  Val L:0.2638 ABS:0.4401 RMSE:1.3550 d1:0.5372
Epoch [39/40] L:0.1014 D:0.0409 F:0.0060 620s
Epoch [40/40] L:0.1013 D:0.0408 F:0.0059 782s
  Val L:0.2642 ABS:0.4409 RMSE:1.3557 d1:0.5370

Done. Best score:0.9795 RMSE:1.2278 ABS:0.4002
