/opt/conda/lib/python3.11/site-packages/timm/models/layers/__init__.py:49: FutureWarning: Importing from timm.models.layers is deprecated, please import via timm.layers
  warnings.warn(f"Importing from {__name__} is deprecated, please import via timm.layers", FutureWarning)
============================================================
Model: n9_0424  Dataset: soundspaces
BS: 64  LR: 5e-05  Opt: AdamW
============================================================
Loaded scene split from /root/local1/changwoo/matterport3d_0303_renew/scene_split.json
  train: 72, val: 9, test: 9
[train] 23560 samples (fast cache: samples_train_erp_8b3be925d3ae.json) [ambisonic=ON]
  Precomputed SH basis matrix: (131072, 4) (order=1)
Loaded scene split from /root/local1/changwoo/matterport3d_0303_renew/scene_split.json
  train: 72, val: 9, test: 9
[val] 2951 samples (fast cache: samples_val_erp_be0f29dd7abf.json) [ambisonic=ON]
  Precomputed SH basis matrix: (131072, 4) (order=1)
Train: 23560, Val: 2951
Model: n9_0424 (100.0M params)
  [train] epoch 1 step 200/369 (86s)
Epoch [1/40] L:0.3078 D:0.3077 F:0.0021 153s
  [train] epoch 2 step 200/369 (81s)
Epoch [2/40] L:0.2276 D:0.2276 F:0.0002 148s
  [train] epoch 3 step 200/369 (81s)
Epoch [3/40] L:0.2125 D:0.2125 F:0.0002 148s
  [train] epoch 4 step 200/369 (81s)
Epoch [4/40] L:0.2051 D:0.2051 F:0.0002 148s
  [val] starting (47 batches)
  [val] done (47 batches, 16s)
  Val L:0.2411 ABS:0.4264 RMSE:1.4286 d1:0.4999
  >> Best (score:1.1279 RMSE:1.4286 ABS:0.4264)
  [train] epoch 5 step 200/369 (81s)
Epoch [5/40] L:0.1980 D:0.1979 F:0.0003 148s
  [train] epoch 6 step 200/369 (81s)
Epoch [6/40] L:0.1921 D:0.1921 F:0.0003 148s
  [train] epoch 7 step 200/369 (81s)
Epoch [7/40] L:0.1887 D:0.1887 F:0.0002 148s
  [train] epoch 8 step 200/369 (81s)
Epoch [8/40] L:0.1841 D:0.1841 F:0.0002 148s
  [val] starting (47 batches)
  [val] done (47 batches, 16s)
  Val L:0.2396 ABS:0.3815 RMSE:1.4399 d1:0.5059
  >> Best (score:1.1224 RMSE:1.4399 ABS:0.3815)
  [train] epoch 9 step 200/369 (82s)
Epoch [9/40] L:0.1797 D:0.1797 F:0.0002 149s
  [train] epoch 10 step 200/369 (81s)
Epoch [10/40] L:0.1762 D:0.1762 F:0.0002 148s
  [train] epoch 11 step 200/369 (81s)
Epoch [11/40] L:0.1717 D:0.1717 F:0.0001 148s
  [train] epoch 12 step 200/369 (81s)
Epoch [12/40] L:0.1669 D:0.1669 F:0.0001 148s
  [val] starting (47 batches)
  [val] done (47 batches, 15s)
  Val L:0.2300 ABS:0.4433 RMSE:1.3552 d1:0.5264
  >> Best (score:1.0816 RMSE:1.3552 ABS:0.4433)
  [train] epoch 13 step 200/369 (81s)
Epoch [13/40] L:0.1620 D:0.1620 F:0.0001 148s
  [train] epoch 14 step 200/369 (81s)
Epoch [14/40] L:0.1568 D:0.1568 F:0.0001 148s
  [train] epoch 15 step 200/369 (81s)
Epoch [15/40] L:0.1515 D:0.1515 F:0.0001 148s
  [train] epoch 16 step 200/369 (81s)
Epoch [16/40] L:0.1458 D:0.1458 F:0.0001 148s
  [val] starting (47 batches)
  [val] done (47 batches, 15s)
  Val L:0.2383 ABS:0.3875 RMSE:1.3834 d1:0.5379
  [train] epoch 17 step 200/369 (81s)
Epoch [17/40] L:0.1401 D:0.1401 F:0.0002 148s
  [train] epoch 18 step 200/369 (81s)
Epoch [18/40] L:0.1342 D:0.1342 F:0.0001 148s
  [train] epoch 19 step 200/369 (81s)
Epoch [19/40] L:0.1290 D:0.1290 F:0.0001 148s
  [train] epoch 20 step 200/369 (81s)
Epoch [20/40] L:0.1238 D:0.1238 F:0.0001 149s
  [val] starting (47 batches)
  [val] done (47 batches, 16s)
  Val L:0.2434 ABS:0.4083 RMSE:1.4043 d1:0.5315
  [train] epoch 21 step 200/369 (81s)
Epoch [21/40] L:0.1188 D:0.1188 F:0.0001 148s
  [train] epoch 22 step 200/369 (81s)
Epoch [22/40] L:0.1125 D:0.1125 F:0.0001 148s
  [train] epoch 23 step 200/369 (81s)
Epoch [23/40] L:0.1076 D:0.1076 F:0.0001 148s
  [train] epoch 24 step 200/369 (81s)
Epoch [24/40] L:0.1034 D:0.1034 F:0.0001 148s
  [val] starting (47 batches)
  [val] done (47 batches, 16s)
  Val L:0.2624 ABS:0.4226 RMSE:1.4450 d1:0.5273
  [train] epoch 25 step 200/369 (81s)
Epoch [25/40] L:0.0987 D:0.0987 F:0.0001 148s
  [train] epoch 26 step 200/369 (82s)
Epoch [26/40] L:0.0947 D:0.0947 F:0.0001 149s
  [train] epoch 27 step 200/369 (81s)
Epoch [27/40] L:0.0909 D:0.0909 F:0.0001 149s
  [train] epoch 28 step 200/369 (81s)
Epoch [28/40] L:0.0873 D:0.0873 F:0.0001 149s
  [val] starting (47 batches)
  [val] done (47 batches, 16s)
  Val L:0.2573 ABS:0.4146 RMSE:1.4355 d1:0.5346
  [train] epoch 29 step 200/369 (82s)
Epoch [29/40] L:0.0842 D:0.0842 F:0.0001 149s
  [train] epoch 30 step 200/369 (81s)
Epoch [30/40] L:0.0820 D:0.0820 F:0.0001 148s
  [train] epoch 31 step 200/369 (81s)
Epoch [31/40] L:0.0784 D:0.0784 F:0.0001 149s
  [train] epoch 32 step 200/369 (81s)
Epoch [32/40] L:0.0757 D:0.0757 F:0.0001 148s
  [val] starting (47 batches)
  [val] done (47 batches, 16s)
  Val L:0.2601 ABS:0.4503 RMSE:1.4533 d1:0.5308
  [train] epoch 33 step 200/369 (81s)
Epoch [33/40] L:0.0733 D:0.0733 F:0.0000 149s
  [train] epoch 34 step 200/369 (81s)
Epoch [34/40] L:0.0712 D:0.0712 F:0.0000 149s
  [train] epoch 35 step 200/369 (81s)
Epoch [35/40] L:0.0695 D:0.0695 F:0.0000 148s
  [train] epoch 36 step 200/369 (81s)
Epoch [36/40] L:0.0677 D:0.0677 F:0.0000 148s
  [val] starting (47 batches)
  [val] done (47 batches, 15s)
  Val L:0.2700 ABS:0.4485 RMSE:1.4767 d1:0.5316
  [train] epoch 37 step 200/369 (81s)
Epoch [37/40] L:0.0662 D:0.0662 F:0.0000 149s
  [train] epoch 38 step 200/369 (81s)
Epoch [38/40] L:0.0639 D:0.0639 F:0.0000 148s
  [train] epoch 39 step 200/369 (81s)
Epoch [39/40] L:0.0618 D:0.0618 F:0.0000 149s
  [train] epoch 40 step 200/369 (82s)
Epoch [40/40] L:0.0606 D:0.0606 F:0.0000 149s
  [val] starting (47 batches)
  [val] done (47 batches, 16s)
  Val L:0.2696 ABS:0.4681 RMSE:1.4922 d1:0.5376

Done. Best score:1.0816 RMSE:1.3552 ABS:0.4433
