/opt/conda/lib/python3.11/site-packages/timm/models/layers/__init__.py:49: FutureWarning: Importing from timm.models.layers is deprecated, please import via timm.layers
  warnings.warn(f"Importing from {__name__} is deprecated, please import via timm.layers", FutureWarning)
============================================================
Model: renew_single  Dataset: soundspaces
BS: 16  LR: 0.0001  Opt: AdamW
============================================================
Loaded scene split from /root/storage/matterport3d_0303renew/scene_split.json
  train: 72, val: 9, test: 9
[train] 23560 samples (fast cache: samples_train_erp_8b3be925d3ae.json) [ambisonic=ON]
  Precomputed SH basis matrix: (131072, 4) (order=1)
Loaded scene split from /root/storage/matterport3d_0303renew/scene_split.json
  train: 72, val: 9, test: 9
[val] 2951 samples (fast cache: samples_val_erp_be0f29dd7abf.json) [ambisonic=ON]
  Precomputed SH basis matrix: (131072, 4) (order=1)
Train: 23560, Val: 2951
Model: renew_single (183.8M params)
Epoch [1/40] L:0.3374 D:0.2476 F:0.2909 3787s
Epoch [2/40] L:0.3058 D:0.2208 F:0.2825 1830s
Epoch [3/40] L:0.2964 D:0.2118 F:0.2805 1313s
Epoch [4/40] L:0.2838 D:0.1997 F:0.2789 811s
  Val L:0.2720 ABS:0.4217 RMSE:1.3496 d1:0.4791
  >> Best (score:1.0712 RMSE:1.3496 ABS:0.4217)
Epoch [5/40] L:0.2751 D:0.1915 F:0.2772 692s
Epoch [6/40] L:0.2674 D:0.1868 F:0.3121 564s
Epoch [7/40] L:0.2614 D:0.1825 F:0.3253 541s
Epoch [8/40] L:0.2578 D:0.1792 F:0.3254 557s
  Val L:0.2588 ABS:0.4509 RMSE:1.2543 d1:0.5067
  >> Best (score:1.0133 RMSE:1.2543 ABS:0.4509)
Epoch [9/40] L:0.2547 D:0.1762 F:0.3258 604s
Epoch [10/40] L:0.2520 D:0.1736 F:0.3260 598s
Epoch [11/40] L:0.2492 D:0.1709 F:0.3261 569s
Epoch [12/40] L:0.2464 D:0.1682 F:0.3263 590s
  Val L:0.2524 ABS:0.4048 RMSE:1.2383 d1:0.5199
  >> Best (score:0.9883 RMSE:1.2383 ABS:0.4048)
Epoch [13/40] L:0.2435 D:0.1653 F:0.3262 630s
Epoch [14/40] L:0.2409 D:0.1628 F:0.3264 577s
Epoch [15/40] L:0.2375 D:0.1594 F:0.3264 574s
Epoch [16/40] L:0.2346 D:0.1566 F:0.3264 550s
  Val L:0.2589 ABS:0.4245 RMSE:1.2497 d1:0.5248
Epoch [17/40] L:0.2316 D:0.1536 F:0.3265 602s
Epoch [18/40] L:0.2282 D:0.1502 F:0.3267 573s
Epoch [19/40] L:0.2253 D:0.1474 F:0.3266 538s
Epoch [20/40] L:0.2219 D:0.1439 F:0.3267 546s
  Val L:0.2687 ABS:0.4010 RMSE:1.2685 d1:0.5221
Epoch [21/40] L:0.2190 D:0.1411 F:0.3269 573s
Epoch [22/40] L:0.2154 D:0.1376 F:0.3268 588s
Epoch [23/40] L:0.2115 D:0.1336 F:0.3270 561s
Epoch [24/40] L:0.2085 D:0.1307 F:0.3270 546s
  Val L:0.2637 ABS:0.4196 RMSE:1.2707 d1:0.5362
Epoch [25/40] L:0.2049 D:0.1271 F:0.3271 586s
Epoch [26/40] L:0.2016 D:0.1238 F:0.3272 622s
Epoch [27/40] L:0.1981 D:0.1204 F:0.3272 737s
Epoch [28/40] L:0.1949 D:0.1172 F:0.3273 555s
  Val L:0.2715 ABS:0.4180 RMSE:1.2671 d1:0.5313
Epoch [29/40] L:0.1915 D:0.1138 F:0.3275 675s
Epoch [30/40] L:0.1883 D:0.1106 F:0.3275 565s
Epoch [31/40] L:0.1848 D:0.1073 F:0.3275 670s
Epoch [32/40] L:0.1821 D:0.1045 F:0.3277 675s
  Val L:0.2712 ABS:0.4399 RMSE:1.2703 d1:0.5376
Epoch [33/40] L:0.1788 D:0.1012 F:0.3278 565s
Epoch [34/40] L:0.1753 D:0.0978 F:0.3280 555s
Epoch [35/40] L:0.1725 D:0.0950 F:0.3281 561s
Epoch [36/40] L:0.1699 D:0.0925 F:0.3282 546s
  Val L:0.2813 ABS:0.4348 RMSE:1.2988 d1:0.5330
Epoch [37/40] L:0.1670 D:0.0896 F:0.3283 546s
Epoch [38/40] L:0.1638 D:0.0864 F:0.3283 549s
Epoch [39/40] L:0.1610 D:0.0836 F:0.3286 534s
Epoch [40/40] L:0.1589 D:0.0816 F:0.3285 546s
  Val L:0.2828 ABS:0.4460 RMSE:1.3075 d1:0.5350

Done. Best score:0.9883 RMSE:1.2383 ABS:0.4048
