/opt/conda/lib/python3.11/site-packages/timm/models/layers/__init__.py:49: FutureWarning: Importing from timm.models.layers is deprecated, please import via timm.layers
  warnings.warn(f"Importing from {__name__} is deprecated, please import via timm.layers", FutureWarning)
============================================================
Model: n9_0424  Dataset: soundspaces
BS: 64  LR: 5e-05  Opt: AdamW
============================================================
Loaded scene split from /root/local1/changwoo/matterport3d_0303_renew/scene_split.json
  train: 72, val: 9, test: 9
[train] 23560 samples (fast cache: samples_train_erp_8b3be925d3ae.json) [ambisonic=ON]
  Precomputed SH basis matrix: (131072, 4) (order=1)
Loaded scene split from /root/local1/changwoo/matterport3d_0303_renew/scene_split.json
  train: 72, val: 9, test: 9
[val] 2951 samples (fast cache: samples_val_erp_be0f29dd7abf.json) [ambisonic=ON]
  Precomputed SH basis matrix: (131072, 4) (order=1)
Train: 23560, Val: 2951
Model: n9_0424 (100.0M params)
  [train] epoch 1 step 200/369 (85s)
Epoch [1/40] L:0.2980 D:0.2980 F:0.0888 151s
  [train] epoch 2 step 200/369 (80s)
Epoch [2/40] L:0.2250 D:0.2250 F:0.0820 146s
  [train] epoch 3 step 200/369 (80s)
Epoch [3/40] L:0.2122 D:0.2122 F:0.0793 146s
  [train] epoch 4 step 200/369 (80s)
Epoch [4/40] L:0.2044 D:0.2044 F:0.0788 146s
  [val] starting (47 batches)
  [val] done (47 batches, 15s)
  Val L:0.2403 ABS:0.4441 RMSE:1.4008 d1:0.4897
  >> Best (score:1.1138 RMSE:1.4008 ABS:0.4441)
  [train] epoch 5 step 200/369 (80s)
Epoch [5/40] L:0.1973 D:0.1973 F:0.0785 146s
  [train] epoch 6 step 200/369 (80s)
Epoch [6/40] L:0.1927 D:0.1927 F:0.0775 146s
  [train] epoch 7 step 200/369 (80s)
Epoch [7/40] L:0.1887 D:0.1887 F:0.0753 146s
  [train] epoch 8 step 200/369 (80s)
Epoch [8/40] L:0.1848 D:0.1848 F:0.0746 146s
  [val] starting (47 batches)
  [val] done (47 batches, 15s)
  Val L:0.2289 ABS:0.4050 RMSE:1.3754 d1:0.5160
  >> Best (score:1.0843 RMSE:1.3754 ABS:0.4050)
  [train] epoch 9 step 200/369 (80s)
Epoch [9/40] L:0.1804 D:0.1804 F:0.0736 146s
  [train] epoch 10 step 200/369 (80s)
Epoch [10/40] L:0.1771 D:0.1771 F:0.0712 146s
  [train] epoch 11 step 200/369 (80s)
Epoch [11/40] L:0.1731 D:0.1731 F:0.0699 146s
  [train] epoch 12 step 200/369 (80s)
Epoch [12/40] L:0.1692 D:0.1692 F:0.0705 146s
  [val] starting (47 batches)
  [val] done (47 batches, 15s)
  Val L:0.2524 ABS:0.3710 RMSE:1.4523 d1:0.4844
  [train] epoch 13 step 200/369 (80s)
Epoch [13/40] L:0.1648 D:0.1648 F:0.0692 146s
  [train] epoch 14 step 200/369 (80s)
Epoch [14/40] L:0.1595 D:0.1595 F:0.0697 146s
  [train] epoch 15 step 200/369 (80s)
Epoch [15/40] L:0.1548 D:0.1548 F:0.0678 146s
  [train] epoch 16 step 200/369 (80s)
Epoch [16/40] L:0.1503 D:0.1503 F:0.0673 146s
  [val] starting (47 batches)
  [val] done (47 batches, 17s)
  Val L:0.2315 ABS:0.4125 RMSE:1.3695 d1:0.5336
  >> Best (score:1.0824 RMSE:1.3695 ABS:0.4125)
  [train] epoch 17 step 200/369 (80s)
Epoch [17/40] L:0.1451 D:0.1451 F:0.0685 146s
  [train] epoch 18 step 200/369 (80s)
Epoch [18/40] L:0.1385 D:0.1385 F:0.0672 146s
  [train] epoch 19 step 200/369 (80s)
Epoch [19/40] L:0.1334 D:0.1334 F:0.0649 146s
  [train] epoch 20 step 200/369 (80s)
Epoch [20/40] L:0.1276 D:0.1276 F:0.0678 146s
  [val] starting (47 batches)
  [val] done (47 batches, 16s)
  Val L:0.2447 ABS:0.4322 RMSE:1.3889 d1:0.5305
  [train] epoch 21 step 200/369 (80s)
Epoch [21/40] L:0.1224 D:0.1224 F:0.0654 146s
  [train] epoch 22 step 200/369 (80s)
Epoch [22/40] L:0.1173 D:0.1173 F:0.0670 146s
  [train] epoch 23 step 200/369 (80s)
Epoch [23/40] L:0.1122 D:0.1122 F:0.0644 146s
  [train] epoch 24 step 200/369 (80s)
Epoch [24/40] L:0.1070 D:0.1070 F:0.0638 146s
  [val] starting (47 batches)
  [val] done (47 batches, 16s)
  Val L:0.2543 ABS:0.4149 RMSE:1.4079 d1:0.5302
  [train] epoch 25 step 200/369 (80s)
Epoch [25/40] L:0.1017 D:0.1017 F:0.0647 147s
  [train] epoch 26 step 200/369 (80s)
Epoch [26/40] L:0.0974 D:0.0974 F:0.0650 146s
  [train] epoch 27 step 200/369 (80s)
Epoch [27/40] L:0.0930 D:0.0930 F:0.0653 146s
  [train] epoch 28 step 200/369 (80s)
Epoch [28/40] L:0.0892 D:0.0892 F:0.0649 146s
  [val] starting (47 batches)
  [val] done (47 batches, 15s)
  Val L:0.2537 ABS:0.4384 RMSE:1.4319 d1:0.5288
  [train] epoch 29 step 200/369 (80s)
Epoch [29/40] L:0.0865 D:0.0865 F:0.0642 146s
  [train] epoch 30 step 200/369 (80s)
Epoch [30/40] L:0.0830 D:0.0830 F:0.0629 146s
  [train] epoch 31 step 200/369 (80s)
Epoch [31/40] L:0.0792 D:0.0792 F:0.0662 146s
  [train] epoch 32 step 200/369 (80s)
Epoch [32/40] L:0.0769 D:0.0769 F:0.0646 146s
  [val] starting (47 batches)
  [val] done (47 batches, 15s)
  Val L:0.2585 ABS:0.4153 RMSE:1.4424 d1:0.5316
  [train] epoch 33 step 200/369 (80s)
Epoch [33/40] L:0.0744 D:0.0744 F:0.0655 146s
  [train] epoch 34 step 200/369 (80s)
Epoch [34/40] L:0.0717 D:0.0717 F:0.0652 146s
  [train] epoch 35 step 200/369 (80s)
Epoch [35/40] L:0.0693 D:0.0693 F:0.0677 146s
  [train] epoch 36 step 200/369 (80s)
Epoch [36/40] L:0.0668 D:0.0668 F:0.0666 146s
  [val] starting (47 batches)
  [val] done (47 batches, 15s)
  Val L:0.2579 ABS:0.4502 RMSE:1.4423 d1:0.5377
  [train] epoch 37 step 200/369 (80s)
Epoch [37/40] L:0.0654 D:0.0654 F:0.0653 147s
  [train] epoch 38 step 200/369 (80s)
Epoch [38/40] L:0.0641 D:0.0641 F:0.0656 146s
  [train] epoch 39 step 200/369 (80s)
Epoch [39/40] L:0.0617 D:0.0617 F:0.0686 146s
  [train] epoch 40 step 200/369 (80s)
Epoch [40/40] L:0.0598 D:0.0598 F:0.0654 146s
  [val] starting (47 batches)
  [val] done (47 batches, 15s)
  Val L:0.2624 ABS:0.4313 RMSE:1.4614 d1:0.5365

Done. Best score:1.0824 RMSE:1.3695 ABS:0.4125
