/opt/conda/lib/python3.11/site-packages/timm/models/layers/__init__.py:49: FutureWarning: Importing from timm.models.layers is deprecated, please import via timm.layers
  warnings.warn(f"Importing from {__name__} is deprecated, please import via timm.layers", FutureWarning)
============================================================
Model: n9_0424  Dataset: soundspaces
BS: 32  LR: 0.0001  Opt: AdamW
============================================================
Loaded scene split from /root/local1/changwoo/matterport3d_0303_renew/scene_split.json
  train: 72, val: 9, test: 9
[train] 23560 samples (fast cache: samples_train_erp_8b3be925d3ae.json) [ambisonic=ON]
  Precomputed SH basis matrix: (131072, 4) (order=1)
Loaded scene split from /root/local1/changwoo/matterport3d_0303_renew/scene_split.json
  train: 72, val: 9, test: 9
[val] 2951 samples (fast cache: samples_val_erp_be0f29dd7abf.json) [ambisonic=ON]
  Precomputed SH basis matrix: (131072, 4) (order=1)
Train: 23560, Val: 2951
Model: n9_0424 (100.0M params)
  [train] epoch 1 step 200/737 (58s)
  [train] epoch 1 step 400/737 (111s)
  [train] epoch 1 step 600/737 (164s)
Epoch [1/40] L:0.2620 D:0.2620 F:0.0011 200s
  [train] epoch 2 step 200/737 (54s)
  [train] epoch 2 step 400/737 (107s)
  [train] epoch 2 step 600/737 (160s)
Epoch [2/40] L:0.2268 D:0.2268 F:0.0002 196s
  [train] epoch 3 step 200/737 (54s)
  [train] epoch 3 step 400/737 (107s)
  [train] epoch 3 step 600/737 (160s)
Epoch [3/40] L:0.2108 D:0.2108 F:0.0003 196s
  [train] epoch 4 step 200/737 (54s)
  [train] epoch 4 step 400/737 (107s)
  [train] epoch 4 step 600/737 (161s)
Epoch [4/40] L:0.2020 D:0.2020 F:0.0003 197s
  [val] starting (93 batches)
  [val] 50/93 (11s)
  [val] done (93 batches, 19s)
  Val L:0.2493 ABS:0.4222 RMSE:1.4524 d1:0.4933
  >> Best (score:1.1434 RMSE:1.4524 ABS:0.4222)
  [train] epoch 5 step 200/737 (54s)
  [train] epoch 5 step 400/737 (107s)
  [train] epoch 5 step 600/737 (160s)
Epoch [5/40] L:0.1968 D:0.1968 F:0.0001 197s
  [train] epoch 6 step 200/737 (54s)
  [train] epoch 6 step 400/737 (107s)
  [train] epoch 6 step 600/737 (160s)
Epoch [6/40] L:0.1921 D:0.1921 F:0.0001 196s
  [train] epoch 7 step 200/737 (54s)
  [train] epoch 7 step 400/737 (107s)
  [train] epoch 7 step 600/737 (161s)
Epoch [7/40] L:0.1885 D:0.1885 F:0.0001 197s
  [train] epoch 8 step 200/737 (54s)
  [train] epoch 8 step 400/737 (107s)
  [train] epoch 8 step 600/737 (160s)
Epoch [8/40] L:0.1854 D:0.1854 F:0.0001 197s
  [val] starting (93 batches)
  [val] 50/93 (10s)
  [val] done (93 batches, 18s)
  Val L:0.2339 ABS:0.3992 RMSE:1.3907 d1:0.5143
  >> Best (score:1.0933 RMSE:1.3907 ABS:0.3992)
  [train] epoch 9 step 200/737 (54s)
  [train] epoch 9 step 400/737 (107s)
  [train] epoch 9 step 600/737 (160s)
Epoch [9/40] L:0.1826 D:0.1826 F:0.0001 197s
  [train] epoch 10 step 200/737 (54s)
  [train] epoch 10 step 400/737 (108s)
  [train] epoch 10 step 600/737 (161s)
Epoch [10/40] L:0.1789 D:0.1789 F:0.0001 197s
  [train] epoch 11 step 200/737 (54s)
  [train] epoch 11 step 400/737 (107s)
  [train] epoch 11 step 600/737 (160s)
Epoch [11/40] L:0.1756 D:0.1756 F:0.0001 197s
  [train] epoch 12 step 200/737 (54s)
  [train] epoch 12 step 400/737 (107s)
  [train] epoch 12 step 600/737 (161s)
Epoch [12/40] L:0.1728 D:0.1728 F:0.0001 197s
  [val] starting (93 batches)
  [val] 50/93 (10s)
  [val] done (93 batches, 18s)
  Val L:0.2444 ABS:0.3658 RMSE:1.4291 d1:0.5185
  [train] epoch 13 step 200/737 (54s)
  [train] epoch 13 step 400/737 (107s)
  [train] epoch 13 step 600/737 (160s)
Epoch [13/40] L:0.1692 D:0.1692 F:0.0001 197s
  [train] epoch 14 step 200/737 (54s)
  [train] epoch 14 step 400/737 (108s)
  [train] epoch 14 step 600/737 (161s)
Epoch [14/40] L:0.1658 D:0.1658 F:0.0001 197s
  [train] epoch 15 step 200/737 (54s)
  [train] epoch 15 step 400/737 (107s)
  [train] epoch 15 step 600/737 (161s)
Epoch [15/40] L:0.1619 D:0.1619 F:0.0001 197s
  [train] epoch 16 step 200/737 (54s)
  [train] epoch 16 step 400/737 (108s)
  [train] epoch 16 step 600/737 (161s)
Epoch [16/40] L:0.1579 D:0.1579 F:0.0001 197s
  [val] starting (93 batches)
  [val] 50/93 (10s)
  [val] done (93 batches, 18s)
  Val L:0.2375 ABS:0.4420 RMSE:1.3775 d1:0.5182
  [train] epoch 17 step 200/737 (54s)
  [train] epoch 17 step 400/737 (108s)
  [train] epoch 17 step 600/737 (161s)
Epoch [17/40] L:0.1545 D:0.1545 F:0.0001 197s
  [train] epoch 18 step 200/737 (54s)
  [train] epoch 18 step 400/737 (107s)
  [train] epoch 18 step 600/737 (161s)
Epoch [18/40] L:0.1500 D:0.1500 F:0.0001 197s
  [train] epoch 19 step 200/737 (54s)
  [train] epoch 19 step 400/737 (107s)
  [train] epoch 19 step 600/737 (161s)
Epoch [19/40] L:0.1453 D:0.1453 F:0.0001 197s
  [train] epoch 20 step 200/737 (54s)
  [train] epoch 20 step 400/737 (107s)
  [train] epoch 20 step 600/737 (161s)
Epoch [20/40] L:0.1415 D:0.1415 F:0.0001 197s
  [val] starting (93 batches)
  [val] 50/93 (11s)
  [val] done (93 batches, 19s)
  Val L:0.2427 ABS:0.3929 RMSE:1.3919 d1:0.5354
  >> Best (score:1.0922 RMSE:1.3919 ABS:0.3929)
  [train] epoch 21 step 200/737 (54s)
  [train] epoch 21 step 400/737 (107s)
  [train] epoch 21 step 600/737 (161s)
Epoch [21/40] L:0.1372 D:0.1372 F:0.0000 197s
  [train] epoch 22 step 200/737 (54s)
  [train] epoch 22 step 400/737 (107s)
  [train] epoch 22 step 600/737 (160s)
Epoch [22/40] L:0.1324 D:0.1324 F:0.0001 197s
  [train] epoch 23 step 200/737 (54s)
  [train] epoch 23 step 400/737 (107s)
  [train] epoch 23 step 600/737 (161s)
Epoch [23/40] L:0.1281 D:0.1281 F:0.0000 197s
  [train] epoch 24 step 200/737 (54s)
  [train] epoch 24 step 400/737 (108s)
  [train] epoch 24 step 600/737 (161s)
Epoch [24/40] L:0.1242 D:0.1242 F:0.0000 198s
  [val] starting (93 batches)
  [val] 50/93 (10s)
  [val] done (93 batches, 18s)
  Val L:0.2458 ABS:0.4378 RMSE:1.3886 d1:0.5376
  [train] epoch 25 step 200/737 (54s)
  [train] epoch 25 step 400/737 (108s)
  [train] epoch 25 step 600/737 (161s)
Epoch [25/40] L:0.1187 D:0.1187 F:0.0000 198s
  [train] epoch 26 step 200/737 (54s)
  [train] epoch 26 step 400/737 (108s)
  [train] epoch 26 step 600/737 (161s)
Epoch [26/40] L:0.1151 D:0.1151 F:0.0000 198s
  [train] epoch 27 step 200/737 (54s)
  [train] epoch 27 step 400/737 (108s)
  [train] epoch 27 step 600/737 (160s)
Epoch [27/40] L:0.1110 D:0.1110 F:0.0000 197s
  [train] epoch 28 step 200/737 (54s)
  [train] epoch 28 step 400/737 (107s)
  [train] epoch 28 step 600/737 (161s)
Epoch [28/40] L:0.1066 D:0.1066 F:0.0000 197s
  [val] starting (93 batches)
  [val] 50/93 (10s)
  [val] done (93 batches, 19s)
  Val L:0.2532 ABS:0.4306 RMSE:1.4044 d1:0.5437
  [train] epoch 29 step 200/737 (54s)
  [train] epoch 29 step 400/737 (108s)
  [train] epoch 29 step 600/737 (161s)
Epoch [29/40] L:0.1026 D:0.1026 F:0.0000 198s
  [train] epoch 30 step 200/737 (54s)
  [train] epoch 30 step 400/737 (107s)
  [train] epoch 30 step 600/737 (160s)
Epoch [30/40] L:0.0995 D:0.0995 F:0.0000 197s
  [train] epoch 31 step 200/737 (54s)
  [train] epoch 31 step 400/737 (107s)
  [train] epoch 31 step 600/737 (161s)
Epoch [31/40] L:0.0963 D:0.0963 F:0.0000 197s
  [train] epoch 32 step 200/737 (55s)
  [train] epoch 32 step 400/737 (108s)
  [train] epoch 32 step 600/737 (161s)
Epoch [32/40] L:0.0933 D:0.0933 F:0.0000 198s
  [val] starting (93 batches)
  [val] 50/93 (11s)
  [val] done (93 batches, 19s)
  Val L:0.2585 ABS:0.4295 RMSE:1.4378 d1:0.5437
  [train] epoch 33 step 200/737 (54s)
  [train] epoch 33 step 400/737 (107s)
  [train] epoch 33 step 600/737 (161s)
Epoch [33/40] L:0.0885 D:0.0885 F:0.0000 197s
  [train] epoch 34 step 200/737 (54s)
  [train] epoch 34 step 400/737 (107s)
  [train] epoch 34 step 600/737 (160s)
Epoch [34/40] L:0.0857 D:0.0857 F:0.0000 197s
  [train] epoch 35 step 200/737 (54s)
  [train] epoch 35 step 400/737 (107s)
  [train] epoch 35 step 600/737 (160s)
Epoch [35/40] L:0.0835 D:0.0835 F:0.0000 196s
  [train] epoch 36 step 200/737 (54s)
  [train] epoch 36 step 400/737 (107s)
  [train] epoch 36 step 600/737 (160s)
Epoch [36/40] L:0.0812 D:0.0812 F:0.0000 197s
  [val] starting (93 batches)
  [val] 50/93 (10s)
  [val] done (93 batches, 18s)
  Val L:0.2620 ABS:0.4308 RMSE:1.4479 d1:0.5420
  [train] epoch 37 step 200/737 (54s)
  [train] epoch 37 step 400/737 (108s)
  [train] epoch 37 step 600/737 (162s)
Epoch [37/40] L:0.0782 D:0.0782 F:0.0000 198s
  [train] epoch 38 step 200/737 (54s)
  [train] epoch 38 step 400/737 (108s)
  [train] epoch 38 step 600/737 (162s)
Epoch [38/40] L:0.0762 D:0.0762 F:0.0000 198s
  [train] epoch 39 step 200/737 (55s)
  [train] epoch 39 step 400/737 (108s)
  [train] epoch 39 step 600/737 (162s)
Epoch [39/40] L:0.0735 D:0.0735 F:0.0000 198s
  [train] epoch 40 step 200/737 (54s)
  [train] epoch 40 step 400/737 (108s)
  [train] epoch 40 step 600/737 (161s)
Epoch [40/40] L:0.0718 D:0.0718 F:0.0000 198s
  [val] starting (93 batches)
  [val] 50/93 (10s)
  [val] done (93 batches, 18s)
  Val L:0.2622 ABS:0.4194 RMSE:1.4489 d1:0.5424

Done. Best score:1.0922 RMSE:1.3919 ABS:0.3929
