/opt/conda/lib/python3.11/site-packages/timm/models/layers/__init__.py:49: FutureWarning: Importing from timm.models.layers is deprecated, please import via timm.layers
  warnings.warn(f"Importing from {__name__} is deprecated, please import via timm.layers", FutureWarning)
============================================================
Model: n4_0425  Dataset: soundspaces
BS: 64  LR: 0.0001  Opt: AdamW
============================================================
Loaded scene split from /root/local1/changwoo/matterport3d_0303renew/scene_split.json
  train: 72, val: 9, test: 9
[train] 23560 samples (fast cache: samples_train_erp_8b3be925d3ae.json) [ambisonic=ON]
  Precomputed SH basis matrix: (131072, 4) (order=1)
Loaded scene split from /root/local1/changwoo/matterport3d_0303renew/scene_split.json
  train: 72, val: 9, test: 9
[val] 2951 samples (fast cache: samples_val_erp_be0f29dd7abf.json) [ambisonic=ON]
  Precomputed SH basis matrix: (131072, 4) (order=1)
Train: 23560, Val: 2951
Model: n4_0425 (73.9M params)
  [train] epoch 1 step 200/369 (289s)
Epoch [1/40] L:0.2799 D:0.2799 F:0.0000 546s
  [train] epoch 2 step 200/369 (325s)
Epoch [2/40] L:0.2161 D:0.2161 F:0.0000 588s
  [train] epoch 3 step 200/369 (311s)
Epoch [3/40] L:0.2072 D:0.2072 F:0.0000 540s
  [train] epoch 4 step 200/369 (306s)
Epoch [4/40] L:0.2020 D:0.2020 F:0.0000 547s
  [val] starting (47 batches)
  [val] done (47 batches, 56s)
  Val L:0.2444 ABS:0.4451 RMSE:1.4121 d1:0.4918
  >> Best (score:1.1220 RMSE:1.4121 ABS:0.4451)
  [train] epoch 5 step 200/369 (301s)
Epoch [5/40] L:0.1973 D:0.1973 F:0.0000 555s
  [train] epoch 6 step 200/369 (290s)
Epoch [6/40] L:0.1930 D:0.1930 F:0.0000 560s
  [train] epoch 7 step 200/369 (327s)
Epoch [7/40] L:0.1889 D:0.1889 F:0.0000 563s
  [train] epoch 8 step 200/369 (306s)
Epoch [8/40] L:0.1847 D:0.1847 F:0.0000 559s
  [val] starting (47 batches)
  [val] done (47 batches, 47s)
  Val L:0.2286 ABS:0.4099 RMSE:1.3687 d1:0.5164
  >> Best (score:1.0810 RMSE:1.3687 ABS:0.4099)
  [train] epoch 9 step 200/369 (323s)
Epoch [9/40] L:0.1813 D:0.1813 F:0.0000 565s
  [train] epoch 10 step 200/369 (280s)
Epoch [10/40] L:0.1765 D:0.1765 F:0.0000 541s
  [train] epoch 11 step 200/369 (305s)
Epoch [11/40] L:0.1726 D:0.1726 F:0.0000 569s
  [train] epoch 12 step 200/369 (306s)
Epoch [12/40] L:0.1680 D:0.1680 F:0.0000 560s
  [val] starting (47 batches)
  [val] done (47 batches, 55s)
  Val L:0.2267 ABS:0.4035 RMSE:1.3629 d1:0.5325
  >> Best (score:1.0751 RMSE:1.3629 ABS:0.4035)
  [train] epoch 13 step 200/369 (267s)
Epoch [13/40] L:0.1626 D:0.1626 F:0.0000 518s
  [train] epoch 14 step 200/369 (292s)
Epoch [14/40] L:0.1577 D:0.1577 F:0.0000 551s
  [train] epoch 15 step 200/369 (309s)
Epoch [15/40] L:0.1524 D:0.1524 F:0.0000 561s
  [train] epoch 16 step 200/369 (323s)
Epoch [16/40] L:0.1456 D:0.1456 F:0.0000 577s
  [val] starting (47 batches)
  [val] done (47 batches, 56s)
  Val L:0.2350 ABS:0.4379 RMSE:1.3527 d1:0.5303
  [train] epoch 17 step 200/369 (324s)
Epoch [17/40] L:0.1401 D:0.1401 F:0.0000 562s
  [train] epoch 18 step 200/369 (281s)
Epoch [18/40] L:0.1347 D:0.1347 F:0.0000 549s
  [train] epoch 19 step 200/369 (336s)
Epoch [19/40] L:0.1295 D:0.1295 F:0.0000 585s
  [train] epoch 20 step 200/369 (320s)
Epoch [20/40] L:0.1243 D:0.1243 F:0.0000 591s
  [val] starting (47 batches)
  [val] done (47 batches, 50s)
  Val L:0.2396 ABS:0.4057 RMSE:1.3843 d1:0.5319
  [train] epoch 21 step 200/369 (310s)
Epoch [21/40] L:0.1206 D:0.1206 F:0.0000 561s
  [train] epoch 22 step 200/369 (318s)
Epoch [22/40] L:0.1158 D:0.1158 F:0.0000 566s
  [train] epoch 23 step 200/369 (300s)
Epoch [23/40] L:0.1114 D:0.1114 F:0.0000 578s
  [train] epoch 24 step 200/369 (310s)
Epoch [24/40] L:0.1081 D:0.1081 F:0.0000 587s
  [val] starting (47 batches)
  [val] done (47 batches, 48s)
  Val L:0.2490 ABS:0.4228 RMSE:1.3965 d1:0.5296
  [train] epoch 25 step 200/369 (296s)
Epoch [25/40] L:0.1045 D:0.1045 F:0.0000 535s
  [train] epoch 26 step 200/369 (309s)
Epoch [26/40] L:0.1029 D:0.1029 F:0.0000 539s
  [train] epoch 27 step 200/369 (286s)
Epoch [27/40] L:0.0993 D:0.0993 F:0.0000 510s
  [train] epoch 28 step 200/369 (285s)
Epoch [28/40] L:0.0969 D:0.0969 F:0.0000 540s
  [val] starting (47 batches)
  [val] done (47 batches, 39s)
  Val L:0.2407 ABS:0.4107 RMSE:1.3790 d1:0.5346
  [train] epoch 29 step 200/369 (291s)
Epoch [29/40] L:0.0941 D:0.0941 F:0.0000 536s
  [train] epoch 30 step 200/369 (299s)
Epoch [30/40] L:0.0921 D:0.0921 F:0.0000 545s
  [train] epoch 31 step 200/369 (292s)
Epoch [31/40] L:0.0900 D:0.0900 F:0.0000 537s
  [train] epoch 32 step 200/369 (275s)
Epoch [32/40] L:0.0876 D:0.0876 F:0.0000 509s
  [val] starting (47 batches)
  [val] done (47 batches, 47s)
  Val L:0.2508 ABS:0.4270 RMSE:1.4064 d1:0.5346
  [train] epoch 33 step 200/369 (282s)
Epoch [33/40] L:0.0864 D:0.0864 F:0.0000 522s
  [train] epoch 34 step 200/369 (270s)
Epoch [34/40] L:0.0848 D:0.0848 F:0.0000 508s
  [train] epoch 35 step 200/369 (275s)
Epoch [35/40] L:0.0833 D:0.0833 F:0.0000 512s
  [train] epoch 36 step 200/369 (286s)
Epoch [36/40] L:0.0817 D:0.0817 F:0.0000 522s
  [val] starting (47 batches)
  [val] done (47 batches, 47s)
  Val L:0.2527 ABS:0.4040 RMSE:1.4156 d1:0.5298
  [train] epoch 37 step 200/369 (275s)
Epoch [37/40] L:0.0801 D:0.0801 F:0.0000 501s
  [train] epoch 38 step 200/369 (285s)
Epoch [38/40] L:0.0785 D:0.0785 F:0.0000 521s
  [train] epoch 39 step 200/369 (283s)
Epoch [39/40] L:0.0778 D:0.0778 F:0.0000 520s
  [train] epoch 40 step 200/369 (273s)
Epoch [40/40] L:0.0766 D:0.0766 F:0.0000 500s
  [val] starting (47 batches)
  [val] done (47 batches, 49s)
  Val L:0.2513 ABS:0.4280 RMSE:1.4183 d1:0.5400

Done. Best score:1.0751 RMSE:1.3629 ABS:0.4035
