============================================================
Model: audio_depth_foa  Dataset: soundspaces
BS: 32  LR: 0.001  Opt: AdamW
============================================================
Loaded scene split from /root/storage/matterport3d_0303renew/scene_split.json
  train: 72, val: 9, test: 9
[train] 23560 samples from 72 scenes (filtered 5240 with >10% no-depth) [ambisonic=ON]
  Precomputed SH basis matrix: (131072, 4) (order=1)
Loaded scene split from /root/storage/matterport3d_0303renew/scene_split.json
  train: 72, val: 9, test: 9
[val] 2951 samples from 9 scenes (filtered 592 with >10% no-depth) [ambisonic=ON]
  Precomputed SH basis matrix: (131072, 4) (order=1)
Train: 23560, Val: 2951
Model: audio_depth_foa (55.0M params)
Epoch [1/40] L:0.2968 D:0.2553 F:0.0694 H:0.3460 KL:0.0000 8862s
Epoch [2/40] L:0.2611 D:0.2242 F:0.0493 H:0.3195 KL:0.0000 4309s
Epoch [3/40] L:0.2525 D:0.2155 F:0.0442 H:0.3262 KL:0.0000 3252s
Epoch [4/40] L:0.2472 D:0.2106 F:0.0414 H:0.3247 KL:0.0000 2083s
  Val L:0.2821 ABS:0.4718 RMSE:1.3280 d1:0.4765
  >> Best (score:1.0711 RMSE:1.3280 ABS:0.4718)
Epoch [5/40] L:0.2430 D:0.2063 F:0.0401 H:0.3268 KL:0.0000 2018s
Epoch [6/40] L:0.2369 D:0.1996 F:0.0391 H:0.3333 KL:0.0000 1998s
Epoch [7/40] L:0.2310 D:0.1933 F:0.0377 H:0.3390 KL:0.0000 2027s
Epoch [8/40] L:0.2241 D:0.1872 F:0.0365 H:0.3323 KL:0.0000 1987s
  Val L:0.2618 ABS:0.4331 RMSE:1.2612 d1:0.5038
  >> Best (score:1.0128 RMSE:1.2612 ABS:0.4331)
Epoch [9/40] L:0.2184 D:0.1828 F:0.0356 H:0.3206 KL:0.0000 1992s
Epoch [10/40] L:0.2136 D:0.1782 F:0.0349 H:0.3190 KL:0.0000 1993s
Epoch [11/40] L:0.2090 D:0.1743 F:0.0340 H:0.3135 KL:0.0000 1985s
Epoch [12/40] L:0.2037 D:0.1698 F:0.0333 H:0.3053 KL:0.0000 1979s
  Val L:0.2588 ABS:0.4012 RMSE:1.2612 d1:0.5142
  >> Best (score:1.0032 RMSE:1.2612 ABS:0.4012)
Epoch [13/40] L:0.1981 D:0.1652 F:0.0331 H:0.2962 KL:0.0000 2022s
Epoch [14/40] L:0.1935 D:0.1610 F:0.0326 H:0.2927 KL:0.0000 1977s
Epoch [15/40] L:0.1884 D:0.1562 F:0.0320 H:0.2904 KL:0.0000 2033s
Epoch [16/40] L:0.1828 D:0.1509 F:0.0313 H:0.2873 KL:0.0000 2023s
  Val L:0.2598 ABS:0.3937 RMSE:1.2549 d1:0.5194
  >> Best (score:0.9965 RMSE:1.2549 ABS:0.3937)
Epoch [17/40] L:0.1773 D:0.1457 F:0.0314 H:0.2846 KL:0.0000 2008s
Epoch [18/40] L:0.1716 D:0.1403 F:0.0307 H:0.2820 KL:0.0000 2013s
Epoch [19/40] L:0.1651 D:0.1342 F:0.0304 H:0.2789 KL:0.0000 2010s
Epoch [20/40] L:0.1599 D:0.1292 F:0.0303 H:0.2763 KL:0.0000 1997s
  Val L:0.2591 ABS:0.4095 RMSE:1.2382 d1:0.5344
  >> Best (score:0.9896 RMSE:1.2382 ABS:0.4095)
Epoch [21/40] L:0.1536 D:0.1233 F:0.0300 H:0.2728 KL:0.0000 2021s
Epoch [22/40] L:0.1474 D:0.1175 F:0.0296 H:0.2700 KL:0.0000 2277s
Epoch [23/40] L:0.1414 D:0.1117 F:0.0293 H:0.2674 KL:0.0000 2204s
Epoch [24/40] L:0.1354 D:0.1061 F:0.0292 H:0.2640 KL:0.0000 2340s
  Val L:0.2732 ABS:0.4231 RMSE:1.2642 d1:0.5240
Epoch [25/40] L:0.1295 D:0.1006 F:0.0289 H:0.2602 KL:0.0000 1998s
Epoch [26/40] L:0.1245 D:0.0958 F:0.0287 H:0.2577 KL:0.0000 2045s
Epoch [27/40] L:0.1196 D:0.0913 F:0.0285 H:0.2546 KL:0.0000 2044s
Epoch [28/40] L:0.1149 D:0.0869 F:0.0282 H:0.2518 KL:0.0000 2552s
  Val L:0.2816 ABS:0.4184 RMSE:1.2947 d1:0.5246
Epoch [29/40] L:0.1106 D:0.0829 F:0.0277 H:0.2489 KL:0.0000 3521s
Epoch [30/40] L:0.1065 D:0.0790 F:0.0280 H:0.2468 KL:0.0000 2106s
Epoch [31/40] L:0.1032 D:0.0760 F:0.0272 H:0.2451 KL:0.0000 2030s
Epoch [32/40] L:0.1001 D:0.0730 F:0.0272 H:0.2440 KL:0.0000 2039s
  Val L:0.2847 ABS:0.4404 RMSE:1.2949 d1:0.5336
Epoch [33/40] L:0.0970 D:0.0701 F:0.0267 H:0.2417 KL:0.0000 2072s
Epoch [34/40] L:0.0943 D:0.0677 F:0.0267 H:0.2390 KL:0.0000 2121s
Epoch [35/40] L:0.0911 D:0.0647 F:0.0265 H:0.2373 KL:0.0000 2044s
Epoch [36/40] L:0.0888 D:0.0625 F:0.0262 H:0.2362 KL:0.0000 2060s
  Val L:0.2847 ABS:0.4401 RMSE:1.2999 d1:0.5313
Epoch [37/40] L:0.0868 D:0.0607 F:0.0258 H:0.2357 KL:0.0000 2060s
Epoch [38/40] L:0.0846 D:0.0586 F:0.0258 H:0.2343 KL:0.0000 2085s
Epoch [39/40] L:0.0823 D:0.0566 F:0.0256 H:0.2316 KL:0.0000 2100s
Epoch [40/40] L:0.0803 D:0.0547 F:0.0255 H:0.2307 KL:0.0000 2140s
  Val L:0.2881 ABS:0.4361 RMSE:1.3106 d1:0.5307

Done. Best score:0.9896 RMSE:1.2382 ABS:0.4095
