============================================================
Model: foa_v2_js  Dataset: soundspaces
BS: 32  LR: 0.001  Opt: AdamW
============================================================
Loaded scene split from /root/storage/matterport3d_0303renew/scene_split.json
  train: 72, val: 9, test: 9
[train] 23560 samples from 72 scenes (filtered 5240 with >10% no-depth) [ambisonic=ON]
  Precomputed SH basis matrix: (131072, 4) (order=1)
Loaded scene split from /root/storage/matterport3d_0303renew/scene_split.json
  train: 72, val: 9, test: 9
[val] 2951 samples from 9 scenes (filtered 592 with >10% no-depth) [ambisonic=ON]
  Precomputed SH basis matrix: (131072, 4) (order=1)
Train: 23560, Val: 2951
Model: foa_v2_js (71.5M params)
/opt/conda/lib/python3.11/site-packages/torch/nn/parallel/_functions.py:71: UserWarning: Was asked to gather along dimension 0, but all input tensors were scalars; will instead unsqueeze and return a vector.
  warnings.warn(
Epoch [1/40] L:0.3441 D:0.2652 F:0.0733 H:0.5109 KL:0.0000 CON:0.4100 1707s
Epoch [2/40] L:0.2908 D:0.2301 F:0.0502 H:0.4829 KL:0.0000 CON:0.1492 781s
Epoch [3/40] L:0.2816 D:0.2217 F:0.0449 H:0.4956 KL:0.0000 CON:0.1177 773s
Epoch [4/40] L:0.2762 D:0.2170 F:0.0422 H:0.5000 KL:0.0000 CON:0.0988 776s
  Val L:0.3150 ABS:0.5496 RMSE:1.3067 d1:0.4747
  >> Best (score:1.0796 RMSE:1.3067 ABS:0.5496)
Epoch [5/40] L:0.2726 D:0.2132 F:0.0400 H:0.5051 KL:0.0000 CON:0.0983 776s
Epoch [6/40] L:0.2629 D:0.2040 F:0.0392 H:0.5119 KL:0.0000 CON:0.0761 774s
Epoch [7/40] L:0.2550 D:0.1955 F:0.0377 H:0.5197 KL:0.0000 CON:0.0761 774s
Epoch [8/40] L:0.2504 D:0.1915 F:0.0365 H:0.5169 KL:0.0000 CON:0.0711 775s
  Val L:0.2829 ABS:0.4410 RMSE:1.2705 d1:0.4928
  >> Best (score:1.0216 RMSE:1.2705 ABS:0.4410)
Epoch [9/40] L:0.2454 D:0.1865 F:0.0356 H:0.5188 KL:0.0000 CON:0.0699 774s
Epoch [10/40] L:0.2423 D:0.1834 F:0.0348 H:0.5194 KL:0.0000 CON:0.0690 778s
Epoch [11/40] L:0.2389 D:0.1797 F:0.0344 H:0.5236 KL:0.0000 CON:0.0687 773s
Epoch [12/40] L:0.2363 D:0.1772 F:0.0331 H:0.5244 KL:0.0000 CON:0.0675 776s
  Val L:0.2769 ABS:0.4114 RMSE:1.2514 d1:0.5154
  >> Best (score:0.9994 RMSE:1.2514 ABS:0.4114)
Epoch [13/40] L:0.2330 D:0.1733 F:0.0328 H:0.5294 KL:0.0000 CON:0.0705 795s
Epoch [14/40] L:0.2305 D:0.1701 F:0.0329 H:0.5347 KL:0.0000 CON:0.0728 808s
Epoch [15/40] L:0.2266 D:0.1663 F:0.0321 H:0.5357 KL:0.0000 CON:0.0693 776s
Epoch [16/40] L:0.2233 D:0.1627 F:0.0315 H:0.5397 KL:0.0000 CON:0.0695 776s
  Val L:0.2779 ABS:0.4002 RMSE:1.2589 d1:0.5120
Epoch [17/40] L:0.2195 D:0.1587 F:0.0320 H:0.5413 KL:0.0000 CON:0.0689 780s
Epoch [18/40] L:0.2157 D:0.1542 F:0.0324 H:0.5408 KL:0.0000 CON:0.0825 778s
Epoch [19/40] L:0.2133 D:0.1508 F:0.0335 H:0.5501 KL:0.0000 CON:0.0838 814s
Epoch [20/40] L:0.2078 D:0.1457 F:0.0323 H:0.5480 KL:0.0000 CON:0.0828 776s
  Val L:0.2812 ABS:0.4083 RMSE:1.2452 d1:0.5194
  >> Best (score:0.9942 RMSE:1.2452 ABS:0.4083)
Epoch [21/40] L:0.2023 D:0.1405 F:0.0311 H:0.5453 KL:0.0000 CON:0.0833 775s
Epoch [22/40] L:0.1987 D:0.1363 F:0.0312 H:0.5507 KL:0.0000 CON:0.0848 806s
Epoch [23/40] L:0.1951 D:0.1321 F:0.0306 H:0.5572 KL:0.0000 CON:0.0829 776s
Epoch [24/40] L:0.1895 D:0.1269 F:0.0300 H:0.5543 KL:0.0000 CON:0.0836 779s
  Val L:0.2933 ABS:0.4197 RMSE:1.2679 d1:0.5250
Epoch [25/40] L:0.1862 D:0.1222 F:0.0316 H:0.5643 KL:0.0000 CON:0.0886 780s
Epoch [26/40] L:0.1811 D:0.1171 F:0.0297 H:0.5655 KL:0.0000 CON:0.0898 813s
Epoch [27/40] L:0.1765 D:0.1126 F:0.0291 H:0.5659 KL:0.0000 CON:0.0878 789s
Epoch [28/40] L:0.1719 D:0.1075 F:0.0289 H:0.5704 KL:0.0000 CON:0.0895 776s
  Val L:0.2962 ABS:0.4165 RMSE:1.2675 d1:0.5269
Epoch [29/40] L:0.1678 D:0.1032 F:0.0290 H:0.5696 KL:0.0000 CON:0.0945 823s
Epoch [30/40] L:0.1633 D:0.0987 F:0.0279 H:0.5727 KL:0.0000 CON:0.0921 882s
Epoch [31/40] L:0.1613 D:0.0954 F:0.0292 H:0.5819 KL:0.0000 CON:0.0960 853s
Epoch [32/40] L:0.1575 D:0.0919 F:0.0284 H:0.5785 KL:0.0000 CON:0.0980 785s
  Val L:0.3118 ABS:0.4449 RMSE:1.2921 d1:0.5184
Epoch [33/40] L:0.1539 D:0.0882 F:0.0282 H:0.5776 KL:0.0000 CON:0.1030 830s
Epoch [34/40] L:0.1488 D:0.0830 F:0.0278 H:0.5759 KL:0.0000 CON:0.1086 799s
Epoch [35/40] L:0.1457 D:0.0800 F:0.0270 H:0.5739 KL:0.0000 CON:0.1104 827s
Epoch [36/40] L:0.1442 D:0.0781 F:0.0277 H:0.5775 KL:0.0000 CON:0.1127 802s
  Val L:0.3107 ABS:0.4556 RMSE:1.3025 d1:0.5285
Epoch [37/40] L:0.1389 D:0.0735 F:0.0263 H:0.5706 KL:0.0000 CON:0.1137 807s
Epoch [38/40] L:0.1361 D:0.0708 F:0.0262 H:0.5687 KL:0.0000 CON:0.1151 789s
Epoch [39/40] L:0.1347 D:0.0690 F:0.0262 H:0.5708 KL:0.0000 CON:0.1190 805s
Epoch [40/40] L:0.1341 D:0.0680 F:0.0268 H:0.5759 KL:0.0000 CON:0.1178 837s
  Val L:0.3099 ABS:0.4664 RMSE:1.2973 d1:0.5275

Done. Best score:0.9942 RMSE:1.2452 ABS:0.4083
