============================================================
Model: foa_crossattn  Dataset: soundspaces
BS: 32  LR: 0.001  Opt: AdamW
============================================================
Loaded scene split from /root/storage/matterport3d_0303renew/scene_split.json
  train: 72, val: 9, test: 9
[train] 23560 samples (fast cache: samples_train_erp_8b3be925d3ae.json) [ambisonic=ON]
  Precomputed SH basis matrix: (131072, 4) (order=1)
Loaded scene split from /root/storage/matterport3d_0303renew/scene_split.json
  train: 72, val: 9, test: 9
[val] 2951 samples (fast cache: samples_val_erp_be0f29dd7abf.json) [ambisonic=ON]
  Precomputed SH basis matrix: (131072, 4) (order=1)
Train: 23560, Val: 2951
Model: foa_crossattn (56.3M params)
/opt/conda/lib/python3.9/site-packages/torch/nn/parallel/_functions.py:71: UserWarning: Was asked to gather along dimension 0, but all input tensors were scalars; will instead unsqueeze and return a vector.
  warnings.warn(
Epoch [1/40] L:0.3083 D:0.2607 F:0.1103 H:0.3482 KL:0.1693 157s
Epoch [2/40] L:0.2662 D:0.2256 F:0.0656 H:0.3318 KL:0.0834 155s
Epoch [3/40] L:0.2512 D:0.2100 F:0.0554 H:0.3495 KL:0.0709 156s
Epoch [4/40] L:0.2411 D:0.2001 F:0.0478 H:0.3555 KL:0.0657 155s
  Val L:0.2815 ABS:0.4270 RMSE:1.2941 d1:0.4836
  >> Best (score:1.0340 RMSE:1.2941 ABS:0.4270)
Epoch [5/40] L:0.2359 D:0.1952 F:0.0441 H:0.3562 KL:0.0631 156s
Epoch [6/40] L:0.2313 D:0.1905 F:0.0436 H:0.3567 KL:0.0708 155s
Epoch [7/40] L:0.2265 D:0.1862 F:0.0422 H:0.3540 KL:0.0685 156s
Epoch [8/40] L:0.2228 D:0.1832 F:0.0410 H:0.3478 KL:0.0720 154s
  Val L:0.2946 ABS:0.4612 RMSE:1.2396 d1:0.4975
  >> Best (score:1.0061 RMSE:1.2396 ABS:0.4612)
Epoch [9/40] L:0.2190 D:0.1797 F:0.0403 H:0.3452 KL:0.0744 154s
Epoch [10/40] L:0.2156 D:0.1765 F:0.0398 H:0.3438 KL:0.0759 154s
Epoch [11/40] L:0.2131 D:0.1739 F:0.0397 H:0.3446 KL:0.0752 154s
Epoch [12/40] L:0.2091 D:0.1701 F:0.0391 H:0.3434 KL:0.0746 153s
  Val L:0.2635 ABS:0.4062 RMSE:1.2631 d1:0.5192
  >> Best (score:1.0060 RMSE:1.2631 ABS:0.4062)
Epoch [13/40] L:0.2059 D:0.1669 F:0.0390 H:0.3437 KL:0.0752 155s
Epoch [14/40] L:0.2026 D:0.1636 F:0.0390 H:0.3437 KL:0.0764 156s
Epoch [15/40] L:0.1982 D:0.1592 F:0.0387 H:0.3438 KL:0.0776 155s
Epoch [16/40] L:0.1946 D:0.1555 F:0.0388 H:0.3444 KL:0.0796 153s
  Val L:0.2669 ABS:0.4113 RMSE:1.2475 d1:0.5241
  >> Best (score:0.9966 RMSE:1.2475 ABS:0.4113)
Epoch [17/40] L:0.1899 D:0.1508 F:0.0387 H:0.3446 KL:0.0800 153s
Epoch [18/40] L:0.1858 D:0.1465 F:0.0390 H:0.3458 KL:0.0857 154s
Epoch [19/40] L:0.1811 D:0.1419 F:0.0385 H:0.3450 KL:0.0838 153s
Epoch [20/40] L:0.1764 D:0.1373 F:0.0389 H:0.3435 KL:0.0877 154s
  Val L:0.2672 ABS:0.4165 RMSE:1.2418 d1:0.5282
  >> Best (score:0.9942 RMSE:1.2418 ABS:0.4165)
Epoch [21/40] L:0.1711 D:0.1326 F:0.0387 H:0.3377 KL:0.0898 154s
Epoch [22/40] L:0.1656 D:0.1275 F:0.0384 H:0.3332 KL:0.0952 153s
Epoch [23/40] L:0.1605 D:0.1230 F:0.0383 H:0.3270 KL:0.1004 154s
Epoch [24/40] L:0.1552 D:0.1184 F:0.0382 H:0.3197 KL:0.1032 154s
  Val L:0.2720 ABS:0.4509 RMSE:1.2444 d1:0.5338
Epoch [25/40] L:0.1498 D:0.1132 F:0.0381 H:0.3165 KL:0.1068 152s
Epoch [26/40] L:0.1450 D:0.1089 F:0.0383 H:0.3121 KL:0.1086 154s
Epoch [27/40] L:0.1406 D:0.1047 F:0.0380 H:0.3104 KL:0.1094 154s
Epoch [28/40] L:0.1362 D:0.1005 F:0.0377 H:0.3074 KL:0.1122 155s
  Val L:0.2806 ABS:0.4264 RMSE:1.2663 d1:0.5310
Epoch [29/40] L:0.1317 D:0.0965 F:0.0376 H:0.3030 KL:0.1155 154s
Epoch [30/40] L:0.1273 D:0.0923 F:0.0375 H:0.3001 KL:0.1166 154s
Epoch [31/40] L:0.1237 D:0.0890 F:0.0372 H:0.2985 KL:0.1179 154s
Epoch [32/40] L:0.1205 D:0.0860 F:0.0373 H:0.2952 KL:0.1193 155s
  Val L:0.2851 ABS:0.4232 RMSE:1.2920 d1:0.5278
Epoch [33/40] L:0.1167 D:0.0826 F:0.0369 H:0.2919 KL:0.1218 155s
Epoch [34/40] L:0.1139 D:0.0798 F:0.0369 H:0.2916 KL:0.1272 155s
Epoch [35/40] L:0.1107 D:0.0770 F:0.0364 H:0.2878 KL:0.1242 155s
Epoch [36/40] L:0.1084 D:0.0748 F:0.0365 H:0.2871 KL:0.1265 155s
  Val L:0.2895 ABS:0.4625 RMSE:1.3047 d1:0.5269
Epoch [37/40] L:0.1062 D:0.0728 F:0.0362 H:0.2849 KL:0.1280 152s
Epoch [38/40] L:0.1034 D:0.0703 F:0.0356 H:0.2823 KL:0.1290 155s
Epoch [39/40] L:0.1008 D:0.0677 F:0.0356 H:0.2824 KL:0.1297 154s
Epoch [40/40] L:0.0984 D:0.0655 F:0.0353 H:0.2802 KL:0.1318 155s
  Val L:0.2903 ABS:0.4537 RMSE:1.3130 d1:0.5301

Done. Best score:0.9942 RMSE:1.2418 ABS:0.4165
