============================================================
Model: foa_v2_js  Dataset: soundspaces
BS: 32  LR: 0.001  Opt: AdamW
============================================================
Loaded scene split from /root/storage/matterport3d_0303renew/scene_split.json
  train: 72, val: 9, test: 9
[train] 23560 samples from 72 scenes (filtered 5240 with >10% no-depth) [ambisonic=ON]
  Precomputed SH basis matrix: (131072, 4) (order=1)
Loaded scene split from /root/storage/matterport3d_0303renew/scene_split.json
  train: 72, val: 9, test: 9
[val] 2951 samples from 9 scenes (filtered 592 with >10% no-depth) [ambisonic=ON]
  Precomputed SH basis matrix: (131072, 4) (order=1)
Train: 23560, Val: 2951
Model: foa_v2_js (55.1M params)
/opt/conda/lib/python3.11/site-packages/torch/nn/parallel/_functions.py:71: UserWarning: Was asked to gather along dimension 0, but all input tensors were scalars; will instead unsqueeze and return a vector.
  warnings.warn(
Epoch [1/40] L:0.3156 D:0.2605 F:0.0754 H:0.3400 KL:0.0000 CON:0.2710 2472s
Epoch [2/40] L:0.2689 D:0.2290 F:0.0512 H:0.3008 KL:0.0000 CON:0.0927 841s
Epoch [3/40] L:0.2627 D:0.2249 F:0.0465 H:0.2962 KL:0.0000 CON:0.0699 470s
Epoch [4/40] L:0.2565 D:0.2184 F:0.0436 H:0.3065 KL:0.0000 CON:0.0611 471s
  Val L:0.2895 ABS:0.4844 RMSE:1.3334 d1:0.4611
  >> Best (score:1.0787 RMSE:1.3334 ABS:0.4844)
Epoch [5/40] L:0.2514 D:0.2133 F:0.0415 H:0.3124 KL:0.0000 CON:0.0541 470s
Epoch [6/40] L:0.2477 D:0.2101 F:0.0406 H:0.3099 KL:0.0000 CON:0.0500 473s
Epoch [7/40] L:0.2438 D:0.2072 F:0.0395 H:0.3025 KL:0.0000 CON:0.0477 475s
Epoch [8/40] L:0.2401 D:0.2037 F:0.0386 H:0.3017 KL:0.0000 CON:0.0480 473s
  Val L:0.2772 ABS:0.5379 RMSE:1.2647 d1:0.4918
  >> Best (score:1.0467 RMSE:1.2647 ABS:0.5379)
Epoch [9/40] L:0.2336 D:0.1962 F:0.0381 H:0.3108 KL:0.0000 CON:0.0503 475s
Epoch [10/40] L:0.2258 D:0.1880 F:0.0367 H:0.3149 KL:0.0000 CON:0.0520 476s
Epoch [11/40] L:0.2194 D:0.1835 F:0.0358 H:0.2987 KL:0.0000 CON:0.0495 476s
Epoch [12/40] L:0.2145 D:0.1796 F:0.0360 H:0.2886 KL:0.0000 CON:0.0499 475s
  Val L:0.2530 ABS:0.4397 RMSE:1.2287 d1:0.5120
  >> Best (score:0.9920 RMSE:1.2287 ABS:0.4397)
Epoch [13/40] L:0.2101 D:0.1757 F:0.0351 H:0.2837 KL:0.0000 CON:0.0510 474s
Epoch [14/40] L:0.2058 D:0.1717 F:0.0339 H:0.2815 KL:0.0000 CON:0.0503 475s
Epoch [15/40] L:0.2016 D:0.1678 F:0.0335 H:0.2800 KL:0.0000 CON:0.0501 475s
Epoch [16/40] L:0.1975 D:0.1638 F:0.0328 H:0.2798 KL:0.0000 CON:0.0500 475s
  Val L:0.2568 ABS:0.4494 RMSE:1.2469 d1:0.5033
Epoch [17/40] L:0.1931 D:0.1597 F:0.0321 H:0.2772 KL:0.0000 CON:0.0508 473s
Epoch [18/40] L:0.1890 D:0.1556 F:0.0317 H:0.2766 KL:0.0000 CON:0.0516 473s
Epoch [19/40] L:0.1836 D:0.1504 F:0.0313 H:0.2745 KL:0.0000 CON:0.0513 476s
Epoch [20/40] L:0.1792 D:0.1463 F:0.0308 H:0.2729 KL:0.0000 CON:0.0522 475s
  Val L:0.2646 ABS:0.4252 RMSE:1.2494 d1:0.5174
Epoch [21/40] L:0.1744 D:0.1417 F:0.0304 H:0.2708 KL:0.0000 CON:0.0532 476s
Epoch [22/40] L:0.1698 D:0.1372 F:0.0303 H:0.2686 KL:0.0000 CON:0.0527 475s
Epoch [23/40] L:0.1647 D:0.1323 F:0.0295 H:0.2672 KL:0.0000 CON:0.0541 476s
Epoch [24/40] L:0.1595 D:0.1273 F:0.0295 H:0.2649 KL:0.0000 CON:0.0559 473s
  Val L:0.2664 ABS:0.4128 RMSE:1.2522 d1:0.5271
Epoch [25/40] L:0.1550 D:0.1230 F:0.0294 H:0.2628 KL:0.0000 CON:0.0553 476s
Epoch [26/40] L:0.1502 D:0.1185 F:0.0290 H:0.2599 KL:0.0000 CON:0.0568 472s
Epoch [27/40] L:0.1454 D:0.1138 F:0.0287 H:0.2579 KL:0.0000 CON:0.0581 469s
Epoch [28/40] L:0.1411 D:0.1098 F:0.0285 H:0.2552 KL:0.0000 CON:0.0591 471s
  Val L:0.2713 ABS:0.4127 RMSE:1.2720 d1:0.5253
Epoch [29/40] L:0.1366 D:0.1055 F:0.0285 H:0.2524 KL:0.0000 CON:0.0601 475s
Epoch [30/40] L:0.1323 D:0.1014 F:0.0281 H:0.2501 KL:0.0000 CON:0.0609 473s
Epoch [31/40] L:0.1276 D:0.0970 F:0.0277 H:0.2470 KL:0.0000 CON:0.0626 475s
Epoch [32/40] L:0.1246 D:0.0940 F:0.0276 H:0.2455 KL:0.0000 CON:0.0651 471s
  Val L:0.2751 ABS:0.4385 RMSE:1.2726 d1:0.5308
Epoch [33/40] L:0.1209 D:0.0907 F:0.0274 H:0.2420 KL:0.0000 CON:0.0657 470s
Epoch [34/40] L:0.1178 D:0.0877 F:0.0273 H:0.2405 KL:0.0000 CON:0.0661 473s
Epoch [35/40] L:0.1145 D:0.0844 F:0.0271 H:0.2387 KL:0.0000 CON:0.0692 471s
Epoch [36/40] L:0.1117 D:0.0819 F:0.0269 H:0.2359 KL:0.0000 CON:0.0705 472s
  Val L:0.2828 ABS:0.4267 RMSE:1.2954 d1:0.5286
Epoch [37/40] L:0.1091 D:0.0793 F:0.0266 H:0.2351 KL:0.0000 CON:0.0713 472s
Epoch [38/40] L:0.1073 D:0.0777 F:0.0265 H:0.2338 KL:0.0000 CON:0.0722 471s
Epoch [39/40] L:0.1043 D:0.0746 F:0.0263 H:0.2328 KL:0.0000 CON:0.0749 474s
Epoch [40/40] L:0.1023 D:0.0728 F:0.0260 H:0.2311 KL:0.0000 CON:0.0756 473s
  Val L:0.2787 ABS:0.4247 RMSE:1.2902 d1:0.5312

Done. Best score:0.9920 RMSE:1.2287 ABS:0.4397
