============================================================
Model: foa_v2_js  Dataset: soundspaces
BS: 32  LR: 0.001  Opt: AdamW
============================================================
Loaded scene split from /root/storage/matterport3d_0303renew/scene_split.json
  train: 72, val: 9, test: 9
[train] 23560 samples from 72 scenes (filtered 5240 with >10% no-depth) [ambisonic=ON]
  Precomputed SH basis matrix: (131072, 4) (order=1)
Loaded scene split from /root/storage/matterport3d_0303renew/scene_split.json
  train: 72, val: 9, test: 9
[val] 2951 samples from 9 scenes (filtered 592 with >10% no-depth) [ambisonic=ON]
  Precomputed SH basis matrix: (131072, 4) (order=1)
Train: 23560, Val: 2951
Model: foa_v2_js (96.6M params)
/opt/conda/lib/python3.11/site-packages/torch/nn/parallel/_functions.py:71: UserWarning: Was asked to gather along dimension 0, but all input tensors were scalars; will instead unsqueeze and return a vector.
  warnings.warn(
Epoch [1/40] L:0.3401 D:0.2663 F:0.0760 H:0.4791 KL:0.0000 CON:0.3666 2828s
Epoch [2/40] L:0.2880 D:0.2314 F:0.0501 H:0.4628 KL:0.0000 CON:0.1062 573s
Epoch [3/40] L:0.2799 D:0.2238 F:0.0454 H:0.4701 KL:0.0000 CON:0.0898 566s
Epoch [4/40] L:0.2728 D:0.2163 F:0.0430 H:0.4825 KL:0.0000 CON:0.0774 566s
  Val L:0.3180 ABS:0.4421 RMSE:1.4042 d1:0.4358
  >> Best (score:1.1155 RMSE:1.4042 ABS:0.4421)
Epoch [5/40] L:0.2683 D:0.2119 F:0.0411 H:0.4865 KL:0.0000 CON:0.0719 568s
Epoch [6/40] L:0.2637 D:0.2065 F:0.0399 H:0.4952 KL:0.0000 CON:0.0726 571s
Epoch [7/40] L:0.2565 D:0.1982 F:0.0387 H:0.5088 KL:0.0000 CON:0.0708 579s
Epoch [8/40] L:0.2517 D:0.1928 F:0.0373 H:0.5159 KL:0.0000 CON:0.0721 577s
  Val L:0.2930 ABS:0.4255 RMSE:1.3222 d1:0.4826
  >> Best (score:1.0532 RMSE:1.3222 ABS:0.4255)
Epoch [9/40] L:0.2465 D:0.1878 F:0.0358 H:0.5194 KL:0.0000 CON:0.0633 606s
Epoch [10/40] L:0.2426 D:0.1843 F:0.0347 H:0.5197 KL:0.0000 CON:0.0565 627s
Epoch [11/40] L:0.2401 D:0.1817 F:0.0342 H:0.5228 KL:0.0000 CON:0.0548 600s
Epoch [12/40] L:0.2387 D:0.1792 F:0.0340 H:0.5284 KL:0.0000 CON:0.0652 597s
  Val L:0.2983 ABS:0.4422 RMSE:1.3291 d1:0.4859
Epoch [13/40] L:0.2357 D:0.1766 F:0.0329 H:0.5280 KL:0.0000 CON:0.0587 611s
Epoch [14/40] L:0.2306 D:0.1716 F:0.0321 H:0.5306 KL:0.0000 CON:0.0535 573s
Epoch [15/40] L:0.2277 D:0.1682 F:0.0322 H:0.5344 KL:0.0000 CON:0.0562 566s
Epoch [16/40] L:0.2236 D:0.1640 F:0.0316 H:0.5381 KL:0.0000 CON:0.0541 567s
  Val L:0.2828 ABS:0.4161 RMSE:1.2802 d1:0.5159
  >> Best (score:1.0210 RMSE:1.2802 ABS:0.4161)
Epoch [17/40] L:0.2204 D:0.1600 F:0.0313 H:0.5444 KL:0.0000 CON:0.0572 567s
Epoch [18/40] L:0.2165 D:0.1559 F:0.0308 H:0.5467 KL:0.0000 CON:0.0579 576s
Epoch [19/40] L:0.2127 D:0.1513 F:0.0314 H:0.5532 KL:0.0000 CON:0.0587 581s
Epoch [20/40] L:0.2071 D:0.1455 F:0.0307 H:0.5548 KL:0.0000 CON:0.0596 574s
  Val L:0.2860 ABS:0.4138 RMSE:1.2597 d1:0.5152
  >> Best (score:1.0060 RMSE:1.2597 ABS:0.4138)
Epoch [21/40] L:0.2038 D:0.1413 F:0.0311 H:0.5576 KL:0.0000 CON:0.0739 568s
Epoch [22/40] L:0.1982 D:0.1360 F:0.0310 H:0.5555 KL:0.0000 CON:0.0693 568s
Epoch [23/40] L:0.1941 D:0.1316 F:0.0308 H:0.5569 KL:0.0000 CON:0.0731 567s
Epoch [24/40] L:0.1893 D:0.1265 F:0.0302 H:0.5631 KL:0.0000 CON:0.0711 570s
  Val L:0.2959 ABS:0.4187 RMSE:1.2577 d1:0.5251
Epoch [25/40] L:0.1852 D:0.1213 F:0.0299 H:0.5714 KL:0.0000 CON:0.0767 565s
Epoch [26/40] L:0.1800 D:0.1161 F:0.0295 H:0.5729 KL:0.0000 CON:0.0747 566s
Epoch [27/40] L:0.1775 D:0.1128 F:0.0298 H:0.5772 KL:0.0000 CON:0.0796 566s
Epoch [28/40] L:0.1716 D:0.1067 F:0.0295 H:0.5803 KL:0.0000 CON:0.0777 566s
  Val L:0.3071 ABS:0.4226 RMSE:1.2788 d1:0.5302
Epoch [29/40] L:0.1667 D:0.1014 F:0.0291 H:0.5849 KL:0.0000 CON:0.0780 567s
Epoch [30/40] L:0.1618 D:0.0962 F:0.0295 H:0.5862 KL:0.0000 CON:0.0809 566s
Epoch [31/40] L:0.1592 D:0.0934 F:0.0298 H:0.5869 KL:0.0000 CON:0.0837 567s
Epoch [32/40] L:0.1541 D:0.0885 F:0.0281 H:0.5859 KL:0.0000 CON:0.0850 567s
  Val L:0.3060 ABS:0.4267 RMSE:1.2915 d1:0.5279
Epoch [33/40] L:0.1502 D:0.0842 F:0.0284 H:0.5887 KL:0.0000 CON:0.0869 568s
Epoch [34/40] L:0.1470 D:0.0804 F:0.0282 H:0.5922 KL:0.0000 CON:0.0902 567s
Epoch [35/40] L:0.1423 D:0.0762 F:0.0276 H:0.5873 KL:0.0000 CON:0.0927 567s
Epoch [36/40] L:0.1403 D:0.0738 F:0.0276 H:0.5886 KL:0.0000 CON:0.0975 568s
  Val L:0.3125 ABS:0.4258 RMSE:1.3097 d1:0.5167
Epoch [37/40] L:0.1429 D:0.0758 F:0.0300 H:0.5888 KL:0.0000 CON:0.1046 568s
Epoch [38/40] L:0.1375 D:0.0715 F:0.0274 H:0.5807 KL:0.0000 CON:0.1041 567s
Epoch [39/40] L:0.1299 D:0.0642 F:0.0268 H:0.5786 KL:0.0000 CON:0.1045 567s
Epoch [40/40] L:0.1302 D:0.0641 F:0.0273 H:0.5812 KL:0.0000 CON:0.1047 566s
  Val L:0.3089 ABS:0.4487 RMSE:1.3016 d1:0.5313

Done. Best score:1.0060 RMSE:1.2597 ABS:0.4138
