============================================================
Model: foa_0415_v1  Dataset: soundspaces
BS: 32  LR: 0.001  Opt: AdamW
============================================================
Loaded scene split from /root/storage/matterport3d_0303renew/scene_split.json
  train: 72, val: 9, test: 9
[train] 23560 samples (fast cache: samples_train_erp_8b3be925d3ae.json) [ambisonic=ON]
  Precomputed SH basis matrix: (131072, 4) (order=1)
Loaded scene split from /root/storage/matterport3d_0303renew/scene_split.json
  train: 72, val: 9, test: 9
[val] 2951 samples (fast cache: samples_val_erp_be0f29dd7abf.json) [ambisonic=ON]
  Precomputed SH basis matrix: (131072, 4) (order=1)
Train: 23560, Val: 2951
Model: foa_0415_v1 (54.5M params)
Epoch [1/60] L:0.4393 D:0.4329 F:0.0647 200s
Epoch [2/60] L:0.3751 D:0.3702 F:0.0484 237s
Epoch [3/60] L:0.3584 D:0.3539 F:0.0442 243s
Epoch [4/60] L:0.3517 D:0.3474 F:0.0431 249s
  Val L:0.4206 ABS:0.4318 RMSE:1.3793 d1:0.4655
  >> Best (score:1.0951 RMSE:1.3793 ABS:0.4318)
Epoch [5/60] L:0.3395 D:0.3354 F:0.0409 250s
Epoch [6/60] L:0.3218 D:0.3179 F:0.0395 243s
Epoch [7/60] L:0.3125 D:0.3087 F:0.0382 230s
Epoch [8/60] L:0.3052 D:0.3014 F:0.0375 247s
  Val L:0.3611 ABS:0.4103 RMSE:1.2863 d1:0.5058
  >> Best (score:1.0235 RMSE:1.2863 ABS:0.4103)
Epoch [9/60] L:0.2992 D:0.2955 F:0.0368 255s
Epoch [10/60] L:0.2933 D:0.2896 F:0.0366 240s
Epoch [11/60] L:0.2869 D:0.2833 F:0.0357 239s
Epoch [12/60] L:0.2803 D:0.2768 F:0.0349 225s
  Val L:0.3582 ABS:0.3893 RMSE:1.2706 d1:0.5097
  >> Best (score:1.0062 RMSE:1.2706 ABS:0.3893)
Epoch [13/60] L:0.2737 D:0.2703 F:0.0341 225s
Epoch [14/60] L:0.2661 D:0.2627 F:0.0340 224s
Epoch [15/60] L:0.2595 D:0.2563 F:0.0328 227s
Epoch [16/60] L:0.2511 D:0.2478 F:0.0326 231s
  Val L:0.3587 ABS:0.3841 RMSE:1.2600 d1:0.5191
  >> Best (score:0.9972 RMSE:1.2600 ABS:0.3841)
Epoch [17/60] L:0.2425 D:0.2392 F:0.0328 233s
Epoch [18/60] L:0.2325 D:0.2293 F:0.0323 227s
Epoch [19/60] L:0.2238 D:0.2206 F:0.0320 233s
Epoch [20/60] L:0.2146 D:0.2114 F:0.0318 213s
  Val L:0.3753 ABS:0.3970 RMSE:1.2560 d1:0.5366
Epoch [21/60] L:0.2053 D:0.2022 F:0.0312 234s
Epoch [22/60] L:0.1964 D:0.1933 F:0.0313 239s
Epoch [23/60] L:0.1856 D:0.1825 F:0.0301 249s
Epoch [24/60] L:0.1774 D:0.1743 F:0.0306 235s
  Val L:0.3842 ABS:0.4250 RMSE:1.2572 d1:0.5356
Epoch [25/60] L:0.1683 D:0.1653 F:0.0298 222s
Epoch [26/60] L:0.1589 D:0.1560 F:0.0294 223s
Epoch [27/60] L:0.1514 D:0.1485 F:0.0289 229s
Epoch [28/60] L:0.1436 D:0.1407 F:0.0285 259s
  Val L:0.3990 ABS:0.4172 RMSE:1.2799 d1:0.5324
Epoch [29/60] L:0.1360 D:0.1332 F:0.0281 241s
Epoch [30/60] L:0.1288 D:0.1261 F:0.0279 262s
Epoch [31/60] L:0.1226 D:0.1199 F:0.0275 247s
Epoch [32/60] L:0.1171 D:0.1144 F:0.0274 254s
  Val L:0.4117 ABS:0.4220 RMSE:1.3087 d1:0.5297
Epoch [33/60] L:0.1110 D:0.1084 F:0.0266 254s
Epoch [34/60] L:0.1071 D:0.1045 F:0.0263 245s
Epoch [35/60] L:0.1020 D:0.0994 F:0.0260 258s
Epoch [36/60] L:0.0971 D:0.0945 F:0.0255 242s
  Val L:0.4167 ABS:0.4575 RMSE:1.3225 d1:0.5264
Epoch [37/60] L:0.0942 D:0.0916 F:0.0255 239s
Epoch [38/60] L:0.0894 D:0.0869 F:0.0255 268s
Epoch [39/60] L:0.0877 D:0.0852 F:0.0252 262s
Epoch [40/60] L:0.0836 D:0.0811 F:0.0250 250s
  Val L:0.4160 ABS:0.4504 RMSE:1.3198 d1:0.5271
Epoch [41/60] L:0.0788 D:0.0763 F:0.0250 238s
Epoch [42/60] L:0.0767 D:0.0742 F:0.0248 246s
Epoch [43/60] L:0.0743 D:0.0718 F:0.0247 253s
Epoch [44/60] L:0.0727 D:0.0703 F:0.0243 252s
  Val L:0.4134 ABS:0.4407 RMSE:1.3227 d1:0.5286
Epoch [45/60] L:0.0694 D:0.0670 F:0.0243 237s
Epoch [46/60] L:0.0674 D:0.0650 F:0.0240 250s
Epoch [47/60] L:0.0650 D:0.0627 F:0.0236 254s
Epoch [48/60] L:0.0629 D:0.0605 F:0.0237 226s
  Val L:0.4240 ABS:0.4507 RMSE:1.3423 d1:0.5326
Epoch [49/60] L:0.0614 D:0.0590 F:0.0236 285s
Epoch [50/60] L:0.0740 D:0.0715 F:0.0244 242s
Epoch [51/60] L:0.0569 D:0.0546 F:0.0232 250s
Epoch [52/60] L:0.0527 D:0.0504 F:0.0229 258s
  Val L:0.4179 ABS:0.4349 RMSE:1.3340 d1:0.5391
Epoch [53/60] L:0.0523 D:0.0500 F:0.0229 251s
Epoch [54/60] L:0.0535 D:0.0512 F:0.0227 233s
Epoch [55/60] L:0.0705 D:0.0682 F:0.0238 274s
Epoch [56/60] L:0.0537 D:0.0514 F:0.0225 390s
  Val L:0.4240 ABS:0.4475 RMSE:1.3417 d1:0.5336
Epoch [57/60] L:0.0469 D:0.0447 F:0.0222 338s
Epoch [58/60] L:0.0454 D:0.0432 F:0.0219 423s
Epoch [59/60] L:0.0467 D:0.0446 F:0.0217 291s
Epoch [60/60] L:0.0584 D:0.0562 F:0.0227 296s
  Val L:0.4440 ABS:0.4831 RMSE:1.3708 d1:0.5086

Done. Best score:0.9972 RMSE:1.2600 ABS:0.3841
