============================================================
Model: foa_0415_v1  Dataset: soundspaces
BS: 32  LR: 0.0005  Opt: AdamW
============================================================
Loaded scene split from /root/storage/matterport3d_0303renew/scene_split.json
  train: 72, val: 9, test: 9
[train] 23560 samples (fast cache: samples_train_erp_8b3be925d3ae.json) [ambisonic=ON]
  Precomputed SH basis matrix: (131072, 4) (order=1)
Loaded scene split from /root/storage/matterport3d_0303renew/scene_split.json
  train: 72, val: 9, test: 9
[val] 2951 samples (fast cache: samples_val_erp_be0f29dd7abf.json) [ambisonic=ON]
  Precomputed SH basis matrix: (131072, 4) (order=1)
Train: 23560, Val: 2951
Model: foa_0415_v1 (54.5M params)
Epoch [1/60] L:0.4501 D:0.4238 F:0.0526 228s
Epoch [2/60] L:0.3787 D:0.3605 F:0.0364 228s
Epoch [3/60] L:0.3663 D:0.3491 F:0.0343 226s
Epoch [4/60] L:0.3485 D:0.3317 F:0.0337 231s
  Val L:0.3983 ABS:0.4099 RMSE:1.3337 d1:0.4756
  >> Best (score:1.0566 RMSE:1.3337 ABS:0.4099)
Epoch [5/60] L:0.3328 D:0.3170 F:0.0315 228s
Epoch [6/60] L:0.3238 D:0.3087 F:0.0302 246s
Epoch [7/60] L:0.3162 D:0.3018 F:0.0288 242s
Epoch [8/60] L:0.3093 D:0.2950 F:0.0286 233s
  Val L:0.3677 ABS:0.4266 RMSE:1.2560 d1:0.5020
  >> Best (score:1.0072 RMSE:1.2560 ABS:0.4266)
Epoch [9/60] L:0.3034 D:0.2894 F:0.0279 234s
Epoch [10/60] L:0.2965 D:0.2828 F:0.0275 236s
Epoch [11/60] L:0.2898 D:0.2763 F:0.0270 238s
Epoch [12/60] L:0.2831 D:0.2700 F:0.0263 230s
  Val L:0.3642 ABS:0.3831 RMSE:1.2631 d1:0.5063
  >> Best (score:0.9991 RMSE:1.2631 ABS:0.3831)
Epoch [13/60] L:0.2765 D:0.2633 F:0.0263 216s
Epoch [14/60] L:0.2691 D:0.2561 F:0.0260 229s
Epoch [15/60] L:0.2613 D:0.2486 F:0.0256 216s
Epoch [16/60] L:0.2527 D:0.2400 F:0.0255 237s
  Val L:0.3672 ABS:0.3862 RMSE:1.2630 d1:0.5220
Epoch [17/60] L:0.2444 D:0.2317 F:0.0253 209s
Epoch [18/60] L:0.2365 D:0.2240 F:0.0249 240s
Epoch [19/60] L:0.2267 D:0.2145 F:0.0245 248s
Epoch [20/60] L:0.2189 D:0.2067 F:0.0245 239s
  Val L:0.3866 ABS:0.3882 RMSE:1.2549 d1:0.5299
  >> Best (score:0.9949 RMSE:1.2549 ABS:0.3882)
Epoch [21/60] L:0.2090 D:0.1969 F:0.0243 259s
Epoch [22/60] L:0.1999 D:0.1881 F:0.0238 229s
Epoch [23/60] L:0.1923 D:0.1806 F:0.0236 237s
Epoch [24/60] L:0.1843 D:0.1727 F:0.0233 238s
  Val L:0.3928 ABS:0.4350 RMSE:1.2447 d1:0.5308
Epoch [25/60] L:0.1750 D:0.1636 F:0.0229 239s
Epoch [26/60] L:0.1672 D:0.1558 F:0.0226 245s
Epoch [27/60] L:0.1607 D:0.1495 F:0.0226 241s
Epoch [28/60] L:0.1535 D:0.1425 F:0.0221 241s
  Val L:0.4054 ABS:0.4371 RMSE:1.2802 d1:0.5226
Epoch [29/60] L:0.1466 D:0.1358 F:0.0215 220s
Epoch [30/60] L:0.1403 D:0.1295 F:0.0216 252s
Epoch [31/60] L:0.1342 D:0.1236 F:0.0214 277s
Epoch [32/60] L:0.1295 D:0.1191 F:0.0207 272s
  Val L:0.4155 ABS:0.4409 RMSE:1.2843 d1:0.5296
Epoch [33/60] L:0.1248 D:0.1145 F:0.0205 253s
Epoch [34/60] L:0.1202 D:0.1099 F:0.0205 238s
Epoch [35/60] L:0.1156 D:0.1056 F:0.0200 232s
Epoch [36/60] L:0.1120 D:0.1020 F:0.0199 244s
  Val L:0.4222 ABS:0.4572 RMSE:1.3040 d1:0.5262
Epoch [37/60] L:0.1077 D:0.0981 F:0.0194 255s
Epoch [38/60] L:0.1034 D:0.0939 F:0.0190 258s
Epoch [39/60] L:0.1007 D:0.0913 F:0.0189 250s
Epoch [40/60] L:0.0967 D:0.0875 F:0.0186 261s
  Val L:0.4151 ABS:0.4421 RMSE:1.3036 d1:0.5301
Epoch [41/60] L:0.0936 D:0.0846 F:0.0181 239s
Epoch [42/60] L:0.0914 D:0.0825 F:0.0178 230s
Epoch [43/60] L:0.0876 D:0.0789 F:0.0175 247s
Epoch [44/60] L:0.0850 D:0.0763 F:0.0174 233s
  Val L:0.4246 ABS:0.4166 RMSE:1.3243 d1:0.5323
Epoch [45/60] L:0.0830 D:0.0745 F:0.0170 235s
Epoch [46/60] L:0.0796 D:0.0714 F:0.0165 228s
Epoch [47/60] L:0.0771 D:0.0689 F:0.0164 239s
Epoch [48/60] L:0.0752 D:0.0671 F:0.0162 303s
  Val L:0.4304 ABS:0.4445 RMSE:1.3293 d1:0.5353
Epoch [49/60] L:0.0733 D:0.0654 F:0.0158 240s
Epoch [50/60] L:0.0714 D:0.0636 F:0.0156 245s
Epoch [51/60] L:0.0694 D:0.0618 F:0.0153 337s
Epoch [52/60] L:0.0680 D:0.0605 F:0.0150 307s
  Val L:0.4234 ABS:0.4487 RMSE:1.3298 d1:0.5310
Epoch [53/60] L:0.0655 D:0.0581 F:0.0148 240s
Epoch [54/60] L:0.0635 D:0.0563 F:0.0144 228s
Epoch [55/60] L:0.0622 D:0.0551 F:0.0143 232s
Epoch [56/60] L:0.0609 D:0.0539 F:0.0140 254s
  Val L:0.4199 ABS:0.4430 RMSE:1.3293 d1:0.5329
Epoch [57/60] L:0.0597 D:0.0528 F:0.0137 237s
Epoch [58/60] L:0.0584 D:0.0517 F:0.0135 232s
Epoch [59/60] L:0.0564 D:0.0498 F:0.0132 237s
Epoch [60/60] L:0.0552 D:0.0487 F:0.0129 232s
  Val L:0.4228 ABS:0.4385 RMSE:1.3305 d1:0.5339

Done. Best score:0.9949 RMSE:1.2549 ABS:0.3882
