============================================================
Model: foa_0415_v3  Dataset: soundspaces
BS: 32  LR: 0.0005  Opt: AdamW
============================================================
Loaded scene split from /root/storage/matterport3d_0303renew/scene_split.json
  train: 72, val: 9, test: 9
[train] 23560 samples (fast cache: samples_train_erp_8b3be925d3ae.json) [ambisonic=ON]
  Precomputed SH basis matrix: (131072, 4) (order=1)
Loaded scene split from /root/storage/matterport3d_0303renew/scene_split.json
  train: 72, val: 9, test: 9
[val] 2951 samples (fast cache: samples_val_erp_be0f29dd7abf.json) [ambisonic=ON]
  Precomputed SH basis matrix: (131072, 4) (order=1)
Train: 23560, Val: 2951
Model: foa_0415_v3 (54.5M params)
Epoch [1/60] L:0.4250 D:0.4192 F:0.0575 1064s
Epoch [2/60] L:0.3604 D:0.3562 F:0.0422 1192s
Epoch [3/60] L:0.3403 D:0.3363 F:0.0405 881s
Epoch [4/60] L:0.3264 D:0.3224 F:0.0397 434s
  Val L:0.3812 ABS:0.4430 RMSE:1.3207 d1:0.4680
  >> Best (score:1.0574 RMSE:1.3207 ABS:0.4430)
Epoch [5/60] L:0.3163 D:0.3124 F:0.0389 529s
Epoch [6/60] L:0.3098 D:0.3060 F:0.0378 564s
Epoch [7/60] L:0.3031 D:0.2995 F:0.0367 531s
Epoch [8/60] L:0.2965 D:0.2928 F:0.0363 393s
  Val L:0.3755 ABS:0.3857 RMSE:1.3276 d1:0.4897
  >> Best (score:1.0450 RMSE:1.3276 ABS:0.3857)
Epoch [9/60] L:0.2889 D:0.2855 F:0.0344 573s
Epoch [10/60] L:0.2826 D:0.2792 F:0.0338 430s
Epoch [11/60] L:0.2768 D:0.2735 F:0.0331 589s
Epoch [12/60] L:0.2702 D:0.2670 F:0.0322 425s
  Val L:0.3609 ABS:0.3845 RMSE:1.2728 d1:0.5098
  >> Best (score:1.0063 RMSE:1.2728 ABS:0.3845)
Epoch [13/60] L:0.2627 D:0.2595 F:0.0320 549s
Epoch [14/60] L:0.2554 D:0.2522 F:0.0318 340s
Epoch [15/60] L:0.2473 D:0.2441 F:0.0313 287s
Epoch [16/60] L:0.2390 D:0.2358 F:0.0314 255s
  Val L:0.3643 ABS:0.4177 RMSE:1.2374 d1:0.5208
  >> Best (score:0.9915 RMSE:1.2374 ABS:0.4177)
Epoch [17/60] L:0.2295 D:0.2264 F:0.0310 276s
Epoch [18/60] L:0.2211 D:0.2180 F:0.0309 257s
Epoch [19/60] L:0.2130 D:0.2099 F:0.0309 258s
Epoch [20/60] L:0.2037 D:0.2007 F:0.0300 259s
  Val L:0.3860 ABS:0.4002 RMSE:1.2524 d1:0.5230
Epoch [21/60] L:0.1947 D:0.1917 F:0.0304 300s
Epoch [22/60] L:0.1854 D:0.1824 F:0.0300 279s
Epoch [23/60] L:0.1774 D:0.1744 F:0.0294 281s
Epoch [24/60] L:0.1686 D:0.1657 F:0.0290 290s
  Val L:0.3975 ABS:0.4328 RMSE:1.2763 d1:0.5230
Epoch [25/60] L:0.1609 D:0.1579 F:0.0293 270s
Epoch [26/60] L:0.1525 D:0.1496 F:0.0288 573s
Epoch [27/60] L:0.1460 D:0.1431 F:0.0287 320s
Epoch [28/60] L:0.1390 D:0.1362 F:0.0284 457s
  Val L:0.3982 ABS:0.4144 RMSE:1.2791 d1:0.5336
Epoch [29/60] L:0.1329 D:0.1301 F:0.0282 665s
Epoch [30/60] L:0.1279 D:0.1251 F:0.0276 413s
Epoch [31/60] L:0.1213 D:0.1185 F:0.0278 280s
Epoch [32/60] L:0.1159 D:0.1131 F:0.0273 264s
  Val L:0.4102 ABS:0.4470 RMSE:1.3052 d1:0.5240
Epoch [33/60] L:0.1118 D:0.1091 F:0.0271 276s
Epoch [34/60] L:0.1085 D:0.1058 F:0.0271 292s
Epoch [35/60] L:0.1038 D:0.1011 F:0.0268 268s
Epoch [36/60] L:0.0987 D:0.0961 F:0.0266 268s
  Val L:0.4172 ABS:0.4388 RMSE:1.3226 d1:0.5284
Epoch [37/60] L:0.0950 D:0.0924 F:0.0262 272s
Epoch [38/60] L:0.0918 D:0.0892 F:0.0259 272s
Epoch [39/60] L:0.0893 D:0.0867 F:0.0259 326s
Epoch [40/60] L:0.0861 D:0.0835 F:0.0254 350s
  Val L:0.4126 ABS:0.4572 RMSE:1.3157 d1:0.5371
Epoch [41/60] L:0.0830 D:0.0804 F:0.0252 345s
Epoch [42/60] L:0.0797 D:0.0772 F:0.0250 348s
Epoch [43/60] L:0.0777 D:0.0752 F:0.0249 320s
Epoch [44/60] L:0.0755 D:0.0730 F:0.0245 296s
  Val L:0.4072 ABS:0.4415 RMSE:1.3151 d1:0.5329
Epoch [45/60] L:0.0723 D:0.0698 F:0.0244 284s
Epoch [46/60] L:0.0702 D:0.0678 F:0.0243 299s
Epoch [47/60] L:0.0681 D:0.0657 F:0.0239 334s
Epoch [48/60] L:0.0661 D:0.0638 F:0.0234 277s
  Val L:0.4135 ABS:0.4578 RMSE:1.3183 d1:0.5292
Epoch [49/60] L:0.0650 D:0.0627 F:0.0233 283s
Epoch [50/60] L:0.0630 D:0.0607 F:0.0234 578s
Epoch [51/60] L:0.0613 D:0.0590 F:0.0231 683s
Epoch [52/60] L:0.0599 D:0.0576 F:0.0228 313s
  Val L:0.4117 ABS:0.4710 RMSE:1.3256 d1:0.5331
Epoch [53/60] L:0.0575 D:0.0552 F:0.0223 384s
Epoch [54/60] L:0.0561 D:0.0539 F:0.0222 343s
Epoch [55/60] L:0.0548 D:0.0526 F:0.0221 259s
Epoch [56/60] L:0.0548 D:0.0526 F:0.0222 246s
  Val L:0.4164 ABS:0.4487 RMSE:1.3292 d1:0.5338
Epoch [57/60] L:0.0529 D:0.0507 F:0.0216 237s
Epoch [58/60] L:0.0521 D:0.0499 F:0.0214 240s
Epoch [59/60] L:0.0495 D:0.0474 F:0.0209 226s
Epoch [60/60] L:0.0489 D:0.0468 F:0.0210 235s
  Val L:0.4076 ABS:0.4412 RMSE:1.3179 d1:0.5368

Done. Best score:0.9915 RMSE:1.2374 ABS:0.4177
