============================================================
Model: audio_depth_foa  Dataset: soundspaces
BS: 32  LR: 0.0003  Opt: AdamW
============================================================
Loaded scene split from /root/storage/matterport3d_0303renew/scene_split.json
  train: 72, val: 9, test: 9
[train] 23560 samples from 72 scenes (filtered 5240 with >10% no-depth) [ambisonic=ON]
  Precomputed SH basis matrix: (131072, 4) (order=1)
Loaded scene split from /root/storage/matterport3d_0303renew/scene_split.json
  train: 72, val: 9, test: 9
[val] 2951 samples from 9 scenes (filtered 592 with >10% no-depth) [ambisonic=ON]
  Precomputed SH basis matrix: (131072, 4) (order=1)
Train: 23560, Val: 2951
Model: audio_depth_foa (55.0M params)
Epoch [1/40] L:0.3036 D:0.2506 F:0.0829 H:0.3639 KL:0.0000 184s
Epoch [2/40] L:0.2611 D:0.2189 F:0.0478 H:0.3266 KL:0.0000 178s
Epoch [3/40] L:0.2482 D:0.2051 F:0.0442 H:0.3427 KL:0.0000 194s
Epoch [4/40] L:0.2395 D:0.1966 F:0.0412 H:0.3471 KL:0.0000 180s
  Val L:0.2785 ABS:0.4373 RMSE:1.2868 d1:0.4808
  >> Best (score:1.0319 RMSE:1.2868 ABS:0.4373)
Epoch [5/40] L:0.2344 D:0.1916 F:0.0393 H:0.3486 KL:0.0000 182s
Epoch [6/40] L:0.2298 D:0.1873 F:0.0377 H:0.3490 KL:0.0000 187s
Epoch [7/40] L:0.2253 D:0.1832 F:0.0366 H:0.3481 KL:0.0000 303s
Epoch [8/40] L:0.2202 D:0.1795 F:0.0352 H:0.3370 KL:0.0000 318s
  Val L:0.2614 ABS:0.4264 RMSE:1.2343 d1:0.5139
  >> Best (score:0.9920 RMSE:1.2343 ABS:0.4264)
Epoch [9/40] L:0.2153 D:0.1757 F:0.0344 H:0.3279 KL:0.0000 285s
Epoch [10/40] L:0.2105 D:0.1712 F:0.0339 H:0.3254 KL:0.0000 175s
Epoch [11/40] L:0.2063 D:0.1672 F:0.0333 H:0.3243 KL:0.0000 184s
Epoch [12/40] L:0.2020 D:0.1630 F:0.0331 H:0.3239 KL:0.0000 242s
  Val L:0.2696 ABS:0.3830 RMSE:1.2765 d1:0.5088
Epoch [13/40] L:0.1969 D:0.1581 F:0.0324 H:0.3238 KL:0.0000 145s
Epoch [14/40] L:0.1920 D:0.1534 F:0.0316 H:0.3229 KL:0.0000 118s
Epoch [15/40] L:0.1867 D:0.1485 F:0.0316 H:0.3187 KL:0.0000 118s
Epoch [16/40] L:0.1802 D:0.1439 F:0.0311 H:0.3011 KL:0.0000 119s
  Val L:0.2608 ABS:0.3910 RMSE:1.2474 d1:0.5273
  >> Best (score:0.9905 RMSE:1.2474 ABS:0.3910)
Epoch [17/40] L:0.1735 D:0.1379 F:0.0309 H:0.2943 KL:0.0000 122s
Epoch [18/40] L:0.1679 D:0.1327 F:0.0305 H:0.2905 KL:0.0000 118s
Epoch [19/40] L:0.1627 D:0.1279 F:0.0302 H:0.2877 KL:0.0000 119s
Epoch [20/40] L:0.1568 D:0.1223 F:0.0301 H:0.2849 KL:0.0000 118s
  Val L:0.2673 ABS:0.4208 RMSE:1.2442 d1:0.5331
Epoch [21/40] L:0.1514 D:0.1172 F:0.0296 H:0.2833 KL:0.0000 119s
Epoch [22/40] L:0.1460 D:0.1121 F:0.0291 H:0.2813 KL:0.0000 133s
Epoch [23/40] L:0.1408 D:0.1071 F:0.0290 H:0.2788 KL:0.0000 125s
Epoch [24/40] L:0.1352 D:0.1019 F:0.0289 H:0.2752 KL:0.0000 118s
  Val L:0.2794 ABS:0.4194 RMSE:1.2658 d1:0.5255
Epoch [25/40] L:0.1299 D:0.0969 F:0.0284 H:0.2728 KL:0.0000 120s
Epoch [26/40] L:0.1253 D:0.0927 F:0.0283 H:0.2699 KL:0.0000 182s
Epoch [27/40] L:0.1208 D:0.0885 F:0.0281 H:0.2664 KL:0.0000 192s
Epoch [28/40] L:0.1165 D:0.0846 F:0.0274 H:0.2633 KL:0.0000 193s
  Val L:0.2775 ABS:0.4205 RMSE:1.2650 d1:0.5275
Epoch [29/40] L:0.1124 D:0.0811 F:0.0274 H:0.2583 KL:0.0000 191s
Epoch [30/40] L:0.1092 D:0.0781 F:0.0272 H:0.2565 KL:0.0000 188s
Epoch [31/40] L:0.1054 D:0.0747 F:0.0266 H:0.2542 KL:0.0000 198s
Epoch [32/40] L:0.1024 D:0.0720 F:0.0264 H:0.2513 KL:0.0000 146s
  Val L:0.2834 ABS:0.4276 RMSE:1.2798 d1:0.5350
Epoch [33/40] L:0.0995 D:0.0693 F:0.0263 H:0.2491 KL:0.0000 131s
Epoch [34/40] L:0.0966 D:0.0667 F:0.0261 H:0.2465 KL:0.0000 125s
Epoch [35/40] L:0.0939 D:0.0644 F:0.0257 H:0.2434 KL:0.0000 118s
Epoch [36/40] L:0.0920 D:0.0627 F:0.0254 H:0.2420 KL:0.0000 118s
  Val L:0.2852 ABS:0.4385 RMSE:1.2907 d1:0.5297
Epoch [37/40] L:0.0898 D:0.0607 F:0.0250 H:0.2406 KL:0.0000 126s
Epoch [38/40] L:0.0875 D:0.0587 F:0.0249 H:0.2383 KL:0.0000 118s
Epoch [39/40] L:0.0851 D:0.0566 F:0.0243 H:0.2362 KL:0.0000 125s
Epoch [40/40] L:0.0833 D:0.0548 F:0.0244 H:0.2356 KL:0.0000 126s
  Val L:0.2856 ABS:0.4406 RMSE:1.2873 d1:0.5365

Done. Best score:0.9905 RMSE:1.2474 ABS:0.3910
