/opt/conda/lib/python3.9/site-packages/timm/models/layers/__init__.py:49: FutureWarning: Importing from timm.models.layers is deprecated, please import via timm.layers
  warnings.warn(f"Importing from {__name__} is deprecated, please import via timm.layers", FutureWarning)
============================================================
Model: n3_temporal_window  Dataset: soundspaces
BS: 32  LR: 0.001  Opt: AdamW
============================================================
Loaded scene split from /root/storage/matterport3d_0303renew/scene_split.json
  train: 72, val: 9, test: 9
[train] 23560 samples (fast cache: samples_train_erp_8b3be925d3ae.json) [ambisonic=ON]
  Precomputed SH basis matrix: (131072, 4) (order=1)
Loaded scene split from /root/storage/matterport3d_0303renew/scene_split.json
  train: 72, val: 9, test: 9
[val] 2951 samples (fast cache: samples_val_erp_be0f29dd7abf.json) [ambisonic=ON]
  Precomputed SH basis matrix: (131072, 4) (order=1)
Train: 23560, Val: 2951
Model: n3_temporal_window (55.3M params)
Epoch [1/60] L:0.4713 D:0.4455 F:0.0858 328s
Epoch [2/60] L:0.3844 D:0.3703 F:0.0469 319s
Epoch [3/60] L:0.3528 D:0.3399 F:0.0431 319s
Epoch [4/60] L:0.3387 D:0.3265 F:0.0406 325s
  Val L:0.5795 ABS:0.4774 RMSE:1.5526 d1:0.3933
  >> Best (score:1.2300 RMSE:1.5526 ABS:0.4774)
Epoch [5/60] L:0.3298 D:0.3183 F:0.0384 326s
Epoch [6/60] L:0.3239 D:0.3125 F:0.0379 384s
Epoch [7/60] L:0.3196 D:0.3084 F:0.0371 322s
Epoch [8/60] L:0.3135 D:0.3025 F:0.0367 337s
  Val L:0.5646 ABS:0.4631 RMSE:1.4780 d1:0.4428
  >> Best (score:1.1735 RMSE:1.4780 ABS:0.4631)
Epoch [9/60] L:0.3087 D:0.2979 F:0.0362 450s
Epoch [10/60] L:0.3044 D:0.2933 F:0.0370 1907s
Epoch [11/60] L:0.2994 D:0.2883 F:0.0371 2332s
Epoch [12/60] L:0.2968 D:0.2859 F:0.0365 1162s
  Val L:0.7378 ABS:0.3961 RMSE:1.4944 d1:0.4512
  >> Best (score:1.1649 RMSE:1.4944 ABS:0.3961)
Epoch [13/60] L:0.2923 D:0.2815 F:0.0361 1818s
Epoch [14/60] L:0.2885 D:0.2777 F:0.0361 1057s
Epoch [15/60] L:0.2850 D:0.2741 F:0.0362 319s
Epoch [16/60] L:0.2796 D:0.2691 F:0.0350 385s
  Val L:0.5641 ABS:0.4170 RMSE:1.4170 d1:0.4662
  >> Best (score:1.1170 RMSE:1.4170 ABS:0.4170)
Epoch [17/60] L:0.2723 D:0.2620 F:0.0345 341s
Epoch [18/60] L:0.2651 D:0.2549 F:0.0341 213s
Epoch [19/60] L:0.2594 D:0.2492 F:0.0340 196s
Epoch [20/60] L:0.2571 D:0.2469 F:0.0343 211s
  Val L:1.1216 ABS:0.4279 RMSE:1.3842 d1:0.4793
  >> Best (score:1.0973 RMSE:1.3842 ABS:0.4279)
Epoch [21/60] L:0.2473 D:0.2371 F:0.0340 323s
Epoch [22/60] L:0.2394 D:0.2295 F:0.0333 311s
Epoch [23/60] L:0.2335 D:0.2237 F:0.0326 354s
Epoch [24/60] L:0.2240 D:0.2142 F:0.0326 341s
  Val L:1.1116 ABS:0.4408 RMSE:1.3653 d1:0.4883
  >> Best (score:1.0879 RMSE:1.3653 ABS:0.4408)
Epoch [25/60] L:0.2153 D:0.2057 F:0.0320 349s
Epoch [26/60] L:0.2063 D:0.1967 F:0.0319 405s
Epoch [27/60] L:0.1992 D:0.1897 F:0.0315 313s
Epoch [28/60] L:0.1915 D:0.1822 F:0.0309 353s
  Val L:0.9900 ABS:0.4712 RMSE:1.3353 d1:0.5011
  >> Best (score:1.0761 RMSE:1.3353 ABS:0.4712)
Epoch [29/60] L:0.1816 D:0.1724 F:0.0306 372s
Epoch [30/60] L:0.1735 D:0.1646 F:0.0299 347s
Epoch [31/60] L:0.1660 D:0.1571 F:0.0295 342s
Epoch [32/60] L:0.1570 D:0.1485 F:0.0283 336s
  Val L:1.1572 ABS:0.5208 RMSE:1.3486 d1:0.5007
Epoch [33/60] L:0.1499 D:0.1414 F:0.0284 368s
Epoch [34/60] L:0.1436 D:0.1350 F:0.0289 354s
Epoch [35/60] L:0.1385 D:0.1300 F:0.0283 344s
Epoch [36/60] L:0.1317 D:0.1234 F:0.0279 345s
  Val L:0.8760 ABS:0.4761 RMSE:1.3608 d1:0.4977
Epoch [37/60] L:0.1263 D:0.1179 F:0.0279 347s
Epoch [38/60] L:0.1218 D:0.1135 F:0.0277 354s
Epoch [39/60] L:0.1166 D:0.1083 F:0.0277 349s
Epoch [40/60] L:0.1137 D:0.1054 F:0.0276 344s
  Val L:0.9274 ABS:0.4796 RMSE:1.3846 d1:0.4925
Epoch [41/60] L:0.1093 D:0.1012 F:0.0269 361s
Epoch [42/60] L:0.1062 D:0.0981 F:0.0270 366s
Epoch [43/60] L:0.1011 D:0.0932 F:0.0264 371s
Epoch [44/60] L:0.0969 D:0.0890 F:0.0263 396s
  Val L:0.8534 ABS:0.4680 RMSE:1.3730 d1:0.5073
Epoch [45/60] L:0.0948 D:0.0869 F:0.0262 385s
Epoch [46/60] L:0.0924 D:0.0846 F:0.0261 363s
Epoch [47/60] L:0.0893 D:0.0816 F:0.0258 370s
Epoch [48/60] L:0.0864 D:0.0787 F:0.0255 359s
  Val L:0.7589 ABS:0.4908 RMSE:1.3846 d1:0.5035
Epoch [49/60] L:0.0858 D:0.0781 F:0.0255 361s
Epoch [50/60] L:0.0825 D:0.0750 F:0.0248 358s
Epoch [51/60] L:0.0787 D:0.0712 F:0.0248 373s
Epoch [52/60] L:0.0782 D:0.0709 F:0.0244 376s
  Val L:0.6975 ABS:0.4845 RMSE:1.3815 d1:0.5058
Epoch [53/60] L:0.0760 D:0.0688 F:0.0243 357s
Epoch [54/60] L:0.0736 D:0.0664 F:0.0239 350s
Epoch [55/60] L:0.0725 D:0.0654 F:0.0238 363s
Epoch [56/60] L:0.0713 D:0.0641 F:0.0238 353s
  Val L:0.6780 ABS:0.5351 RMSE:1.3856 d1:0.5061
Epoch [57/60] L:0.0685 D:0.0615 F:0.0234 352s
Epoch [58/60] L:0.0679 D:0.0610 F:0.0230 349s
Epoch [59/60] L:0.0669 D:0.0600 F:0.0228 356s
Epoch [60/60] L:0.0636 D:0.0569 F:0.0224 353s
  Val L:0.6600 ABS:0.5134 RMSE:1.3915 d1:0.5049

Done. Best score:1.0761 RMSE:1.3353 ABS:0.4712
