============================================================
Model: foa_0415_v4  Dataset: soundspaces
BS: 32  LR: 0.0005  Opt: AdamW
============================================================
Loaded scene split from /root/storage/matterport3d_0303renew/scene_split.json
  train: 72, val: 9, test: 9
[train] 23560 samples (fast cache: samples_train_erp_8b3be925d3ae.json) [ambisonic=ON]
  Precomputed SH basis matrix: (131072, 4) (order=1)
Loaded scene split from /root/storage/matterport3d_0303renew/scene_split.json
  train: 72, val: 9, test: 9
[val] 2951 samples (fast cache: samples_val_erp_be0f29dd7abf.json) [ambisonic=ON]
  Precomputed SH basis matrix: (131072, 4) (order=1)
Train: 23560, Val: 2951
Model: foa_0415_v4 (54.7M params)
Epoch [1/60] L:0.4401 D:0.4146 F:0.0510 293s
Epoch [2/60] L:0.3833 D:0.3647 F:0.0373 251s
Epoch [3/60] L:0.3602 D:0.3426 F:0.0351 246s
Epoch [4/60] L:0.3411 D:0.3245 F:0.0331 230s
  Val L:0.3951 ABS:0.4133 RMSE:1.3322 d1:0.4744
  >> Best (score:1.0566 RMSE:1.3322 ABS:0.4133)
Epoch [5/60] L:0.3290 D:0.3135 F:0.0311 241s
Epoch [6/60] L:0.3203 D:0.3051 F:0.0304 193s
Epoch [7/60] L:0.3144 D:0.2997 F:0.0293 210s
Epoch [8/60] L:0.3063 D:0.2919 F:0.0288 236s
  Val L:0.3750 ABS:0.3864 RMSE:1.2657 d1:0.4949
  >> Best (score:1.0019 RMSE:1.2657 ABS:0.3864)
Epoch [9/60] L:0.2996 D:0.2855 F:0.0282 237s
Epoch [10/60] L:0.2939 D:0.2801 F:0.0277 226s
Epoch [11/60] L:0.2859 D:0.2724 F:0.0270 222s
Epoch [12/60] L:0.2786 D:0.2652 F:0.0267 241s
  Val L:0.3657 ABS:0.3809 RMSE:1.2528 d1:0.5167
  >> Best (score:0.9912 RMSE:1.2528 ABS:0.3809)
Epoch [13/60] L:0.2707 D:0.2576 F:0.0262 244s
Epoch [14/60] L:0.2634 D:0.2504 F:0.0260 255s
Epoch [15/60] L:0.2555 D:0.2425 F:0.0259 234s
Epoch [16/60] L:0.2456 D:0.2328 F:0.0255 238s
  Val L:0.3681 ABS:0.4020 RMSE:1.2361 d1:0.5307
  >> Best (score:0.9859 RMSE:1.2361 ABS:0.4020)
Epoch [17/60] L:0.2367 D:0.2242 F:0.0250 243s
Epoch [18/60] L:0.2270 D:0.2146 F:0.0248 235s
Epoch [19/60] L:0.2190 D:0.2067 F:0.0247 210s
Epoch [20/60] L:0.2095 D:0.1973 F:0.0243 226s
  Val L:0.3846 ABS:0.3972 RMSE:1.2606 d1:0.5274
Epoch [21/60] L:0.2005 D:0.1887 F:0.0238 224s
Epoch [22/60] L:0.1920 D:0.1801 F:0.0237 222s
Epoch [23/60] L:0.1820 D:0.1703 F:0.0233 242s
Epoch [24/60] L:0.1750 D:0.1634 F:0.0231 217s
  Val L:0.3861 ABS:0.4209 RMSE:1.2452 d1:0.5350
Epoch [25/60] L:0.1663 D:0.1550 F:0.0226 231s
Epoch [26/60] L:0.1581 D:0.1469 F:0.0223 216s
Epoch [27/60] L:0.1516 D:0.1407 F:0.0219 246s
Epoch [28/60] L:0.1450 D:0.1341 F:0.0219 278s
  Val L:0.4016 ABS:0.4272 RMSE:1.2760 d1:0.5301
Epoch [29/60] L:0.1378 D:0.1272 F:0.0212 229s
Epoch [30/60] L:0.1319 D:0.1213 F:0.0213 230s
Epoch [31/60] L:0.1269 D:0.1164 F:0.0210 249s
Epoch [32/60] L:0.1229 D:0.1125 F:0.0207 242s
  Val L:0.4065 ABS:0.4229 RMSE:1.2817 d1:0.5359
Epoch [33/60] L:0.1175 D:0.1072 F:0.0206 251s
Epoch [34/60] L:0.1133 D:0.1032 F:0.0202 227s
Epoch [35/60] L:0.1085 D:0.0986 F:0.0197 242s
Epoch [36/60] L:0.1050 D:0.0953 F:0.0195 239s
  Val L:0.4140 ABS:0.4267 RMSE:1.2946 d1:0.5403
Epoch [37/60] L:0.1011 D:0.0913 F:0.0194 200s
Epoch [38/60] L:0.0974 D:0.0880 F:0.0188 243s
Epoch [39/60] L:0.0953 D:0.0860 F:0.0188 256s
Epoch [40/60] L:0.0917 D:0.0825 F:0.0183 264s
  Val L:0.4189 ABS:0.4268 RMSE:1.3098 d1:0.5377
Epoch [41/60] L:0.0881 D:0.0791 F:0.0179 244s
Epoch [42/60] L:0.0851 D:0.0764 F:0.0175 239s
Epoch [43/60] L:0.0843 D:0.0756 F:0.0173 247s
Epoch [44/60] L:0.0815 D:0.0729 F:0.0172 227s
  Val L:0.4227 ABS:0.4361 RMSE:1.3145 d1:0.5290
Epoch [45/60] L:0.0785 D:0.0701 F:0.0167 260s
Epoch [46/60] L:0.0760 D:0.0678 F:0.0165 232s
Epoch [47/60] L:0.0736 D:0.0655 F:0.0164 248s
Epoch [48/60] L:0.0717 D:0.0637 F:0.0158 258s
  Val L:0.4118 ABS:0.4426 RMSE:1.3136 d1:0.5397
Epoch [49/60] L:0.0695 D:0.0617 F:0.0156 239s
Epoch [50/60] L:0.0678 D:0.0601 F:0.0154 223s
Epoch [51/60] L:0.0659 D:0.0585 F:0.0149 234s
Epoch [52/60] L:0.0654 D:0.0580 F:0.0148 223s
  Val L:0.4224 ABS:0.4323 RMSE:1.3169 d1:0.5349
Epoch [53/60] L:0.0639 D:0.0565 F:0.0146 238s
Epoch [54/60] L:0.0607 D:0.0536 F:0.0142 233s
Epoch [55/60] L:0.0594 D:0.0525 F:0.0139 262s
Epoch [56/60] L:0.0595 D:0.0525 F:0.0139 266s
  Val L:0.4232 ABS:0.4327 RMSE:1.3252 d1:0.5370
Epoch [57/60] L:0.0587 D:0.0519 F:0.0136 217s
Epoch [58/60] L:0.0554 D:0.0487 F:0.0133 231s
Epoch [59/60] L:0.0538 D:0.0473 F:0.0130 331s
Epoch [60/60] L:0.0531 D:0.0467 F:0.0129 288s
  Val L:0.4183 ABS:0.4441 RMSE:1.3198 d1:0.5388

Done. Best score:0.9859 RMSE:1.2361 ABS:0.4020
