wandb: [wandb.login()] Loaded credentials for https://api.wandb.ai from WANDB_API_KEY.
wandb: Currently logged in as: branden to https://api.wandb.ai. Use `wandb login --relogin` to force relogin
wandb: setting up run i1i5vqt9
wandb: Tracking run with wandb version 0.25.1
wandb: Run data is saved locally in /root/storage/implementation/shared_audio/baseline/wandb/run-20260411_082119-i1i5vqt9
wandb: Run `wandb offline` to turn off syncing.
wandb: Syncing run unet_256_soundspaces_BS32_Lr0.0005_AdamW_exp104_foa_lr5e4_fw0.1_hw0.15
wandb: ⭐️ View project at https://wandb.ai/branden/neurips_audio_depth
wandb: 🚀 View run at https://wandb.ai/branden/neurips_audio_depth/runs/i1i5vqt9
============================================================
Model: audio_depth_foa  Dataset: soundspaces
BS: 32  LR: 0.0005  Opt: AdamW
============================================================
Loaded scene split from /root/storage/matterport3d_0303renew/scene_split.json
  train: 72, val: 9, test: 9
[train] 23560 samples from 72 scenes (filtered 5240 with >10% no-depth) [ambisonic=ON]
  Precomputed SH basis matrix: (131072, 4) (order=1)
Loaded scene split from /root/storage/matterport3d_0303renew/scene_split.json
  train: 72, val: 9, test: 9
[val] 2951 samples from 9 scenes (filtered 592 with >10% no-depth) [ambisonic=ON]
  Precomputed SH basis matrix: (131072, 4) (order=1)
Train: 23560, Val: 2951
Model: audio_depth_foa (55.0M params)
Epoch [1/40] L:0.3092 D:0.2528 F:0.0671 H:0.3311 KL:0.0000 185s
Epoch [2/40] L:0.2739 D:0.2239 F:0.0493 H:0.3007 KL:0.0000 181s
Epoch [3/40] L:0.2662 D:0.2161 F:0.0451 H:0.3036 KL:0.0000 199s
Epoch [4/40] L:0.2612 D:0.2108 F:0.0436 H:0.3071 KL:0.0000 195s
  Val L:0.3074 ABS:0.4396 RMSE:1.3612 d1:0.4580
  >> Best (score:1.0848 RMSE:1.3612 ABS:0.4396)
Epoch [5/40] L:0.2526 D:0.2005 F:0.0418 H:0.3192 KL:0.0000 199s
Epoch [6/40] L:0.2473 D:0.1947 F:0.0399 H:0.3241 KL:0.0000 191s
Epoch [7/40] L:0.2423 D:0.1896 F:0.0385 H:0.3253 KL:0.0000 176s
Epoch [8/40] L:0.2381 D:0.1853 F:0.0374 H:0.3268 KL:0.0000 173s
  Val L:0.2748 ABS:0.4364 RMSE:1.2555 d1:0.4935
  >> Best (score:1.0098 RMSE:1.2555 ABS:0.4364)
Epoch [9/40] L:0.2312 D:0.1811 F:0.0372 H:0.3093 KL:0.0000 190s
Epoch [10/40] L:0.2266 D:0.1773 F:0.0363 H:0.3044 KL:0.0000 173s
Epoch [11/40] L:0.2220 D:0.1730 F:0.0356 H:0.3032 KL:0.0000 202s
Epoch [12/40] L:0.2154 D:0.1688 F:0.0350 H:0.2870 KL:0.0000 173s
  Val L:0.2648 ABS:0.4128 RMSE:1.2397 d1:0.5122
  >> Best (score:0.9917 RMSE:1.2397 ABS:0.4128)
Epoch [13/40] L:0.2096 D:0.1638 F:0.0343 H:0.2825 KL:0.0000 168s
Epoch [14/40] L:0.2052 D:0.1598 F:0.0340 H:0.2799 KL:0.0000 172s
Epoch [15/40] L:0.1996 D:0.1547 F:0.0335 H:0.2770 KL:0.0000 195s
Epoch [16/40] L:0.1941 D:0.1496 F:0.0332 H:0.2749 KL:0.0000 233s
  Val L:0.2660 ABS:0.4138 RMSE:1.2278 d1:0.5288
  >> Best (score:0.9836 RMSE:1.2278 ABS:0.4138)
Epoch [17/40] L:0.1884 D:0.1443 F:0.0327 H:0.2723 KL:0.0000 186s
Epoch [18/40] L:0.1828 D:0.1390 F:0.0326 H:0.2706 KL:0.0000 166s
Epoch [19/40] L:0.1771 D:0.1336 F:0.0323 H:0.2680 KL:0.0000 196s
Epoch [20/40] L:0.1713 D:0.1282 F:0.0318 H:0.2662 KL:0.0000 178s
  Val L:0.2755 ABS:0.4097 RMSE:1.2467 d1:0.5238
Epoch [21/40] L:0.1652 D:0.1226 F:0.0318 H:0.2631 KL:0.0000 192s
Epoch [22/40] L:0.1599 D:0.1175 F:0.0314 H:0.2615 KL:0.0000 194s
Epoch [23/40] L:0.1542 D:0.1122 F:0.0309 H:0.2593 KL:0.0000 192s
Epoch [24/40] L:0.1483 D:0.1068 F:0.0306 H:0.2561 KL:0.0000 173s
  Val L:0.2867 ABS:0.4338 RMSE:1.2615 d1:0.5276
Epoch [25/40] L:0.1424 D:0.1014 F:0.0305 H:0.2526 KL:0.0000 183s
Epoch [26/40] L:0.1375 D:0.0968 F:0.0300 H:0.2511 KL:0.0000 185s
Epoch [27/40] L:0.1329 D:0.0928 F:0.0299 H:0.2475 KL:0.0000 158s
Epoch [28/40] L:0.1285 D:0.0888 F:0.0294 H:0.2449 KL:0.0000 158s
  Val L:0.2900 ABS:0.4498 RMSE:1.2722 d1:0.5240
Epoch [29/40] L:0.1243 D:0.0850 F:0.0294 H:0.2421 KL:0.0000 149s
Epoch [30/40] L:0.1200 D:0.0813 F:0.0289 H:0.2390 KL:0.0000 168s
Epoch [31/40] L:0.1164 D:0.0780 F:0.0288 H:0.2365 KL:0.0000 157s
Epoch [32/40] L:0.1134 D:0.0753 F:0.0287 H:0.2348 KL:0.0000 185s
  Val L:0.2891 ABS:0.4421 RMSE:1.2725 d1:0.5317
Epoch [33/40] L:0.1101 D:0.0725 F:0.0284 H:0.2315 KL:0.0000 175s
Epoch [34/40] L:0.1075 D:0.0702 F:0.0280 H:0.2297 KL:0.0000 174s
Epoch [35/40] L:0.1042 D:0.0673 F:0.0281 H:0.2272 KL:0.0000 173s
Epoch [36/40] L:0.1020 D:0.0654 F:0.0278 H:0.2255 KL:0.0000 174s
  Val L:0.2957 ABS:0.4296 RMSE:1.2882 d1:0.5325
Epoch [37/40] L:0.1000 D:0.0635 F:0.0275 H:0.2245 KL:0.0000 175s
Epoch [38/40] L:0.0979 D:0.0617 F:0.0272 H:0.2230 KL:0.0000 181s
Epoch [39/40] L:0.0953 D:0.0595 F:0.0270 H:0.2206 KL:0.0000 181s
Epoch [40/40] L:0.0932 D:0.0577 F:0.0269 H:0.2194 KL:0.0000 172s
wandb: uploading history steps 39-39, summary, console lines 53-53; updating run metadata
wandb: uploading output.log; uploading wandb-summary.json; uploading config.yaml
wandb: uploading summary, console lines 54-55
wandb: 
wandb: Run history:
wandb: best/abs_rel █▇▁▁
wandb:   best/epoch ▁▃▆█
wandb:    best/rmse █▂▂▁
wandb:   best/score █▃▂▁
wandb:        epoch ▁▁▁▂▂▂▂▂▂▃▃▃▃▃▄▄▄▄▄▄▅▅▅▅▅▅▆▆▆▆▆▇▇▇▇▇▇███
wandb:  train/depth █▇▇▆▆▆▆▆▅▅▅▅▅▅▄▄▄▄▄▄▃▃▃▃▃▂▂▂▂▂▂▂▂▁▁▁▁▁▁▁
wandb:    train/foa █▅▄▄▄▃▃▃▃▃▃▂▂▂▂▂▂▂▂▂▂▂▂▂▂▂▂▁▁▁▁▁▁▁▁▁▁▁▁▁
wandb:   train/hist █▆▆▆▇███▇▆▆▅▅▅▅▄▄▄▄▄▄▄▄▃▃▃▃▃▂▂▂▂▂▂▁▁▁▁▁▁
wandb:     train/kl ▁▁▁▁▁▁▁▁▁▁▁▁▁▁▁▁▁▁▁▁▁▁▁▁▁▁▁▁▁▁▁▁▁▁▁▁▁▁▁▁
wandb:   train/loss █▇▇▆▆▆▆▆▅▅▅▅▅▅▄▄▄▄▄▄▃▃▃▃▃▂▂▂▂▂▂▂▂▁▁▁▁▁▁▁
wandb:           +8 ...
wandb: 
wandb: Run summary:
wandb: best/abs_rel 0.41384
wandb:   best/epoch 16
wandb:    best/rmse 1.22776
wandb:   best/score 0.98358
wandb:        epoch 40
wandb:  train/depth 0.05765
wandb:    train/foa 0.02688
wandb:   train/hist 0.21937
wandb:     train/kl 0
wandb:   train/loss 0.09325
wandb:           +8 ...
wandb: 
wandb: 🚀 View run unet_256_soundspaces_BS32_Lr0.0005_AdamW_exp104_foa_lr5e4_fw0.1_hw0.15 at: https://wandb.ai/branden/neurips_audio_depth/runs/i1i5vqt9
wandb: ⭐️ View project at: https://wandb.ai/branden/neurips_audio_depth
wandb: Synced 5 W&B file(s), 0 media file(s), 0 artifact file(s) and 0 other file(s)
wandb: Find logs at: ./wandb/run-20260411_082119-i1i5vqt9/logs
  Val L:0.2975 ABS:0.4499 RMSE:1.2950 d1:0.5313

Done. Best score:0.9836 RMSE:1.2278 ABS:0.4138
