============================================================
Model: foa_0415_v2  Dataset: soundspaces
BS: 32  LR: 0.001  Opt: AdamW
============================================================
Loaded scene split from /root/storage/matterport3d_0303renew/scene_split.json
  train: 72, val: 9, test: 9
[train] 23560 samples (fast cache: samples_train_erp_8b3be925d3ae.json) [ambisonic=ON]
  Precomputed SH basis matrix: (131072, 4) (order=1)
Loaded scene split from /root/storage/matterport3d_0303renew/scene_split.json
  train: 72, val: 9, test: 9
[val] 2951 samples (fast cache: samples_val_erp_be0f29dd7abf.json) [ambisonic=ON]
  Precomputed SH basis matrix: (131072, 4) (order=1)
Train: 23560, Val: 2951
Model: foa_0415_v2 (54.7M params)
Epoch [1/60] L:0.4414 D:0.4347 F:0.0665 244s
Epoch [2/60] L:0.3716 D:0.3668 F:0.0486 250s
Epoch [3/60] L:0.3574 D:0.3530 F:0.0444 250s
Epoch [4/60] L:0.3440 D:0.3397 F:0.0436 220s
  Val L:0.3798 ABS:0.4459 RMSE:1.3145 d1:0.4752
  >> Best (score:1.0539 RMSE:1.3145 ABS:0.4459)
Epoch [5/60] L:0.3280 D:0.3240 F:0.0405 253s
Epoch [6/60] L:0.3181 D:0.3142 F:0.0397 248s
Epoch [7/60] L:0.3109 D:0.3070 F:0.0386 232s
Epoch [8/60] L:0.3039 D:0.3001 F:0.0378 251s
  Val L:0.3660 ABS:0.4241 RMSE:1.2709 d1:0.4939
  >> Best (score:1.0168 RMSE:1.2709 ABS:0.4241)
Epoch [9/60] L:0.2976 D:0.2939 F:0.0369 254s
Epoch [10/60] L:0.2922 D:0.2886 F:0.0363 239s
Epoch [11/60] L:0.2868 D:0.2832 F:0.0360 240s
Epoch [12/60] L:0.2803 D:0.2769 F:0.0347 229s
  Val L:0.3644 ABS:0.4003 RMSE:1.2679 d1:0.5023
  >> Best (score:1.0076 RMSE:1.2679 ABS:0.4003)
Epoch [13/60] L:0.2741 D:0.2706 F:0.0345 234s
Epoch [14/60] L:0.2683 D:0.2650 F:0.0336 221s
Epoch [15/60] L:0.2620 D:0.2587 F:0.0329 231s
Epoch [16/60] L:0.2550 D:0.2517 F:0.0328 226s
  Val L:0.3584 ABS:0.3929 RMSE:1.2396 d1:0.5248
  >> Best (score:0.9856 RMSE:1.2396 ABS:0.3929)
Epoch [17/60] L:0.2470 D:0.2437 F:0.0326 235s
Epoch [18/60] L:0.2393 D:0.2361 F:0.0321 236s
Epoch [19/60] L:0.2308 D:0.2276 F:0.0317 226s
Epoch [20/60] L:0.2230 D:0.2200 F:0.0309 228s
  Val L:0.3735 ABS:0.4157 RMSE:1.2548 d1:0.5235
Epoch [21/60] L:0.2123 D:0.2092 F:0.0313 236s
Epoch [22/60] L:0.2043 D:0.2012 F:0.0307 242s
Epoch [23/60] L:0.1946 D:0.1916 F:0.0304 245s
Epoch [24/60] L:0.1852 D:0.1823 F:0.0299 237s
  Val L:0.3973 ABS:0.4295 RMSE:1.2769 d1:0.5304
Epoch [25/60] L:0.1769 D:0.1740 F:0.0296 228s
Epoch [26/60] L:0.1676 D:0.1647 F:0.0288 239s
Epoch [27/60] L:0.1585 D:0.1557 F:0.0285 232s
Epoch [28/60] L:0.1507 D:0.1479 F:0.0280 257s
  Val L:0.4030 ABS:0.4316 RMSE:1.2923 d1:0.5281
Epoch [29/60] L:0.1434 D:0.1406 F:0.0278 254s
Epoch [30/60] L:0.1369 D:0.1342 F:0.0271 260s
Epoch [31/60] L:0.1293 D:0.1267 F:0.0265 242s
Epoch [32/60] L:0.1228 D:0.1202 F:0.0264 254s
  Val L:0.4060 ABS:0.4223 RMSE:1.3007 d1:0.5284
Epoch [33/60] L:0.1196 D:0.1170 F:0.0263 254s
Epoch [34/60] L:0.1129 D:0.1103 F:0.0263 254s
Epoch [35/60] L:0.1074 D:0.1048 F:0.0262 255s
Epoch [36/60] L:0.1033 D:0.1006 F:0.0262 250s
  Val L:0.4136 ABS:0.4329 RMSE:1.3158 d1:0.5203
Epoch [37/60] L:0.1000 D:0.0974 F:0.0260 243s
Epoch [38/60] L:0.0956 D:0.0930 F:0.0255 270s
Epoch [39/60] L:0.0916 D:0.0890 F:0.0258 248s
Epoch [40/60] L:0.0884 D:0.0859 F:0.0254 250s
  Val L:0.4155 ABS:0.4428 RMSE:1.3225 d1:0.5224
Epoch [41/60] L:0.0863 D:0.0838 F:0.0252 240s
Epoch [42/60] L:0.0824 D:0.0799 F:0.0253 251s
Epoch [43/60] L:0.0793 D:0.0768 F:0.0250 251s
Epoch [44/60] L:0.0764 D:0.0739 F:0.0250 230s
  Val L:0.4290 ABS:0.4495 RMSE:1.3404 d1:0.5251
Epoch [45/60] L:0.0744 D:0.0719 F:0.0247 241s
Epoch [46/60] L:0.0725 D:0.0701 F:0.0247 252s
Epoch [47/60] L:0.0704 D:0.0680 F:0.0242 244s
Epoch [48/60] L:0.0722 D:0.0698 F:0.0244 239s
  Val L:0.4265 ABS:0.4441 RMSE:1.3491 d1:0.5281
Epoch [49/60] L:0.0655 D:0.0631 F:0.0242 282s
Epoch [50/60] L:0.0624 D:0.0600 F:0.0236 220s
Epoch [51/60] L:0.0612 D:0.0589 F:0.0235 246s
Epoch [52/60] L:0.0605 D:0.0582 F:0.0235 251s
  Val L:0.4199 ABS:0.4655 RMSE:1.3467 d1:0.5314
Epoch [53/60] L:0.0596 D:0.0572 F:0.0235 261s
Epoch [54/60] L:0.0579 D:0.0556 F:0.0232 237s
Epoch [55/60] L:0.0568 D:0.0545 F:0.0230 297s
Epoch [56/60] L:0.0548 D:0.0526 F:0.0228 390s
  Val L:0.4177 ABS:0.4674 RMSE:1.3370 d1:0.5306
Epoch [57/60] L:0.0556 D:0.0533 F:0.0227 354s
Epoch [58/60] L:0.0525 D:0.0502 F:0.0223 397s
Epoch [59/60] L:0.0504 D:0.0482 F:0.0219 233s
Epoch [60/60] L:0.0497 D:0.0475 F:0.0219 321s
  Val L:0.4143 ABS:0.4610 RMSE:1.3272 d1:0.5361

Done. Best score:0.9856 RMSE:1.2396 ABS:0.3929
