============================================================
Model: foa_0415_v4  Dataset: soundspaces
BS: 32  LR: 0.0005  Opt: AdamW
============================================================
Loaded scene split from /root/storage/matterport3d_0303renew/scene_split.json
  train: 72, val: 9, test: 9
[train] 23560 samples (fast cache: samples_train_erp_8b3be925d3ae.json) [ambisonic=ON]
  Precomputed SH basis matrix: (131072, 4) (order=1)
Loaded scene split from /root/storage/matterport3d_0303renew/scene_split.json
  train: 72, val: 9, test: 9
[val] 2951 samples (fast cache: samples_val_erp_be0f29dd7abf.json) [ambisonic=ON]
  Precomputed SH basis matrix: (131072, 4) (order=1)
Train: 23560, Val: 2951
Model: foa_0415_v4 (54.7M params)
Epoch [1/60] L:0.4432 D:0.4375 F:0.0569 271s
Epoch [2/60] L:0.3538 D:0.3496 F:0.0426 308s
Epoch [3/60] L:0.3333 D:0.3294 F:0.0389 331s
Epoch [4/60] L:0.3243 D:0.3205 F:0.0379 349s
  Val L:0.3709 ABS:0.4395 RMSE:1.2831 d1:0.4831
  >> Best (score:1.0301 RMSE:1.2831 ABS:0.4395)
Epoch [5/60] L:0.3165 D:0.3127 F:0.0379 264s
Epoch [6/60] L:0.3092 D:0.3053 F:0.0382 745s
Epoch [7/60] L:0.3031 D:0.2994 F:0.0370 1317s
Epoch [8/60] L:0.2961 D:0.2925 F:0.0359 721s
  Val L:0.3571 ABS:0.4113 RMSE:1.2607 d1:0.5123
  >> Best (score:1.0059 RMSE:1.2607 ABS:0.4113)
Epoch [9/60] L:0.2902 D:0.2867 F:0.0352 772s
Epoch [10/60] L:0.2843 D:0.2809 F:0.0338 330s
Epoch [11/60] L:0.2773 D:0.2740 F:0.0336 499s
Epoch [12/60] L:0.2716 D:0.2683 F:0.0327 488s
  Val L:0.3637 ABS:0.4366 RMSE:1.2443 d1:0.5060
  >> Best (score:1.0020 RMSE:1.2443 ABS:0.4366)
Epoch [13/60] L:0.2644 D:0.2611 F:0.0328 532s
Epoch [14/60] L:0.2583 D:0.2550 F:0.0323 358s
Epoch [15/60] L:0.2496 D:0.2464 F:0.0320 382s
Epoch [16/60] L:0.2412 D:0.2380 F:0.0317 494s
  Val L:0.3694 ABS:0.4110 RMSE:1.2526 d1:0.5157
  >> Best (score:1.0001 RMSE:1.2526 ABS:0.4110)
Epoch [17/60] L:0.2333 D:0.2301 F:0.0312 573s
Epoch [18/60] L:0.2245 D:0.2213 F:0.0313 422s
Epoch [19/60] L:0.2154 D:0.2123 F:0.0312 826s
Epoch [20/60] L:0.2073 D:0.2042 F:0.0308 326s
  Val L:0.3795 ABS:0.3949 RMSE:1.2748 d1:0.5312
Epoch [21/60] L:0.1982 D:0.1952 F:0.0305 289s
Epoch [22/60] L:0.1892 D:0.1862 F:0.0299 251s
Epoch [23/60] L:0.1818 D:0.1788 F:0.0304 231s
Epoch [24/60] L:0.1728 D:0.1698 F:0.0300 252s
  Val L:0.3970 ABS:0.4091 RMSE:1.2784 d1:0.5291
Epoch [25/60] L:0.1651 D:0.1622 F:0.0294 269s
Epoch [26/60] L:0.1577 D:0.1548 F:0.0294 263s
Epoch [27/60] L:0.1505 D:0.1476 F:0.0290 323s
Epoch [28/60] L:0.1433 D:0.1404 F:0.0286 274s
  Val L:0.4045 ABS:0.4589 RMSE:1.2937 d1:0.5229
Epoch [29/60] L:0.1370 D:0.1341 F:0.0286 267s
Epoch [30/60] L:0.1305 D:0.1276 F:0.0283 228s
Epoch [31/60] L:0.1246 D:0.1218 F:0.0281 291s
Epoch [32/60] L:0.1205 D:0.1177 F:0.0281 326s
  Val L:0.4140 ABS:0.4151 RMSE:1.3059 d1:0.5252
Epoch [33/60] L:0.1154 D:0.1126 F:0.0273 450s
Epoch [34/60] L:0.1095 D:0.1068 F:0.0271 309s
Epoch [35/60] L:0.1056 D:0.1029 F:0.0269 607s
Epoch [36/60] L:0.1006 D:0.0979 F:0.0266 614s
  Val L:0.4007 ABS:0.4178 RMSE:1.2968 d1:0.5352
Epoch [37/60] L:0.0971 D:0.0944 F:0.0266 321s
Epoch [38/60] L:0.0941 D:0.0915 F:0.0262 257s
Epoch [39/60] L:0.0898 D:0.0872 F:0.0261 251s
Epoch [40/60] L:0.0865 D:0.0839 F:0.0259 254s
  Val L:0.4085 ABS:0.4281 RMSE:1.3265 d1:0.5359
Epoch [41/60] L:0.0831 D:0.0805 F:0.0255 297s
Epoch [42/60] L:0.0817 D:0.0792 F:0.0254 264s
Epoch [43/60] L:0.0780 D:0.0755 F:0.0251 266s
Epoch [44/60] L:0.0753 D:0.0728 F:0.0247 267s
  Val L:0.4168 ABS:0.4401 RMSE:1.3324 d1:0.5355
Epoch [45/60] L:0.0724 D:0.0700 F:0.0244 295s
Epoch [46/60] L:0.0699 D:0.0675 F:0.0242 311s
Epoch [47/60] L:0.0679 D:0.0655 F:0.0242 299s
Epoch [48/60] L:0.0663 D:0.0639 F:0.0241 350s
  Val L:0.4113 ABS:0.4565 RMSE:1.3234 d1:0.5270
Epoch [49/60] L:0.0660 D:0.0636 F:0.0239 369s
Epoch [50/60] L:0.0627 D:0.0604 F:0.0233 266s
Epoch [51/60] L:0.0601 D:0.0578 F:0.0231 288s
Epoch [52/60] L:0.0585 D:0.0562 F:0.0231 292s
  Val L:0.4188 ABS:0.4362 RMSE:1.3407 d1:0.5381
Epoch [53/60] L:0.0577 D:0.0554 F:0.0227 331s
Epoch [54/60] L:0.0559 D:0.0537 F:0.0224 290s
Epoch [55/60] L:0.0541 D:0.0519 F:0.0221 296s
Epoch [56/60] L:0.0530 D:0.0508 F:0.0220 265s
  Val L:0.4146 ABS:0.4357 RMSE:1.3356 d1:0.5365
Epoch [57/60] L:0.0546 D:0.0524 F:0.0222 765s
Epoch [58/60] L:0.0512 D:0.0491 F:0.0216 511s
Epoch [59/60] L:0.0486 D:0.0465 F:0.0211 244s
Epoch [60/60] L:0.0473 D:0.0452 F:0.0210 348s
  Val L:0.4125 ABS:0.4432 RMSE:1.3284 d1:0.5421

Done. Best score:1.0001 RMSE:1.2526 ABS:0.4110
