============================================================
Model: audio_depth_foa  Dataset: soundspaces
BS: 32  LR: 0.001  Opt: AdamW
============================================================
Loaded scene split from /root/storage/matterport3d_0303renew/scene_split.json
  train: 72, val: 9, test: 9
[train] 23560 samples from 72 scenes (filtered 5240 with >10% no-depth) [ambisonic=ON]
  Precomputed SH basis matrix: (131072, 4) (order=1)
Loaded scene split from /root/storage/matterport3d_0303renew/scene_split.json
  train: 72, val: 9, test: 9
[val] 2951 samples from 9 scenes (filtered 592 with >10% no-depth) [ambisonic=ON]
  Precomputed SH basis matrix: (131072, 4) (order=1)
Train: 23560, Val: 2951
Model: audio_depth_foa (55.0M params)
Epoch [1/40] L:0.2717 D:0.2497 F:0.0763 H:0.3623 KL:0.0000 216s
Epoch [2/40] L:0.2378 D:0.2179 F:0.0501 H:0.3481 KL:0.0000 169s
Epoch [3/40] L:0.2319 D:0.2123 F:0.0439 H:0.3470 KL:0.0000 174s
Epoch [4/40] L:0.2237 D:0.2036 F:0.0417 H:0.3613 KL:0.0000 171s
  Val L:0.2621 ABS:0.4157 RMSE:1.3409 d1:0.4767
  >> Best (score:1.0634 RMSE:1.3409 ABS:0.4157)
Epoch [5/40] L:0.2149 D:0.1943 F:0.0397 H:0.3712 KL:0.0000 162s
Epoch [6/40] L:0.2086 D:0.1883 F:0.0387 H:0.3675 KL:0.0000 171s
Epoch [7/40] L:0.2034 D:0.1839 F:0.0379 H:0.3518 KL:0.0000 175s
Epoch [8/40] L:0.2000 D:0.1807 F:0.0370 H:0.3491 KL:0.0000 180s
  Val L:0.2511 ABS:0.3915 RMSE:1.3053 d1:0.4977
  >> Best (score:1.0312 RMSE:1.3053 ABS:0.3915)
Epoch [9/40] L:0.1957 D:0.1771 F:0.0362 H:0.3353 KL:0.0000 161s
Epoch [10/40] L:0.1922 D:0.1743 F:0.0351 H:0.3222 KL:0.0000 186s
Epoch [11/40] L:0.1882 D:0.1704 F:0.0345 H:0.3206 KL:0.0000 185s
Epoch [12/40] L:0.1850 D:0.1674 F:0.0339 H:0.3173 KL:0.0000 175s
  Val L:0.2385 ABS:0.4095 RMSE:1.2370 d1:0.5063
  >> Best (score:0.9887 RMSE:1.2370 ABS:0.4095)
Epoch [13/40] L:0.1803 D:0.1629 F:0.0336 H:0.3143 KL:0.0000 157s
Epoch [14/40] L:0.1759 D:0.1587 F:0.0333 H:0.3116 KL:0.0000 171s
Epoch [15/40] L:0.1714 D:0.1543 F:0.0329 H:0.3089 KL:0.0000 289s
Epoch [16/40] L:0.1669 D:0.1500 F:0.0328 H:0.3063 KL:0.0000 316s
  Val L:0.2468 ABS:0.3910 RMSE:1.2742 d1:0.5186
Epoch [17/40] L:0.1617 D:0.1450 F:0.0316 H:0.3034 KL:0.0000 257s
Epoch [18/40] L:0.1558 D:0.1391 F:0.0317 H:0.3017 KL:0.0000 177s
Epoch [19/40] L:0.1504 D:0.1339 F:0.0310 H:0.2993 KL:0.0000 163s
Epoch [20/40] L:0.1447 D:0.1284 F:0.0308 H:0.2965 KL:0.0000 234s
  Val L:0.2475 ABS:0.4102 RMSE:1.2530 d1:0.5256
Epoch [21/40] L:0.1391 D:0.1228 F:0.0306 H:0.2953 KL:0.0000 150s
Epoch [22/40] L:0.1334 D:0.1172 F:0.0305 H:0.2933 KL:0.0000 122s
Epoch [23/40] L:0.1280 D:0.1119 F:0.0304 H:0.2923 KL:0.0000 120s
Epoch [24/40] L:0.1227 D:0.1067 F:0.0296 H:0.2903 KL:0.0000 123s
  Val L:0.2562 ABS:0.4011 RMSE:1.2717 d1:0.5330
Epoch [25/40] L:0.1173 D:0.1015 F:0.0295 H:0.2876 KL:0.0000 130s
Epoch [26/40] L:0.1120 D:0.0963 F:0.0292 H:0.2848 KL:0.0000 121s
Epoch [27/40] L:0.1069 D:0.0913 F:0.0288 H:0.2838 KL:0.0000 123s
Epoch [28/40] L:0.1028 D:0.0873 F:0.0287 H:0.2817 KL:0.0000 122s
  Val L:0.2615 ABS:0.4393 RMSE:1.2808 d1:0.5286
Epoch [29/40] L:0.0992 D:0.0838 F:0.0284 H:0.2798 KL:0.0000 121s
Epoch [30/40] L:0.0943 D:0.0791 F:0.0280 H:0.2775 KL:0.0000 136s
Epoch [31/40] L:0.0906 D:0.0754 F:0.0279 H:0.2756 KL:0.0000 120s
Epoch [32/40] L:0.0875 D:0.0725 F:0.0277 H:0.2733 KL:0.0000 120s
  Val L:0.2687 ABS:0.4394 RMSE:1.2987 d1:0.5292
Epoch [33/40] L:0.0844 D:0.0694 F:0.0274 H:0.2716 KL:0.0000 130s
Epoch [34/40] L:0.0817 D:0.0669 F:0.0273 H:0.2704 KL:0.0000 190s
Epoch [35/40] L:0.0784 D:0.0636 F:0.0271 H:0.2688 KL:0.0000 198s
Epoch [36/40] L:0.0761 D:0.0614 F:0.0269 H:0.2680 KL:0.0000 198s
  Val L:0.2722 ABS:0.4259 RMSE:1.3155 d1:0.5389
Epoch [37/40] L:0.0748 D:0.0601 F:0.0264 H:0.2670 KL:0.0000 195s
Epoch [38/40] L:0.0720 D:0.0574 F:0.0265 H:0.2642 KL:0.0000 205s
Epoch [39/40] L:0.0695 D:0.0551 F:0.0263 H:0.2625 KL:0.0000 197s
Epoch [40/40] L:0.0676 D:0.0532 F:0.0261 H:0.2623 KL:0.0000 124s
  Val L:0.2743 ABS:0.4556 RMSE:1.3240 d1:0.5336

Done. Best score:0.9887 RMSE:1.2370 ABS:0.4095
