wandb: [wandb.login()] Loaded credentials for https://api.wandb.ai from /root/.netrc.
wandb: Currently logged in as: branden to https://api.wandb.ai. Use `wandb login --relogin` to force relogin
wandb: setting up run vkah7ckb
wandb: Tracking run with wandb version 0.25.1
wandb: Run data is saved locally in /root/storage/implementation/shared_audio/baseline/wandb/run-20260408_221611-vkah7ckb
wandb: Run `wandb offline` to turn off syncing.
wandb: Syncing run unet_256_soundspaces_BS32_Lr0.001_AdamW_exp19_crossattn_lr1e3_fw0.2
wandb: ⭐️ View project at https://wandb.ai/branden/neurips_audio_depth
wandb: 🚀 View run at https://wandb.ai/branden/neurips_audio_depth/runs/vkah7ckb
============================================================
Model: foa_crossattn  Dataset: soundspaces
BS: 32  LR: 0.001  Opt: AdamW
============================================================
Loaded scene split from /root/storage/matterport3d_0303renew/scene_split.json
  train: 72, val: 9, test: 9
[train] 23560 samples from 72 scenes (filtered 5240 with >10% no-depth) [ambisonic=ON]
  Precomputed SH basis matrix: (131072, 4) (order=1)
Loaded scene split from /root/storage/matterport3d_0303renew/scene_split.json
  train: 72, val: 9, test: 9
[val] 2951 samples from 9 scenes (filtered 592 with >10% no-depth) [ambisonic=ON]
  Precomputed SH basis matrix: (131072, 4) (order=1)
Train: 23560, Val: 2951
Model: foa_crossattn (56.3M params)
/opt/conda/lib/python3.9/site-packages/torch/nn/parallel/_functions.py:71: UserWarning: Was asked to gather along dimension 0, but all input tensors were scalars; will instead unsqueeze and return a vector.
  warnings.warn(
Epoch [1/40] L:0.3174 D:0.2587 F:0.1009 H:0.3425 KL:0.4327 283s
Epoch [2/40] L:0.2667 D:0.2215 F:0.0565 H:0.3238 KL:0.1540 923s
Epoch [3/40] L:0.2524 D:0.2068 F:0.0477 H:0.3473 KL:0.1336 725s
Epoch [4/40] L:0.2435 D:0.1992 F:0.0417 H:0.3495 KL:0.1082 653s
  Val L:0.2872 ABS:0.4383 RMSE:1.3294 d1:0.4670
  >> Best (score:1.0621 RMSE:1.3294 ABS:0.4383)
Epoch [5/40] L:0.2391 D:0.1954 F:0.0384 H:0.3503 KL:0.0933 868s
Epoch [6/40] L:0.2345 D:0.1911 F:0.0372 H:0.3512 KL:0.0883 1021s
Epoch [7/40] L:0.2310 D:0.1877 F:0.0361 H:0.3525 KL:0.0873 670s
Epoch [8/40] L:0.2275 D:0.1842 F:0.0352 H:0.3532 KL:0.0845 578s
  Val L:0.2803 ABS:0.4012 RMSE:1.2696 d1:0.4978
  >> Best (score:1.0091 RMSE:1.2696 ABS:0.4012)
Epoch [9/40] L:0.2237 D:0.1805 F:0.0347 H:0.3535 KL:0.0853 544s
Epoch [10/40] L:0.2199 D:0.1771 F:0.0341 H:0.3507 KL:0.0868 623s
Epoch [11/40] L:0.2158 D:0.1736 F:0.0335 H:0.3465 KL:0.0909 394s
Epoch [12/40] L:0.2122 D:0.1701 F:0.0334 H:0.3451 KL:0.0928 754s
  Val L:0.2698 ABS:0.4213 RMSE:1.2363 d1:0.5207
  >> Best (score:0.9918 RMSE:1.2363 ABS:0.4213)
Epoch [13/40] L:0.2079 D:0.1660 F:0.0328 H:0.3437 KL:0.0962 962s
Epoch [14/40] L:0.2046 D:0.1629 F:0.0324 H:0.3429 KL:0.0967 907s
Epoch [15/40] L:0.2005 D:0.1589 F:0.0318 H:0.3421 KL:0.1017 886s
Epoch [16/40] L:0.1956 D:0.1546 F:0.0311 H:0.3371 KL:0.1082 738s
  Val L:0.2915 ABS:0.4010 RMSE:1.2751 d1:0.5136
Epoch [17/40] L:0.1907 D:0.1503 F:0.0309 H:0.3307 KL:0.1159 743s
Epoch [18/40] L:0.1852 D:0.1455 F:0.0303 H:0.3253 KL:0.1161 439s
Epoch [19/40] L:0.1810 D:0.1414 F:0.0303 H:0.3229 KL:0.1176 411s
Epoch [20/40] L:0.1746 D:0.1358 F:0.0298 H:0.3161 KL:0.1233 399s
  Val L:0.2697 ABS:0.4126 RMSE:1.2350 d1:0.5313
  >> Best (score:0.9883 RMSE:1.2350 ABS:0.4126)
Epoch [21/40] L:0.1699 D:0.1316 F:0.0297 H:0.3116 KL:0.1257 273s
Epoch [22/40] L:0.1646 D:0.1265 F:0.0295 H:0.3093 KL:0.1277 469s
Epoch [23/40] L:0.1600 D:0.1221 F:0.0293 H:0.3073 KL:0.1291 220s
Epoch [24/40] L:0.1555 D:0.1177 F:0.0291 H:0.3067 KL:0.1323 195s
  Val L:0.2680 ABS:0.4196 RMSE:1.2468 d1:0.5360
Epoch [25/40] L:0.1498 D:0.1123 F:0.0288 H:0.3035 KL:0.1325 256s
Epoch [26/40] L:0.1455 D:0.1082 F:0.0289 H:0.3020 KL:0.1339 254s
Epoch [27/40] L:0.1406 D:0.1034 F:0.0287 H:0.3003 KL:0.1388 194s
Epoch [28/40] L:0.1360 D:0.0991 F:0.0285 H:0.2979 KL:0.1382 196s
  Val L:0.2846 ABS:0.4346 RMSE:1.2698 d1:0.5300
Epoch [29/40] L:0.1329 D:0.0962 F:0.0283 H:0.2962 KL:0.1424 608s
Epoch [30/40] L:0.1274 D:0.0910 F:0.0282 H:0.2931 KL:0.1453 568s
Epoch [31/40] L:0.1241 D:0.0878 F:0.0282 H:0.2913 KL:0.1437 507s
Epoch [32/40] L:0.1199 D:0.0837 F:0.0280 H:0.2907 KL:0.1499 237s
  Val L:0.2847 ABS:0.4384 RMSE:1.2830 d1:0.5294
Epoch [33/40] L:0.1171 D:0.0813 F:0.0278 H:0.2873 KL:0.1518 241s
Epoch [34/40] L:0.1135 D:0.0779 F:0.0276 H:0.2851 KL:0.1527 167s
Epoch [35/40] L:0.1100 D:0.0747 F:0.0275 H:0.2827 KL:0.1547 156s
Epoch [36/40] L:0.1075 D:0.0724 F:0.0274 H:0.2811 KL:0.1574 156s
  Val L:0.2869 ABS:0.4353 RMSE:1.2912 d1:0.5367
Epoch [37/40] L:0.1042 D:0.0693 F:0.0272 H:0.2784 KL:0.1570 176s
Epoch [38/40] L:0.1021 D:0.0675 F:0.0270 H:0.2765 KL:0.1576 146s
Epoch [39/40] L:0.0997 D:0.0652 F:0.0270 H:0.2749 KL:0.1598 146s
Epoch [40/40] L:0.0969 D:0.0628 F:0.0268 H:0.2717 KL:0.1604 146s
wandb: updating run metadata
wandb: uploading output.log; uploading wandb-summary.json; uploading config.yaml
wandb: uploading summary, console lines 56-57
wandb: 
wandb: Run history:
wandb: best/abs_rel █▁▅▃
wandb:   best/epoch ▁▃▅█
wandb:    best/rmse █▄▁▁
wandb:   best/score █▃▁▁
wandb:        epoch ▁▁▁▂▂▂▂▂▂▃▃▃▃▃▄▄▄▄▄▄▅▅▅▅▅▅▆▆▆▆▆▇▇▇▇▇▇███
wandb:  train/depth █▇▆▆▆▆▅▅▅▅▅▅▅▅▄▄▄▄▄▄▃▃▃▃▃▃▂▂▂▂▂▂▂▂▁▁▁▁▁▁
wandb:    train/foa █▄▃▂▂▂▂▂▂▂▂▂▂▂▁▁▁▁▁▁▁▁▁▁▁▁▁▁▁▁▁▁▁▁▁▁▁▁▁▁
wandb:   train/hist ▇▅▇███████▇▇▇▇▇▇▆▆▅▅▄▄▄▄▄▄▃▃▃▃▃▃▂▂▂▂▂▁▁▁
wandb:     train/kl █▂▂▁▁▁▁▁▁▁▁▁▁▁▁▁▂▂▂▂▂▂▂▂▂▂▂▂▂▂▂▂▂▂▂▂▂▂▃▃
wandb:   train/loss █▆▆▆▆▅▅▅▅▅▅▅▅▄▄▄▄▄▄▃▃▃▃▃▃▃▂▂▂▂▂▂▂▂▁▁▁▁▁▁
wandb:           +8 ...
wandb: 
wandb: Run summary:
wandb: best/abs_rel 0.41263
wandb:   best/epoch 20
wandb:    best/rmse 1.23495
wandb:   best/score 0.98826
wandb:        epoch 40
wandb:  train/depth 0.06281
wandb:    train/foa 0.02676
wandb:   train/hist 0.27173
wandb:     train/kl 0.16035
wandb:   train/loss 0.09694
wandb:           +8 ...
wandb: 
wandb: 🚀 View run unet_256_soundspaces_BS32_Lr0.001_AdamW_exp19_crossattn_lr1e3_fw0.2 at: https://wandb.ai/branden/neurips_audio_depth/runs/vkah7ckb
wandb: ⭐️ View project at: https://wandb.ai/branden/neurips_audio_depth
wandb: Synced 5 W&B file(s), 0 media file(s), 0 artifact file(s) and 0 other file(s)
wandb: Find logs at: ./wandb/run-20260408_221611-vkah7ckb/logs
  Val L:0.2911 ABS:0.4400 RMSE:1.3051 d1:0.5305

Done. Best score:0.9883 RMSE:1.2350 ABS:0.4126
