============================================================
Model: foa_0415_v1  Dataset: soundspaces
BS: 32  LR: 0.001  Opt: AdamW
============================================================
Loaded scene split from /root/storage/matterport3d_0303renew/scene_split.json
  train: 72, val: 9, test: 9
[train] 23560 samples (fast cache: samples_train_erp_8b3be925d3ae.json) [ambisonic=ON]
  Precomputed SH basis matrix: (131072, 4) (order=1)
Loaded scene split from /root/storage/matterport3d_0303renew/scene_split.json
  train: 72, val: 9, test: 9
[val] 2951 samples (fast cache: samples_val_erp_be0f29dd7abf.json) [ambisonic=ON]
  Precomputed SH basis matrix: (131072, 4) (order=1)
Train: 23560, Val: 2951
Model: foa_0415_v1 (54.5M params)
Epoch [1/60] L:0.4496 D:0.4321 F:0.0582 359s
Epoch [2/60] L:0.3801 D:0.3669 F:0.0440 447s
Epoch [3/60] L:0.3552 D:0.3429 F:0.0410 276s
Epoch [4/60] L:0.3374 D:0.3257 F:0.0391 251s
  Val L:0.3823 ABS:0.4290 RMSE:1.3084 d1:0.4873
  >> Best (score:1.0446 RMSE:1.3084 ABS:0.4290)
Epoch [5/60] L:0.3277 D:0.3166 F:0.0368 369s
Epoch [6/60] L:0.3185 D:0.3079 F:0.0352 317s
Epoch [7/60] L:0.3113 D:0.3007 F:0.0351 312s
Epoch [8/60] L:0.3055 D:0.2954 F:0.0336 390s
  Val L:0.3703 ABS:0.3965 RMSE:1.2922 d1:0.4901
  >> Best (score:1.0235 RMSE:1.2922 ABS:0.3965)
Epoch [9/60] L:0.2996 D:0.2897 F:0.0328 533s
Epoch [10/60] L:0.2942 D:0.2847 F:0.0317 578s
Epoch [11/60] L:0.2886 D:0.2790 F:0.0318 850s
Epoch [12/60] L:0.2833 D:0.2740 F:0.0311 578s
  Val L:0.3624 ABS:0.3943 RMSE:1.2697 d1:0.5117
  >> Best (score:1.0071 RMSE:1.2697 ABS:0.3943)
Epoch [13/60] L:0.2770 D:0.2677 F:0.0310 583s
Epoch [14/60] L:0.2708 D:0.2616 F:0.0305 703s
Epoch [15/60] L:0.2630 D:0.2540 F:0.0303 833s
Epoch [16/60] L:0.2549 D:0.2460 F:0.0298 538s
  Val L:0.3713 ABS:0.4094 RMSE:1.2485 d1:0.5247
  >> Best (score:0.9968 RMSE:1.2485 ABS:0.4094)
Epoch [17/60] L:0.2482 D:0.2394 F:0.0292 527s
Epoch [18/60] L:0.2397 D:0.2310 F:0.0289 959s
Epoch [19/60] L:0.2308 D:0.2221 F:0.0290 1133s
Epoch [20/60] L:0.2222 D:0.2136 F:0.0284 466s
  Val L:0.3953 ABS:0.4023 RMSE:1.2782 d1:0.5146
Epoch [21/60] L:0.2117 D:0.2033 F:0.0280 477s
Epoch [22/60] L:0.2030 D:0.1946 F:0.0280 481s
Epoch [23/60] L:0.1944 D:0.1862 F:0.0273 795s
Epoch [24/60] L:0.1852 D:0.1771 F:0.0267 251s
  Val L:0.3942 ABS:0.4213 RMSE:1.2592 d1:0.5326
Epoch [25/60] L:0.1762 D:0.1682 F:0.0265 443s
Epoch [26/60] L:0.1657 D:0.1579 F:0.0261 544s
Epoch [27/60] L:0.1572 D:0.1496 F:0.0256 295s
Epoch [28/60] L:0.1495 D:0.1419 F:0.0254 229s
  Val L:0.3966 ABS:0.4392 RMSE:1.2734 d1:0.5305
Epoch [29/60] L:0.1422 D:0.1347 F:0.0248 254s
Epoch [30/60] L:0.1340 D:0.1267 F:0.0245 240s
Epoch [31/60] L:0.1267 D:0.1195 F:0.0242 240s
Epoch [32/60] L:0.1211 D:0.1139 F:0.0241 248s
  Val L:0.4244 ABS:0.4672 RMSE:1.3188 d1:0.5223
Epoch [33/60] L:0.1152 D:0.1081 F:0.0235 392s
Epoch [34/60] L:0.1104 D:0.1034 F:0.0233 490s
Epoch [35/60] L:0.1051 D:0.0983 F:0.0227 293s
Epoch [36/60] L:0.1019 D:0.0952 F:0.0224 392s
  Val L:0.4188 ABS:0.4459 RMSE:1.3085 d1:0.5346
Epoch [37/60] L:0.0968 D:0.0901 F:0.0223 682s
Epoch [38/60] L:0.0917 D:0.0851 F:0.0219 800s
Epoch [39/60] L:0.0893 D:0.0829 F:0.0216 636s
Epoch [40/60] L:0.0861 D:0.0796 F:0.0214 500s
  Val L:0.4273 ABS:0.4445 RMSE:1.3339 d1:0.5268
Epoch [41/60] L:0.0828 D:0.0764 F:0.0211 414s
Epoch [42/60] L:0.0800 D:0.0738 F:0.0206 394s
Epoch [43/60] L:0.0781 D:0.0720 F:0.0204 329s
Epoch [44/60] L:0.0739 D:0.0678 F:0.0202 283s
  Val L:0.4221 ABS:0.4392 RMSE:1.3233 d1:0.5295
Epoch [45/60] L:0.0715 D:0.0656 F:0.0198 386s
Epoch [46/60] L:0.0699 D:0.0641 F:0.0195 294s
Epoch [47/60] L:0.0689 D:0.0630 F:0.0196 298s
Epoch [48/60] L:0.0663 D:0.0605 F:0.0193 771s
  Val L:0.4221 ABS:0.4590 RMSE:1.3298 d1:0.5329
Epoch [49/60] L:0.0629 D:0.0573 F:0.0187 437s
Epoch [50/60] L:0.0615 D:0.0559 F:0.0188 278s
Epoch [51/60] L:0.0611 D:0.0555 F:0.0184 359s
Epoch [52/60] L:0.0592 D:0.0538 F:0.0180 336s
  Val L:0.4289 ABS:0.4590 RMSE:1.3365 d1:0.5346
Epoch [53/60] L:0.0654 D:0.0598 F:0.0186 348s
Epoch [54/60] L:0.0579 D:0.0526 F:0.0175 312s
Epoch [55/60] L:0.0516 D:0.0465 F:0.0171 289s
Epoch [56/60] L:0.0506 D:0.0455 F:0.0170 267s
  Val L:0.4227 ABS:0.4542 RMSE:1.3431 d1:0.5357
Epoch [57/60] L:0.0514 D:0.0463 F:0.0170 347s
Epoch [58/60] L:0.0525 D:0.0473 F:0.0171 306s
Epoch [59/60] L:0.0509 D:0.0460 F:0.0164 321s
Epoch [60/60] L:0.0488 D:0.0439 F:0.0163 336s
  Val L:0.4243 ABS:0.4601 RMSE:1.3373 d1:0.5367

Done. Best score:0.9968 RMSE:1.2485 ABS:0.4094
