/opt/conda/lib/python3.11/site-packages/timm/models/layers/__init__.py:49: FutureWarning: Importing from timm.models.layers is deprecated, please import via timm.layers
  warnings.warn(f"Importing from {__name__} is deprecated, please import via timm.layers", FutureWarning)
============================================================
Model: foa_0415_v1  Dataset: soundspaces
BS: 128  LR: 0.001  Opt: AdamW
============================================================
Loaded scene split from /root/storage/matterport3d_0303renew/scene_split.json
  train: 72, val: 9, test: 9
[train] 23560 samples (fast cache: samples_train_erp_8b3be925d3ae.json) [ambisonic=ON]
  Precomputed SH basis matrix: (131072, 4) (order=1)
Loaded scene split from /root/storage/matterport3d_0303renew/scene_split.json
  train: 72, val: 9, test: 9
[val] 2951 samples (fast cache: samples_val_erp_be0f29dd7abf.json) [ambisonic=ON]
  Precomputed SH basis matrix: (131072, 4) (order=1)
Train: 23560, Val: 2951
Model: foa_0415_v1 (54.5M params)
Epoch [1/60] L:0.4948 D:0.4864 F:0.0835 180s
Epoch [2/60] L:0.3911 D:0.3863 F:0.0479 120s
Epoch [3/60] L:0.3592 D:0.3548 F:0.0445 126s
Epoch [4/60] L:0.3346 D:0.3303 F:0.0431 123s
  Val L:0.3984 ABS:0.4936 RMSE:1.3359 d1:0.4530
  >> Best (score:1.0832 RMSE:1.3359 ABS:0.4936)
Epoch [5/60] L:0.3247 D:0.3205 F:0.0414 135s
Epoch [6/60] L:0.3163 D:0.3122 F:0.0402 123s
Epoch [7/60] L:0.3108 D:0.3069 F:0.0387 123s
Epoch [8/60] L:0.3063 D:0.3026 F:0.0377 124s
  Val L:0.3579 ABS:0.4060 RMSE:1.2772 d1:0.4990
  >> Best (score:1.0159 RMSE:1.2772 ABS:0.4060)
Epoch [9/60] L:0.3014 D:0.2977 F:0.0371 143s
Epoch [10/60] L:0.2979 D:0.2942 F:0.0369 120s
Epoch [11/60] L:0.2925 D:0.2889 F:0.0361 128s
Epoch [12/60] L:0.2889 D:0.2854 F:0.0350 125s
  Val L:0.3639 ABS:0.3729 RMSE:1.3418 d1:0.4875
Epoch [13/60] L:0.2860 D:0.2826 F:0.0345 134s
Epoch [14/60] L:0.2825 D:0.2789 F:0.0356 123s
Epoch [15/60] L:0.2747 D:0.2713 F:0.0340 124s
Epoch [16/60] L:0.2720 D:0.2686 F:0.0343 123s
  Val L:0.3572 ABS:0.4340 RMSE:1.2766 d1:0.5018
Epoch [17/60] L:0.2656 D:0.2623 F:0.0334 146s
Epoch [18/60] L:0.2586 D:0.2553 F:0.0327 124s
Epoch [19/60] L:0.2534 D:0.2501 F:0.0330 123s
Epoch [20/60] L:0.2471 D:0.2436 F:0.0342 125s
  Val L:0.3546 ABS:0.4231 RMSE:1.2276 d1:0.5285
  >> Best (score:0.9863 RMSE:1.2276 ABS:0.4231)
Epoch [21/60] L:0.2406 D:0.2373 F:0.0332 137s
Epoch [22/60] L:0.2314 D:0.2281 F:0.0324 130s
Epoch [23/60] L:0.2252 D:0.2218 F:0.0339 126s
Epoch [24/60] L:0.2160 D:0.2129 F:0.0313 130s
  Val L:0.3675 ABS:0.4293 RMSE:1.2491 d1:0.5244
Epoch [25/60] L:0.2090 D:0.2057 F:0.0327 136s
Epoch [26/60] L:0.1984 D:0.1951 F:0.0325 135s
Epoch [27/60] L:0.1912 D:0.1880 F:0.0315 127s
Epoch [28/60] L:0.1842 D:0.1809 F:0.0327 124s
  Val L:0.3926 ABS:0.4555 RMSE:1.2800 d1:0.5127
Epoch [29/60] L:0.1761 D:0.1730 F:0.0311 148s
Epoch [30/60] L:0.1663 D:0.1632 F:0.0308 135s
Epoch [31/60] L:0.1593 D:0.1561 F:0.0319 136s
Epoch [32/60] L:0.1506 D:0.1476 F:0.0303 126s
  Val L:0.4125 ABS:0.4120 RMSE:1.3084 d1:0.5165
Epoch [33/60] L:0.1430 D:0.1400 F:0.0302 295s
Epoch [34/60] L:0.1383 D:0.1352 F:0.0306 228s
Epoch [35/60] L:0.1313 D:0.1283 F:0.0301 123s
Epoch [36/60] L:0.1235 D:0.1206 F:0.0293 121s
  Val L:0.4056 ABS:0.4179 RMSE:1.3215 d1:0.5217
Epoch [37/60] L:0.1173 D:0.1143 F:0.0298 139s
Epoch [38/60] L:0.1150 D:0.1122 F:0.0286 135s
Epoch [39/60] L:0.1080 D:0.1052 F:0.0283 129s
Epoch [40/60] L:0.1079 D:0.1051 F:0.0281 132s
  Val L:0.4075 ABS:0.4389 RMSE:1.3177 d1:0.5122
Epoch [41/60] L:0.0995 D:0.0967 F:0.0280 168s
Epoch [42/60] L:0.0986 D:0.0958 F:0.0278 136s
Epoch [43/60] L:0.0924 D:0.0897 F:0.0266 129s
Epoch [44/60] L:0.0883 D:0.0856 F:0.0272 128s
  Val L:0.4024 ABS:0.4419 RMSE:1.3234 d1:0.5257
Epoch [45/60] L:0.0853 D:0.0826 F:0.0267 137s
Epoch [46/60] L:0.0837 D:0.0809 F:0.0273 139s
Epoch [47/60] L:0.0791 D:0.0765 F:0.0257 134s
Epoch [48/60] L:0.0771 D:0.0744 F:0.0265 127s
  Val L:0.4162 ABS:0.4592 RMSE:1.3436 d1:0.5126
Epoch [49/60] L:0.0760 D:0.0734 F:0.0260 145s
Epoch [50/60] L:0.0821 D:0.0794 F:0.0268 131s
Epoch [51/60] L:0.0745 D:0.0718 F:0.0268 141s
Epoch [52/60] L:0.0692 D:0.0667 F:0.0251 134s
  Val L:0.4073 ABS:0.4557 RMSE:1.3219 d1:0.5299
Epoch [53/60] L:0.0648 D:0.0623 F:0.0252 143s
Epoch [54/60] L:0.0642 D:0.0618 F:0.0248 128s
Epoch [55/60] L:0.0616 D:0.0591 F:0.0249 127s
Epoch [56/60] L:0.0601 D:0.0576 F:0.0250 129s
  Val L:0.4051 ABS:0.4475 RMSE:1.3280 d1:0.5256
Epoch [57/60] L:0.0586 D:0.0562 F:0.0241 137s
Epoch [58/60] L:0.0584 D:0.0560 F:0.0241 139s
Epoch [59/60] L:0.0571 D:0.0548 F:0.0233 139s
Epoch [60/60] L:0.0561 D:0.0538 F:0.0228 127s
  Val L:0.4076 ABS:0.4532 RMSE:1.3329 d1:0.5355

Done. Best score:0.9863 RMSE:1.2276 ABS:0.4231
