============================================================
Model: foa_0415_v5  Dataset: soundspaces
BS: 32  LR: 0.0005  Opt: AdamW
============================================================
Loaded scene split from /root/storage/matterport3d_0303renew/scene_split.json
  train: 72, val: 9, test: 9
[train] 23560 samples (fast cache: samples_train_erp_8b3be925d3ae.json) [ambisonic=ON]
  Precomputed SH basis matrix: (131072, 4) (order=1)
Loaded scene split from /root/storage/matterport3d_0303renew/scene_split.json
  train: 72, val: 9, test: 9
[val] 2951 samples (fast cache: samples_val_erp_be0f29dd7abf.json) [ambisonic=ON]
  Precomputed SH basis matrix: (131072, 4) (order=1)
Train: 23560, Val: 2951
Model: foa_0415_v5 (54.7M params)
Epoch [1/60] L:0.4213 D:0.4158 F:0.0549 308s
Epoch [2/60] L:0.3619 D:0.3578 F:0.0414 285s
Epoch [3/60] L:0.3442 D:0.3403 F:0.0393 293s
Epoch [4/60] L:0.3305 D:0.3266 F:0.0394 330s
  Val L:0.3788 ABS:0.4447 RMSE:1.2884 d1:0.4743
  >> Best (score:1.0353 RMSE:1.2884 ABS:0.4447)
Epoch [5/60] L:0.3193 D:0.3154 F:0.0399 356s
Epoch [6/60] L:0.3111 D:0.3073 F:0.0374 259s
Epoch [7/60] L:0.3036 D:0.3000 F:0.0361 661s
Epoch [8/60] L:0.2985 D:0.2949 F:0.0357 1178s
  Val L:0.3665 ABS:0.3828 RMSE:1.3171 d1:0.4910
Epoch [9/60] L:0.2910 D:0.2875 F:0.0352 804s
Epoch [10/60] L:0.2848 D:0.2814 F:0.0346 827s
Epoch [11/60] L:0.2792 D:0.2758 F:0.0333 304s
Epoch [12/60] L:0.2733 D:0.2700 F:0.0329 363s
  Val L:0.3602 ABS:0.3863 RMSE:1.2621 d1:0.5215
  >> Best (score:0.9994 RMSE:1.2621 ABS:0.3863)
Epoch [13/60] L:0.2677 D:0.2644 F:0.0329 635s
Epoch [14/60] L:0.2598 D:0.2566 F:0.0320 479s
Epoch [15/60] L:0.2532 D:0.2500 F:0.0320 441s
Epoch [16/60] L:0.2459 D:0.2427 F:0.0314 357s
  Val L:0.3655 ABS:0.4005 RMSE:1.2511 d1:0.5162
  >> Best (score:0.9959 RMSE:1.2511 ABS:0.4005)
Epoch [17/60] L:0.2385 D:0.2354 F:0.0316 419s
Epoch [18/60] L:0.2302 D:0.2272 F:0.0306 617s
Epoch [19/60] L:0.2220 D:0.2189 F:0.0306 379s
Epoch [20/60] L:0.2135 D:0.2105 F:0.0302 839s
  Val L:0.3832 ABS:0.4152 RMSE:1.2532 d1:0.5180
Epoch [21/60] L:0.2053 D:0.2022 F:0.0304 343s
Epoch [22/60] L:0.1982 D:0.1952 F:0.0301 276s
Epoch [23/60] L:0.1885 D:0.1856 F:0.0293 258s
Epoch [24/60] L:0.1809 D:0.1779 F:0.0294 261s
  Val L:0.3848 ABS:0.4026 RMSE:1.2815 d1:0.5126
Epoch [25/60] L:0.1728 D:0.1699 F:0.0292 230s
Epoch [26/60] L:0.1647 D:0.1618 F:0.0291 260s
Epoch [27/60] L:0.1566 D:0.1537 F:0.0290 253s
Epoch [28/60] L:0.1500 D:0.1472 F:0.0284 329s
  Val L:0.4038 ABS:0.4226 RMSE:1.2840 d1:0.5259
Epoch [29/60] L:0.1431 D:0.1402 F:0.0281 229s
Epoch [30/60] L:0.1361 D:0.1333 F:0.0282 253s
Epoch [31/60] L:0.1301 D:0.1273 F:0.0280 279s
Epoch [32/60] L:0.1248 D:0.1221 F:0.0273 284s
  Val L:0.4115 ABS:0.4296 RMSE:1.2927 d1:0.5261
Epoch [33/60] L:0.1206 D:0.1178 F:0.0274 281s
Epoch [34/60] L:0.1158 D:0.1131 F:0.0271 556s
Epoch [35/60] L:0.1105 D:0.1078 F:0.0270 252s
Epoch [36/60] L:0.1056 D:0.1029 F:0.0268 375s
  Val L:0.4220 ABS:0.4464 RMSE:1.3208 d1:0.5234
Epoch [37/60] L:0.1016 D:0.0990 F:0.0264 557s
Epoch [38/60] L:0.0983 D:0.0958 F:0.0258 534s
Epoch [39/60] L:0.0961 D:0.0935 F:0.0259 303s
Epoch [40/60] L:0.0907 D:0.0882 F:0.0257 247s
  Val L:0.4134 ABS:0.4275 RMSE:1.3216 d1:0.5312
Epoch [41/60] L:0.0873 D:0.0847 F:0.0255 274s
Epoch [42/60] L:0.0851 D:0.0825 F:0.0251 293s
Epoch [43/60] L:0.0822 D:0.0797 F:0.0250 240s
Epoch [44/60] L:0.0799 D:0.0774 F:0.0250 263s
  Val L:0.4197 ABS:0.4342 RMSE:1.3167 d1:0.5306
Epoch [45/60] L:0.0770 D:0.0745 F:0.0245 259s
Epoch [46/60] L:0.0745 D:0.0720 F:0.0243 265s
Epoch [47/60] L:0.0724 D:0.0700 F:0.0241 311s
Epoch [48/60] L:0.0705 D:0.0681 F:0.0238 364s
  Val L:0.4117 ABS:0.4331 RMSE:1.3169 d1:0.5289
Epoch [49/60] L:0.0685 D:0.0662 F:0.0235 251s
Epoch [50/60] L:0.0662 D:0.0639 F:0.0232 346s
Epoch [51/60] L:0.0643 D:0.0620 F:0.0232 375s
Epoch [52/60] L:0.0624 D:0.0602 F:0.0229 298s
  Val L:0.4226 ABS:0.4389 RMSE:1.3394 d1:0.5333
Epoch [53/60] L:0.0663 D:0.0640 F:0.0232 294s
Epoch [54/60] L:0.0595 D:0.0572 F:0.0225 274s
Epoch [55/60] L:0.0562 D:0.0540 F:0.0223 338s
Epoch [56/60] L:0.0556 D:0.0534 F:0.0221 284s
  Val L:0.4164 ABS:0.4406 RMSE:1.3271 d1:0.5303
Epoch [57/60] L:0.0554 D:0.0532 F:0.0220 305s
Epoch [58/60] L:0.0541 D:0.0519 F:0.0217 263s
Epoch [59/60] L:0.0531 D:0.0509 F:0.0214 746s
Epoch [60/60] L:0.0517 D:0.0496 F:0.0212 473s
  Val L:0.4238 ABS:0.4508 RMSE:1.3384 d1:0.5339

Done. Best score:0.9959 RMSE:1.2511 ABS:0.4005
