============================================================
Model: foa_0415_v1  Dataset: soundspaces
BS: 32  LR: 0.0001  Opt: AdamW
============================================================
Loaded scene split from /root/storage/matterport3d_0303renew/scene_split.json
  train: 72, val: 9, test: 9
[train] 23560 samples (fast cache: samples_train_erp_8b3be925d3ae.json) [ambisonic=ON]
  Precomputed SH basis matrix: (131072, 4) (order=1)
Loaded scene split from /root/storage/matterport3d_0303renew/scene_split.json
  train: 72, val: 9, test: 9
[val] 2951 samples (fast cache: samples_val_erp_be0f29dd7abf.json) [ambisonic=ON]
  Precomputed SH basis matrix: (131072, 4) (order=1)
Train: 23560, Val: 2951
Model: foa_0415_v1 (54.5M params)
Epoch [1/60] L:0.4183 D:0.4134 F:0.0489 234s
Epoch [2/60] L:0.3591 D:0.3553 F:0.0377 229s
Epoch [3/60] L:0.3329 D:0.3295 F:0.0347 228s
Epoch [4/60] L:0.3190 D:0.3157 F:0.0326 231s
  Val L:0.3764 ABS:0.3800 RMSE:1.3262 d1:0.4816
  >> Best (score:1.0423 RMSE:1.3262 ABS:0.3800)
Epoch [5/60] L:0.3095 D:0.3063 F:0.0313 253s
Epoch [6/60] L:0.3023 D:0.2993 F:0.0300 267s
Epoch [7/60] L:0.2946 D:0.2917 F:0.0291 242s
Epoch [8/60] L:0.2875 D:0.2847 F:0.0284 244s
  Val L:0.3602 ABS:0.4077 RMSE:1.2509 d1:0.4929
  >> Best (score:0.9980 RMSE:1.2509 ABS:0.4077)
Epoch [9/60] L:0.2794 D:0.2766 F:0.0282 258s
Epoch [10/60] L:0.2711 D:0.2683 F:0.0282 257s
Epoch [11/60] L:0.2637 D:0.2610 F:0.0275 255s
Epoch [12/60] L:0.2530 D:0.2503 F:0.0271 247s
  Val L:0.3579 ABS:0.4183 RMSE:1.2388 d1:0.5186
  >> Best (score:0.9927 RMSE:1.2388 ABS:0.4183)
Epoch [13/60] L:0.2438 D:0.2411 F:0.0269 248s
Epoch [14/60] L:0.2340 D:0.2313 F:0.0270 269s
Epoch [15/60] L:0.2226 D:0.2200 F:0.0262 270s
Epoch [16/60] L:0.2119 D:0.2093 F:0.0261 259s
  Val L:0.3791 ABS:0.4260 RMSE:1.2481 d1:0.5162
Epoch [17/60] L:0.2013 D:0.1988 F:0.0257 258s
Epoch [18/60] L:0.1921 D:0.1896 F:0.0255 247s
Epoch [19/60] L:0.1826 D:0.1801 F:0.0251 245s
Epoch [20/60] L:0.1732 D:0.1707 F:0.0252 250s
  Val L:0.3859 ABS:0.3905 RMSE:1.2740 d1:0.5205
Epoch [21/60] L:0.1649 D:0.1624 F:0.0250 257s
Epoch [22/60] L:0.1562 D:0.1538 F:0.0245 260s
Epoch [23/60] L:0.1491 D:0.1467 F:0.0242 263s
Epoch [24/60] L:0.1417 D:0.1393 F:0.0239 252s
  Val L:0.3896 ABS:0.4331 RMSE:1.2636 d1:0.5320
Epoch [25/60] L:0.1354 D:0.1330 F:0.0238 252s
Epoch [26/60] L:0.1294 D:0.1270 F:0.0236 259s
Epoch [27/60] L:0.1237 D:0.1214 F:0.0231 258s
Epoch [28/60] L:0.1196 D:0.1172 F:0.0232 259s
  Val L:0.4103 ABS:0.4298 RMSE:1.2997 d1:0.5226
Epoch [29/60] L:0.1142 D:0.1119 F:0.0229 260s
Epoch [30/60] L:0.1103 D:0.1081 F:0.0225 241s
Epoch [31/60] L:0.1049 D:0.1027 F:0.0225 261s
Epoch [32/60] L:0.1017 D:0.0995 F:0.0221 233s
  Val L:0.4090 ABS:0.4382 RMSE:1.3093 d1:0.5241
Epoch [33/60] L:0.0981 D:0.0959 F:0.0220 246s
Epoch [34/60] L:0.0947 D:0.0925 F:0.0218 244s
Epoch [35/60] L:0.0916 D:0.0895 F:0.0214 266s
Epoch [36/60] L:0.0883 D:0.0862 F:0.0213 238s
  Val L:0.4061 ABS:0.4280 RMSE:1.2995 d1:0.5291
Epoch [37/60] L:0.0854 D:0.0833 F:0.0210 248s
Epoch [38/60] L:0.0824 D:0.0803 F:0.0208 280s
Epoch [39/60] L:0.0799 D:0.0778 F:0.0208 1045s
Epoch [40/60] L:0.0781 D:0.0761 F:0.0206 549s
  Val L:0.4129 ABS:0.4340 RMSE:1.3144 d1:0.5261
Epoch [41/60] L:0.0758 D:0.0738 F:0.0204 567s
Epoch [42/60] L:0.0731 D:0.0711 F:0.0202 790s
Epoch [43/60] L:0.0706 D:0.0686 F:0.0199 803s
Epoch [44/60] L:0.0684 D:0.0665 F:0.0198 1071s
  Val L:0.4130 ABS:0.4332 RMSE:1.3205 d1:0.5286
Epoch [45/60] L:0.0673 D:0.0653 F:0.0196 1023s
Epoch [46/60] L:0.0656 D:0.0637 F:0.0194 701s
Epoch [47/60] L:0.0633 D:0.0614 F:0.0192 611s
Epoch [48/60] L:0.0616 D:0.0597 F:0.0190 352s
  Val L:0.4117 ABS:0.4375 RMSE:1.3264 d1:0.5299
Epoch [49/60] L:0.0600 D:0.0581 F:0.0189 391s
Epoch [50/60] L:0.0588 D:0.0570 F:0.0185 185s
Epoch [51/60] L:0.0578 D:0.0559 F:0.0188 359s
Epoch [52/60] L:0.0564 D:0.0545 F:0.0183 467s
  Val L:0.4143 ABS:0.4400 RMSE:1.3185 d1:0.5305
Epoch [53/60] L:0.0550 D:0.0532 F:0.0181 453s
Epoch [54/60] L:0.0538 D:0.0520 F:0.0179 301s
Epoch [55/60] L:0.0524 D:0.0506 F:0.0177 344s
Epoch [56/60] L:0.0510 D:0.0493 F:0.0176 494s
  Val L:0.4150 ABS:0.4386 RMSE:1.3305 d1:0.5365
Epoch [57/60] L:0.0502 D:0.0485 F:0.0174 563s
Epoch [58/60] L:0.0493 D:0.0476 F:0.0174 791s
Epoch [59/60] L:0.0484 D:0.0467 F:0.0169 400s
Epoch [60/60] L:0.0473 D:0.0456 F:0.0169 320s
  Val L:0.4133 ABS:0.4620 RMSE:1.3281 d1:0.5343

Done. Best score:0.9927 RMSE:1.2388 ABS:0.4183
