============================================================
Model: foa_0415_v3  Dataset: soundspaces
BS: 32  LR: 0.0005  Opt: AdamW
============================================================
Loaded scene split from /root/storage/matterport3d_0303renew/scene_split.json
  train: 72, val: 9, test: 9
[train] 23560 samples (fast cache: samples_train_erp_8b3be925d3ae.json) [ambisonic=ON]
  Precomputed SH basis matrix: (131072, 4) (order=1)
Loaded scene split from /root/storage/matterport3d_0303renew/scene_split.json
  train: 72, val: 9, test: 9
[val] 2951 samples (fast cache: samples_val_erp_be0f29dd7abf.json) [ambisonic=ON]
  Precomputed SH basis matrix: (131072, 4) (order=1)
Train: 23560, Val: 2951
Model: foa_0415_v3 (54.5M params)
Epoch [1/60] L:0.4543 D:0.4285 F:0.0515 230s
Epoch [2/60] L:0.3794 D:0.3613 F:0.0363 223s
Epoch [3/60] L:0.3670 D:0.3498 F:0.0343 232s
Epoch [4/60] L:0.3568 D:0.3401 F:0.0334 232s
  Val L:0.4135 ABS:0.4237 RMSE:1.3692 d1:0.4694
  >> Best (score:1.0855 RMSE:1.3692 ABS:0.4237)
Epoch [5/60] L:0.3378 D:0.3217 F:0.0322 224s
Epoch [6/60] L:0.3260 D:0.3105 F:0.0310 242s
Epoch [7/60] L:0.3176 D:0.3028 F:0.0297 252s
Epoch [8/60] L:0.3100 D:0.2954 F:0.0291 229s
  Val L:0.3669 ABS:0.4098 RMSE:1.2568 d1:0.4999
  >> Best (score:1.0027 RMSE:1.2568 ABS:0.4098)
Epoch [9/60] L:0.3039 D:0.2898 F:0.0284 239s
Epoch [10/60] L:0.2975 D:0.2836 F:0.0277 245s
Epoch [11/60] L:0.2915 D:0.2778 F:0.0274 228s
Epoch [12/60] L:0.2849 D:0.2715 F:0.0268 236s
  Val L:0.3699 ABS:0.4050 RMSE:1.2727 d1:0.5102
Epoch [13/60] L:0.2787 D:0.2654 F:0.0265 234s
Epoch [14/60] L:0.2715 D:0.2584 F:0.0262 230s
Epoch [15/60] L:0.2649 D:0.2520 F:0.0258 223s
Epoch [16/60] L:0.2568 D:0.2440 F:0.0256 235s
  Val L:0.3697 ABS:0.4058 RMSE:1.2652 d1:0.5246
Epoch [17/60] L:0.2486 D:0.2359 F:0.0253 225s
Epoch [18/60] L:0.2395 D:0.2271 F:0.0250 240s
Epoch [19/60] L:0.2308 D:0.2185 F:0.0246 235s
Epoch [20/60] L:0.2232 D:0.2111 F:0.0243 249s
  Val L:0.3742 ABS:0.3970 RMSE:1.2531 d1:0.5277
  >> Best (score:0.9963 RMSE:1.2531 ABS:0.3970)
Epoch [21/60] L:0.2141 D:0.2020 F:0.0242 249s
Epoch [22/60] L:0.2054 D:0.1936 F:0.0237 227s
Epoch [23/60] L:0.1976 D:0.1859 F:0.0235 231s
Epoch [24/60] L:0.1881 D:0.1763 F:0.0235 239s
  Val L:0.3877 ABS:0.3872 RMSE:1.2660 d1:0.5344
Epoch [25/60] L:0.1798 D:0.1683 F:0.0229 245s
Epoch [26/60] L:0.1715 D:0.1601 F:0.0228 244s
Epoch [27/60] L:0.1645 D:0.1532 F:0.0226 248s
Epoch [28/60] L:0.1578 D:0.1467 F:0.0222 248s
  Val L:0.4017 ABS:0.4113 RMSE:1.2672 d1:0.5323
Epoch [29/60] L:0.1504 D:0.1395 F:0.0219 235s
Epoch [30/60] L:0.1435 D:0.1327 F:0.0217 269s
Epoch [31/60] L:0.1383 D:0.1275 F:0.0217 273s
Epoch [32/60] L:0.1324 D:0.1218 F:0.0211 271s
  Val L:0.4050 ABS:0.4211 RMSE:1.2787 d1:0.5367
Epoch [33/60] L:0.1282 D:0.1178 F:0.0208 251s
Epoch [34/60] L:0.1235 D:0.1132 F:0.0205 238s
Epoch [35/60] L:0.1169 D:0.1067 F:0.0205 249s
Epoch [36/60] L:0.1143 D:0.1041 F:0.0202 252s
  Val L:0.4152 ABS:0.4352 RMSE:1.2982 d1:0.5395
Epoch [37/60] L:0.1105 D:0.1007 F:0.0198 271s
Epoch [38/60] L:0.1055 D:0.0957 F:0.0195 255s
Epoch [39/60] L:0.1018 D:0.0923 F:0.0190 252s
Epoch [40/60] L:0.0984 D:0.0888 F:0.0192 255s
  Val L:0.4138 ABS:0.4391 RMSE:1.2959 d1:0.5380
Epoch [41/60] L:0.0948 D:0.0854 F:0.0189 232s
Epoch [42/60] L:0.0929 D:0.0836 F:0.0186 227s
Epoch [43/60] L:0.0900 D:0.0810 F:0.0180 248s
Epoch [44/60] L:0.0866 D:0.0777 F:0.0179 229s
  Val L:0.4138 ABS:0.4246 RMSE:1.3108 d1:0.5397
Epoch [45/60] L:0.0845 D:0.0757 F:0.0174 202s
Epoch [46/60] L:0.0820 D:0.0734 F:0.0173 232s
Epoch [47/60] L:0.0795 D:0.0711 F:0.0169 241s
Epoch [48/60] L:0.0771 D:0.0687 F:0.0167 300s
  Val L:0.4202 ABS:0.4457 RMSE:1.3109 d1:0.5404
Epoch [49/60] L:0.0748 D:0.0666 F:0.0164 236s
Epoch [50/60] L:0.0728 D:0.0646 F:0.0163 231s
Epoch [51/60] L:0.0717 D:0.0637 F:0.0159 327s
Epoch [52/60] L:0.0700 D:0.0621 F:0.0157 312s
  Val L:0.4199 ABS:0.4251 RMSE:1.3116 d1:0.5377
Epoch [53/60] L:0.0669 D:0.0592 F:0.0154 241s
Epoch [54/60] L:0.0648 D:0.0573 F:0.0151 234s
Epoch [55/60] L:0.0635 D:0.0562 F:0.0147 234s
Epoch [56/60] L:0.0637 D:0.0563 F:0.0148 252s
  Val L:0.4272 ABS:0.4360 RMSE:1.3334 d1:0.5331
Epoch [57/60] L:0.0605 D:0.0532 F:0.0145 237s
Epoch [58/60] L:0.0589 D:0.0518 F:0.0141 236s
Epoch [59/60] L:0.0584 D:0.0513 F:0.0141 241s
Epoch [60/60] L:0.0571 D:0.0503 F:0.0136 227s
  Val L:0.4252 ABS:0.4408 RMSE:1.3264 d1:0.5316

Done. Best score:0.9963 RMSE:1.2531 ABS:0.3970
