============================================================
Model: foa_0415_v4  Dataset: soundspaces
BS: 32  LR: 0.001  Opt: AdamW
============================================================
Loaded scene split from /root/storage/matterport3d_0303renew/scene_split.json
  train: 72, val: 9, test: 9
[train] 23560 samples (fast cache: samples_train_erp_8b3be925d3ae.json) [ambisonic=ON]
  Precomputed SH basis matrix: (131072, 4) (order=1)
Loaded scene split from /root/storage/matterport3d_0303renew/scene_split.json
  train: 72, val: 9, test: 9
[val] 2951 samples (fast cache: samples_val_erp_be0f29dd7abf.json) [ambisonic=ON]
  Precomputed SH basis matrix: (131072, 4) (order=1)
Train: 23560, Val: 2951
Model: foa_0415_v4 (54.7M params)
Epoch [1/60] L:0.4339 D:0.4275 F:0.0633 241s
Epoch [2/60] L:0.3667 D:0.3620 F:0.0477 246s
Epoch [3/60] L:0.3495 D:0.3449 F:0.0458 240s
Epoch [4/60] L:0.3310 D:0.3267 F:0.0427 239s
  Val L:0.4100 ABS:0.4700 RMSE:1.3662 d1:0.4433
  >> Best (score:1.0973 RMSE:1.3662 ABS:0.4700)
Epoch [5/60] L:0.3210 D:0.3169 F:0.0414 251s
Epoch [6/60] L:0.3138 D:0.3098 F:0.0392 248s
Epoch [7/60] L:0.3079 D:0.3041 F:0.0380 232s
Epoch [8/60] L:0.3013 D:0.2976 F:0.0368 251s
  Val L:0.3607 ABS:0.4068 RMSE:1.2700 d1:0.4985
  >> Best (score:1.0111 RMSE:1.2700 ABS:0.4068)
Epoch [9/60] L:0.2937 D:0.2900 F:0.0367 216s
Epoch [10/60] L:0.2871 D:0.2835 F:0.0361 217s
Epoch [11/60] L:0.2825 D:0.2790 F:0.0357 214s
Epoch [12/60] L:0.2759 D:0.2723 F:0.0351 180s
  Val L:0.3618 ABS:0.3966 RMSE:1.2701 d1:0.5107
  >> Best (score:1.0080 RMSE:1.2701 ABS:0.3966)
Epoch [13/60] L:0.2690 D:0.2655 F:0.0342 215s
Epoch [14/60] L:0.2623 D:0.2589 F:0.0342 231s
Epoch [15/60] L:0.2552 D:0.2518 F:0.0341 223s
Epoch [16/60] L:0.2462 D:0.2428 F:0.0337 186s
  Val L:0.3759 ABS:0.4257 RMSE:1.2507 d1:0.5048
  >> Best (score:1.0032 RMSE:1.2507 ABS:0.4257)
Epoch [17/60] L:0.2378 D:0.2345 F:0.0326 208s
Epoch [18/60] L:0.2286 D:0.2254 F:0.0322 232s
Epoch [19/60] L:0.2197 D:0.2165 F:0.0323 240s
Epoch [20/60] L:0.2109 D:0.2077 F:0.0315 213s
  Val L:0.3895 ABS:0.4153 RMSE:1.2646 d1:0.5253
Epoch [21/60] L:0.2015 D:0.1983 F:0.0316 223s
Epoch [22/60] L:0.1920 D:0.1889 F:0.0307 240s
Epoch [23/60] L:0.1829 D:0.1798 F:0.0306 219s
Epoch [24/60] L:0.1732 D:0.1702 F:0.0303 230s
  Val L:0.3891 ABS:0.4116 RMSE:1.2708 d1:0.5285
Epoch [25/60] L:0.1644 D:0.1615 F:0.0296 196s
Epoch [26/60] L:0.1559 D:0.1530 F:0.0293 220s
Epoch [27/60] L:0.1473 D:0.1444 F:0.0286 234s
Epoch [28/60] L:0.1410 D:0.1381 F:0.0287 237s
  Val L:0.4098 ABS:0.4461 RMSE:1.2981 d1:0.5270
Epoch [29/60] L:0.1342 D:0.1314 F:0.0278 202s
Epoch [30/60] L:0.1280 D:0.1252 F:0.0274 194s
Epoch [31/60] L:0.1213 D:0.1186 F:0.0271 222s
Epoch [32/60] L:0.1156 D:0.1129 F:0.0264 207s
  Val L:0.4112 ABS:0.4363 RMSE:1.3025 d1:0.5301
Epoch [33/60] L:0.1125 D:0.1099 F:0.0262 251s
Epoch [34/60] L:0.1064 D:0.1038 F:0.0256 252s
Epoch [35/60] L:0.1028 D:0.1002 F:0.0257 249s
Epoch [36/60] L:0.0977 D:0.0951 F:0.0257 259s
  Val L:0.4052 ABS:0.4443 RMSE:1.3045 d1:0.5322
Epoch [37/60] L:0.0938 D:0.0913 F:0.0256 244s
Epoch [38/60] L:0.0899 D:0.0874 F:0.0254 244s
Epoch [39/60] L:0.0890 D:0.0865 F:0.0251 249s
Epoch [40/60] L:0.0844 D:0.0819 F:0.0250 250s
  Val L:0.4142 ABS:0.4519 RMSE:1.3170 d1:0.5327
Epoch [41/60] L:0.0809 D:0.0784 F:0.0247 211s
Epoch [42/60] L:0.0775 D:0.0751 F:0.0247 212s
Epoch [43/60] L:0.0762 D:0.0737 F:0.0248 226s
Epoch [44/60] L:0.0740 D:0.0716 F:0.0246 208s
  Val L:0.4202 ABS:0.4545 RMSE:1.3364 d1:0.5309
Epoch [45/60] L:0.0712 D:0.0688 F:0.0240 210s
Epoch [46/60] L:0.0685 D:0.0661 F:0.0237 218s
Epoch [47/60] L:0.0658 D:0.0634 F:0.0238 235s
Epoch [48/60] L:0.0656 D:0.0632 F:0.0237 243s
  Val L:0.4136 ABS:0.4600 RMSE:1.3299 d1:0.5305
Epoch [49/60] L:0.0662 D:0.0638 F:0.0237 263s
Epoch [50/60] L:0.0631 D:0.0608 F:0.0233 236s
Epoch [51/60] L:0.0579 D:0.0557 F:0.0229 245s
Epoch [52/60] L:0.0560 D:0.0538 F:0.0229 264s
  Val L:0.4171 ABS:0.4516 RMSE:1.3285 d1:0.5265
Epoch [53/60] L:0.0560 D:0.0538 F:0.0226 230s
Epoch [54/60] L:0.0561 D:0.0539 F:0.0227 244s
Epoch [55/60] L:0.0549 D:0.0526 F:0.0225 217s
Epoch [56/60] L:0.0526 D:0.0504 F:0.0221 216s
  Val L:0.4228 ABS:0.4662 RMSE:1.3492 d1:0.5336
Epoch [57/60] L:0.0504 D:0.0482 F:0.0220 234s
Epoch [58/60] L:0.0502 D:0.0480 F:0.0216 288s
Epoch [59/60] L:0.0505 D:0.0484 F:0.0216 374s
Epoch [60/60] L:0.0737 D:0.0714 F:0.0231 338s
  Val L:0.4291 ABS:0.4687 RMSE:1.3538 d1:0.5306

Done. Best score:1.0032 RMSE:1.2507 ABS:0.4257
