============================================================
Model: pretrained_vit_foa  Dataset: soundspaces
BS: 16  LR: 0.0001  Opt: AdamW
============================================================
Loaded scene split from /root/storage/matterport3d_0303renew/scene_split.json
  train: 72, val: 9, test: 9
[train] 23560 samples (fast cache: samples_train_erp_8b3be925d3ae.json) [ambisonic=ON]
  Precomputed SH basis matrix: (131072, 4) (order=1)
Loaded scene split from /root/storage/matterport3d_0303renew/scene_split.json
  train: 72, val: 9, test: 9
[val] 2951 samples (fast cache: samples_val_erp_be0f29dd7abf.json) [ambisonic=ON]
  Precomputed SH basis matrix: (131072, 4) (order=1)
Train: 23560, Val: 2951
Model: pretrained_vit_foa (90.3M params)
Epoch [1/40] L:0.2905 D:0.2854 F:0.0512 583s
Epoch [2/40] L:0.2188 D:0.2149 F:0.0389 247s
Epoch [3/40] L:0.2027 D:0.1992 F:0.0348 248s
Epoch [4/40] L:0.1949 D:0.1916 F:0.0331 247s
  Val L:0.2364 ABS:0.4429 RMSE:1.2685 d1:0.4829
  >> Best (score:1.0208 RMSE:1.2685 ABS:0.4429)
Epoch [5/40] L:0.1899 D:0.1868 F:0.0310 250s
Epoch [6/40] L:0.1855 D:0.1826 F:0.0295 249s
Epoch [7/40] L:0.1825 D:0.1797 F:0.0282 249s
Epoch [8/40] L:0.1789 D:0.1762 F:0.0271 249s
  Val L:0.2282 ABS:0.3883 RMSE:1.2714 d1:0.5177
  >> Best (score:1.0064 RMSE:1.2714 ABS:0.3883)
Epoch [9/40] L:0.1759 D:0.1732 F:0.0265 256s
Epoch [10/40] L:0.1734 D:0.1708 F:0.0258 249s
Epoch [11/40] L:0.1700 D:0.1675 F:0.0251 257s
Epoch [12/40] L:0.1671 D:0.1646 F:0.0247 251s
  Val L:0.2227 ABS:0.4211 RMSE:1.2219 d1:0.5305
  >> Best (score:0.9817 RMSE:1.2219 ABS:0.4211)
Epoch [13/40] L:0.1643 D:0.1619 F:0.0243 261s
Epoch [14/40] L:0.1610 D:0.1586 F:0.0239 250s
Epoch [15/40] L:0.1577 D:0.1553 F:0.0237 249s
Epoch [16/40] L:0.1547 D:0.1524 F:0.0234 255s
  Val L:0.2305 ABS:0.4058 RMSE:1.2587 d1:0.5258
Epoch [17/40] L:0.1507 D:0.1484 F:0.0231 268s
Epoch [18/40] L:0.1474 D:0.1452 F:0.0229 252s
Epoch [19/40] L:0.1429 D:0.1407 F:0.0228 248s
Epoch [20/40] L:0.1395 D:0.1373 F:0.0225 249s
  Val L:0.2408 ABS:0.4148 RMSE:1.2745 d1:0.5188
Epoch [21/40] L:0.1362 D:0.1340 F:0.0221 268s
Epoch [22/40] L:0.1317 D:0.1295 F:0.0220 259s
Epoch [23/40] L:0.1273 D:0.1252 F:0.0216 251s
Epoch [24/40] L:0.1239 D:0.1217 F:0.0216 251s
  Val L:0.2464 ABS:0.4351 RMSE:1.2753 d1:0.5273
Epoch [25/40] L:0.1200 D:0.1179 F:0.0213 252s
Epoch [26/40] L:0.1154 D:0.1133 F:0.0211 258s
Epoch [27/40] L:0.1117 D:0.1096 F:0.0209 251s
Epoch [28/40] L:0.1080 D:0.1060 F:0.0207 256s
  Val L:0.2453 ABS:0.4420 RMSE:1.2685 d1:0.5342
Epoch [29/40] L:0.1039 D:0.1018 F:0.0205 254s
Epoch [30/40] L:0.1015 D:0.0994 F:0.0204 263s
Epoch [31/40] L:0.0967 D:0.0947 F:0.0200 259s
Epoch [32/40] L:0.0936 D:0.0916 F:0.0198 263s
  Val L:0.2533 ABS:0.4230 RMSE:1.3055 d1:0.5377
Epoch [33/40] L:0.0910 D:0.0890 F:0.0195 259s
Epoch [34/40] L:0.0882 D:0.0863 F:0.0193 257s
Epoch [35/40] L:0.0854 D:0.0835 F:0.0191 256s
Epoch [36/40] L:0.0833 D:0.0814 F:0.0188 261s
  Val L:0.2543 ABS:0.4351 RMSE:1.3076 d1:0.5384
Epoch [37/40] L:0.0803 D:0.0785 F:0.0187 248s
Epoch [38/40] L:0.0782 D:0.0764 F:0.0183 247s
Epoch [39/40] L:0.0775 D:0.0757 F:0.0183 247s
Epoch [40/40] L:0.0735 D:0.0717 F:0.0179 248s
  Val L:0.2569 ABS:0.4185 RMSE:1.3232 d1:0.5376

Done. Best score:0.9817 RMSE:1.2219 ABS:0.4211
