============================================================
Model: foa_0415_v3  Dataset: soundspaces
BS: 32  LR: 0.001  Opt: AdamW
============================================================
Loaded scene split from /root/storage/matterport3d_0303renew/scene_split.json
  train: 72, val: 9, test: 9
[train] 23560 samples (fast cache: samples_train_erp_8b3be925d3ae.json) [ambisonic=ON]
  Precomputed SH basis matrix: (131072, 4) (order=1)
Loaded scene split from /root/storage/matterport3d_0303renew/scene_split.json
  train: 72, val: 9, test: 9
[val] 2951 samples (fast cache: samples_val_erp_be0f29dd7abf.json) [ambisonic=ON]
  Precomputed SH basis matrix: (131072, 4) (order=1)
Train: 23560, Val: 2951
Model: foa_0415_v3 (54.5M params)
Epoch [1/60] L:0.4320 D:0.4254 F:0.0660 244s
Epoch [2/60] L:0.3684 D:0.3636 F:0.0476 244s
Epoch [3/60] L:0.3545 D:0.3500 F:0.0449 241s
Epoch [4/60] L:0.3406 D:0.3363 F:0.0429 240s
  Val L:0.3927 ABS:0.4137 RMSE:1.3487 d1:0.4809
  >> Best (score:1.0682 RMSE:1.3487 ABS:0.4137)
Epoch [5/60] L:0.3261 D:0.3220 F:0.0417 220s
Epoch [6/60] L:0.3158 D:0.3117 F:0.0402 236s
Epoch [7/60] L:0.3091 D:0.3052 F:0.0390 229s
Epoch [8/60] L:0.3018 D:0.2980 F:0.0379 257s
  Val L:0.3585 ABS:0.4455 RMSE:1.2467 d1:0.5010
  >> Best (score:1.0063 RMSE:1.2467 ABS:0.4455)
Epoch [9/60] L:0.2947 D:0.2910 F:0.0370 252s
Epoch [10/60] L:0.2890 D:0.2853 F:0.0368 246s
Epoch [11/60] L:0.2823 D:0.2787 F:0.0359 243s
Epoch [12/60] L:0.2772 D:0.2737 F:0.0358 231s
  Val L:0.3647 ABS:0.4097 RMSE:1.2618 d1:0.5073
  >> Best (score:1.0061 RMSE:1.2618 ABS:0.4097)
Epoch [13/60] L:0.2704 D:0.2670 F:0.0347 233s
Epoch [14/60] L:0.2633 D:0.2599 F:0.0345 223s
Epoch [15/60] L:0.2573 D:0.2539 F:0.0342 226s
Epoch [16/60] L:0.2486 D:0.2452 F:0.0343 228s
  Val L:0.3729 ABS:0.4159 RMSE:1.2609 d1:0.5091
Epoch [17/60] L:0.2412 D:0.2379 F:0.0333 179s
Epoch [18/60] L:0.2332 D:0.2299 F:0.0330 220s
Epoch [19/60] L:0.2242 D:0.2209 F:0.0329 225s
Epoch [20/60] L:0.2158 D:0.2126 F:0.0323 241s
  Val L:0.3772 ABS:0.4173 RMSE:1.2440 d1:0.5289
  >> Best (score:0.9960 RMSE:1.2440 ABS:0.4173)
Epoch [21/60] L:0.2063 D:0.2032 F:0.0317 228s
Epoch [22/60] L:0.1970 D:0.1938 F:0.0317 245s
Epoch [23/60] L:0.1872 D:0.1840 F:0.0315 245s
Epoch [24/60] L:0.1786 D:0.1755 F:0.0309 235s
  Val L:0.3804 ABS:0.4201 RMSE:1.2582 d1:0.5348
Epoch [25/60] L:0.1696 D:0.1665 F:0.0302 210s
Epoch [26/60] L:0.1614 D:0.1584 F:0.0299 237s
Epoch [27/60] L:0.1526 D:0.1496 F:0.0299 235s
Epoch [28/60] L:0.1455 D:0.1426 F:0.0290 198s
  Val L:0.3999 ABS:0.4132 RMSE:1.2931 d1:0.5308
Epoch [29/60] L:0.1382 D:0.1353 F:0.0290 244s
Epoch [30/60] L:0.1334 D:0.1306 F:0.0279 260s
Epoch [31/60] L:0.1251 D:0.1224 F:0.0271 253s
Epoch [32/60] L:0.1196 D:0.1169 F:0.0270 258s
  Val L:0.4015 ABS:0.4515 RMSE:1.2865 d1:0.5285
Epoch [33/60] L:0.1143 D:0.1116 F:0.0266 256s
Epoch [34/60] L:0.1090 D:0.1063 F:0.0267 242s
Epoch [35/60] L:0.1058 D:0.1032 F:0.0262 266s
Epoch [36/60] L:0.1015 D:0.0989 F:0.0262 256s
  Val L:0.4087 ABS:0.4304 RMSE:1.3008 d1:0.5312
Epoch [37/60] L:0.0958 D:0.0932 F:0.0261 240s
Epoch [38/60] L:0.0916 D:0.0890 F:0.0257 256s
Epoch [39/60] L:0.0894 D:0.0868 F:0.0258 259s
Epoch [40/60] L:0.0878 D:0.0852 F:0.0254 256s
  Val L:0.4280 ABS:0.4260 RMSE:1.3378 d1:0.5247
Epoch [41/60] L:0.0833 D:0.0808 F:0.0253 243s
Epoch [42/60] L:0.0792 D:0.0767 F:0.0253 244s
Epoch [43/60] L:0.0770 D:0.0745 F:0.0250 250s
Epoch [44/60] L:0.0749 D:0.0724 F:0.0248 245s
  Val L:0.4182 ABS:0.4325 RMSE:1.3277 d1:0.5282
Epoch [45/60] L:0.0722 D:0.0697 F:0.0250 237s
Epoch [46/60] L:0.0697 D:0.0673 F:0.0245 241s
Epoch [47/60] L:0.0679 D:0.0654 F:0.0243 258s
Epoch [48/60] L:0.0672 D:0.0647 F:0.0243 231s
  Val L:0.4296 ABS:0.4570 RMSE:1.3424 d1:0.5262
Epoch [49/60] L:0.0633 D:0.0609 F:0.0239 280s
Epoch [50/60] L:0.0620 D:0.0596 F:0.0238 247s
Epoch [51/60] L:0.0599 D:0.0575 F:0.0236 261s
Epoch [52/60] L:0.0593 D:0.0570 F:0.0237 253s
  Val L:0.4176 ABS:0.4558 RMSE:1.3326 d1:0.5311
Epoch [53/60] L:0.0584 D:0.0560 F:0.0235 259s
Epoch [54/60] L:0.0556 D:0.0532 F:0.0232 236s
Epoch [55/60] L:0.0546 D:0.0523 F:0.0229 292s
Epoch [56/60] L:0.0530 D:0.0507 F:0.0228 385s
  Val L:0.4237 ABS:0.4567 RMSE:1.3410 d1:0.5304
Epoch [57/60] L:0.0515 D:0.0493 F:0.0227 337s
Epoch [58/60] L:0.0508 D:0.0485 F:0.0224 424s
Epoch [59/60] L:0.0500 D:0.0478 F:0.0223 295s
Epoch [60/60] L:0.0752 D:0.0728 F:0.0243 294s
  Val L:0.4412 ABS:0.4733 RMSE:1.3627 d1:0.5307

Done. Best score:0.9960 RMSE:1.2440 ABS:0.4173
