/opt/conda/lib/python3.9/site-packages/timm/models/layers/__init__.py:49: FutureWarning: Importing from timm.models.layers is deprecated, please import via timm.layers
  warnings.warn(f"Importing from {__name__} is deprecated, please import via timm.layers", FutureWarning)
============================================================
Model: n3_multiscale_sh  Dataset: soundspaces
BS: 32  LR: 0.001  Opt: AdamW
============================================================
Loaded scene split from /root/storage/matterport3d_0303renew/scene_split.json
  train: 72, val: 9, test: 9
[train] 23560 samples (fast cache: samples_train_erp_8b3be925d3ae.json) [ambisonic=ON]
  Precomputed SH basis matrix: (131072, 4) (order=1)
Loaded scene split from /root/storage/matterport3d_0303renew/scene_split.json
  train: 72, val: 9, test: 9
[val] 2951 samples (fast cache: samples_val_erp_be0f29dd7abf.json) [ambisonic=ON]
  Precomputed SH basis matrix: (131072, 4) (order=1)
Train: 23560, Val: 2951
Model: n3_multiscale_sh (54.9M params)
Epoch [1/60] L:0.4338 D:0.4195 F:0.0477 98s
Epoch [2/60] L:0.3749 D:0.3642 F:0.0356 96s
Epoch [3/60] L:0.3482 D:0.3382 F:0.0335 95s
Epoch [4/60] L:0.3330 D:0.3234 F:0.0319 92s
  Val L:0.4035 ABS:0.4090 RMSE:1.3363 d1:0.4478
  >> Best (score:1.0581 RMSE:1.3363 ABS:0.4090)
Epoch [5/60] L:0.3234 D:0.3144 F:0.0300 93s
Epoch [6/60] L:0.3157 D:0.3070 F:0.0288 93s
Epoch [7/60] L:0.3095 D:0.3012 F:0.0278 93s
Epoch [8/60] L:0.3035 D:0.2954 F:0.0270 92s
  Val L:0.3667 ABS:0.4178 RMSE:1.2715 d1:0.5175
  >> Best (score:1.0154 RMSE:1.2715 ABS:0.4178)
Epoch [9/60] L:0.2965 D:0.2887 F:0.0262 93s
Epoch [10/60] L:0.2907 D:0.2830 F:0.0257 92s
Epoch [11/60] L:0.2839 D:0.2762 F:0.0255 93s
Epoch [12/60] L:0.2776 D:0.2701 F:0.0247 92s
  Val L:0.3618 ABS:0.3878 RMSE:1.2591 d1:0.5084
  >> Best (score:0.9977 RMSE:1.2591 ABS:0.3878)
Epoch [13/60] L:0.2711 D:0.2637 F:0.0246 93s
Epoch [14/60] L:0.2633 D:0.2561 F:0.0242 93s
Epoch [15/60] L:0.2551 D:0.2480 F:0.0237 93s
Epoch [16/60] L:0.2476 D:0.2406 F:0.0236 92s
  Val L:0.3649 ABS:0.3972 RMSE:1.2558 d1:0.5172
Epoch [17/60] L:0.2388 D:0.2318 F:0.0234 93s
Epoch [18/60] L:0.2297 D:0.2228 F:0.0229 92s
Epoch [19/60] L:0.2204 D:0.2136 F:0.0225 93s
Epoch [20/60] L:0.2112 D:0.2044 F:0.0224 92s
  Val L:0.3832 ABS:0.4105 RMSE:1.2524 d1:0.5253
Epoch [21/60] L:0.2023 D:0.1957 F:0.0221 93s
Epoch [22/60] L:0.1936 D:0.1870 F:0.0218 92s
Epoch [23/60] L:0.1835 D:0.1771 F:0.0214 92s
Epoch [24/60] L:0.1750 D:0.1686 F:0.0212 93s
  Val L:0.3930 ABS:0.4004 RMSE:1.2851 d1:0.5267
Epoch [25/60] L:0.1670 D:0.1607 F:0.0209 93s
Epoch [26/60] L:0.1584 D:0.1522 F:0.0206 92s
Epoch [27/60] L:0.1516 D:0.1455 F:0.0205 93s
Epoch [28/60] L:0.1433 D:0.1373 F:0.0201 96s
  Val L:0.4029 ABS:0.4304 RMSE:1.2882 d1:0.5307
Epoch [29/60] L:0.1363 D:0.1304 F:0.0198 95s
Epoch [30/60] L:0.1303 D:0.1244 F:0.0197 95s
Epoch [31/60] L:0.1239 D:0.1181 F:0.0193 96s
Epoch [32/60] L:0.1188 D:0.1132 F:0.0188 94s
  Val L:0.4114 ABS:0.4224 RMSE:1.3023 d1:0.5324
Epoch [33/60] L:0.1140 D:0.1084 F:0.0187 94s
Epoch [34/60] L:0.1089 D:0.1034 F:0.0184 94s
Epoch [35/60] L:0.1046 D:0.0992 F:0.0180 94s
Epoch [36/60] L:0.0999 D:0.0947 F:0.0176 94s
  Val L:0.4130 ABS:0.4418 RMSE:1.2991 d1:0.5345
Epoch [37/60] L:0.0965 D:0.0913 F:0.0175 94s
Epoch [38/60] L:0.0929 D:0.0876 F:0.0175 93s
Epoch [39/60] L:0.0891 D:0.0840 F:0.0171 94s
Epoch [40/60] L:0.0866 D:0.0816 F:0.0167 94s
  Val L:0.4187 ABS:0.4296 RMSE:1.3218 d1:0.5254
Epoch [41/60] L:0.0835 D:0.0786 F:0.0164 94s
Epoch [42/60] L:0.0810 D:0.0761 F:0.0163 93s
Epoch [43/60] L:0.0775 D:0.0728 F:0.0158 93s
Epoch [44/60] L:0.0762 D:0.0715 F:0.0157 94s
  Val L:0.4210 ABS:0.4453 RMSE:1.3267 d1:0.5272
Epoch [45/60] L:0.0735 D:0.0689 F:0.0153 94s
Epoch [46/60] L:0.0709 D:0.0664 F:0.0152 93s
Epoch [47/60] L:0.0701 D:0.0656 F:0.0150 93s
Epoch [48/60] L:0.0680 D:0.0635 F:0.0148 94s
  Val L:0.4189 ABS:0.4406 RMSE:1.3268 d1:0.5280
Epoch [49/60] L:0.0656 D:0.0613 F:0.0143 95s
Epoch [50/60] L:0.0620 D:0.0578 F:0.0140 94s
Epoch [51/60] L:0.0605 D:0.0564 F:0.0139 94s
Epoch [52/60] L:0.0601 D:0.0561 F:0.0136 93s
  Val L:0.4301 ABS:0.4496 RMSE:1.3434 d1:0.5281
Epoch [53/60] L:0.0592 D:0.0551 F:0.0135 94s
Epoch [54/60] L:0.0574 D:0.0534 F:0.0133 94s
Epoch [55/60] L:0.0560 D:0.0521 F:0.0131 93s
Epoch [56/60] L:0.0551 D:0.0512 F:0.0130 94s
  Val L:0.4264 ABS:0.4705 RMSE:1.3412 d1:0.5280
Epoch [57/60] L:0.0546 D:0.0507 F:0.0130 94s
Epoch [58/60] L:0.0520 D:0.0483 F:0.0124 94s
Epoch [59/60] L:0.0503 D:0.0466 F:0.0123 94s
Epoch [60/60] L:0.0512 D:0.0475 F:0.0123 94s
  Val L:0.4316 ABS:0.4564 RMSE:1.3525 d1:0.5367

Done. Best score:0.9977 RMSE:1.2591 ABS:0.3878
