============================================================
Model: foa_0415_v1  Dataset: soundspaces
BS: 32  LR: 0.0005  Opt: AdamW
============================================================
Loaded scene split from /root/storage/matterport3d_0303renew/scene_split.json
  train: 72, val: 9, test: 9
[train] 23560 samples (fast cache: samples_train_erp_8b3be925d3ae.json) [ambisonic=ON]
  Precomputed SH basis matrix: (131072, 4) (order=1)
Loaded scene split from /root/storage/matterport3d_0303renew/scene_split.json
  train: 72, val: 9, test: 9
[val] 2951 samples (fast cache: samples_val_erp_be0f29dd7abf.json) [ambisonic=ON]
  Precomputed SH basis matrix: (131072, 4) (order=1)
Train: 23560, Val: 2951
Model: foa_0415_v1 (54.5M params)
Epoch [1/60] L:0.4230 D:0.4176 F:0.0547 1060s
Epoch [2/60] L:0.3626 D:0.3585 F:0.0407 1196s
Epoch [3/60] L:0.3432 D:0.3392 F:0.0406 892s
Epoch [4/60] L:0.3293 D:0.3253 F:0.0401 423s
  Val L:0.3854 ABS:0.4348 RMSE:1.3047 d1:0.4811
  >> Best (score:1.0437 RMSE:1.3047 ABS:0.4348)
Epoch [5/60] L:0.3189 D:0.3149 F:0.0393 544s
Epoch [6/60] L:0.3110 D:0.3073 F:0.0376 552s
Epoch [7/60] L:0.3045 D:0.3008 F:0.0372 526s
Epoch [8/60] L:0.2983 D:0.2948 F:0.0358 390s
  Val L:0.3629 ABS:0.4242 RMSE:1.2580 d1:0.4959
  >> Best (score:1.0079 RMSE:1.2580 ABS:0.4242)
Epoch [9/60] L:0.2913 D:0.2879 F:0.0344 590s
Epoch [10/60] L:0.2845 D:0.2812 F:0.0333 432s
Epoch [11/60] L:0.2788 D:0.2755 F:0.0329 589s
Epoch [12/60] L:0.2724 D:0.2692 F:0.0324 418s
  Val L:0.3517 ABS:0.4054 RMSE:1.2547 d1:0.5127
  >> Best (score:0.9999 RMSE:1.2547 ABS:0.4054)
Epoch [13/60] L:0.2645 D:0.2613 F:0.0317 550s
Epoch [14/60] L:0.2576 D:0.2544 F:0.0318 341s
Epoch [15/60] L:0.2503 D:0.2472 F:0.0312 285s
Epoch [16/60] L:0.2414 D:0.2383 F:0.0310 245s
  Val L:0.3624 ABS:0.3804 RMSE:1.2738 d1:0.5214
Epoch [17/60] L:0.2326 D:0.2296 F:0.0306 278s
Epoch [18/60] L:0.2239 D:0.2209 F:0.0304 256s
Epoch [19/60] L:0.2138 D:0.2108 F:0.0301 257s
Epoch [20/60] L:0.2066 D:0.2036 F:0.0301 258s
  Val L:0.3810 ABS:0.4406 RMSE:1.2533 d1:0.5192
Epoch [21/60] L:0.1961 D:0.1931 F:0.0296 296s
Epoch [22/60] L:0.1879 D:0.1850 F:0.0298 278s
Epoch [23/60] L:0.1782 D:0.1753 F:0.0292 281s
Epoch [24/60] L:0.1701 D:0.1672 F:0.0289 290s
  Val L:0.3868 ABS:0.4263 RMSE:1.2602 d1:0.5331
Epoch [25/60] L:0.1627 D:0.1597 F:0.0292 265s
Epoch [26/60] L:0.1542 D:0.1513 F:0.0283 572s
Epoch [27/60] L:0.1473 D:0.1445 F:0.0283 324s
Epoch [28/60] L:0.1409 D:0.1381 F:0.0283 456s
  Val L:0.4059 ABS:0.4362 RMSE:1.2849 d1:0.5257
Epoch [29/60] L:0.1345 D:0.1317 F:0.0278 656s
Epoch [30/60] L:0.1281 D:0.1253 F:0.0275 419s
Epoch [31/60] L:0.1229 D:0.1202 F:0.0276 278s
Epoch [32/60] L:0.1183 D:0.1155 F:0.0271 264s
  Val L:0.3995 ABS:0.4454 RMSE:1.2797 d1:0.5271
Epoch [33/60] L:0.1123 D:0.1096 F:0.0271 265s
Epoch [34/60] L:0.1074 D:0.1048 F:0.0268 298s
Epoch [35/60] L:0.1040 D:0.1014 F:0.0265 267s
Epoch [36/60] L:0.1009 D:0.0982 F:0.0264 270s
  Val L:0.4123 ABS:0.4478 RMSE:1.3021 d1:0.5225
Epoch [37/60] L:0.0973 D:0.0947 F:0.0263 272s
Epoch [38/60] L:0.0932 D:0.0906 F:0.0256 272s
Epoch [39/60] L:0.0893 D:0.0867 F:0.0256 329s
Epoch [40/60] L:0.0867 D:0.0842 F:0.0252 351s
  Val L:0.4163 ABS:0.4504 RMSE:1.3197 d1:0.5275
Epoch [41/60] L:0.0831 D:0.0806 F:0.0249 345s
Epoch [42/60] L:0.0813 D:0.0789 F:0.0246 351s
Epoch [43/60] L:0.0787 D:0.0762 F:0.0246 318s
Epoch [44/60] L:0.0755 D:0.0730 F:0.0241 292s
  Val L:0.4157 ABS:0.4489 RMSE:1.3146 d1:0.5337
Epoch [45/60] L:0.0737 D:0.0713 F:0.0239 288s
Epoch [46/60] L:0.0713 D:0.0690 F:0.0237 300s
Epoch [47/60] L:0.0696 D:0.0672 F:0.0238 339s
Epoch [48/60] L:0.0675 D:0.0652 F:0.0234 277s
  Val L:0.4205 ABS:0.4476 RMSE:1.3228 d1:0.5256
Epoch [49/60] L:0.0667 D:0.0644 F:0.0232 284s
Epoch [50/60] L:0.0631 D:0.0608 F:0.0227 565s
Epoch [51/60] L:0.0615 D:0.0592 F:0.0227 692s
Epoch [52/60] L:0.0599 D:0.0577 F:0.0224 314s
  Val L:0.4178 ABS:0.4496 RMSE:1.3212 d1:0.5293
Epoch [53/60] L:0.0588 D:0.0566 F:0.0223 393s
Epoch [54/60] L:0.0578 D:0.0556 F:0.0220 335s
Epoch [55/60] L:0.0561 D:0.0540 F:0.0217 261s
Epoch [56/60] L:0.0539 D:0.0518 F:0.0213 250s
  Val L:0.4208 ABS:0.4393 RMSE:1.3340 d1:0.5332
Epoch [57/60] L:0.0532 D:0.0510 F:0.0212 237s
Epoch [58/60] L:0.0525 D:0.0504 F:0.0212 243s
Epoch [59/60] L:0.0516 D:0.0495 F:0.0209 223s
Epoch [60/60] L:0.0503 D:0.0482 F:0.0207 233s
  Val L:0.4219 ABS:0.4634 RMSE:1.3359 d1:0.5339

Done. Best score:0.9999 RMSE:1.2547 ABS:0.4054
