============================================================
Model: foa_0415_v4  Dataset: soundspaces
BS: 32  LR: 0.001  Opt: AdamW
============================================================
Loaded scene split from /root/storage/matterport3d_0303renew/scene_split.json
  train: 72, val: 9, test: 9
[train] 23560 samples (fast cache: samples_train_erp_8b3be925d3ae.json) [ambisonic=ON]
  Precomputed SH basis matrix: (131072, 4) (order=1)
Loaded scene split from /root/storage/matterport3d_0303renew/scene_split.json
  train: 72, val: 9, test: 9
[val] 2951 samples (fast cache: samples_val_erp_be0f29dd7abf.json) [ambisonic=ON]
  Precomputed SH basis matrix: (131072, 4) (order=1)
Train: 23560, Val: 2951
Model: foa_0415_v4 (54.7M params)
Epoch [1/60] L:0.4436 D:0.4262 F:0.0582 282s
Epoch [2/60] L:0.3806 D:0.3680 F:0.0418 287s
Epoch [3/60] L:0.3671 D:0.3551 F:0.0402 242s
Epoch [4/60] L:0.3578 D:0.3461 F:0.0388 203s
  Val L:0.4004 ABS:0.4451 RMSE:1.3368 d1:0.4828
  >> Best (score:1.0693 RMSE:1.3368 ABS:0.4451)
Epoch [5/60] L:0.3476 D:0.3360 F:0.0387 483s
Epoch [6/60] L:0.3326 D:0.3214 F:0.0374 241s
Epoch [7/60] L:0.3195 D:0.3090 F:0.0353 217s
Epoch [8/60] L:0.3110 D:0.3009 F:0.0338 257s
  Val L:0.3733 ABS:0.4269 RMSE:1.2652 d1:0.4903
  >> Best (score:1.0137 RMSE:1.2652 ABS:0.4269)
Epoch [9/60] L:0.3040 D:0.2943 F:0.0324 374s
Epoch [10/60] L:0.2973 D:0.2876 F:0.0322 280s
Epoch [11/60] L:0.2903 D:0.2809 F:0.0314 271s
Epoch [12/60] L:0.2845 D:0.2751 F:0.0313 383s
  Val L:0.3580 ABS:0.3785 RMSE:1.2583 d1:0.5210
  >> Best (score:0.9943 RMSE:1.2583 ABS:0.3785)
Epoch [13/60] L:0.2784 D:0.2693 F:0.0302 421s
Epoch [14/60] L:0.2716 D:0.2626 F:0.0299 611s
Epoch [15/60] L:0.2632 D:0.2543 F:0.0298 470s
Epoch [16/60] L:0.2564 D:0.2475 F:0.0294 933s
  Val L:0.3645 ABS:0.4052 RMSE:1.2440 d1:0.5195
  >> Best (score:0.9924 RMSE:1.2440 ABS:0.4052)
Epoch [17/60] L:0.2479 D:0.2393 F:0.0286 641s
Epoch [18/60] L:0.2389 D:0.2303 F:0.0286 553s
Epoch [19/60] L:0.2288 D:0.2204 F:0.0282 781s
Epoch [20/60] L:0.2226 D:0.2141 F:0.0281 650s
  Val L:0.3759 ABS:0.4309 RMSE:1.2421 d1:0.5312
Epoch [21/60] L:0.2116 D:0.2034 F:0.0273 470s
Epoch [22/60] L:0.2016 D:0.1934 F:0.0273 866s
Epoch [23/60] L:0.1924 D:0.1843 F:0.0270 1000s
Epoch [24/60] L:0.1829 D:0.1749 F:0.0267 656s
  Val L:0.3941 ABS:0.4430 RMSE:1.2581 d1:0.5353
Epoch [25/60] L:0.1753 D:0.1674 F:0.0264 480s
Epoch [26/60] L:0.1653 D:0.1576 F:0.0259 475s
Epoch [27/60] L:0.1562 D:0.1486 F:0.0256 825s
Epoch [28/60] L:0.1490 D:0.1415 F:0.0250 274s
  Val L:0.4087 ABS:0.4242 RMSE:1.2911 d1:0.5274
Epoch [29/60] L:0.1419 D:0.1343 F:0.0252 322s
Epoch [30/60] L:0.1352 D:0.1277 F:0.0250 642s
Epoch [31/60] L:0.1273 D:0.1201 F:0.0240 229s
Epoch [32/60] L:0.1205 D:0.1134 F:0.0239 217s
  Val L:0.4152 ABS:0.4480 RMSE:1.3213 d1:0.5279
Epoch [33/60] L:0.1160 D:0.1090 F:0.0236 234s
Epoch [34/60] L:0.1109 D:0.1039 F:0.0235 251s
Epoch [35/60] L:0.1053 D:0.0985 F:0.0228 242s
Epoch [36/60] L:0.1018 D:0.0950 F:0.0226 247s
  Val L:0.4180 ABS:0.4292 RMSE:1.3182 d1:0.5317
Epoch [37/60] L:0.0983 D:0.0917 F:0.0222 262s
Epoch [38/60] L:0.0936 D:0.0870 F:0.0221 507s
Epoch [39/60] L:0.0893 D:0.0828 F:0.0217 311s
Epoch [40/60] L:0.0864 D:0.0801 F:0.0213 253s
  Val L:0.4225 ABS:0.4541 RMSE:1.3218 d1:0.5292
Epoch [41/60] L:0.0830 D:0.0767 F:0.0210 367s
Epoch [42/60] L:0.0806 D:0.0745 F:0.0206 599s
Epoch [43/60] L:0.0774 D:0.0713 F:0.0204 855s
Epoch [44/60] L:0.0744 D:0.0684 F:0.0199 389s
  Val L:0.4161 ABS:0.4314 RMSE:1.3236 d1:0.5347
Epoch [45/60] L:0.0716 D:0.0657 F:0.0199 512s
Epoch [46/60] L:0.0702 D:0.0644 F:0.0195 423s
Epoch [47/60] L:0.0697 D:0.0638 F:0.0196 296s
Epoch [48/60] L:0.0660 D:0.0602 F:0.0192 378s
  Val L:0.4300 ABS:0.4539 RMSE:1.3402 d1:0.5317
Epoch [49/60] L:0.0632 D:0.0575 F:0.0188 280s
Epoch [50/60] L:0.0654 D:0.0597 F:0.0189 374s
Epoch [51/60] L:0.0612 D:0.0556 F:0.0186 298s
Epoch [52/60] L:0.0580 D:0.0526 F:0.0181 278s
  Val L:0.4145 ABS:0.4550 RMSE:1.3180 d1:0.5391
Epoch [53/60] L:0.0571 D:0.0517 F:0.0180 303s
Epoch [54/60] L:0.0559 D:0.0506 F:0.0177 948s
Epoch [55/60] L:0.0556 D:0.0503 F:0.0176 274s
Epoch [56/60] L:0.0546 D:0.0494 F:0.0174 278s
  Val L:0.4228 ABS:0.4555 RMSE:1.3252 d1:0.5381
Epoch [57/60] L:0.0526 D:0.0474 F:0.0172 389s
Epoch [58/60] L:0.0510 D:0.0460 F:0.0167 346s
Epoch [59/60] L:0.0543 D:0.0492 F:0.0170 300s
Epoch [60/60] L:0.0584 D:0.0532 F:0.0172 311s
  Val L:0.4283 ABS:0.4616 RMSE:1.3412 d1:0.5394

Done. Best score:0.9924 RMSE:1.2440 ABS:0.4052
