============================================================
Model: foa_0415_v3  Dataset: soundspaces
BS: 32  LR: 0.0001  Opt: AdamW
============================================================
Loaded scene split from /root/storage/matterport3d_0303renew/scene_split.json
  train: 72, val: 9, test: 9
[train] 23560 samples (fast cache: samples_train_erp_8b3be925d3ae.json) [ambisonic=ON]
  Precomputed SH basis matrix: (131072, 4) (order=1)
Loaded scene split from /root/storage/matterport3d_0303renew/scene_split.json
  train: 72, val: 9, test: 9
[val] 2951 samples (fast cache: samples_val_erp_be0f29dd7abf.json) [ambisonic=ON]
  Precomputed SH basis matrix: (131072, 4) (order=1)
Train: 23560, Val: 2951
Model: foa_0415_v3 (54.5M params)
Epoch [1/60] L:0.4225 D:0.4177 F:0.0479 234s
Epoch [2/60] L:0.3609 D:0.3573 F:0.0366 229s
Epoch [3/60] L:0.3470 D:0.3435 F:0.0351 228s
Epoch [4/60] L:0.3248 D:0.3215 F:0.0329 234s
  Val L:0.3873 ABS:0.3869 RMSE:1.3413 d1:0.4751
  >> Best (score:1.0550 RMSE:1.3413 ABS:0.3869)
Epoch [5/60] L:0.3117 D:0.3086 F:0.0312 248s
Epoch [6/60] L:0.3028 D:0.2998 F:0.0297 269s
Epoch [7/60] L:0.2943 D:0.2915 F:0.0287 250s
Epoch [8/60] L:0.2874 D:0.2846 F:0.0286 244s
  Val L:0.3530 ABS:0.3974 RMSE:1.2511 d1:0.5152
  >> Best (score:0.9950 RMSE:1.2511 ABS:0.3974)
Epoch [9/60] L:0.2804 D:0.2776 F:0.0280 264s
Epoch [10/60] L:0.2728 D:0.2700 F:0.0276 253s
Epoch [11/60] L:0.2642 D:0.2615 F:0.0273 249s
Epoch [12/60] L:0.2565 D:0.2538 F:0.0271 248s
  Val L:0.3600 ABS:0.3910 RMSE:1.2639 d1:0.5178
Epoch [13/60] L:0.2452 D:0.2425 F:0.0266 253s
Epoch [14/60] L:0.2364 D:0.2337 F:0.0264 263s
Epoch [15/60] L:0.2258 D:0.2232 F:0.0259 270s
Epoch [16/60] L:0.2153 D:0.2127 F:0.0259 251s
  Val L:0.3745 ABS:0.4097 RMSE:1.2531 d1:0.5220
Epoch [17/60] L:0.2058 D:0.2033 F:0.0255 260s
Epoch [18/60] L:0.1963 D:0.1938 F:0.0253 244s
Epoch [19/60] L:0.1870 D:0.1845 F:0.0251 253s
Epoch [20/60] L:0.1774 D:0.1749 F:0.0249 248s
  Val L:0.3955 ABS:0.4447 RMSE:1.2689 d1:0.5209
Epoch [21/60] L:0.1691 D:0.1666 F:0.0246 258s
Epoch [22/60] L:0.1613 D:0.1588 F:0.0244 262s
Epoch [23/60] L:0.1530 D:0.1506 F:0.0240 266s
Epoch [24/60] L:0.1463 D:0.1439 F:0.0238 249s
  Val L:0.3861 ABS:0.4381 RMSE:1.2619 d1:0.5344
Epoch [25/60] L:0.1408 D:0.1384 F:0.0237 253s
Epoch [26/60] L:0.1340 D:0.1316 F:0.0235 253s
Epoch [27/60] L:0.1286 D:0.1263 F:0.0230 252s
Epoch [28/60] L:0.1231 D:0.1208 F:0.0231 214s
  Val L:0.4052 ABS:0.4430 RMSE:1.2916 d1:0.5258
Epoch [29/60] L:0.1189 D:0.1166 F:0.0229 243s
Epoch [30/60] L:0.1138 D:0.1115 F:0.0226 249s
Epoch [31/60] L:0.1096 D:0.1074 F:0.0223 261s
Epoch [32/60] L:0.1051 D:0.1028 F:0.0223 238s
  Val L:0.3991 ABS:0.4418 RMSE:1.2894 d1:0.5351
Epoch [33/60] L:0.1013 D:0.0991 F:0.0219 234s
Epoch [34/60] L:0.0978 D:0.0956 F:0.0218 246s
Epoch [35/60] L:0.0951 D:0.0929 F:0.0218 266s
Epoch [36/60] L:0.0922 D:0.0901 F:0.0215 231s
  Val L:0.4098 ABS:0.4431 RMSE:1.3017 d1:0.5306
Epoch [37/60] L:0.0885 D:0.0863 F:0.0212 243s
Epoch [38/60] L:0.0852 D:0.0831 F:0.0211 277s
Epoch [39/60] L:0.0825 D:0.0804 F:0.0209 887s
Epoch [40/60] L:0.0799 D:0.0779 F:0.0207 675s
  Val L:0.4139 ABS:0.4441 RMSE:1.3171 d1:0.5344
Epoch [41/60] L:0.0775 D:0.0755 F:0.0205 565s
Epoch [42/60] L:0.0756 D:0.0735 F:0.0202 786s
Epoch [43/60] L:0.0734 D:0.0714 F:0.0202 811s
Epoch [44/60] L:0.0710 D:0.0691 F:0.0199 1061s
  Val L:0.4203 ABS:0.4714 RMSE:1.3319 d1:0.5287
Epoch [45/60] L:0.0688 D:0.0668 F:0.0197 1028s
Epoch [46/60] L:0.0671 D:0.0651 F:0.0196 701s
Epoch [47/60] L:0.0660 D:0.0640 F:0.0195 606s
Epoch [48/60] L:0.0636 D:0.0617 F:0.0193 355s
  Val L:0.4132 ABS:0.4504 RMSE:1.3144 d1:0.5389
Epoch [49/60] L:0.0615 D:0.0596 F:0.0188 391s
Epoch [50/60] L:0.0602 D:0.0583 F:0.0189 194s
Epoch [51/60] L:0.0591 D:0.0573 F:0.0187 356s
Epoch [52/60] L:0.0577 D:0.0558 F:0.0186 480s
  Val L:0.4152 ABS:0.4666 RMSE:1.3273 d1:0.5382
Epoch [53/60] L:0.0561 D:0.0543 F:0.0184 464s
Epoch [54/60] L:0.0551 D:0.0533 F:0.0180 304s
Epoch [55/60] L:0.0533 D:0.0515 F:0.0179 336s
Epoch [56/60] L:0.0521 D:0.0503 F:0.0177 499s
  Val L:0.4153 ABS:0.4497 RMSE:1.3239 d1:0.5369
Epoch [57/60] L:0.0514 D:0.0497 F:0.0175 581s
Epoch [58/60] L:0.0502 D:0.0484 F:0.0174 807s
Epoch [59/60] L:0.0489 D:0.0472 F:0.0172 394s
Epoch [60/60] L:0.0480 D:0.0463 F:0.0171 317s
  Val L:0.4123 ABS:0.4513 RMSE:1.3262 d1:0.5360

Done. Best score:0.9950 RMSE:1.2511 ABS:0.3974
