============================================================
Model: audio_depth_foa  Dataset: soundspaces
BS: 32  LR: 0.0002  Opt: AdamW
============================================================
Loaded scene split from /root/storage/matterport3d_0303renew/scene_split.json
  train: 72, val: 9, test: 9
[train] 23560 samples from 72 scenes (filtered 5240 with >10% no-depth) [ambisonic=ON]
  Precomputed SH basis matrix: (131072, 4) (order=1)
Loaded scene split from /root/storage/matterport3d_0303renew/scene_split.json
  train: 72, val: 9, test: 9
[val] 2951 samples from 9 scenes (filtered 592 with >10% no-depth) [ambisonic=ON]
  Precomputed SH basis matrix: (131072, 4) (order=1)
Train: 23560, Val: 2951
Model: audio_depth_foa (55.0M params)
Epoch [1/40] L:0.3335 D:0.2510 F:0.0742 H:0.3380 KL:0.0000 123s
Epoch [2/40] L:0.2912 D:0.2227 F:0.0448 H:0.2977 KL:0.0000 127s
Epoch [3/40] L:0.2836 D:0.2149 F:0.0423 H:0.3009 KL:0.0000 121s
Epoch [4/40] L:0.2741 D:0.2033 F:0.0408 H:0.3133 KL:0.0000 122s
  Val L:0.3218 ABS:0.4251 RMSE:1.3417 d1:0.4565
  >> Best (score:1.0667 RMSE:1.3417 ABS:0.4251)
Epoch [5/40] L:0.2670 D:0.1960 F:0.0385 H:0.3165 KL:0.0000 122s
Epoch [6/40] L:0.2617 D:0.1910 F:0.0372 H:0.3162 KL:0.0000 127s
Epoch [7/40] L:0.2573 D:0.1867 F:0.0364 H:0.3166 KL:0.0000 129s
Epoch [8/40] L:0.2535 D:0.1832 F:0.0359 H:0.3155 KL:0.0000 128s
  Val L:0.2977 ABS:0.4198 RMSE:1.2812 d1:0.5099
  >> Best (score:1.0228 RMSE:1.2812 ABS:0.4198)
Epoch [9/40] L:0.2469 D:0.1782 F:0.0351 H:0.3084 KL:0.0000 124s
Epoch [10/40] L:0.2408 D:0.1741 F:0.0342 H:0.2991 KL:0.0000 131s
Epoch [11/40] L:0.2351 D:0.1691 F:0.0334 H:0.2967 KL:0.0000 134s
Epoch [12/40] L:0.2299 D:0.1642 F:0.0334 H:0.2951 KL:0.0000 166s
  Val L:0.2870 ABS:0.4234 RMSE:1.2235 d1:0.5148
  >> Best (score:0.9835 RMSE:1.2235 ABS:0.4234)
Epoch [13/40] L:0.2247 D:0.1594 F:0.0329 H:0.2935 KL:0.0000 123s
Epoch [14/40] L:0.2191 D:0.1541 F:0.0324 H:0.2927 KL:0.0000 123s
Epoch [15/40] L:0.2132 D:0.1484 F:0.0323 H:0.2917 KL:0.0000 120s
Epoch [16/40] L:0.2070 D:0.1429 F:0.0319 H:0.2882 KL:0.0000 129s
  Val L:0.2931 ABS:0.4010 RMSE:1.2448 d1:0.5146
Epoch [17/40] L:0.1980 D:0.1369 F:0.0317 H:0.2737 KL:0.0000 120s
Epoch [18/40] L:0.1907 D:0.1310 F:0.0312 H:0.2674 KL:0.0000 131s
Epoch [19/40] L:0.1840 D:0.1254 F:0.0308 H:0.2622 KL:0.0000 123s
Epoch [20/40] L:0.1775 D:0.1198 F:0.0309 H:0.2573 KL:0.0000 125s
  Val L:0.2908 ABS:0.4204 RMSE:1.2456 d1:0.5223
Epoch [21/40] L:0.1706 D:0.1139 F:0.0306 H:0.2528 KL:0.0000 126s
Epoch [22/40] L:0.1648 D:0.1088 F:0.0304 H:0.2497 KL:0.0000 129s
Epoch [23/40] L:0.1585 D:0.1037 F:0.0298 H:0.2444 KL:0.0000 126s
Epoch [24/40] L:0.1530 D:0.0990 F:0.0298 H:0.2399 KL:0.0000 121s
  Val L:0.3027 ABS:0.4050 RMSE:1.2652 d1:0.5243
Epoch [25/40] L:0.1476 D:0.0945 F:0.0293 H:0.2361 KL:0.0000 125s
Epoch [26/40] L:0.1426 D:0.0904 F:0.0291 H:0.2318 KL:0.0000 123s
Epoch [27/40] L:0.1381 D:0.0867 F:0.0288 H:0.2283 KL:0.0000 125s
Epoch [28/40] L:0.1338 D:0.0832 F:0.0287 H:0.2246 KL:0.0000 130s
  Val L:0.3036 ABS:0.4198 RMSE:1.2599 d1:0.5314
Epoch [29/40] L:0.1304 D:0.0804 F:0.0284 H:0.2220 KL:0.0000 121s
Epoch [30/40] L:0.1269 D:0.0775 F:0.0281 H:0.2188 KL:0.0000 121s
Epoch [31/40] L:0.1242 D:0.0753 F:0.0278 H:0.2168 KL:0.0000 121s
Epoch [32/40] L:0.1216 D:0.0729 F:0.0276 H:0.2154 KL:0.0000 122s
  Val L:0.3046 ABS:0.4310 RMSE:1.2691 d1:0.5291
Epoch [33/40] L:0.1186 D:0.0706 F:0.0273 H:0.2128 KL:0.0000 124s
Epoch [34/40] L:0.1161 D:0.0686 F:0.0267 H:0.2106 KL:0.0000 124s
Epoch [35/40] L:0.1139 D:0.0667 F:0.0266 H:0.2096 KL:0.0000 123s
Epoch [36/40] L:0.1116 D:0.0648 F:0.0263 H:0.2075 KL:0.0000 129s
  Val L:0.3133 ABS:0.4276 RMSE:1.2858 d1:0.5282
Epoch [37/40] L:0.1100 D:0.0633 F:0.0260 H:0.2074 KL:0.0000 127s
Epoch [38/40] L:0.1077 D:0.0617 F:0.0256 H:0.2047 KL:0.0000 122s
Epoch [39/40] L:0.1065 D:0.0603 F:0.0256 H:0.2054 KL:0.0000 123s
Epoch [40/40] L:0.1045 D:0.0587 F:0.0253 H:0.2038 KL:0.0000 123s
  Val L:0.3116 ABS:0.4302 RMSE:1.2860 d1:0.5317

Done. Best score:0.9835 RMSE:1.2235 ABS:0.4234
