wandb: [wandb.login()] Loaded credentials for https://api.wandb.ai from /root/.netrc.
wandb: Currently logged in as: branden to https://api.wandb.ai. Use `wandb login --relogin` to force relogin
wandb: setting up run a0lexmsv
wandb: Tracking run with wandb version 0.25.1
wandb: Run data is saved locally in /root/storage/implementation/shared_audio/baseline/wandb/run-20260408_175616-a0lexmsv
wandb: Run `wandb offline` to turn off syncing.
wandb: Syncing run unet_256_soundspaces_BS32_Lr0.0001_AdamW_exp18_crossattn_lr1e4_fw0.1
wandb: ⭐️ View project at https://wandb.ai/branden/neurips_audio_depth
wandb: 🚀 View run at https://wandb.ai/branden/neurips_audio_depth/runs/a0lexmsv
============================================================
Model: foa_crossattn  Dataset: soundspaces
BS: 32  LR: 0.0001  Opt: AdamW
============================================================
Loaded scene split from /root/storage/matterport3d_0303renew/scene_split.json
  train: 72, val: 9, test: 9
[train] 23560 samples from 72 scenes (filtered 5240 with >10% no-depth) [ambisonic=ON]
  Precomputed SH basis matrix: (131072, 4) (order=1)
Loaded scene split from /root/storage/matterport3d_0303renew/scene_split.json
  train: 72, val: 9, test: 9
[val] 2951 samples from 9 scenes (filtered 592 with >10% no-depth) [ambisonic=ON]
  Precomputed SH basis matrix: (131072, 4) (order=1)
Train: 23560, Val: 2951
Model: foa_crossattn (56.3M params)
/opt/conda/lib/python3.9/site-packages/torch/nn/parallel/_functions.py:71: UserWarning: Was asked to gather along dimension 0, but all input tensors were scalars; will instead unsqueeze and return a vector.
  warnings.warn(
Epoch [1/40] L:0.3255 D:0.2577 F:0.2063 H:0.4153 KL:0.5578 195s
Epoch [2/40] L:0.2697 D:0.2191 F:0.1108 H:0.3329 KL:0.6231 187s
Epoch [3/40] L:0.2576 D:0.2092 F:0.0969 H:0.3400 KL:0.4781 148s
Epoch [4/40] L:0.2450 D:0.1980 F:0.0821 H:0.3526 KL:0.3523 147s
  Val L:0.2828 ABS:0.4101 RMSE:1.2915 d1:0.4905
  >> Best (score:1.0271 RMSE:1.2915 ABS:0.4101)
Epoch [5/40] L:0.2357 D:0.1905 F:0.0708 H:0.3567 KL:0.2509 177s
Epoch [6/40] L:0.2297 D:0.1856 F:0.0632 H:0.3592 KL:0.1864 288s
Epoch [7/40] L:0.2253 D:0.1816 F:0.0593 H:0.3621 KL:0.1581 189s
Epoch [8/40] L:0.2205 D:0.1770 F:0.0567 H:0.3639 KL:0.1459 351s
  Val L:0.2846 ABS:0.4349 RMSE:1.2422 d1:0.5084
  >> Best (score:1.0000 RMSE:1.2422 ABS:0.4349)
Epoch [9/40] L:0.2159 D:0.1725 F:0.0548 H:0.3652 KL:0.1377 205s
Epoch [10/40] L:0.2103 D:0.1668 F:0.0533 H:0.3676 KL:0.1328 178s
Epoch [11/40] L:0.2055 D:0.1621 F:0.0514 H:0.3687 KL:0.1305 180s
Epoch [12/40] L:0.2008 D:0.1575 F:0.0501 H:0.3703 KL:0.1290 414s
  Val L:0.2743 ABS:0.4280 RMSE:1.2198 d1:0.5300
  >> Best (score:0.9822 RMSE:1.2198 ABS:0.4280)
Epoch [13/40] L:0.1943 D:0.1510 F:0.0482 H:0.3718 KL:0.1281 422s
Epoch [14/40] L:0.1885 D:0.1451 F:0.0474 H:0.3739 KL:0.1268 187s
Epoch [15/40] L:0.1826 D:0.1392 F:0.0461 H:0.3753 KL:0.1265 266s
Epoch [16/40] L:0.1775 D:0.1341 F:0.0447 H:0.3774 KL:0.1256 347s
  Val L:0.2793 ABS:0.4131 RMSE:1.2414 d1:0.5279
Epoch [17/40] L:0.1719 D:0.1283 F:0.0436 H:0.3803 KL:0.1234 517s
Epoch [18/40] L:0.1668 D:0.1231 F:0.0426 H:0.3818 KL:0.1227 714s
Epoch [19/40] L:0.1614 D:0.1176 F:0.0415 H:0.3844 KL:0.1241 635s
Epoch [20/40] L:0.1564 D:0.1125 F:0.0404 H:0.3858 KL:0.1242 477s
  Val L:0.2844 ABS:0.4299 RMSE:1.2481 d1:0.5329
Epoch [21/40] L:0.1518 D:0.1079 F:0.0396 H:0.3872 KL:0.1239 330s
Epoch [22/40] L:0.1467 D:0.1026 F:0.0387 H:0.3894 KL:0.1246 246s
Epoch [23/40] L:0.1423 D:0.0981 F:0.0379 H:0.3913 KL:0.1244 440s
Epoch [24/40] L:0.1381 D:0.0938 F:0.0373 H:0.3932 KL:0.1247 267s
  Val L:0.2860 ABS:0.4378 RMSE:1.2552 d1:0.5348
Epoch [25/40] L:0.1345 D:0.0900 F:0.0369 H:0.3955 KL:0.1232 188s
Epoch [26/40] L:0.1303 D:0.0858 F:0.0360 H:0.3966 KL:0.1237 160s
Epoch [27/40] L:0.1268 D:0.0822 F:0.0353 H:0.3976 KL:0.1233 243s
Epoch [28/40] L:0.1237 D:0.0792 F:0.0349 H:0.3982 KL:0.1225 573s
  Val L:0.2933 ABS:0.4465 RMSE:1.2805 d1:0.5338
Epoch [29/40] L:0.1208 D:0.0763 F:0.0340 H:0.3989 KL:0.1222 366s
Epoch [30/40] L:0.1179 D:0.0734 F:0.0332 H:0.3997 KL:0.1220 199s
Epoch [31/40] L:0.1156 D:0.0711 F:0.0328 H:0.4006 KL:0.1212 191s
Epoch [32/40] L:0.1129 D:0.0684 F:0.0320 H:0.4003 KL:0.1219 280s
  Val L:0.2981 ABS:0.4427 RMSE:1.3052 d1:0.5324
Epoch [33/40] L:0.1103 D:0.0660 F:0.0314 H:0.3991 KL:0.1217 565s
Epoch [34/40] L:0.1076 D:0.0639 F:0.0315 H:0.3926 KL:0.1240 477s
Epoch [35/40] L:0.1046 D:0.0624 F:0.0312 H:0.3782 KL:0.1292 498s
Epoch [36/40] L:0.1028 D:0.0613 F:0.0306 H:0.3714 KL:0.1301 461s
  Val L:0.3005 ABS:0.4564 RMSE:1.3180 d1:0.5281
Epoch [37/40] L:0.1014 D:0.0603 F:0.0307 H:0.3670 KL:0.1304 170s
Epoch [38/40] L:0.0977 D:0.0572 F:0.0301 H:0.3608 KL:0.1343 414s
Epoch [39/40] L:0.0936 D:0.0541 F:0.0296 H:0.3517 KL:0.1386 776s
Epoch [40/40] L:0.0916 D:0.0526 F:0.0298 H:0.3461 KL:0.1404 1308s
wandb: updating run metadata
wandb: uploading config.yaml; uploading output.log; uploading wandb-summary.json
wandb: uploading config.yaml; uploading output.log
wandb: uploading summary, console lines 55-56
wandb: 
wandb: Run history:
wandb: best/abs_rel ▁█▆
wandb:   best/epoch ▁▅█
wandb:    best/rmse █▃▁
wandb:   best/score █▄▁
wandb:        epoch ▁▁▁▂▂▂▂▂▂▃▃▃▃▃▄▄▄▄▄▄▅▅▅▅▅▅▆▆▆▆▆▇▇▇▇▇▇███
wandb:  train/depth █▇▆▆▆▆▅▅▅▅▅▅▄▄▄▄▄▃▃▃▃▃▃▂▂▂▂▂▂▂▂▂▁▁▁▁▁▁▁▁
wandb:    train/foa █▄▄▃▃▂▂▂▂▂▂▂▂▂▂▂▂▂▁▁▁▁▁▁▁▁▁▁▁▁▁▁▁▁▁▁▁▁▁▁
wandb:   train/hist █▁▂▃▃▃▃▄▄▄▄▄▄▄▅▅▅▅▅▅▆▆▆▆▆▆▆▇▇▇▇▇▇▆▅▄▄▃▃▂
wandb:     train/kl ▇█▆▄▃▂▂▁▁▁▁▁▁▁▁▁▁▁▁▁▁▁▁▁▁▁▁▁▁▁▁▁▁▁▁▁▁▁▁▁
wandb:   train/loss █▆▆▆▅▅▅▅▅▅▄▄▄▄▄▄▃▃▃▃▃▃▃▂▂▂▂▂▂▂▂▂▂▁▁▁▁▁▁▁
wandb:           +8 ...
wandb: 
wandb: Run summary:
wandb: best/abs_rel 0.42798
wandb:   best/epoch 12
wandb:    best/rmse 1.21979
wandb:   best/score 0.98224
wandb:        epoch 40
wandb:  train/depth 0.05256
wandb:    train/foa 0.02975
wandb:   train/hist 0.34609
wandb:     train/kl 0.14038
wandb:   train/loss 0.09155
wandb:           +8 ...
wandb: 
wandb: 🚀 View run unet_256_soundspaces_BS32_Lr0.0001_AdamW_exp18_crossattn_lr1e4_fw0.1 at: https://wandb.ai/branden/neurips_audio_depth/runs/a0lexmsv
wandb: ⭐️ View project at: https://wandb.ai/branden/neurips_audio_depth
wandb: Synced 5 W&B file(s), 0 media file(s), 0 artifact file(s) and 0 other file(s)
wandb: Find logs at: ./wandb/run-20260408_175616-a0lexmsv/logs
  Val L:0.2929 ABS:0.4405 RMSE:1.3009 d1:0.5393

Done. Best score:0.9822 RMSE:1.2198 ABS:0.4280
