/opt/conda/lib/python3.11/site-packages/timm/models/layers/__init__.py:49: FutureWarning: Importing from timm.models.layers is deprecated, please import via timm.layers
  warnings.warn(f"Importing from {__name__} is deprecated, please import via timm.layers", FutureWarning)
============================================================
Model: foa_oracle  Dataset: soundspaces
BS: 128  LR: 0.001  Opt: AdamW
============================================================
Loaded scene split from /root/storage/matterport3d_0303renew/scene_split.json
  train: 72, val: 9, test: 9
[train] 23560 samples (fast cache: samples_train_erp_8b3be925d3ae.json) [ambisonic=ON]
  Precomputed SH basis matrix: (131072, 4) (order=1)
Loaded scene split from /root/storage/matterport3d_0303renew/scene_split.json
  train: 72, val: 9, test: 9
[val] 2951 samples (fast cache: samples_val_erp_be0f29dd7abf.json) [ambisonic=ON]
  Precomputed SH basis matrix: (131072, 4) (order=1)
Train: 23560, Val: 2951
Model: foa_oracle (54.5M params)
Epoch [1/60] L:0.5131 D:0.5039 F:0.0923 1562s
Epoch [2/60] L:0.4396 D:0.4347 F:0.0494 1207s
Epoch [3/60] L:0.4325 D:0.4275 F:0.0493 903s
Epoch [4/60] L:0.4250 D:0.4202 F:0.0480 834s
  Val L:0.4721 ABS:0.4782 RMSE:1.4753 d1:0.4443
  >> Best (score:1.1762 RMSE:1.4753 ABS:0.4782)
Epoch [5/60] L:0.4214 D:0.4167 F:0.0472 985s
Epoch [6/60] L:0.4171 D:0.4124 F:0.0466 1246s
Epoch [7/60] L:0.4118 D:0.4073 F:0.0451 1286s
Epoch [8/60] L:0.4096 D:0.4049 F:0.0471 1039s
  Val L:0.5067 ABS:0.4515 RMSE:1.5957 d1:0.3952
Epoch [9/60] L:0.4089 D:0.4044 F:0.0455 628s
Epoch [10/60] L:0.4039 D:0.3993 F:0.0461 605s
Epoch [11/60] L:0.4015 D:0.3971 F:0.0443 524s
Epoch [12/60] L:0.3995 D:0.3951 F:0.0447 443s
  Val L:0.4677 ABS:0.4542 RMSE:1.4982 d1:0.4417
Epoch [13/60] L:0.3969 D:0.3926 F:0.0432 598s
Epoch [14/60] L:0.3946 D:0.3902 F:0.0435 403s
Epoch [15/60] L:0.3923 D:0.3880 F:0.0430 484s
Epoch [16/60] L:0.3898 D:0.3856 F:0.0426 516s
  Val L:0.4698 ABS:0.4501 RMSE:1.5019 d1:0.4295
Epoch [17/60] L:0.3878 D:0.3835 F:0.0438 582s
Epoch [18/60] L:0.3859 D:0.3817 F:0.0418 452s
Epoch [19/60] L:0.3811 D:0.3769 F:0.0419 367s
Epoch [20/60] L:0.3789 D:0.3747 F:0.0418 371s
  Val L:0.4651 ABS:0.4631 RMSE:1.4557 d1:0.4385
  >> Best (score:1.1580 RMSE:1.4557 ABS:0.4631)
Epoch [21/60] L:0.3765 D:0.3724 F:0.0412 466s
Epoch [22/60] L:0.3731 D:0.3689 F:0.0420 671s
Epoch [23/60] L:0.3700 D:0.3658 F:0.0414 692s
Epoch [24/60] L:0.3652 D:0.3611 F:0.0410 664s
  Val L:0.4692 ABS:0.4646 RMSE:1.4854 d1:0.4341
Epoch [25/60] L:0.3625 D:0.3583 F:0.0416 724s
Epoch [26/60] L:0.3573 D:0.3531 F:0.0413 695s
Epoch [27/60] L:0.3523 D:0.3481 F:0.0422 743s
Epoch [28/60] L:0.3467 D:0.3426 F:0.0408 874s
  Val L:0.4784 ABS:0.4771 RMSE:1.4523 d1:0.4355
Epoch [29/60] L:0.3423 D:0.3382 F:0.0410 517s
Epoch [30/60] L:0.3374 D:0.3333 F:0.0412 240s
Epoch [31/60] L:0.3302 D:0.3261 F:0.0404 256s
Epoch [32/60] L:0.3243 D:0.3202 F:0.0406 231s
  Val L:0.4833 ABS:0.4856 RMSE:1.4575 d1:0.4352
Epoch [33/60] L:0.3168 D:0.3128 F:0.0401 231s
Epoch [34/60] L:0.3104 D:0.3063 F:0.0414 229s
Epoch [35/60] L:0.3024 D:0.2985 F:0.0395 230s
Epoch [36/60] L:0.2941 D:0.2901 F:0.0406 221s
  Val L:0.4994 ABS:0.5127 RMSE:1.4567 d1:0.4463
Epoch [37/60] L:0.2874 D:0.2834 F:0.0403 237s
Epoch [38/60] L:0.2808 D:0.2770 F:0.0387 225s
Epoch [39/60] L:0.2707 D:0.2668 F:0.0392 227s
Epoch [40/60] L:0.2665 D:0.2626 F:0.0392 227s
  Val L:0.5126 ABS:0.4965 RMSE:1.4766 d1:0.4313
Epoch [41/60] L:0.2581 D:0.2543 F:0.0388 256s
Epoch [42/60] L:0.2491 D:0.2451 F:0.0399 235s
Epoch [43/60] L:0.2431 D:0.2392 F:0.0390 217s
Epoch [44/60] L:0.2374 D:0.2335 F:0.0389 230s
  Val L:0.5442 ABS:0.5150 RMSE:1.4893 d1:0.4249
Epoch [45/60] L:0.2259 D:0.2221 F:0.0382 257s
Epoch [46/60] L:0.2211 D:0.2172 F:0.0384 243s
Epoch [47/60] L:0.2116 D:0.2079 F:0.0377 231s
Epoch [48/60] L:0.2113 D:0.2075 F:0.0381 232s
  Val L:0.5828 ABS:0.5223 RMSE:1.5448 d1:0.4080
Epoch [49/60] L:0.2068 D:0.2029 F:0.0384 233s
Epoch [50/60] L:0.1967 D:0.1929 F:0.0383 237s
Epoch [51/60] L:0.1959 D:0.1921 F:0.0379 243s
Epoch [52/60] L:0.1868 D:0.1830 F:0.0376 240s
  Val L:0.5621 ABS:0.5452 RMSE:1.5101 d1:0.4206
Epoch [53/60] L:0.1803 D:0.1765 F:0.0376 260s
Epoch [54/60] L:0.1776 D:0.1740 F:0.0364 255s
Epoch [55/60] L:0.1705 D:0.1667 F:0.0381 252s
Epoch [56/60] L:0.1674 D:0.1638 F:0.0368 263s
  Val L:0.5645 ABS:0.5252 RMSE:1.5148 d1:0.4206
Epoch [57/60] L:0.1668 D:0.1631 F:0.0368 262s
Epoch [58/60] L:0.1625 D:0.1589 F:0.0363 268s
Epoch [59/60] L:0.1617 D:0.1580 F:0.0368 277s
Epoch [60/60] L:0.1563 D:0.1526 F:0.0364 155s
  Val L:0.5763 ABS:0.5512 RMSE:1.5356 d1:0.4151

Done. Best score:1.1580 RMSE:1.4557 ABS:0.4631
