/opt/conda/lib/python3.11/site-packages/timm/models/layers/__init__.py:49: FutureWarning: Importing from timm.models.layers is deprecated, please import via timm.layers
  warnings.warn(f"Importing from {__name__} is deprecated, please import via timm.layers", FutureWarning)
============================================================
Model: foa_oracle  Dataset: soundspaces
BS: 128  LR: 0.001  Opt: AdamW
============================================================
Loaded scene split from /root/storage/matterport3d_0303renew/scene_split.json
  train: 72, val: 9, test: 9
[train] 23560 samples (fast cache: samples_train_erp_8b3be925d3ae.json) [ambisonic=ON]
  Precomputed SH basis matrix: (131072, 4) (order=1)
Loaded scene split from /root/storage/matterport3d_0303renew/scene_split.json
  train: 72, val: 9, test: 9
[val] 2951 samples (fast cache: samples_val_erp_be0f29dd7abf.json) [ambisonic=ON]
  Precomputed SH basis matrix: (131072, 4) (order=1)
Train: 23560, Val: 2951
Model: foa_oracle (54.5M params)
Epoch [1/60] L:0.4883 D:0.4815 F:0.0681 1570s
Epoch [2/60] L:0.3488 D:0.3451 F:0.0368 1205s
Epoch [3/60] L:0.3139 D:0.3107 F:0.0321 908s
Epoch [4/60] L:0.3034 D:0.3007 F:0.0278 831s
  Val L:0.3611 ABS:0.4103 RMSE:1.2704 d1:0.4817
  >> Best (score:1.0124 RMSE:1.2704 ABS:0.4103)
Epoch [5/60] L:0.2968 D:0.2938 F:0.0296 996s
Epoch [6/60] L:0.2919 D:0.2895 F:0.0244 1270s
Epoch [7/60] L:0.2893 D:0.2868 F:0.0248 1287s
Epoch [8/60] L:0.2849 D:0.2825 F:0.0238 1027s
  Val L:0.3297 ABS:0.3854 RMSE:1.2222 d1:0.5150
  >> Best (score:0.9712 RMSE:1.2222 ABS:0.3854)
Epoch [9/60] L:0.2809 D:0.2785 F:0.0246 615s
Epoch [10/60] L:0.2770 D:0.2747 F:0.0235 601s
Epoch [11/60] L:0.2713 D:0.2691 F:0.0227 530s
Epoch [12/60] L:0.2707 D:0.2684 F:0.0230 442s
  Val L:0.3402 ABS:0.4269 RMSE:1.2180 d1:0.5096
Epoch [13/60] L:0.2672 D:0.2651 F:0.0214 594s
Epoch [14/60] L:0.2650 D:0.2628 F:0.0225 403s
Epoch [15/60] L:0.2592 D:0.2571 F:0.0212 484s
Epoch [16/60] L:0.2556 D:0.2534 F:0.0216 519s
  Val L:0.3431 ABS:0.3756 RMSE:1.2181 d1:0.5226
  >> Best (score:0.9653 RMSE:1.2181 ABS:0.3756)
Epoch [17/60] L:0.2497 D:0.2475 F:0.0220 586s
Epoch [18/60] L:0.2466 D:0.2443 F:0.0232 440s
Epoch [19/60] L:0.2425 D:0.2403 F:0.0213 369s
Epoch [20/60] L:0.2367 D:0.2344 F:0.0230 374s
  Val L:0.3548 ABS:0.3454 RMSE:1.2779 d1:0.5145
Epoch [21/60] L:0.2303 D:0.2282 F:0.0207 465s
Epoch [22/60] L:0.2245 D:0.2224 F:0.0211 678s
Epoch [23/60] L:0.2203 D:0.2182 F:0.0213 692s
Epoch [24/60] L:0.2109 D:0.2088 F:0.0211 660s
  Val L:0.3590 ABS:0.4203 RMSE:1.2252 d1:0.5205
Epoch [25/60] L:0.2039 D:0.2019 F:0.0201 721s
Epoch [26/60] L:0.1956 D:0.1935 F:0.0209 696s
Epoch [27/60] L:0.1882 D:0.1862 F:0.0200 740s
Epoch [28/60] L:0.1809 D:0.1790 F:0.0191 878s
  Val L:0.3487 ABS:0.3999 RMSE:1.2260 d1:0.5339
Epoch [29/60] L:0.1709 D:0.1689 F:0.0207 516s
Epoch [30/60] L:0.1621 D:0.1603 F:0.0185 239s
Epoch [31/60] L:0.1563 D:0.1544 F:0.0191 254s
Epoch [32/60] L:0.1459 D:0.1441 F:0.0182 227s
  Val L:0.3624 ABS:0.4144 RMSE:1.2328 d1:0.5334
Epoch [33/60] L:0.1387 D:0.1368 F:0.0194 230s
Epoch [34/60] L:0.1368 D:0.1349 F:0.0184 229s
Epoch [35/60] L:0.1263 D:0.1245 F:0.0182 231s
Epoch [36/60] L:0.1187 D:0.1169 F:0.0173 221s
  Val L:0.3871 ABS:0.4049 RMSE:1.2863 d1:0.5320
Epoch [37/60] L:0.1133 D:0.1116 F:0.0165 234s
Epoch [38/60] L:0.1080 D:0.1061 F:0.0183 226s
Epoch [39/60] L:0.1067 D:0.1050 F:0.0165 223s
Epoch [40/60] L:0.1022 D:0.1003 F:0.0185 228s
  Val L:0.3753 ABS:0.4244 RMSE:1.2654 d1:0.5267
Epoch [41/60] L:0.0958 D:0.0942 F:0.0161 259s
Epoch [42/60] L:0.0920 D:0.0904 F:0.0155 235s
Epoch [43/60] L:0.0904 D:0.0886 F:0.0177 219s
Epoch [44/60] L:0.0838 D:0.0823 F:0.0153 230s
  Val L:0.3788 ABS:0.4257 RMSE:1.2713 d1:0.5316
Epoch [45/60] L:0.0819 D:0.0803 F:0.0152 254s
Epoch [46/60] L:0.0794 D:0.0780 F:0.0146 247s
Epoch [47/60] L:0.0776 D:0.0761 F:0.0155 229s
Epoch [48/60] L:0.0736 D:0.0721 F:0.0146 231s
  Val L:0.3793 ABS:0.4297 RMSE:1.2799 d1:0.5333
Epoch [49/60] L:0.0744 D:0.0729 F:0.0153 230s
Epoch [50/60] L:0.0698 D:0.0683 F:0.0146 238s
Epoch [51/60] L:0.0715 D:0.0700 F:0.0147 245s
Epoch [52/60] L:0.0677 D:0.0662 F:0.0150 240s
  Val L:0.3863 ABS:0.4412 RMSE:1.3076 d1:0.5343
Epoch [53/60] L:0.0637 D:0.0623 F:0.0145 262s
Epoch [54/60] L:0.0623 D:0.0609 F:0.0138 257s
Epoch [55/60] L:0.0602 D:0.0589 F:0.0133 256s
Epoch [56/60] L:0.0625 D:0.0610 F:0.0143 261s
  Val L:0.3815 ABS:0.4328 RMSE:1.3047 d1:0.5344
Epoch [57/60] L:0.0607 D:0.0593 F:0.0146 262s
Epoch [58/60] L:0.0590 D:0.0576 F:0.0139 264s
Epoch [59/60] L:0.0554 D:0.0541 F:0.0130 278s
Epoch [60/60] L:0.0578 D:0.0564 F:0.0139 154s
  Val L:0.3912 ABS:0.4417 RMSE:1.3091 d1:0.5256

Done. Best score:0.9653 RMSE:1.2181 ABS:0.3756
