/opt/conda/lib/python3.9/site-packages/timm/models/layers/__init__.py:49: FutureWarning: Importing from timm.models.layers is deprecated, please import via timm.layers
  warnings.warn(f"Importing from {__name__} is deprecated, please import via timm.layers", FutureWarning)
============================================================
Model: n3_energy_attn  Dataset: soundspaces
BS: 32  LR: 0.001  Opt: AdamW
============================================================
Loaded scene split from /root/storage/matterport3d_0303renew/scene_split.json
  train: 72, val: 9, test: 9
[train] 23560 samples (fast cache: samples_train_erp_8b3be925d3ae.json) [ambisonic=ON]
  Precomputed SH basis matrix: (131072, 4) (order=1)
Loaded scene split from /root/storage/matterport3d_0303renew/scene_split.json
  train: 72, val: 9, test: 9
[val] 2951 samples (fast cache: samples_val_erp_be0f29dd7abf.json) [ambisonic=ON]
  Precomputed SH basis matrix: (131072, 4) (order=1)
Train: 23560, Val: 2951
Model: n3_energy_attn (57.2M params)
Epoch [1/60] L:0.4494 D:0.4305 F:0.0629 329s
Epoch [2/60] L:0.3820 D:0.3688 F:0.0437 318s
Epoch [3/60] L:0.3616 D:0.3489 F:0.0421 318s
Epoch [4/60] L:0.3412 D:0.3291 F:0.0405 319s
  Val L:0.3944 ABS:0.4544 RMSE:1.3117 d1:0.4789
  >> Best (score:1.0545 RMSE:1.3117 ABS:0.4544)
Epoch [5/60] L:0.3291 D:0.3177 F:0.0381 339s
Epoch [6/60] L:0.3202 D:0.3092 F:0.0366 423s
Epoch [7/60] L:0.3120 D:0.3015 F:0.0351 370s
Epoch [8/60] L:0.3054 D:0.2952 F:0.0342 378s
  Val L:0.3777 ABS:0.4043 RMSE:1.2939 d1:0.5030
  >> Best (score:1.0270 RMSE:1.2939 ABS:0.4043)
Epoch [9/60] L:0.3001 D:0.2901 F:0.0331 724s
Epoch [10/60] L:0.2939 D:0.2840 F:0.0331 2604s
Epoch [11/60] L:0.2882 D:0.2784 F:0.0327 1586s
Epoch [12/60] L:0.2831 D:0.2736 F:0.0315 1514s
  Val L:0.3559 ABS:0.4214 RMSE:1.2391 d1:0.5154
  >> Best (score:0.9938 RMSE:1.2391 ABS:0.4214)
Epoch [13/60] L:0.2744 D:0.2650 F:0.0314 1565s
Epoch [14/60] L:0.2678 D:0.2584 F:0.0312 726s
Epoch [15/60] L:0.2602 D:0.2509 F:0.0307 464s
Epoch [16/60] L:0.2522 D:0.2430 F:0.0306 493s
  Val L:0.3693 ABS:0.3778 RMSE:1.2598 d1:0.5231
Epoch [17/60] L:0.2440 D:0.2350 F:0.0301 354s
Epoch [18/60] L:0.2360 D:0.2270 F:0.0300 352s
Epoch [19/60] L:0.2267 D:0.2179 F:0.0293 333s
Epoch [20/60] L:0.2165 D:0.2078 F:0.0290 318s
  Val L:0.3847 ABS:0.4401 RMSE:1.2436 d1:0.5274
Epoch [21/60] L:0.2069 D:0.1984 F:0.0285 366s
Epoch [22/60] L:0.1992 D:0.1908 F:0.0279 356s
Epoch [23/60] L:0.1891 D:0.1807 F:0.0278 342s
Epoch [24/60] L:0.1806 D:0.1724 F:0.0272 417s
  Val L:0.3976 ABS:0.4131 RMSE:1.2688 d1:0.5346
Epoch [25/60] L:0.1714 D:0.1633 F:0.0270 365s
Epoch [26/60] L:0.1626 D:0.1547 F:0.0265 372s
Epoch [27/60] L:0.1544 D:0.1466 F:0.0260 350s
Epoch [28/60] L:0.1460 D:0.1383 F:0.0256 344s
  Val L:0.3949 ABS:0.4368 RMSE:1.2746 d1:0.5282
Epoch [29/60] L:0.1389 D:0.1314 F:0.0250 349s
Epoch [30/60] L:0.1325 D:0.1250 F:0.0248 355s
Epoch [31/60] L:0.1259 D:0.1186 F:0.0243 381s
Epoch [32/60] L:0.1194 D:0.1122 F:0.0239 358s
  Val L:0.4079 ABS:0.4344 RMSE:1.2908 d1:0.5374
Epoch [33/60] L:0.1144 D:0.1074 F:0.0235 360s
Epoch [34/60] L:0.1096 D:0.1026 F:0.0231 348s
Epoch [35/60] L:0.1039 D:0.0970 F:0.0229 354s
Epoch [36/60] L:0.0998 D:0.0930 F:0.0226 358s
  Val L:0.4087 ABS:0.4500 RMSE:1.3114 d1:0.5374
Epoch [37/60] L:0.0963 D:0.0897 F:0.0221 350s
Epoch [38/60] L:0.0923 D:0.0858 F:0.0217 356s
Epoch [39/60] L:0.0888 D:0.0824 F:0.0214 334s
Epoch [40/60] L:0.0849 D:0.0786 F:0.0210 380s
  Val L:0.4175 ABS:0.4265 RMSE:1.3205 d1:0.5309
Epoch [41/60] L:0.0822 D:0.0760 F:0.0205 371s
Epoch [42/60] L:0.0805 D:0.0744 F:0.0204 383s
Epoch [43/60] L:0.0759 D:0.0699 F:0.0200 378s
Epoch [44/60] L:0.0736 D:0.0676 F:0.0198 361s
  Val L:0.4154 ABS:0.4531 RMSE:1.3280 d1:0.5357
Epoch [45/60] L:0.0718 D:0.0659 F:0.0196 365s
Epoch [46/60] L:0.0703 D:0.0645 F:0.0196 371s
Epoch [47/60] L:0.0673 D:0.0616 F:0.0190 354s
Epoch [48/60] L:0.0641 D:0.0585 F:0.0187 357s
  Val L:0.4098 ABS:0.4529 RMSE:1.3139 d1:0.5370
Epoch [49/60] L:0.0632 D:0.0576 F:0.0188 362s
Epoch [50/60] L:0.0614 D:0.0559 F:0.0183 370s
Epoch [51/60] L:0.0622 D:0.0566 F:0.0184 369s
Epoch [52/60] L:0.0592 D:0.0538 F:0.0178 343s
  Val L:0.4235 ABS:0.4403 RMSE:1.3292 d1:0.5361
Epoch [53/60] L:0.0557 D:0.0505 F:0.0174 365s
Epoch [54/60] L:0.0543 D:0.0491 F:0.0173 351s
Epoch [55/60] L:0.0535 D:0.0484 F:0.0170 354s
Epoch [56/60] L:0.0545 D:0.0494 F:0.0169 348s
  Val L:0.4148 ABS:0.4739 RMSE:1.3265 d1:0.5327
Epoch [57/60] L:0.0702 D:0.0648 F:0.0180 353s
Epoch [58/60] L:0.0528 D:0.0479 F:0.0162 362s
Epoch [59/60] L:0.0458 D:0.0412 F:0.0155 302s
Epoch [60/60] L:0.0444 D:0.0397 F:0.0156 261s
  Val L:0.4200 ABS:0.4432 RMSE:1.3284 d1:0.5394

Done. Best score:0.9938 RMSE:1.2391 ABS:0.4214
