/opt/conda/lib/python3.11/site-packages/timm/models/layers/__init__.py:49: FutureWarning: Importing from timm.models.layers is deprecated, please import via timm.layers
  warnings.warn(f"Importing from {__name__} is deprecated, please import via timm.layers", FutureWarning)
============================================================
Model: foa_oracle  Dataset: soundspaces
BS: 128  LR: 0.001  Opt: AdamW
============================================================
Loaded scene split from /root/storage/matterport3d_0303renew/scene_split.json
  train: 72, val: 9, test: 9
[train] 23560 samples (fast cache: samples_train_erp_8b3be925d3ae.json) [ambisonic=ON]
  Precomputed SH basis matrix: (131072, 4) (order=1)
Loaded scene split from /root/storage/matterport3d_0303renew/scene_split.json
  train: 72, val: 9, test: 9
[val] 2951 samples (fast cache: samples_val_erp_be0f29dd7abf.json) [ambisonic=ON]
  Precomputed SH basis matrix: (131072, 4) (order=1)
Train: 23560, Val: 2951
Model: foa_oracle (54.5M params)
Epoch [1/60] L:0.4828 D:0.4592 F:0.0786 1571s
Epoch [2/60] L:0.3437 D:0.3349 F:0.0293 1200s
Epoch [3/60] L:0.3162 D:0.3091 F:0.0235 905s
Epoch [4/60] L:0.3060 D:0.2994 F:0.0222 830s
  Val L:0.3625 ABS:0.3850 RMSE:1.2859 d1:0.4952
  >> Best (score:1.0156 RMSE:1.2859 ABS:0.3850)
Epoch [5/60] L:0.3009 D:0.2943 F:0.0219 991s
Epoch [6/60] L:0.2973 D:0.2910 F:0.0207 1270s
Epoch [7/60] L:0.2927 D:0.2860 F:0.0224 1285s
Epoch [8/60] L:0.2878 D:0.2818 F:0.0203 1027s
  Val L:0.3479 ABS:0.3710 RMSE:1.2561 d1:0.5114
  >> Best (score:0.9905 RMSE:1.2561 ABS:0.3710)
Epoch [9/60] L:0.2848 D:0.2787 F:0.0203 621s
Epoch [10/60] L:0.2807 D:0.2748 F:0.0197 605s
Epoch [11/60] L:0.2776 D:0.2717 F:0.0198 523s
Epoch [12/60] L:0.2735 D:0.2676 F:0.0196 445s
  Val L:0.3389 ABS:0.3739 RMSE:1.2033 d1:0.5244
  >> Best (score:0.9545 RMSE:1.2033 ABS:0.3739)
Epoch [13/60] L:0.2714 D:0.2655 F:0.0199 591s
Epoch [14/60] L:0.2690 D:0.2624 F:0.0219 407s
Epoch [15/60] L:0.2653 D:0.2595 F:0.0193 474s
Epoch [16/60] L:0.2641 D:0.2585 F:0.0187 504s
  Val L:0.3372 ABS:0.4097 RMSE:1.2140 d1:0.5124
Epoch [17/60] L:0.2565 D:0.2507 F:0.0191 590s
Epoch [18/60] L:0.2558 D:0.2498 F:0.0202 448s
Epoch [19/60] L:0.2525 D:0.2466 F:0.0197 370s
Epoch [20/60] L:0.2462 D:0.2406 F:0.0186 376s
  Val L:0.3373 ABS:0.3902 RMSE:1.2121 d1:0.5211
Epoch [21/60] L:0.2427 D:0.2373 F:0.0181 463s
Epoch [22/60] L:0.2359 D:0.2304 F:0.0182 674s
Epoch [23/60] L:0.2318 D:0.2264 F:0.0178 685s
Epoch [24/60] L:0.2254 D:0.2198 F:0.0189 665s
  Val L:0.3402 ABS:0.3764 RMSE:1.2228 d1:0.5324
Epoch [25/60] L:0.2193 D:0.2140 F:0.0175 723s
Epoch [26/60] L:0.2145 D:0.2093 F:0.0171 697s
Epoch [27/60] L:0.2129 D:0.2073 F:0.0184 754s
Epoch [28/60] L:0.2007 D:0.1955 F:0.0175 879s
  Val L:0.3500 ABS:0.3689 RMSE:1.2243 d1:0.5354
Epoch [29/60] L:0.1911 D:0.1861 F:0.0167 517s
Epoch [30/60] L:0.1823 D:0.1772 F:0.0170 239s
Epoch [31/60] L:0.1797 D:0.1749 F:0.0160 257s
Epoch [32/60] L:0.1696 D:0.1646 F:0.0166 235s
  Val L:0.3823 ABS:0.3855 RMSE:1.2861 d1:0.5172
Epoch [33/60] L:0.1645 D:0.1596 F:0.0163 234s
Epoch [34/60] L:0.1587 D:0.1537 F:0.0167 239s
Epoch [35/60] L:0.1472 D:0.1425 F:0.0156 234s
Epoch [36/60] L:0.1405 D:0.1359 F:0.0152 220s
  Val L:0.3721 ABS:0.4242 RMSE:1.2450 d1:0.5278
Epoch [37/60] L:0.1327 D:0.1282 F:0.0150 225s
Epoch [38/60] L:0.1366 D:0.1318 F:0.0159 225s
Epoch [39/60] L:0.1268 D:0.1224 F:0.0147 229s
Epoch [40/60] L:0.1164 D:0.1120 F:0.0146 211s
  Val L:0.3824 ABS:0.4130 RMSE:1.2617 d1:0.5320
Epoch [41/60] L:0.1115 D:0.1072 F:0.0144 261s
Epoch [42/60] L:0.1073 D:0.1033 F:0.0133 238s
Epoch [43/60] L:0.1025 D:0.0981 F:0.0148 220s
Epoch [44/60] L:0.0982 D:0.0941 F:0.0137 238s
  Val L:0.3797 ABS:0.4094 RMSE:1.2735 d1:0.5300
Epoch [45/60] L:0.0965 D:0.0923 F:0.0139 224s
Epoch [46/60] L:0.0951 D:0.0908 F:0.0144 249s
Epoch [47/60] L:0.0949 D:0.0904 F:0.0148 231s
Epoch [48/60] L:0.0882 D:0.0843 F:0.0131 207s
  Val L:0.4133 ABS:0.3808 RMSE:1.3314 d1:0.5166
Epoch [49/60] L:0.0972 D:0.0927 F:0.0151 229s
Epoch [50/60] L:0.0999 D:0.0955 F:0.0146 232s
Epoch [51/60] L:0.0851 D:0.0812 F:0.0130 246s
Epoch [52/60] L:0.0787 D:0.0748 F:0.0130 243s
  Val L:0.3916 ABS:0.4461 RMSE:1.3100 d1:0.5281
Epoch [53/60] L:0.0736 D:0.0696 F:0.0133 256s
Epoch [54/60] L:0.1052 D:0.1010 F:0.0138 232s
Epoch [55/60] L:0.0816 D:0.0776 F:0.0135 260s
Epoch [56/60] L:0.0717 D:0.0678 F:0.0132 266s
  Val L:0.3922 ABS:0.4364 RMSE:1.2996 d1:0.5307
Epoch [57/60] L:0.0679 D:0.0642 F:0.0125 269s
Epoch [58/60] L:0.0656 D:0.0620 F:0.0121 265s
Epoch [59/60] L:0.0658 D:0.0621 F:0.0124 280s
Epoch [60/60] L:0.0658 D:0.0619 F:0.0131 158s
  Val L:0.3942 ABS:0.4276 RMSE:1.3088 d1:0.5253

Done. Best score:0.9545 RMSE:1.2033 ABS:0.3739
