============================================================
Model: foa_0415_v2  Dataset: soundspaces
BS: 32  LR: 0.0001  Opt: AdamW
============================================================
Loaded scene split from /root/storage/matterport3d_0303renew/scene_split.json
  train: 72, val: 9, test: 9
[train] 23560 samples (fast cache: samples_train_erp_8b3be925d3ae.json) [ambisonic=ON]
  Precomputed SH basis matrix: (131072, 4) (order=1)
Loaded scene split from /root/storage/matterport3d_0303renew/scene_split.json
  train: 72, val: 9, test: 9
[val] 2951 samples (fast cache: samples_val_erp_be0f29dd7abf.json) [ambisonic=ON]
  Precomputed SH basis matrix: (131072, 4) (order=1)
Train: 23560, Val: 2951
Model: foa_0415_v2 (54.7M params)
Epoch [1/60] L:0.4246 D:0.4197 F:0.0484 206s
Epoch [2/60] L:0.3620 D:0.3584 F:0.0359 232s
Epoch [3/60] L:0.3482 D:0.3447 F:0.0349 217s
Epoch [4/60] L:0.3255 D:0.3222 F:0.0331 234s
  Val L:0.3793 ABS:0.4912 RMSE:1.2726 d1:0.4695
  >> Best (score:1.0382 RMSE:1.2726 ABS:0.4912)
Epoch [5/60] L:0.3130 D:0.3099 F:0.0312 232s
Epoch [6/60] L:0.3045 D:0.3015 F:0.0302 224s
Epoch [7/60] L:0.2959 D:0.2929 F:0.0295 238s
Epoch [8/60] L:0.2889 D:0.2861 F:0.0286 262s
  Val L:0.3540 ABS:0.4035 RMSE:1.2524 d1:0.5090
  >> Best (score:0.9977 RMSE:1.2524 ABS:0.4035)
Epoch [9/60] L:0.2819 D:0.2791 F:0.0280 259s
Epoch [10/60] L:0.2751 D:0.2724 F:0.0274 244s
Epoch [11/60] L:0.2662 D:0.2635 F:0.0271 224s
Epoch [12/60] L:0.2585 D:0.2558 F:0.0270 237s
  Val L:0.3648 ABS:0.3691 RMSE:1.2895 d1:0.4987
Epoch [13/60] L:0.2480 D:0.2454 F:0.0262 267s
Epoch [14/60] L:0.2397 D:0.2371 F:0.0262 254s
Epoch [15/60] L:0.2291 D:0.2266 F:0.0258 245s
Epoch [16/60] L:0.2194 D:0.2168 F:0.0255 237s
  Val L:0.3707 ABS:0.3892 RMSE:1.2545 d1:0.5306
  >> Best (score:0.9949 RMSE:1.2545 ABS:0.3892)
Epoch [17/60] L:0.2092 D:0.2066 F:0.0253 264s
Epoch [18/60] L:0.2003 D:0.1978 F:0.0252 253s
Epoch [19/60] L:0.1918 D:0.1894 F:0.0247 256s
Epoch [20/60] L:0.1817 D:0.1793 F:0.0245 250s
  Val L:0.3930 ABS:0.4138 RMSE:1.2664 d1:0.5237
Epoch [21/60] L:0.1733 D:0.1709 F:0.0245 244s
Epoch [22/60] L:0.1648 D:0.1624 F:0.0239 234s
Epoch [23/60] L:0.1582 D:0.1558 F:0.0239 253s
Epoch [24/60] L:0.1508 D:0.1484 F:0.0237 258s
  Val L:0.3888 ABS:0.4216 RMSE:1.2666 d1:0.5341
Epoch [25/60] L:0.1428 D:0.1405 F:0.0232 261s
Epoch [26/60] L:0.1364 D:0.1341 F:0.0233 253s
Epoch [27/60] L:0.1303 D:0.1280 F:0.0230 248s
Epoch [28/60] L:0.1253 D:0.1230 F:0.0228 261s
  Val L:0.4047 ABS:0.4365 RMSE:1.2873 d1:0.5327
Epoch [29/60] L:0.1194 D:0.1171 F:0.0223 259s
Epoch [30/60] L:0.1155 D:0.1133 F:0.0223 264s
Epoch [31/60] L:0.1105 D:0.1083 F:0.0221 252s
Epoch [32/60] L:0.1064 D:0.1042 F:0.0218 252s
  Val L:0.4029 ABS:0.4286 RMSE:1.2983 d1:0.5343
Epoch [33/60] L:0.1019 D:0.0997 F:0.0218 260s
Epoch [34/60] L:0.0992 D:0.0971 F:0.0217 239s
Epoch [35/60] L:0.0944 D:0.0923 F:0.0212 239s
Epoch [36/60] L:0.0916 D:0.0895 F:0.0210 244s
  Val L:0.4082 ABS:0.4235 RMSE:1.3110 d1:0.5311
Epoch [37/60] L:0.0887 D:0.0867 F:0.0209 272s
Epoch [38/60] L:0.0853 D:0.0832 F:0.0208 240s
Epoch [39/60] L:0.0825 D:0.0805 F:0.0204 234s
Epoch [40/60] L:0.0801 D:0.0781 F:0.0203 275s
  Val L:0.4102 ABS:0.4331 RMSE:1.3147 d1:0.5389
Epoch [41/60] L:0.0786 D:0.0766 F:0.0201 957s
Epoch [42/60] L:0.0758 D:0.0738 F:0.0199 619s
Epoch [43/60] L:0.0730 D:0.0710 F:0.0199 583s
Epoch [44/60] L:0.0706 D:0.0686 F:0.0199 692s
  Val L:0.4141 ABS:0.4389 RMSE:1.3221 d1:0.5336
Epoch [45/60] L:0.0689 D:0.0670 F:0.0194 823s
Epoch [46/60] L:0.0675 D:0.0656 F:0.0193 1069s
Epoch [47/60] L:0.0654 D:0.0635 F:0.0191 1059s
Epoch [48/60] L:0.0635 D:0.0616 F:0.0189 718s
  Val L:0.4206 ABS:0.4433 RMSE:1.3423 d1:0.5255
Epoch [49/60] L:0.0622 D:0.0604 F:0.0187 583s
Epoch [50/60] L:0.0605 D:0.0586 F:0.0186 378s
Epoch [51/60] L:0.0588 D:0.0569 F:0.0184 426s
Epoch [52/60] L:0.0575 D:0.0557 F:0.0182 191s
  Val L:0.4102 ABS:0.4348 RMSE:1.3259 d1:0.5268
Epoch [53/60] L:0.0562 D:0.0545 F:0.0179 356s
Epoch [54/60] L:0.0546 D:0.0528 F:0.0178 475s
Epoch [55/60] L:0.0539 D:0.0522 F:0.0176 479s
Epoch [56/60] L:0.0525 D:0.0508 F:0.0175 292s
  Val L:0.4101 ABS:0.4367 RMSE:1.3227 d1:0.5308
Epoch [57/60] L:0.0514 D:0.0496 F:0.0175 321s
Epoch [58/60] L:0.0503 D:0.0486 F:0.0171 527s
Epoch [59/60] L:0.0493 D:0.0476 F:0.0169 540s
Epoch [60/60] L:0.0483 D:0.0466 F:0.0168 781s
  Val L:0.4182 ABS:0.4716 RMSE:1.3416 d1:0.5318

Done. Best score:0.9949 RMSE:1.2545 ABS:0.3892
