============================================================
Model: foa_0415_v2  Dataset: soundspaces
BS: 32  LR: 0.0005  Opt: AdamW
============================================================
Loaded scene split from /root/storage/matterport3d_0303renew/scene_split.json
  train: 72, val: 9, test: 9
[train] 23560 samples (fast cache: samples_train_erp_8b3be925d3ae.json) [ambisonic=ON]
  Precomputed SH basis matrix: (131072, 4) (order=1)
Loaded scene split from /root/storage/matterport3d_0303renew/scene_split.json
  train: 72, val: 9, test: 9
[val] 2951 samples (fast cache: samples_val_erp_be0f29dd7abf.json) [ambisonic=ON]
  Precomputed SH basis matrix: (131072, 4) (order=1)
Train: 23560, Val: 2951
Model: foa_0415_v2 (54.7M params)
Epoch [1/60] L:0.4443 D:0.4196 F:0.0494 235s
Epoch [2/60] L:0.3840 D:0.3655 F:0.0370 237s
Epoch [3/60] L:0.3696 D:0.3524 F:0.0345 217s
Epoch [4/60] L:0.3593 D:0.3425 F:0.0336 226s
  Val L:0.3990 ABS:0.4437 RMSE:1.3175 d1:0.4793
  >> Best (score:1.0553 RMSE:1.3175 ABS:0.4437)
Epoch [5/60] L:0.3402 D:0.3239 F:0.0326 243s
Epoch [6/60] L:0.3264 D:0.3111 F:0.0305 237s
Epoch [7/60] L:0.3184 D:0.3036 F:0.0296 202s
Epoch [8/60] L:0.3114 D:0.2968 F:0.0292 191s
  Val L:0.3778 ABS:0.4125 RMSE:1.2648 d1:0.5027
  >> Best (score:1.0091 RMSE:1.2648 ABS:0.4125)
Epoch [9/60] L:0.3038 D:0.2896 F:0.0284 236s
Epoch [10/60] L:0.2961 D:0.2823 F:0.0276 249s
Epoch [11/60] L:0.2887 D:0.2751 F:0.0271 234s
Epoch [12/60] L:0.2825 D:0.2692 F:0.0267 221s
  Val L:0.3693 ABS:0.3834 RMSE:1.2613 d1:0.5068
  >> Best (score:0.9980 RMSE:1.2613 ABS:0.3834)
Epoch [13/60] L:0.2749 D:0.2618 F:0.0262 232s
Epoch [14/60] L:0.2669 D:0.2539 F:0.0259 220s
Epoch [15/60] L:0.2586 D:0.2459 F:0.0256 235s
Epoch [16/60] L:0.2495 D:0.2368 F:0.0253 221s
  Val L:0.3904 ABS:0.3961 RMSE:1.2661 d1:0.5039
Epoch [17/60] L:0.2401 D:0.2276 F:0.0249 209s
Epoch [18/60] L:0.2322 D:0.2199 F:0.0246 223s
Epoch [19/60] L:0.2218 D:0.2097 F:0.0242 234s
Epoch [20/60] L:0.2131 D:0.2010 F:0.0241 245s
  Val L:0.3962 ABS:0.3876 RMSE:1.2641 d1:0.5179
Epoch [21/60] L:0.2042 D:0.1922 F:0.0239 243s
Epoch [22/60] L:0.1950 D:0.1834 F:0.0232 279s
Epoch [23/60] L:0.1861 D:0.1746 F:0.0230 227s
Epoch [24/60] L:0.1774 D:0.1658 F:0.0231 236s
  Val L:0.4126 ABS:0.4105 RMSE:1.2827 d1:0.5190
Epoch [25/60] L:0.1705 D:0.1591 F:0.0227 211s
Epoch [26/60] L:0.1624 D:0.1512 F:0.0224 205s
Epoch [27/60] L:0.1544 D:0.1434 F:0.0220 214s
Epoch [28/60] L:0.1479 D:0.1370 F:0.0218 207s
  Val L:0.4015 ABS:0.4315 RMSE:1.2784 d1:0.5258
Epoch [29/60] L:0.1420 D:0.1311 F:0.0217 243s
Epoch [30/60] L:0.1356 D:0.1251 F:0.0210 248s
Epoch [31/60] L:0.1305 D:0.1201 F:0.0208 235s
Epoch [32/60] L:0.1248 D:0.1146 F:0.0205 254s
  Val L:0.4184 ABS:0.3982 RMSE:1.3097 d1:0.5263
Epoch [33/60] L:0.1201 D:0.1100 F:0.0202 275s
Epoch [34/60] L:0.1153 D:0.1053 F:0.0200 259s
Epoch [35/60] L:0.1119 D:0.1020 F:0.0198 248s
Epoch [36/60] L:0.1080 D:0.0983 F:0.0192 239s
  Val L:0.4185 ABS:0.4306 RMSE:1.3027 d1:0.5337
Epoch [37/60] L:0.1040 D:0.0945 F:0.0190 225s
Epoch [38/60] L:0.1012 D:0.0919 F:0.0187 250s
Epoch [39/60] L:0.0964 D:0.0872 F:0.0185 233s
Epoch [40/60] L:0.0944 D:0.0853 F:0.0180 266s
  Val L:0.4184 ABS:0.4489 RMSE:1.3150 d1:0.5338
Epoch [41/60] L:0.0913 D:0.0823 F:0.0179 253s
Epoch [42/60] L:0.0880 D:0.0792 F:0.0176 254s
Epoch [43/60] L:0.0854 D:0.0768 F:0.0173 250s
Epoch [44/60] L:0.0835 D:0.0750 F:0.0170 236s
  Val L:0.4157 ABS:0.4363 RMSE:1.3055 d1:0.5269
Epoch [45/60] L:0.0807 D:0.0724 F:0.0167 250s
Epoch [46/60] L:0.0782 D:0.0701 F:0.0162 227s
Epoch [47/60] L:0.0761 D:0.0680 F:0.0161 221s
Epoch [48/60] L:0.0740 D:0.0661 F:0.0158 234s
  Val L:0.4205 ABS:0.4467 RMSE:1.3237 d1:0.5374
Epoch [49/60] L:0.0722 D:0.0645 F:0.0153 222s
Epoch [50/60] L:0.0705 D:0.0629 F:0.0153 291s
Epoch [51/60] L:0.0686 D:0.0611 F:0.0149 236s
Epoch [52/60] L:0.0663 D:0.0590 F:0.0146 229s
  Val L:0.4206 ABS:0.4168 RMSE:1.3271 d1:0.5285
Epoch [53/60] L:0.0650 D:0.0578 F:0.0143 332s
Epoch [54/60] L:0.0634 D:0.0564 F:0.0140 320s
Epoch [55/60] L:0.0616 D:0.0547 F:0.0137 249s
Epoch [56/60] L:0.0598 D:0.0530 F:0.0136 236s
  Val L:0.4225 ABS:0.4374 RMSE:1.3205 d1:0.5380
Epoch [57/60] L:0.0587 D:0.0521 F:0.0133 231s
Epoch [58/60] L:0.0575 D:0.0509 F:0.0132 255s
Epoch [59/60] L:0.0563 D:0.0499 F:0.0129 237s
Epoch [60/60] L:0.0555 D:0.0491 F:0.0129 235s
  Val L:0.4296 ABS:0.4540 RMSE:1.3374 d1:0.5370

Done. Best score:0.9980 RMSE:1.2613 ABS:0.3834
