============================================================
Model: foa_0415_v3  Dataset: soundspaces
BS: 32  LR: 0.001  Opt: AdamW
============================================================
Loaded scene split from /root/storage/matterport3d_0303renew/scene_split.json
  train: 72, val: 9, test: 9
[train] 23560 samples (fast cache: samples_train_erp_8b3be925d3ae.json) [ambisonic=ON]
  Precomputed SH basis matrix: (131072, 4) (order=1)
Loaded scene split from /root/storage/matterport3d_0303renew/scene_split.json
  train: 72, val: 9, test: 9
[val] 2951 samples (fast cache: samples_val_erp_be0f29dd7abf.json) [ambisonic=ON]
  Precomputed SH basis matrix: (131072, 4) (order=1)
Train: 23560, Val: 2951
Model: foa_0415_v3 (54.5M params)
Epoch [1/60] L:0.4512 D:0.4332 F:0.0599 359s
Epoch [2/60] L:0.3812 D:0.3685 F:0.0423 445s
Epoch [3/60] L:0.3659 D:0.3537 F:0.0405 280s
Epoch [4/60] L:0.3545 D:0.3427 F:0.0392 255s
  Val L:0.3986 ABS:0.4664 RMSE:1.3112 d1:0.4737
  >> Best (score:1.0578 RMSE:1.3112 ABS:0.4664)
Epoch [5/60] L:0.3363 D:0.3249 F:0.0380 367s
Epoch [6/60] L:0.3236 D:0.3127 F:0.0364 317s
Epoch [7/60] L:0.3160 D:0.3055 F:0.0352 295s
Epoch [8/60] L:0.3080 D:0.2978 F:0.0339 398s
  Val L:0.3611 ABS:0.4259 RMSE:1.2523 d1:0.5058
  >> Best (score:1.0044 RMSE:1.2523 ABS:0.4259)
Epoch [9/60] L:0.3016 D:0.2916 F:0.0333 530s
Epoch [10/60] L:0.2972 D:0.2874 F:0.0327 569s
Epoch [11/60] L:0.2904 D:0.2807 F:0.0324 852s
Epoch [12/60] L:0.2842 D:0.2747 F:0.0316 576s
  Val L:0.3770 ABS:0.4050 RMSE:1.2668 d1:0.5063
Epoch [13/60] L:0.2782 D:0.2687 F:0.0314 593s
Epoch [14/60] L:0.2723 D:0.2628 F:0.0315 681s
Epoch [15/60] L:0.2638 D:0.2547 F:0.0305 835s
Epoch [16/60] L:0.2568 D:0.2477 F:0.0304 539s
  Val L:0.3633 ABS:0.3971 RMSE:1.2394 d1:0.5249
  >> Best (score:0.9867 RMSE:1.2394 ABS:0.3971)
Epoch [17/60] L:0.2472 D:0.2382 F:0.0299 537s
Epoch [18/60] L:0.2382 D:0.2292 F:0.0299 959s
Epoch [19/60] L:0.2301 D:0.2213 F:0.0292 1132s
Epoch [20/60] L:0.2203 D:0.2116 F:0.0290 460s
  Val L:0.3742 ABS:0.4120 RMSE:1.2570 d1:0.5300
Epoch [21/60] L:0.2116 D:0.2030 F:0.0287 472s
Epoch [22/60] L:0.2025 D:0.1940 F:0.0282 478s
Epoch [23/60] L:0.1927 D:0.1843 F:0.0280 802s
Epoch [24/60] L:0.1839 D:0.1756 F:0.0276 251s
  Val L:0.3954 ABS:0.4066 RMSE:1.2630 d1:0.5260
Epoch [25/60] L:0.1748 D:0.1666 F:0.0271 434s
Epoch [26/60] L:0.1639 D:0.1559 F:0.0266 548s
Epoch [27/60] L:0.1557 D:0.1478 F:0.0263 290s
Epoch [28/60] L:0.1485 D:0.1408 F:0.0259 236s
  Val L:0.3981 ABS:0.4410 RMSE:1.2733 d1:0.5381
Epoch [29/60] L:0.1417 D:0.1340 F:0.0256 255s
Epoch [30/60] L:0.1340 D:0.1264 F:0.0253 247s
Epoch [31/60] L:0.1269 D:0.1195 F:0.0247 234s
Epoch [32/60] L:0.1224 D:0.1151 F:0.0243 249s
  Val L:0.4128 ABS:0.4336 RMSE:1.3115 d1:0.5286
Epoch [33/60] L:0.1163 D:0.1092 F:0.0237 395s
Epoch [34/60] L:0.1105 D:0.1035 F:0.0235 478s
Epoch [35/60] L:0.1067 D:0.0998 F:0.0232 298s
Epoch [36/60] L:0.1007 D:0.0939 F:0.0228 398s
  Val L:0.4120 ABS:0.4548 RMSE:1.3028 d1:0.5337
Epoch [37/60] L:0.0963 D:0.0897 F:0.0221 691s
Epoch [38/60] L:0.0932 D:0.0866 F:0.0221 798s
Epoch [39/60] L:0.0896 D:0.0832 F:0.0215 635s
Epoch [40/60] L:0.0848 D:0.0785 F:0.0212 490s
  Val L:0.4119 ABS:0.4421 RMSE:1.3164 d1:0.5299
Epoch [41/60] L:0.0821 D:0.0758 F:0.0210 415s
Epoch [42/60] L:0.0802 D:0.0739 F:0.0208 393s
Epoch [43/60] L:0.0767 D:0.0705 F:0.0207 332s
Epoch [44/60] L:0.0747 D:0.0686 F:0.0203 285s
  Val L:0.4193 ABS:0.4433 RMSE:1.3159 d1:0.5333
Epoch [45/60] L:0.0719 D:0.0659 F:0.0200 389s
Epoch [46/60] L:0.0710 D:0.0649 F:0.0201 300s
Epoch [47/60] L:0.0670 D:0.0612 F:0.0192 290s
Epoch [48/60] L:0.0646 D:0.0588 F:0.0192 770s
  Val L:0.4129 ABS:0.4565 RMSE:1.3167 d1:0.5370
Epoch [49/60] L:0.0627 D:0.0569 F:0.0192 438s
Epoch [50/60] L:0.0619 D:0.0563 F:0.0189 286s
Epoch [51/60] L:0.0637 D:0.0580 F:0.0190 351s
Epoch [52/60] L:0.0738 D:0.0680 F:0.0192 333s
  Val L:0.4264 ABS:0.4495 RMSE:1.3388 d1:0.5285
Epoch [53/60] L:0.0563 D:0.0510 F:0.0178 344s
Epoch [54/60] L:0.0519 D:0.0466 F:0.0175 313s
Epoch [55/60] L:0.0514 D:0.0462 F:0.0173 289s
Epoch [56/60] L:0.0530 D:0.0478 F:0.0172 270s
  Val L:0.4230 ABS:0.4475 RMSE:1.3268 d1:0.5396
Epoch [57/60] L:0.0534 D:0.0482 F:0.0174 353s
Epoch [58/60] L:0.0526 D:0.0474 F:0.0171 322s
Epoch [59/60] L:0.0528 D:0.0477 F:0.0168 309s
Epoch [60/60] L:0.0487 D:0.0437 F:0.0166 329s
  Val L:0.4171 ABS:0.4626 RMSE:1.3247 d1:0.5371

Done. Best score:0.9867 RMSE:1.2394 ABS:0.3971
