============================================================
Model: pretrained_vit_foa  Dataset: soundspaces
BS: 16  LR: 5e-05  Opt: AdamW
============================================================
Loaded scene split from /root/storage/matterport3d_0303renew/scene_split.json
  train: 72, val: 9, test: 9
[train] 23560 samples (fast cache: samples_train_erp_8b3be925d3ae.json) [ambisonic=ON]
  Precomputed SH basis matrix: (131072, 4) (order=1)
Loaded scene split from /root/storage/matterport3d_0303renew/scene_split.json
  train: 72, val: 9, test: 9
[val] 2951 samples (fast cache: samples_val_erp_be0f29dd7abf.json) [ambisonic=ON]
  Precomputed SH basis matrix: (131072, 4) (order=1)
Train: 23560, Val: 2951
Model: pretrained_vit_foa (90.3M params)
Epoch [1/40] L:0.2918 D:0.2795 F:0.0410 582s
Epoch [2/40] L:0.2089 D:0.1997 F:0.0306 260s
Epoch [3/40] L:0.1958 D:0.1877 F:0.0269 261s
Epoch [4/40] L:0.1885 D:0.1809 F:0.0253 296s
  Val L:0.2335 ABS:0.4419 RMSE:1.2616 d1:0.5029
  >> Best (score:1.0157 RMSE:1.2616 ABS:0.4419)
Epoch [5/40] L:0.1818 D:0.1746 F:0.0240 263s
Epoch [6/40] L:0.1756 D:0.1687 F:0.0231 261s
Epoch [7/40] L:0.1697 D:0.1630 F:0.0225 261s
Epoch [8/40] L:0.1626 D:0.1561 F:0.0219 278s
  Val L:0.2309 ABS:0.4065 RMSE:1.2501 d1:0.5253
  >> Best (score:0.9970 RMSE:1.2501 ABS:0.4065)
Epoch [9/40] L:0.1549 D:0.1486 F:0.0212 264s
Epoch [10/40] L:0.1476 D:0.1414 F:0.0208 273s
Epoch [11/40] L:0.1399 D:0.1338 F:0.0203 263s
Epoch [12/40] L:0.1325 D:0.1266 F:0.0199 273s
  Val L:0.2353 ABS:0.4074 RMSE:1.2356 d1:0.5329
  >> Best (score:0.9872 RMSE:1.2356 ABS:0.4074)
Epoch [13/40] L:0.1246 D:0.1188 F:0.0194 265s
Epoch [14/40] L:0.1180 D:0.1123 F:0.0189 262s
Epoch [15/40] L:0.1119 D:0.1064 F:0.0184 267s
Epoch [16/40] L:0.1065 D:0.1011 F:0.0181 263s
  Val L:0.2376 ABS:0.4386 RMSE:1.2378 d1:0.5352
Epoch [17/40] L:0.1014 D:0.0961 F:0.0176 279s
Epoch [18/40] L:0.0969 D:0.0917 F:0.0173 262s
Epoch [19/40] L:0.0927 D:0.0876 F:0.0169 261s
Epoch [20/40] L:0.0894 D:0.0845 F:0.0165 280s
  Val L:0.2415 ABS:0.4625 RMSE:1.2542 d1:0.5375
Epoch [21/40] L:0.0857 D:0.0809 F:0.0160 268s
Epoch [22/40] L:0.0829 D:0.0782 F:0.0156 265s
Epoch [23/40] L:0.0798 D:0.0752 F:0.0152 263s
Epoch [24/40] L:0.0773 D:0.0728 F:0.0148 266s
  Val L:0.2468 ABS:0.4195 RMSE:1.2703 d1:0.5484
Epoch [25/40] L:0.0750 D:0.0707 F:0.0144 271s
Epoch [26/40] L:0.0729 D:0.0687 F:0.0141 263s
Epoch [27/40] L:0.0709 D:0.0668 F:0.0136 267s
Epoch [28/40] L:0.0681 D:0.0642 F:0.0131 266s
  Val L:0.2460 ABS:0.4346 RMSE:1.2784 d1:0.5514
Epoch [29/40] L:0.0664 D:0.0626 F:0.0129 289s
Epoch [30/40] L:0.0650 D:0.0613 F:0.0125 273s
Epoch [31/40] L:0.0636 D:0.0599 F:0.0121 263s
Epoch [32/40] L:0.0615 D:0.0580 F:0.0117 272s
  Val L:0.2486 ABS:0.4212 RMSE:1.2899 d1:0.5565
Epoch [33/40] L:0.0596 D:0.0562 F:0.0113 270s
Epoch [34/40] L:0.0581 D:0.0549 F:0.0110 272s
Epoch [35/40] L:0.0570 D:0.0537 F:0.0107 266s
Epoch [36/40] L:0.0560 D:0.0529 F:0.0104 261s
  Val L:0.2561 ABS:0.4436 RMSE:1.3160 d1:0.5480
Epoch [37/40] L:0.0541 D:0.0511 F:0.0101 261s
Epoch [38/40] L:0.0525 D:0.0495 F:0.0098 260s
Epoch [39/40] L:0.0515 D:0.0487 F:0.0095 273s
Epoch [40/40] L:0.0504 D:0.0476 F:0.0093 262s
  Val L:0.2572 ABS:0.4292 RMSE:1.3194 d1:0.5531

Done. Best score:0.9872 RMSE:1.2356 ABS:0.4074
