============================================================
Model: foa_0415_v5  Dataset: soundspaces
BS: 32  LR: 0.001  Opt: AdamW
============================================================
Loaded scene split from /root/storage/matterport3d_0303renew/scene_split.json
  train: 72, val: 9, test: 9
[train] 23560 samples (fast cache: samples_train_erp_8b3be925d3ae.json) [ambisonic=ON]
  Precomputed SH basis matrix: (131072, 4) (order=1)
Loaded scene split from /root/storage/matterport3d_0303renew/scene_split.json
  train: 72, val: 9, test: 9
[val] 2951 samples (fast cache: samples_val_erp_be0f29dd7abf.json) [ambisonic=ON]
  Precomputed SH basis matrix: (131072, 4) (order=1)
Train: 23560, Val: 2951
Model: foa_0415_v5 (54.7M params)
Epoch [1/60] L:0.4369 D:0.4191 F:0.0594 481s
Epoch [2/60] L:0.3804 D:0.3682 F:0.0409 257s
Epoch [3/60] L:0.3651 D:0.3531 F:0.0398 320s
Epoch [4/60] L:0.3537 D:0.3415 F:0.0407 252s
  Val L:0.4053 ABS:0.4277 RMSE:1.3306 d1:0.4741
  >> Best (score:1.0598 RMSE:1.3306 ABS:0.4277)
Epoch [5/60] L:0.3342 D:0.3224 F:0.0395 441s
Epoch [6/60] L:0.3239 D:0.3129 F:0.0367 298s
Epoch [7/60] L:0.3146 D:0.3042 F:0.0345 275s
Epoch [8/60] L:0.3064 D:0.2966 F:0.0329 260s
  Val L:0.3843 ABS:0.4280 RMSE:1.2927 d1:0.4967
  >> Best (score:1.0333 RMSE:1.2927 ABS:0.4280)
Epoch [9/60] L:0.2997 D:0.2901 F:0.0321 397s
Epoch [10/60] L:0.2928 D:0.2834 F:0.0313 294s
Epoch [11/60] L:0.2867 D:0.2776 F:0.0304 423s
Epoch [12/60] L:0.2794 D:0.2704 F:0.0301 354s
  Val L:0.3740 ABS:0.3969 RMSE:1.2561 d1:0.5072
  >> Best (score:0.9983 RMSE:1.2561 ABS:0.3969)
Epoch [13/60] L:0.2731 D:0.2642 F:0.0297 626s
Epoch [14/60] L:0.2652 D:0.2565 F:0.0291 387s
Epoch [15/60] L:0.2567 D:0.2482 F:0.0284 1019s
Epoch [16/60] L:0.2484 D:0.2399 F:0.0284 443s
  Val L:0.3904 ABS:0.4328 RMSE:1.2728 d1:0.5134
Epoch [17/60] L:0.2401 D:0.2317 F:0.0282 472s
Epoch [18/60] L:0.2294 D:0.2212 F:0.0276 705s
Epoch [19/60] L:0.2207 D:0.2126 F:0.0272 767s
Epoch [20/60] L:0.2110 D:0.2028 F:0.0272 494s
  Val L:0.3769 ABS:0.4080 RMSE:1.2571 d1:0.5301
Epoch [21/60] L:0.2014 D:0.1933 F:0.0269 484s
Epoch [22/60] L:0.1922 D:0.1842 F:0.0266 933s
Epoch [23/60] L:0.1826 D:0.1747 F:0.0265 1060s
Epoch [24/60] L:0.1737 D:0.1660 F:0.0258 509s
  Val L:0.3888 ABS:0.4304 RMSE:1.2684 d1:0.5377
Epoch [25/60] L:0.1648 D:0.1572 F:0.0255 462s
Epoch [26/60] L:0.1569 D:0.1493 F:0.0252 406s
Epoch [27/60] L:0.1478 D:0.1403 F:0.0249 630s
Epoch [28/60] L:0.1419 D:0.1345 F:0.0247 475s
  Val L:0.4033 ABS:0.4305 RMSE:1.2929 d1:0.5351
Epoch [29/60] L:0.1329 D:0.1256 F:0.0242 293s
Epoch [30/60] L:0.1268 D:0.1196 F:0.0239 631s
Epoch [31/60] L:0.1203 D:0.1132 F:0.0237 267s
Epoch [32/60] L:0.1157 D:0.1086 F:0.0236 214s
  Val L:0.4106 ABS:0.4397 RMSE:1.3075 d1:0.5328
Epoch [33/60] L:0.1093 D:0.1024 F:0.0230 233s
Epoch [34/60] L:0.1047 D:0.0978 F:0.0230 208s
Epoch [35/60] L:0.1004 D:0.0937 F:0.0225 244s
Epoch [36/60] L:0.0968 D:0.0900 F:0.0227 251s
  Val L:0.4214 ABS:0.4356 RMSE:1.3161 d1:0.5292
Epoch [37/60] L:0.0929 D:0.0863 F:0.0219 198s
Epoch [38/60] L:0.0882 D:0.0818 F:0.0215 258s
Epoch [39/60] L:0.0848 D:0.0785 F:0.0211 524s
Epoch [40/60] L:0.0817 D:0.0754 F:0.0211 263s
  Val L:0.4175 ABS:0.4429 RMSE:1.3245 d1:0.5343
Epoch [41/60] L:0.0804 D:0.0743 F:0.0206 356s
Epoch [42/60] L:0.0777 D:0.0717 F:0.0202 291s
Epoch [43/60] L:0.0732 D:0.0673 F:0.0198 555s
Epoch [44/60] L:0.0707 D:0.0649 F:0.0194 853s
  Val L:0.4198 ABS:0.4579 RMSE:1.3230 d1:0.5326
Epoch [45/60] L:0.0693 D:0.0635 F:0.0193 650s
Epoch [46/60] L:0.0674 D:0.0617 F:0.0189 452s
Epoch [47/60] L:0.0661 D:0.0605 F:0.0186 380s
Epoch [48/60] L:0.0660 D:0.0605 F:0.0184 303s
  Val L:0.4219 ABS:0.4476 RMSE:1.3389 d1:0.5331
Epoch [49/60] L:0.0617 D:0.0563 F:0.0181 362s
Epoch [50/60] L:0.0587 D:0.0534 F:0.0178 280s
Epoch [51/60] L:0.0575 D:0.0523 F:0.0175 390s
Epoch [52/60] L:0.0567 D:0.0515 F:0.0176 290s
  Val L:0.4227 ABS:0.4686 RMSE:1.3350 d1:0.5314
Epoch [53/60] L:0.0578 D:0.0526 F:0.0173 317s
Epoch [54/60] L:0.0684 D:0.0629 F:0.0182 373s
Epoch [55/60] L:0.0522 D:0.0473 F:0.0164 888s
Epoch [56/60] L:0.0482 D:0.0434 F:0.0160 287s
  Val L:0.4230 ABS:0.4468 RMSE:1.3313 d1:0.5369
Epoch [57/60] L:0.0480 D:0.0431 F:0.0162 268s
Epoch [58/60] L:0.0503 D:0.0455 F:0.0163 315s
Epoch [59/60] L:0.0684 D:0.0632 F:0.0176 291s
Epoch [60/60] L:0.0524 D:0.0477 F:0.0157 260s
  Val L:0.4235 ABS:0.4551 RMSE:1.3347 d1:0.5380

Done. Best score:0.9983 RMSE:1.2561 ABS:0.3969
