============================================================
Model: foa_0415_v2  Dataset: soundspaces
BS: 32  LR: 0.001  Opt: AdamW
============================================================
Loaded scene split from /root/storage/matterport3d_0303renew/scene_split.json
  train: 72, val: 9, test: 9
[train] 23560 samples (fast cache: samples_train_erp_8b3be925d3ae.json) [ambisonic=ON]
  Precomputed SH basis matrix: (131072, 4) (order=1)
Loaded scene split from /root/storage/matterport3d_0303renew/scene_split.json
  train: 72, val: 9, test: 9
[val] 2951 samples (fast cache: samples_val_erp_be0f29dd7abf.json) [ambisonic=ON]
  Precomputed SH basis matrix: (131072, 4) (order=1)
Train: 23560, Val: 2951
Model: foa_0415_v2 (54.7M params)
Epoch [1/60] L:0.4409 D:0.4224 F:0.0616 341s
Epoch [2/60] L:0.3757 D:0.3627 F:0.0433 459s
Epoch [3/60] L:0.3618 D:0.3495 F:0.0409 280s
Epoch [4/60] L:0.3474 D:0.3353 F:0.0404 249s
  Val L:0.4095 ABS:0.4514 RMSE:1.3145 d1:0.4477
  >> Best (score:1.0556 RMSE:1.3145 ABS:0.4514)
Epoch [5/60] L:0.3347 D:0.3231 F:0.0384 369s
Epoch [6/60] L:0.3240 D:0.3131 F:0.0364 317s
Epoch [7/60] L:0.3155 D:0.3050 F:0.0348 300s
Epoch [8/60] L:0.3080 D:0.2976 F:0.0345 399s
  Val L:0.3797 ABS:0.3887 RMSE:1.3293 d1:0.4823
  >> Best (score:1.0471 RMSE:1.3293 ABS:0.3887)
Epoch [9/60] L:0.3022 D:0.2922 F:0.0334 535s
Epoch [10/60] L:0.2959 D:0.2861 F:0.0327 567s
Epoch [11/60] L:0.2899 D:0.2802 F:0.0324 858s
Epoch [12/60] L:0.2852 D:0.2758 F:0.0314 582s
  Val L:0.3756 ABS:0.3789 RMSE:1.2913 d1:0.4989
  >> Best (score:1.0176 RMSE:1.2913 ABS:0.3789)
Epoch [13/60] L:0.2792 D:0.2698 F:0.0314 587s
Epoch [14/60] L:0.2729 D:0.2636 F:0.0309 700s
Epoch [15/60] L:0.2655 D:0.2562 F:0.0308 822s
Epoch [16/60] L:0.2593 D:0.2500 F:0.0311 543s
  Val L:0.3832 ABS:0.3838 RMSE:1.2802 d1:0.5063
  >> Best (score:1.0113 RMSE:1.2802 ABS:0.3838)
Epoch [17/60] L:0.2506 D:0.2415 F:0.0304 528s
Epoch [18/60] L:0.2433 D:0.2344 F:0.0296 955s
Epoch [19/60] L:0.2354 D:0.2265 F:0.0297 1134s
Epoch [20/60] L:0.2259 D:0.2172 F:0.0293 468s
  Val L:0.3809 ABS:0.4339 RMSE:1.2470 d1:0.5171
  >> Best (score:1.0031 RMSE:1.2470 ABS:0.4339)
Epoch [21/60] L:0.2160 D:0.2074 F:0.0287 462s
Epoch [22/60] L:0.2079 D:0.1993 F:0.0287 480s
Epoch [23/60] L:0.1993 D:0.1907 F:0.0283 803s
Epoch [24/60] L:0.1879 D:0.1796 F:0.0279 248s
  Val L:0.3998 ABS:0.4354 RMSE:1.2749 d1:0.5205
Epoch [25/60] L:0.1799 D:0.1716 F:0.0277 436s
Epoch [26/60] L:0.1718 D:0.1636 F:0.0272 546s
Epoch [27/60] L:0.1620 D:0.1540 F:0.0268 291s
Epoch [28/60] L:0.1533 D:0.1454 F:0.0266 235s
  Val L:0.3969 ABS:0.4228 RMSE:1.2657 d1:0.5273
Epoch [29/60] L:0.1464 D:0.1387 F:0.0257 255s
Epoch [30/60] L:0.1396 D:0.1320 F:0.0252 252s
Epoch [31/60] L:0.1317 D:0.1242 F:0.0250 242s
Epoch [32/60] L:0.1258 D:0.1184 F:0.0247 244s
  Val L:0.4113 ABS:0.4407 RMSE:1.2943 d1:0.5266
Epoch [33/60] L:0.1190 D:0.1116 F:0.0246 406s
Epoch [34/60] L:0.1152 D:0.1080 F:0.0240 476s
Epoch [35/60] L:0.1103 D:0.1032 F:0.0238 303s
Epoch [36/60] L:0.1048 D:0.0978 F:0.0234 400s
  Val L:0.4131 ABS:0.4436 RMSE:1.3108 d1:0.5269
Epoch [37/60] L:0.1015 D:0.0946 F:0.0229 670s
Epoch [38/60] L:0.0978 D:0.0909 F:0.0227 808s
Epoch [39/60] L:0.0935 D:0.0869 F:0.0221 639s
Epoch [40/60] L:0.0899 D:0.0834 F:0.0217 499s
  Val L:0.4084 ABS:0.4331 RMSE:1.3006 d1:0.5295
Epoch [41/60] L:0.0870 D:0.0806 F:0.0216 412s
Epoch [42/60] L:0.0840 D:0.0776 F:0.0211 394s
Epoch [43/60] L:0.0807 D:0.0744 F:0.0209 326s
Epoch [44/60] L:0.0788 D:0.0726 F:0.0206 282s
  Val L:0.4206 ABS:0.4459 RMSE:1.3252 d1:0.5251
Epoch [45/60] L:0.0753 D:0.0693 F:0.0201 372s
Epoch [46/60] L:0.0735 D:0.0675 F:0.0201 294s
Epoch [47/60] L:0.0722 D:0.0662 F:0.0199 237s
Epoch [48/60] L:0.0700 D:0.0642 F:0.0195 349s
  Val L:0.4341 ABS:0.4382 RMSE:1.3414 d1:0.5198
Epoch [49/60] L:0.0684 D:0.0626 F:0.0194 632s
Epoch [50/60] L:0.0672 D:0.0614 F:0.0193 277s
Epoch [51/60] L:0.0632 D:0.0576 F:0.0187 327s
Epoch [52/60] L:0.0615 D:0.0559 F:0.0186 369s
  Val L:0.4264 ABS:0.4587 RMSE:1.3365 d1:0.5303
Epoch [53/60] L:0.0607 D:0.0551 F:0.0186 357s
Epoch [54/60] L:0.0595 D:0.0541 F:0.0181 318s
Epoch [55/60] L:0.0603 D:0.0549 F:0.0180 302s
Epoch [56/60] L:0.0572 D:0.0518 F:0.0179 266s
  Val L:0.4203 ABS:0.4479 RMSE:1.3265 d1:0.5346
Epoch [57/60] L:0.0549 D:0.0496 F:0.0175 355s
Epoch [58/60] L:0.0540 D:0.0487 F:0.0174 326s
Epoch [59/60] L:0.0534 D:0.0483 F:0.0170 307s
Epoch [60/60] L:0.0532 D:0.0481 F:0.0168 361s
  Val L:0.4223 ABS:0.4493 RMSE:1.3281 d1:0.5294

Done. Best score:1.0031 RMSE:1.2470 ABS:0.4339
