============================================================
Model: foa_0415_v2  Dataset: soundspaces
BS: 32  LR: 0.0005  Opt: AdamW
============================================================
Loaded scene split from /root/storage/matterport3d_0303renew/scene_split.json
  train: 72, val: 9, test: 9
[train] 23560 samples (fast cache: samples_train_erp_8b3be925d3ae.json) [ambisonic=ON]
  Precomputed SH basis matrix: (131072, 4) (order=1)
Loaded scene split from /root/storage/matterport3d_0303renew/scene_split.json
  train: 72, val: 9, test: 9
[val] 2951 samples (fast cache: samples_val_erp_be0f29dd7abf.json) [ambisonic=ON]
  Precomputed SH basis matrix: (131072, 4) (order=1)
Train: 23560, Val: 2951
Model: foa_0415_v2 (54.7M params)
Epoch [1/60] L:0.4308 D:0.4253 F:0.0554 1058s
Epoch [2/60] L:0.3553 D:0.3511 F:0.0421 1201s
Epoch [3/60] L:0.3339 D:0.3298 F:0.0405 894s
Epoch [4/60] L:0.3244 D:0.3204 F:0.0398 422s
  Val L:0.3925 ABS:0.4142 RMSE:1.3358 d1:0.4604
  >> Best (score:1.0593 RMSE:1.3358 ABS:0.4142)
Epoch [5/60] L:0.3169 D:0.3130 F:0.0393 519s
Epoch [6/60] L:0.3097 D:0.3060 F:0.0374 569s
Epoch [7/60] L:0.3031 D:0.2994 F:0.0370 527s
Epoch [8/60] L:0.2966 D:0.2931 F:0.0354 390s
  Val L:0.3617 ABS:0.4194 RMSE:1.2446 d1:0.4898
  >> Best (score:0.9970 RMSE:1.2446 ABS:0.4194)
Epoch [9/60] L:0.2900 D:0.2865 F:0.0345 588s
Epoch [10/60] L:0.2846 D:0.2812 F:0.0338 436s
Epoch [11/60] L:0.2788 D:0.2755 F:0.0331 537s
Epoch [12/60] L:0.2731 D:0.2698 F:0.0324 428s
  Val L:0.3554 ABS:0.4073 RMSE:1.2358 d1:0.5063
  >> Best (score:0.9872 RMSE:1.2358 ABS:0.4073)
Epoch [13/60] L:0.2651 D:0.2618 F:0.0323 555s
Epoch [14/60] L:0.2588 D:0.2556 F:0.0317 336s
Epoch [15/60] L:0.2510 D:0.2479 F:0.0315 275s
Epoch [16/60] L:0.2442 D:0.2411 F:0.0310 254s
  Val L:0.3706 ABS:0.3952 RMSE:1.2839 d1:0.5174
Epoch [17/60] L:0.2357 D:0.2326 F:0.0312 278s
Epoch [18/60] L:0.2279 D:0.2248 F:0.0312 256s
Epoch [19/60] L:0.2189 D:0.2159 F:0.0306 261s
Epoch [20/60] L:0.2100 D:0.2069 F:0.0304 259s
  Val L:0.3910 ABS:0.3977 RMSE:1.2711 d1:0.5149
Epoch [21/60] L:0.2007 D:0.1977 F:0.0303 305s
Epoch [22/60] L:0.1927 D:0.1897 F:0.0302 282s
Epoch [23/60] L:0.1845 D:0.1815 F:0.0295 279s
Epoch [24/60] L:0.1757 D:0.1727 F:0.0295 291s
  Val L:0.3984 ABS:0.4208 RMSE:1.2827 d1:0.5229
Epoch [25/60] L:0.1685 D:0.1655 F:0.0294 265s
Epoch [26/60] L:0.1607 D:0.1578 F:0.0292 576s
Epoch [27/60] L:0.1526 D:0.1498 F:0.0284 318s
Epoch [28/60] L:0.1456 D:0.1427 F:0.0288 459s
  Val L:0.3962 ABS:0.4440 RMSE:1.2716 d1:0.5284
Epoch [29/60] L:0.1397 D:0.1369 F:0.0285 646s
Epoch [30/60] L:0.1335 D:0.1307 F:0.0284 424s
Epoch [31/60] L:0.1271 D:0.1243 F:0.0280 281s
Epoch [32/60] L:0.1215 D:0.1187 F:0.0278 264s
  Val L:0.4065 ABS:0.4359 RMSE:1.3023 d1:0.5277
Epoch [33/60] L:0.1172 D:0.1144 F:0.0278 213s
Epoch [34/60] L:0.1112 D:0.1085 F:0.0275 280s
Epoch [35/60] L:0.1064 D:0.1037 F:0.0272 273s
Epoch [36/60] L:0.1032 D:0.1005 F:0.0270 205s
  Val L:0.4123 ABS:0.4317 RMSE:1.3141 d1:0.5294
Epoch [37/60] L:0.0994 D:0.0967 F:0.0267 278s
Epoch [38/60] L:0.0957 D:0.0930 F:0.0265 271s
Epoch [39/60] L:0.0917 D:0.0891 F:0.0259 247s
Epoch [40/60] L:0.0897 D:0.0871 F:0.0259 354s
  Val L:0.4229 ABS:0.4623 RMSE:1.3269 d1:0.5159
Epoch [41/60] L:0.0865 D:0.0839 F:0.0259 313s
Epoch [42/60] L:0.0831 D:0.0806 F:0.0257 336s
Epoch [43/60] L:0.0798 D:0.0773 F:0.0252 368s
Epoch [44/60] L:0.0778 D:0.0753 F:0.0253 294s
  Val L:0.4119 ABS:0.4246 RMSE:1.3284 d1:0.5241
Epoch [45/60] L:0.0762 D:0.0737 F:0.0248 249s
Epoch [46/60] L:0.0734 D:0.0709 F:0.0248 307s
Epoch [47/60] L:0.0710 D:0.0686 F:0.0242 325s
Epoch [48/60] L:0.0694 D:0.0670 F:0.0241 291s
  Val L:0.4150 ABS:0.4518 RMSE:1.3238 d1:0.5320
Epoch [49/60] L:0.0672 D:0.0648 F:0.0238 238s
Epoch [50/60] L:0.0658 D:0.0634 F:0.0237 267s
Epoch [51/60] L:0.0641 D:0.0617 F:0.0237 764s
Epoch [52/60] L:0.0617 D:0.0593 F:0.0235 517s
  Val L:0.4165 ABS:0.4635 RMSE:1.3325 d1:0.5313
Epoch [53/60] L:0.0608 D:0.0585 F:0.0232 223s
Epoch [54/60] L:0.0596 D:0.0573 F:0.0229 291s
Epoch [55/60] L:0.0572 D:0.0550 F:0.0226 419s
Epoch [56/60] L:0.0563 D:0.0541 F:0.0226 262s
  Val L:0.4153 ABS:0.4355 RMSE:1.3352 d1:0.5380
Epoch [57/60] L:0.0549 D:0.0527 F:0.0224 248s
Epoch [58/60] L:0.0538 D:0.0516 F:0.0221 230s
Epoch [59/60] L:0.0526 D:0.0504 F:0.0220 240s
Epoch [60/60] L:0.0516 D:0.0494 F:0.0218 237s
  Val L:0.4275 ABS:0.4452 RMSE:1.3483 d1:0.5311

Done. Best score:0.9872 RMSE:1.2358 ABS:0.4073
