============================================================
Model: foa_0415_v5  Dataset: soundspaces
BS: 32  LR: 0.001  Opt: AdamW
============================================================
Loaded scene split from /root/storage/matterport3d_0303renew/scene_split.json
  train: 72, val: 9, test: 9
[train] 23560 samples (fast cache: samples_train_erp_8b3be925d3ae.json) [ambisonic=ON]
  Precomputed SH basis matrix: (131072, 4) (order=1)
Loaded scene split from /root/storage/matterport3d_0303renew/scene_split.json
  train: 72, val: 9, test: 9
[val] 2951 samples (fast cache: samples_val_erp_be0f29dd7abf.json) [ambisonic=ON]
  Precomputed SH basis matrix: (131072, 4) (order=1)
Train: 23560, Val: 2951
Model: foa_0415_v5 (54.7M params)
Epoch [1/60] L:0.4331 D:0.4265 F:0.0665 244s
Epoch [2/60] L:0.3690 D:0.3642 F:0.0478 182s
Epoch [3/60] L:0.3545 D:0.3499 F:0.0462 171s
Epoch [4/60] L:0.3393 D:0.3348 F:0.0452 171s
  Val L:0.3848 ABS:0.4646 RMSE:1.2957 d1:0.4821
  >> Best (score:1.0464 RMSE:1.2957 ABS:0.4646)
Epoch [5/60] L:0.3265 D:0.3223 F:0.0421 206s
Epoch [6/60] L:0.3183 D:0.3143 F:0.0401 207s
Epoch [7/60] L:0.3106 D:0.3067 F:0.0392 195s
Epoch [8/60] L:0.3035 D:0.2996 F:0.0386 186s
  Val L:0.3584 ABS:0.3999 RMSE:1.2660 d1:0.5016
  >> Best (score:1.0062 RMSE:1.2660 ABS:0.3999)
Epoch [9/60] L:0.2968 D:0.2930 F:0.0373 209s
Epoch [10/60] L:0.2912 D:0.2875 F:0.0371 201s
Epoch [11/60] L:0.2844 D:0.2808 F:0.0362 243s
Epoch [12/60] L:0.2793 D:0.2756 F:0.0362 239s
  Val L:0.3589 ABS:0.3902 RMSE:1.2668 d1:0.5118
  >> Best (score:1.0038 RMSE:1.2668 ABS:0.3902)
Epoch [13/60] L:0.2727 D:0.2692 F:0.0350 247s
Epoch [14/60] L:0.2657 D:0.2623 F:0.0348 200s
Epoch [15/60] L:0.2590 D:0.2556 F:0.0340 236s
Epoch [16/60] L:0.2517 D:0.2483 F:0.0338 229s
  Val L:0.3636 ABS:0.4074 RMSE:1.2392 d1:0.5171
  >> Best (score:0.9897 RMSE:1.2392 ABS:0.4074)
Epoch [17/60] L:0.2442 D:0.2409 F:0.0335 237s
Epoch [18/60] L:0.2359 D:0.2325 F:0.0334 208s
Epoch [19/60] L:0.2271 D:0.2238 F:0.0327 241s
Epoch [20/60] L:0.2178 D:0.2146 F:0.0322 213s
  Val L:0.3674 ABS:0.4144 RMSE:1.2518 d1:0.5275
Epoch [21/60] L:0.2090 D:0.2058 F:0.0322 235s
Epoch [22/60] L:0.2003 D:0.1972 F:0.0314 194s
Epoch [23/60] L:0.1910 D:0.1879 F:0.0311 182s
Epoch [24/60] L:0.1821 D:0.1790 F:0.0311 213s
  Val L:0.3834 ABS:0.4339 RMSE:1.2690 d1:0.5228
Epoch [25/60] L:0.1716 D:0.1686 F:0.0304 210s
Epoch [26/60] L:0.1634 D:0.1604 F:0.0300 195s
Epoch [27/60] L:0.1561 D:0.1532 F:0.0297 214s
Epoch [28/60] L:0.1477 D:0.1448 F:0.0290 223s
  Val L:0.4012 ABS:0.4100 RMSE:1.2859 d1:0.5285
Epoch [29/60] L:0.1395 D:0.1367 F:0.0288 239s
Epoch [30/60] L:0.1334 D:0.1306 F:0.0282 260s
Epoch [31/60] L:0.1269 D:0.1241 F:0.0275 219s
Epoch [32/60] L:0.1208 D:0.1181 F:0.0274 260s
  Val L:0.4106 ABS:0.4366 RMSE:1.3081 d1:0.5302
Epoch [33/60] L:0.1158 D:0.1131 F:0.0268 254s
Epoch [34/60] L:0.1103 D:0.1077 F:0.0269 256s
Epoch [35/60] L:0.1055 D:0.1029 F:0.0264 250s
Epoch [36/60] L:0.1016 D:0.0989 F:0.0265 249s
  Val L:0.4078 ABS:0.4361 RMSE:1.3005 d1:0.5330
Epoch [37/60] L:0.0992 D:0.0965 F:0.0263 206s
Epoch [38/60] L:0.0928 D:0.0902 F:0.0260 245s
Epoch [39/60] L:0.0889 D:0.0863 F:0.0260 248s
Epoch [40/60] L:0.0872 D:0.0846 F:0.0257 230s
  Val L:0.4273 ABS:0.4323 RMSE:1.3381 d1:0.5244
Epoch [41/60] L:0.0843 D:0.0818 F:0.0257 276s
Epoch [42/60] L:0.0810 D:0.0785 F:0.0256 257s
Epoch [43/60] L:0.0791 D:0.0765 F:0.0252 244s
Epoch [44/60] L:0.0752 D:0.0727 F:0.0251 236s
  Val L:0.4211 ABS:0.4585 RMSE:1.3401 d1:0.5298
Epoch [45/60] L:0.0726 D:0.0701 F:0.0248 246s
Epoch [46/60] L:0.0708 D:0.0684 F:0.0246 247s
Epoch [47/60] L:0.0687 D:0.0662 F:0.0246 208s
Epoch [48/60] L:0.0674 D:0.0650 F:0.0243 247s
  Val L:0.4167 ABS:0.4467 RMSE:1.3320 d1:0.5382
Epoch [49/60] L:0.0657 D:0.0632 F:0.0242 253s
Epoch [50/60] L:0.0633 D:0.0609 F:0.0241 240s
Epoch [51/60] L:0.0609 D:0.0585 F:0.0240 250s
Epoch [52/60] L:0.0597 D:0.0573 F:0.0235 249s
  Val L:0.4282 ABS:0.4630 RMSE:1.3397 d1:0.5312
Epoch [53/60] L:0.0583 D:0.0559 F:0.0237 260s
Epoch [54/60] L:0.0580 D:0.0556 F:0.0233 243s
Epoch [55/60] L:0.0560 D:0.0537 F:0.0230 242s
Epoch [56/60] L:0.0537 D:0.0514 F:0.0227 255s
  Val L:0.4297 ABS:0.4644 RMSE:1.3459 d1:0.5280
Epoch [57/60] L:0.0533 D:0.0510 F:0.0226 180s
Epoch [58/60] L:0.0533 D:0.0511 F:0.0225 235s
Epoch [59/60] L:0.0627 D:0.0604 F:0.0236 333s
Epoch [60/60] L:0.0525 D:0.0503 F:0.0223 257s
  Val L:0.4268 ABS:0.4485 RMSE:1.3391 d1:0.5336

Done. Best score:0.9897 RMSE:1.2392 ABS:0.4074
