wandb: [wandb.login()] Loaded credentials for https://api.wandb.ai from WANDB_API_KEY.
wandb: Currently logged in as: branden to https://api.wandb.ai. Use `wandb login --relogin` to force relogin
wandb: setting up run dkb3tcx1
wandb: Tracking run with wandb version 0.25.1
wandb: Run data is saved locally in /root/storage/implementation/shared_audio/baseline/wandb/run-20260411_102759-dkb3tcx1
wandb: Run `wandb offline` to turn off syncing.
wandb: Syncing run unet_256_soundspaces_BS32_Lr0.0005_AdamW_exp108_foa_lr5e4_dw2.0_fw0.1_hw0.1
wandb: ⭐️ View project at https://wandb.ai/branden/neurips_audio_depth
wandb: 🚀 View run at https://wandb.ai/branden/neurips_audio_depth/runs/dkb3tcx1
============================================================
Model: audio_depth_foa  Dataset: soundspaces
BS: 32  LR: 0.0005  Opt: AdamW
============================================================
Loaded scene split from /root/storage/matterport3d_0303renew/scene_split.json
  train: 72, val: 9, test: 9
[train] 23560 samples from 72 scenes (filtered 5240 with >10% no-depth) [ambisonic=ON]
  Precomputed SH basis matrix: (131072, 4) (order=1)
Loaded scene split from /root/storage/matterport3d_0303renew/scene_split.json
  train: 72, val: 9, test: 9
[val] 2951 samples from 9 scenes (filtered 592 with >10% no-depth) [ambisonic=ON]
  Precomputed SH basis matrix: (131072, 4) (order=1)
Train: 23560, Val: 2951
Model: audio_depth_foa (55.0M params)
Epoch [1/40] L:0.5406 D:0.2483 F:0.0760 H:0.3641 KL:0.0000 182s
Epoch [2/40] L:0.4748 D:0.2176 F:0.0499 H:0.3467 KL:0.0000 257s
Epoch [3/40] L:0.4568 D:0.2081 F:0.0465 H:0.3600 KL:0.0000 309s
Epoch [4/40] L:0.4396 D:0.1993 F:0.0433 H:0.3660 KL:0.0000 402s
  Val L:0.5154 ABS:0.4810 RMSE:1.2830 d1:0.4739
  >> Best (score:1.0424 RMSE:1.2830 ABS:0.4810)
Epoch [5/40] L:0.4258 D:0.1925 F:0.0412 H:0.3670 KL:0.0000 462s
Epoch [6/40] L:0.4149 D:0.1876 F:0.0399 H:0.3576 KL:0.0000 480s
Epoch [7/40] L:0.4068 D:0.1840 F:0.0382 H:0.3502 KL:0.0000 332s
Epoch [8/40] L:0.3983 D:0.1798 F:0.0367 H:0.3497 KL:0.0000 428s
  Val L:0.4868 ABS:0.4046 RMSE:1.2718 d1:0.5061
  >> Best (score:1.0116 RMSE:1.2718 ABS:0.4046)
Epoch [9/40] L:0.3902 D:0.1759 F:0.0360 H:0.3485 KL:0.0000 502s
Epoch [10/40] L:0.3818 D:0.1723 F:0.0362 H:0.3353 KL:0.0000 520s
Epoch [11/40] L:0.3712 D:0.1683 F:0.0354 H:0.3119 KL:0.0000 443s
Epoch [12/40] L:0.3641 D:0.1649 F:0.0351 H:0.3085 KL:0.0000 363s
  Val L:0.4940 ABS:0.4309 RMSE:1.2582 d1:0.4910
  >> Best (score:1.0100 RMSE:1.2582 ABS:0.4309)
Epoch [13/40] L:0.3559 D:0.1609 F:0.0343 H:0.3062 KL:0.0000 365s
Epoch [14/40] L:0.3467 D:0.1565 F:0.0339 H:0.3045 KL:0.0000 389s
Epoch [15/40] L:0.3369 D:0.1516 F:0.0338 H:0.3022 KL:0.0000 493s
Epoch [16/40] L:0.3254 D:0.1460 F:0.0329 H:0.3000 KL:0.0000 534s
  Val L:0.4985 ABS:0.4552 RMSE:1.2468 d1:0.5137
  >> Best (score:1.0093 RMSE:1.2468 ABS:0.4552)
Epoch [17/40] L:0.3143 D:0.1407 F:0.0326 H:0.2971 KL:0.0000 326s
Epoch [18/40] L:0.3023 D:0.1348 F:0.0323 H:0.2943 KL:0.0000 310s
Epoch [19/40] L:0.2924 D:0.1300 F:0.0319 H:0.2920 KL:0.0000 250s
Epoch [20/40] L:0.2801 D:0.1240 F:0.0314 H:0.2891 KL:0.0000 247s
  Val L:0.5144 ABS:0.3927 RMSE:1.2748 d1:0.5139
Epoch [21/40] L:0.2686 D:0.1184 F:0.0312 H:0.2868 KL:0.0000 245s
Epoch [22/40] L:0.2574 D:0.1130 F:0.0314 H:0.2825 KL:0.0000 237s
Epoch [23/40] L:0.2482 D:0.1086 F:0.0308 H:0.2803 KL:0.0000 251s
Epoch [24/40] L:0.2368 D:0.1030 F:0.0309 H:0.2768 KL:0.0000 254s
  Val L:0.5101 ABS:0.4158 RMSE:1.2646 d1:0.5348
Epoch [25/40] L:0.2262 D:0.0979 F:0.0306 H:0.2734 KL:0.0000 234s
Epoch [26/40] L:0.2178 D:0.0939 F:0.0303 H:0.2712 KL:0.0000 254s
Epoch [27/40] L:0.2083 D:0.0892 F:0.0299 H:0.2683 KL:0.0000 231s
Epoch [28/40] L:0.1997 D:0.0851 F:0.0297 H:0.2654 KL:0.0000 238s
  Val L:0.5175 ABS:0.4185 RMSE:1.2674 d1:0.5321
Epoch [29/40] L:0.1925 D:0.0816 F:0.0294 H:0.2631 KL:0.0000 215s
Epoch [30/40] L:0.1856 D:0.0783 F:0.0292 H:0.2604 KL:0.0000 222s
Epoch [31/40] L:0.1788 D:0.0751 F:0.0288 H:0.2572 KL:0.0000 233s
Epoch [32/40] L:0.1733 D:0.0725 F:0.0287 H:0.2550 KL:0.0000 246s
  Val L:0.5303 ABS:0.4441 RMSE:1.2961 d1:0.5320
Epoch [33/40] L:0.1686 D:0.0701 F:0.0286 H:0.2548 KL:0.0000 234s
Epoch [34/40] L:0.1624 D:0.0671 F:0.0285 H:0.2522 KL:0.0000 236s
Epoch [35/40] L:0.1575 D:0.0648 F:0.0279 H:0.2510 KL:0.0000 224s
Epoch [36/40] L:0.1531 D:0.0627 F:0.0279 H:0.2491 KL:0.0000 232s
  Val L:0.5331 ABS:0.4344 RMSE:1.3037 d1:0.5272
Epoch [37/40] L:0.1497 D:0.0611 F:0.0278 H:0.2480 KL:0.0000 225s
Epoch [38/40] L:0.1450 D:0.0588 F:0.0276 H:0.2474 KL:0.0000 236s
Epoch [39/40] L:0.1418 D:0.0572 F:0.0274 H:0.2462 KL:0.0000 235s
Epoch [40/40] L:0.1382 D:0.0555 F:0.0271 H:0.2441 KL:0.0000 227s
wandb: updating run metadata
wandb: uploading output.log; uploading wandb-summary.json; uploading config.yaml
wandb: uploading summary, console lines 54-55
wandb: 
wandb: Run history:
wandb: best/abs_rel █▁▃▆
wandb:   best/epoch ▁▃▆█
wandb:    best/rmse █▆▃▁
wandb:   best/score █▁▁▁
wandb:        epoch ▁▁▁▂▂▂▂▂▂▃▃▃▃▃▄▄▄▄▄▄▅▅▅▅▅▅▆▆▆▆▆▇▇▇▇▇▇███
wandb:  train/depth █▇▇▆▆▆▆▆▅▅▅▅▅▅▄▄▄▄▄▃▃▃▃▃▃▂▂▂▂▂▂▂▂▁▁▁▁▁▁▁
wandb:    train/foa █▄▄▃▃▃▃▂▂▂▂▂▂▂▂▂▂▂▂▂▂▂▂▂▁▁▁▁▁▁▁▁▁▁▁▁▁▁▁▁
wandb:   train/hist █▇███▇▇▇▇▆▅▅▅▄▄▄▄▄▄▄▃▃▃▃▃▃▂▂▂▂▂▂▂▁▁▁▁▁▁▁
wandb:     train/kl ▁▁▁▁▁▁▁▁▁▁▁▁▁▁▁▁▁▁▁▁▁▁▁▁▁▁▁▁▁▁▁▁▁▁▁▁▁▁▁▁
wandb:   train/loss █▇▇▆▆▆▆▆▅▅▅▅▅▅▄▄▄▄▄▃▃▃▃▃▃▂▂▂▂▂▂▂▂▁▁▁▁▁▁▁
wandb:           +8 ...
wandb: 
wandb: Run summary:
wandb: best/abs_rel 0.4552
wandb:   best/epoch 16
wandb:    best/rmse 1.24683
wandb:   best/score 1.00934
wandb:        epoch 40
wandb:  train/depth 0.05553
wandb:    train/foa 0.02713
wandb:   train/hist 0.2441
wandb:     train/kl 0
wandb:   train/loss 0.13818
wandb:           +8 ...
wandb: 
wandb: 🚀 View run unet_256_soundspaces_BS32_Lr0.0005_AdamW_exp108_foa_lr5e4_dw2.0_fw0.1_hw0.1 at: https://wandb.ai/branden/neurips_audio_depth/runs/dkb3tcx1
wandb: ⭐️ View project at: https://wandb.ai/branden/neurips_audio_depth
wandb: Synced 5 W&B file(s), 0 media file(s), 0 artifact file(s) and 0 other file(s)
wandb: Find logs at: ./wandb/run-20260411_102759-dkb3tcx1/logs
  Val L:0.5409 ABS:0.4391 RMSE:1.3143 d1:0.5315

Done. Best score:1.0093 RMSE:1.2468 ABS:0.4552
