============================================================
Model: pretrained_vit_foa_v2  Dataset: soundspaces
BS: 16  LR: 0.0001  Opt: AdamW
============================================================
Loaded scene split from /root/storage/matterport3d_0303renew/scene_split.json
  train: 72, val: 9, test: 9
[train] 23560 samples (fast cache: samples_train_erp_8b3be925d3ae.json) [ambisonic=ON]
  Precomputed SH basis matrix: (131072, 4) (order=1)
Loaded scene split from /root/storage/matterport3d_0303renew/scene_split.json
  train: 72, val: 9, test: 9
[val] 2951 samples (fast cache: samples_val_erp_be0f29dd7abf.json) [ambisonic=ON]
  Precomputed SH basis matrix: (131072, 4) (order=1)
Train: 23560, Val: 2951
Model: pretrained_vit_foa_v2 (92.7M params)
Epoch [1/40] L:0.3149 D:0.2538 F:0.0501 H:0.5610 KL:0.0000 278s
Epoch [2/40] L:0.2755 D:0.2126 F:0.0404 H:0.5886 KL:0.0000 286s
Epoch [3/40] L:0.2633 D:0.1997 F:0.0385 H:0.5971 KL:0.0000 275s
Epoch [4/40] L:0.2549 D:0.1923 F:0.0379 H:0.5881 KL:0.0000 275s
  Val L:0.3019 ABS:0.4367 RMSE:1.3048 d1:0.4960
  >> Best (score:1.0444 RMSE:1.3048 ABS:0.4367)
Epoch [5/40] L:0.2499 D:0.1878 F:0.0384 H:0.5820 KL:0.0000 482s
Epoch [6/40] L:0.2451 D:0.1838 F:0.0388 H:0.5733 KL:0.0000 646s
Epoch [7/40] L:0.2409 D:0.1802 F:0.0391 H:0.5678 KL:0.0000 447s
Epoch [8/40] L:0.2371 D:0.1768 F:0.0389 H:0.5640 KL:0.0000 392s
  Val L:0.2839 ABS:0.4200 RMSE:1.2542 d1:0.5190
  >> Best (score:1.0039 RMSE:1.2542 ABS:0.4200)
Epoch [9/40] L:0.2341 D:0.1742 F:0.0389 H:0.5603 KL:0.0000 448s
Epoch [10/40] L:0.2307 D:0.1711 F:0.0385 H:0.5576 KL:0.0000 583s
Epoch [11/40] L:0.2273 D:0.1680 F:0.0378 H:0.5556 KL:0.0000 430s
Epoch [12/40] L:0.2243 D:0.1647 F:0.0381 H:0.5577 KL:0.0000 585s
  Val L:0.2865 ABS:0.4065 RMSE:1.2601 d1:0.5170
Epoch [13/40] L:0.2199 D:0.1606 F:0.0353 H:0.5575 KL:0.0000 649s
Epoch [14/40] L:0.2158 D:0.1571 F:0.0330 H:0.5534 KL:0.0000 520s
Epoch [15/40] L:0.2113 D:0.1533 F:0.0296 H:0.5508 KL:0.0000 613s
Epoch [16/40] L:0.2072 D:0.1493 F:0.0272 H:0.5511 KL:0.0000 495s
  Val L:0.2888 ABS:0.4101 RMSE:1.2589 d1:0.5262
Epoch [17/40] L:0.2040 D:0.1464 F:0.0249 H:0.5510 KL:0.0000 507s
Epoch [18/40] L:0.1996 D:0.1420 F:0.0235 H:0.5519 KL:0.0000 457s
Epoch [19/40] L:0.1954 D:0.1380 F:0.0228 H:0.5513 KL:0.0000 436s
Epoch [20/40] L:0.1908 D:0.1336 F:0.0220 H:0.5493 KL:0.0000 396s
  Val L:0.2955 ABS:0.4172 RMSE:1.2571 d1:0.5244
Epoch [21/40] L:0.1867 D:0.1296 F:0.0213 H:0.5491 KL:0.0000 405s
Epoch [22/40] L:0.1824 D:0.1254 F:0.0209 H:0.5492 KL:0.0000 489s
Epoch [23/40] L:0.1792 D:0.1223 F:0.0205 H:0.5488 KL:0.0000 481s
Epoch [24/40] L:0.1744 D:0.1176 F:0.0200 H:0.5483 KL:0.0000 400s
  Val L:0.2997 ABS:0.3888 RMSE:1.2838 d1:0.5316
Epoch [25/40] L:0.1700 D:0.1132 F:0.0195 H:0.5480 KL:0.0000 399s
Epoch [26/40] L:0.1661 D:0.1093 F:0.0192 H:0.5484 KL:0.0000 531s
Epoch [27/40] L:0.1634 D:0.1066 F:0.0189 H:0.5490 KL:0.0000 588s
Epoch [28/40] L:0.1593 D:0.1026 F:0.0185 H:0.5484 KL:0.0000 665s
  Val L:0.3059 ABS:0.4358 RMSE:1.2880 d1:0.5226
Epoch [29/40] L:0.1550 D:0.0984 F:0.0181 H:0.5480 KL:0.0000 474s
Epoch [30/40] L:0.1518 D:0.0952 F:0.0178 H:0.5478 KL:0.0000 333s
Epoch [31/40] L:0.1480 D:0.0915 F:0.0173 H:0.5475 KL:0.0000 337s
Epoch [32/40] L:0.1457 D:0.0892 F:0.0171 H:0.5476 KL:0.0000 441s
  Val L:0.3055 ABS:0.4291 RMSE:1.2864 d1:0.5336
Epoch [33/40] L:0.1417 D:0.0854 F:0.0166 H:0.5462 KL:0.0000 363s
Epoch [34/40] L:0.1392 D:0.0830 F:0.0164 H:0.5454 KL:0.0000 381s
Epoch [35/40] L:0.1370 D:0.0809 F:0.0159 H:0.5452 KL:0.0000 354s
Epoch [36/40] L:0.1336 D:0.0777 F:0.0156 H:0.5438 KL:0.0000 368s
  Val L:0.3110 ABS:0.4289 RMSE:1.2999 d1:0.5323
Epoch [37/40] L:0.1309 D:0.0751 F:0.0152 H:0.5427 KL:0.0000 482s
Epoch [38/40] L:0.1294 D:0.0736 F:0.0150 H:0.5424 KL:0.0000 414s
Epoch [39/40] L:0.1269 D:0.0713 F:0.0146 H:0.5415 KL:0.0000 397s
Epoch [40/40] L:0.1244 D:0.0690 F:0.0142 H:0.5396 KL:0.0000 437s
  Val L:0.3135 ABS:0.4351 RMSE:1.3035 d1:0.5372

Done. Best score:1.0039 RMSE:1.2542 ABS:0.4200
