============================================================
Model: pretrained_vit_foa_v2  Dataset: soundspaces
BS: 16  LR: 5e-05  Opt: AdamW
============================================================
Loaded scene split from /root/storage/matterport3d_0303renew/scene_split.json
  train: 72, val: 9, test: 9
[train] 23560 samples (fast cache: samples_train_erp_8b3be925d3ae.json) [ambisonic=ON]
  Precomputed SH basis matrix: (131072, 4) (order=1)
Loaded scene split from /root/storage/matterport3d_0303renew/scene_split.json
  train: 72, val: 9, test: 9
[val] 2951 samples (fast cache: samples_val_erp_be0f29dd7abf.json) [ambisonic=ON]
  Precomputed SH basis matrix: (131072, 4) (order=1)
Train: 23560, Val: 2951
Model: pretrained_vit_foa_v2 (92.7M params)
Epoch [1/40] L:0.4523 D:0.3104 F:0.0617 H:0.4524 KL:0.0000 292s
Epoch [2/40] L:0.3806 D:0.2386 F:0.0649 H:0.4518 KL:0.0000 290s
Epoch [3/40] L:0.3655 D:0.2290 F:0.0744 H:0.4302 KL:0.0000 330s
Epoch [4/40] L:0.3512 D:0.2265 F:0.0729 H:0.3914 KL:0.0000 639s
  Val L:0.4048 ABS:0.4626 RMSE:1.4444 d1:0.4264
  >> Best (score:1.1499 RMSE:1.4444 ABS:0.4626)
Epoch [5/40] L:0.3408 D:0.2246 F:0.0701 H:0.3639 KL:0.0000 526s
Epoch [6/40] L:0.3344 D:0.2223 F:0.0678 H:0.3508 KL:0.0000 393s
Epoch [7/40] L:0.3276 D:0.2189 F:0.0666 H:0.3400 KL:0.0000 437s
Epoch [8/40] L:0.3220 D:0.2164 F:0.0654 H:0.3300 KL:0.0000 494s
  Val L:0.3822 ABS:0.4352 RMSE:1.4087 d1:0.4555
  >> Best (score:1.1167 RMSE:1.4087 ABS:0.4352)
Epoch [9/40] L:0.3161 D:0.2131 F:0.0633 H:0.3222 KL:0.0000 481s
Epoch [10/40] L:0.3119 D:0.2107 F:0.0627 H:0.3165 KL:0.0000 537s
Epoch [11/40] L:0.3062 D:0.2076 F:0.0610 H:0.3084 KL:0.0000 695s
Epoch [12/40] L:0.3027 D:0.2052 F:0.0602 H:0.3048 KL:0.0000 543s
  Val L:0.3693 ABS:0.4426 RMSE:1.3820 d1:0.4588
  >> Best (score:1.1002 RMSE:1.3820 ABS:0.4426)
Epoch [13/40] L:0.2991 D:0.2016 F:0.0600 H:0.3049 KL:0.0000 594s
Epoch [14/40] L:0.2933 D:0.1981 F:0.0586 H:0.2980 KL:0.0000 524s
Epoch [15/40] L:0.2894 D:0.1952 F:0.0570 H:0.2950 KL:0.0000 507s
Epoch [16/40] L:0.2860 D:0.1928 F:0.0571 H:0.2916 KL:0.0000 517s
  Val L:0.3761 ABS:0.4338 RMSE:1.3967 d1:0.4604
Epoch [17/40] L:0.2826 D:0.1897 F:0.0570 H:0.2907 KL:0.0000 413s
Epoch [18/40] L:0.2790 D:0.1869 F:0.0569 H:0.2882 KL:0.0000 411s
Epoch [19/40] L:0.2747 D:0.1841 F:0.0551 H:0.2835 KL:0.0000 390s
Epoch [20/40] L:0.2707 D:0.1807 F:0.0540 H:0.2820 KL:0.0000 445s
  Val L:0.3757 ABS:0.4357 RMSE:1.3864 d1:0.4583
Epoch [21/40] L:0.2676 D:0.1777 F:0.0540 H:0.2818 KL:0.0000 502s
Epoch [22/40] L:0.2645 D:0.1760 F:0.0532 H:0.2775 KL:0.0000 401s
Epoch [23/40] L:0.2615 D:0.1737 F:0.0529 H:0.2749 KL:0.0000 391s
Epoch [24/40] L:0.2585 D:0.1713 F:0.0524 H:0.2734 KL:0.0000 480s
  Val L:0.3797 ABS:0.4297 RMSE:1.3809 d1:0.4638
  >> Best (score:1.0955 RMSE:1.3809 ABS:0.4297)
Epoch [25/40] L:0.2553 D:0.1684 F:0.0518 H:0.2725 KL:0.0000 538s
Epoch [26/40] L:0.2521 D:0.1656 F:0.0513 H:0.2715 KL:0.0000 698s
Epoch [27/40] L:0.2499 D:0.1636 F:0.0508 H:0.2707 KL:0.0000 506s
Epoch [28/40] L:0.2474 D:0.1618 F:0.0507 H:0.2685 KL:0.0000 395s
  Val L:0.3855 ABS:0.4308 RMSE:1.4039 d1:0.4592
Epoch [29/40] L:0.2449 D:0.1601 F:0.0501 H:0.2662 KL:0.0000 341s
Epoch [30/40] L:0.2426 D:0.1583 F:0.0497 H:0.2646 KL:0.0000 425s
Epoch [31/40] L:0.2401 D:0.1559 F:0.0495 H:0.2644 KL:0.0000 379s
Epoch [32/40] L:0.2380 D:0.1540 F:0.0491 H:0.2636 KL:0.0000 395s
  Val L:0.3828 ABS:0.4191 RMSE:1.3809 d1:0.4712
  >> Best (score:1.0923 RMSE:1.3809 ABS:0.4191)
Epoch [33/40] L:0.2359 D:0.1523 F:0.0484 H:0.2625 KL:0.0000 346s
Epoch [34/40] L:0.2347 D:0.1514 F:0.0483 H:0.2614 KL:0.0000 389s
Epoch [35/40] L:0.2313 D:0.1488 F:0.0478 H:0.2591 KL:0.0000 442s
Epoch [36/40] L:0.2300 D:0.1476 F:0.0477 H:0.2588 KL:0.0000 370s
  Val L:0.3812 ABS:0.4302 RMSE:1.3672 d1:0.4774
  >> Best (score:1.0861 RMSE:1.3672 ABS:0.4302)
Epoch [37/40] L:0.2284 D:0.1464 F:0.0473 H:0.2577 KL:0.0000 423s
Epoch [38/40] L:0.2271 D:0.1449 F:0.0471 H:0.2582 KL:0.0000 429s
Epoch [39/40] L:0.2250 D:0.1431 F:0.0463 H:0.2576 KL:0.0000 499s
Epoch [40/40] L:0.2232 D:0.1415 F:0.0463 H:0.2570 KL:0.0000 494s
  Val L:0.3815 ABS:0.4426 RMSE:1.3577 d1:0.4773
  >> Best (score:1.0832 RMSE:1.3577 ABS:0.4426)

Done. Best score:1.0832 RMSE:1.3577 ABS:0.4426
