============================================================
Model: foa_0415_v5  Dataset: soundspaces
BS: 32  LR: 0.0001  Opt: AdamW
============================================================
Loaded scene split from /root/storage/matterport3d_0303renew/scene_split.json
  train: 72, val: 9, test: 9
[train] 23560 samples (fast cache: samples_train_erp_8b3be925d3ae.json) [ambisonic=ON]
  Precomputed SH basis matrix: (131072, 4) (order=1)
Loaded scene split from /root/storage/matterport3d_0303renew/scene_split.json
  train: 72, val: 9, test: 9
[val] 2951 samples (fast cache: samples_val_erp_be0f29dd7abf.json) [ambisonic=ON]
  Precomputed SH basis matrix: (131072, 4) (order=1)
Train: 23560, Val: 2951
Model: foa_0415_v5 (54.7M params)
Epoch [1/60] L:0.4280 D:0.4232 F:0.0478 278s
Epoch [2/60] L:0.3581 D:0.3543 F:0.0374 334s
Epoch [3/60] L:0.3344 D:0.3310 F:0.0346 264s
Epoch [4/60] L:0.3193 D:0.3160 F:0.0324 215s
  Val L:0.3715 ABS:0.4173 RMSE:1.3148 d1:0.4757
  >> Best (score:1.0455 RMSE:1.3148 ABS:0.4173)
Epoch [5/60] L:0.3087 D:0.3056 F:0.0311 242s
Epoch [6/60] L:0.2992 D:0.2962 F:0.0299 237s
Epoch [7/60] L:0.2908 D:0.2879 F:0.0290 260s
Epoch [8/60] L:0.2838 D:0.2809 F:0.0282 235s
  Val L:0.3652 ABS:0.3825 RMSE:1.2991 d1:0.5071
  >> Best (score:1.0241 RMSE:1.2991 ABS:0.3825)
Epoch [9/60] L:0.2773 D:0.2746 F:0.0279 246s
Epoch [10/60] L:0.2680 D:0.2653 F:0.0275 233s
Epoch [11/60] L:0.2591 D:0.2564 F:0.0271 223s
Epoch [12/60] L:0.2498 D:0.2471 F:0.0267 234s
  Val L:0.3687 ABS:0.4513 RMSE:1.2330 d1:0.5182
  >> Best (score:0.9985 RMSE:1.2330 ABS:0.4513)
Epoch [13/60] L:0.2396 D:0.2370 F:0.0263 232s
Epoch [14/60] L:0.2291 D:0.2265 F:0.0259 239s
Epoch [15/60] L:0.2179 D:0.2153 F:0.0257 221s
Epoch [16/60] L:0.2084 D:0.2059 F:0.0253 199s
  Val L:0.3748 ABS:0.4021 RMSE:1.2533 d1:0.5248
  >> Best (score:0.9979 RMSE:1.2533 ABS:0.4021)
Epoch [17/60] L:0.1984 D:0.1959 F:0.0251 267s
Epoch [18/60] L:0.1889 D:0.1864 F:0.0249 247s
Epoch [19/60] L:0.1789 D:0.1764 F:0.0245 243s
Epoch [20/60] L:0.1713 D:0.1689 F:0.0245 256s
  Val L:0.3983 ABS:0.3991 RMSE:1.2808 d1:0.5263
Epoch [21/60] L:0.1612 D:0.1588 F:0.0240 242s
Epoch [22/60] L:0.1546 D:0.1522 F:0.0239 221s
Epoch [23/60] L:0.1469 D:0.1445 F:0.0238 234s
Epoch [24/60] L:0.1413 D:0.1389 F:0.0234 252s
  Val L:0.3881 ABS:0.4399 RMSE:1.2623 d1:0.5330
Epoch [25/60] L:0.1334 D:0.1311 F:0.0230 265s
Epoch [26/60] L:0.1283 D:0.1260 F:0.0229 237s
Epoch [27/60] L:0.1227 D:0.1204 F:0.0227 244s
Epoch [28/60] L:0.1184 D:0.1161 F:0.0226 253s
  Val L:0.3994 ABS:0.4375 RMSE:1.2904 d1:0.5233
Epoch [29/60] L:0.1143 D:0.1121 F:0.0224 248s
Epoch [30/60] L:0.1084 D:0.1062 F:0.0220 244s
Epoch [31/60] L:0.1044 D:0.1022 F:0.0219 250s
Epoch [32/60] L:0.1011 D:0.0990 F:0.0219 219s
  Val L:0.3980 ABS:0.4416 RMSE:1.2928 d1:0.5335
Epoch [33/60] L:0.0972 D:0.0951 F:0.0213 211s
Epoch [34/60] L:0.0941 D:0.0920 F:0.0213 212s
Epoch [35/60] L:0.0906 D:0.0885 F:0.0211 262s
Epoch [36/60] L:0.0872 D:0.0851 F:0.0210 250s
  Val L:0.4034 ABS:0.4275 RMSE:1.2975 d1:0.5349
Epoch [37/60] L:0.0844 D:0.0824 F:0.0205 254s
Epoch [38/60] L:0.0825 D:0.0805 F:0.0204 260s
Epoch [39/60] L:0.0802 D:0.0782 F:0.0204 262s
Epoch [40/60] L:0.0768 D:0.0748 F:0.0201 256s
  Val L:0.4081 ABS:0.4495 RMSE:1.3054 d1:0.5317
Epoch [41/60] L:0.0743 D:0.0723 F:0.0201 228s
Epoch [42/60] L:0.0726 D:0.0706 F:0.0197 210s
Epoch [43/60] L:0.0707 D:0.0687 F:0.0196 208s
Epoch [44/60] L:0.0684 D:0.0665 F:0.0193 174s
  Val L:0.4061 ABS:0.4350 RMSE:1.3067 d1:0.5334
Epoch [45/60] L:0.0665 D:0.0646 F:0.0193 192s
Epoch [46/60] L:0.0652 D:0.0634 F:0.0189 204s
Epoch [47/60] L:0.0632 D:0.0614 F:0.0189 185s
Epoch [48/60] L:0.0612 D:0.0593 F:0.0187 193s
  Val L:0.4094 ABS:0.4369 RMSE:1.3157 d1:0.5294
Epoch [49/60] L:0.0597 D:0.0578 F:0.0184 239s
Epoch [50/60] L:0.0585 D:0.0567 F:0.0183 188s
Epoch [51/60] L:0.0571 D:0.0552 F:0.0183 195s
Epoch [52/60] L:0.0557 D:0.0539 F:0.0180 199s
  Val L:0.4151 ABS:0.4403 RMSE:1.3234 d1:0.5286
Epoch [53/60] L:0.0546 D:0.0529 F:0.0177 1057s
Epoch [54/60] L:0.0530 D:0.0512 F:0.0176 484s
Epoch [55/60] L:0.0519 D:0.0502 F:0.0175 565s
Epoch [56/60] L:0.0514 D:0.0497 F:0.0172 786s
  Val L:0.4102 ABS:0.4514 RMSE:1.3222 d1:0.5327
Epoch [57/60] L:0.0498 D:0.0481 F:0.0170 940s
Epoch [58/60] L:0.0487 D:0.0470 F:0.0169 986s
Epoch [59/60] L:0.0477 D:0.0460 F:0.0167 993s
Epoch [60/60] L:0.0471 D:0.0455 F:0.0165 673s
  Val L:0.4088 ABS:0.4286 RMSE:1.3196 d1:0.5391

Done. Best score:0.9979 RMSE:1.2533 ABS:0.4021
