============================================================
Model: foa_0415_v5  Dataset: soundspaces
BS: 32  LR: 0.0005  Opt: AdamW
============================================================
Loaded scene split from /root/storage/matterport3d_0303renew/scene_split.json
  train: 72, val: 9, test: 9
[train] 23560 samples (fast cache: samples_train_erp_8b3be925d3ae.json) [ambisonic=ON]
  Precomputed SH basis matrix: (131072, 4) (order=1)
Loaded scene split from /root/storage/matterport3d_0303renew/scene_split.json
  train: 72, val: 9, test: 9
[val] 2951 samples (fast cache: samples_val_erp_be0f29dd7abf.json) [ambisonic=ON]
  Precomputed SH basis matrix: (131072, 4) (order=1)
Train: 23560, Val: 2951
Model: foa_0415_v5 (54.7M params)
Epoch [1/60] L:0.4477 D:0.4226 F:0.0502 309s
Epoch [2/60] L:0.3651 D:0.3469 F:0.0364 409s
Epoch [3/60] L:0.3464 D:0.3296 F:0.0337 291s
Epoch [4/60] L:0.3349 D:0.3190 F:0.0319 209s
  Val L:0.3956 ABS:0.4518 RMSE:1.2963 d1:0.4946
  >> Best (score:1.0430 RMSE:1.2963 ABS:0.4518)
Epoch [5/60] L:0.3262 D:0.3107 F:0.0310 204s
Epoch [6/60] L:0.3188 D:0.3036 F:0.0304 224s
Epoch [7/60] L:0.3108 D:0.2959 F:0.0296 199s
Epoch [8/60] L:0.3045 D:0.2899 F:0.0291 191s
  Val L:0.3678 ABS:0.4106 RMSE:1.2512 d1:0.5016
  >> Best (score:0.9990 RMSE:1.2512 ABS:0.4106)
Epoch [9/60] L:0.2987 D:0.2845 F:0.0284 234s
Epoch [10/60] L:0.2913 D:0.2775 F:0.0276 249s
Epoch [11/60] L:0.2857 D:0.2719 F:0.0276 223s
Epoch [12/60] L:0.2789 D:0.2656 F:0.0266 225s
  Val L:0.3686 ABS:0.4055 RMSE:1.2486 d1:0.5191
  >> Best (score:0.9957 RMSE:1.2486 ABS:0.4055)
Epoch [13/60] L:0.2719 D:0.2586 F:0.0266 239s
Epoch [14/60] L:0.2655 D:0.2523 F:0.0265 249s
Epoch [15/60] L:0.2571 D:0.2441 F:0.0260 235s
Epoch [16/60] L:0.2498 D:0.2369 F:0.0258 240s
  Val L:0.3697 ABS:0.4103 RMSE:1.2347 d1:0.5253
  >> Best (score:0.9874 RMSE:1.2347 ABS:0.4103)
Epoch [17/60] L:0.2403 D:0.2277 F:0.0252 229s
Epoch [18/60] L:0.2328 D:0.2202 F:0.0252 229s
Epoch [19/60] L:0.2254 D:0.2128 F:0.0251 233s
Epoch [20/60] L:0.2162 D:0.2038 F:0.0247 236s
  Val L:0.3868 ABS:0.4245 RMSE:1.2477 d1:0.5218
Epoch [21/60] L:0.2069 D:0.1948 F:0.0242 230s
Epoch [22/60] L:0.1988 D:0.1868 F:0.0239 221s
Epoch [23/60] L:0.1904 D:0.1785 F:0.0238 234s
Epoch [24/60] L:0.1815 D:0.1698 F:0.0235 220s
  Val L:0.3953 ABS:0.4094 RMSE:1.2621 d1:0.5330
Epoch [25/60] L:0.1726 D:0.1610 F:0.0233 232s
Epoch [26/60] L:0.1657 D:0.1543 F:0.0228 220s
Epoch [27/60] L:0.1593 D:0.1477 F:0.0231 228s
Epoch [28/60] L:0.1520 D:0.1407 F:0.0225 239s
  Val L:0.4037 ABS:0.4081 RMSE:1.2753 d1:0.5358
Epoch [29/60] L:0.1443 D:0.1333 F:0.0219 205s
Epoch [30/60] L:0.1394 D:0.1285 F:0.0218 215s
Epoch [31/60] L:0.1325 D:0.1218 F:0.0214 205s
Epoch [32/60] L:0.1272 D:0.1166 F:0.0213 231s
  Val L:0.4131 ABS:0.4392 RMSE:1.2902 d1:0.5309
Epoch [33/60] L:0.1221 D:0.1117 F:0.0208 210s
Epoch [34/60] L:0.1175 D:0.1072 F:0.0206 245s
Epoch [35/60] L:0.1119 D:0.1017 F:0.0203 236s
Epoch [36/60] L:0.1082 D:0.0980 F:0.0204 256s
  Val L:0.4271 ABS:0.4311 RMSE:1.3153 d1:0.5256
Epoch [37/60] L:0.1051 D:0.0953 F:0.0197 245s
Epoch [38/60] L:0.1028 D:0.0930 F:0.0196 194s
Epoch [39/60] L:0.0975 D:0.0878 F:0.0194 232s
Epoch [40/60] L:0.0937 D:0.0843 F:0.0188 239s
  Val L:0.4236 ABS:0.4480 RMSE:1.3247 d1:0.5337
Epoch [41/60] L:0.0915 D:0.0821 F:0.0189 286s
Epoch [42/60] L:0.0880 D:0.0788 F:0.0184 262s
Epoch [43/60] L:0.0852 D:0.0762 F:0.0180 203s
Epoch [44/60] L:0.0836 D:0.0746 F:0.0179 245s
  Val L:0.4276 ABS:0.4403 RMSE:1.3340 d1:0.5299
Epoch [45/60] L:0.0799 D:0.0711 F:0.0176 246s
Epoch [46/60] L:0.0773 D:0.0688 F:0.0170 242s
Epoch [47/60] L:0.0749 D:0.0664 F:0.0171 258s
Epoch [48/60] L:0.0751 D:0.0666 F:0.0169 261s
  Val L:0.4219 ABS:0.4393 RMSE:1.3291 d1:0.5267
Epoch [49/60] L:0.0716 D:0.0634 F:0.0163 229s
Epoch [50/60] L:0.0688 D:0.0608 F:0.0160 233s
Epoch [51/60] L:0.0671 D:0.0591 F:0.0159 247s
Epoch [52/60] L:0.0654 D:0.0576 F:0.0156 230s
  Val L:0.4252 ABS:0.4413 RMSE:1.3342 d1:0.5388
Epoch [53/60] L:0.0638 D:0.0562 F:0.0152 245s
Epoch [54/60] L:0.0622 D:0.0546 F:0.0151 224s
Epoch [55/60] L:0.0620 D:0.0545 F:0.0149 227s
Epoch [56/60] L:0.0606 D:0.0533 F:0.0146 215s
  Val L:0.4203 ABS:0.4287 RMSE:1.3273 d1:0.5356
Epoch [57/60] L:0.0580 D:0.0508 F:0.0143 237s
Epoch [58/60] L:0.0556 D:0.0486 F:0.0140 216s
Epoch [59/60] L:0.0543 D:0.0475 F:0.0135 274s
Epoch [60/60] L:0.0540 D:0.0472 F:0.0137 223s
  Val L:0.4295 ABS:0.4419 RMSE:1.3350 d1:0.5312

Done. Best score:0.9874 RMSE:1.2347 ABS:0.4103
