/opt/conda/lib/python3.11/site-packages/timm/models/layers/__init__.py:49: FutureWarning: Importing from timm.models.layers is deprecated, please import via timm.layers
  warnings.warn(f"Importing from {__name__} is deprecated, please import via timm.layers", FutureWarning)
============================================================
Model: foa_oracle  Dataset: soundspaces
BS: 128  LR: 0.001  Opt: AdamW
============================================================
Loaded scene split from /root/storage/matterport3d_0303renew/scene_split.json
  train: 72, val: 9, test: 9
[train] 23560 samples (fast cache: samples_train_erp_8b3be925d3ae.json) [ambisonic=ON]
  Precomputed SH basis matrix: (131072, 4) (order=1)
Loaded scene split from /root/storage/matterport3d_0303renew/scene_split.json
  train: 72, val: 9, test: 9
[val] 2951 samples (fast cache: samples_val_erp_be0f29dd7abf.json) [ambisonic=ON]
  Precomputed SH basis matrix: (131072, 4) (order=1)
Train: 23560, Val: 2951
Model: foa_oracle (54.5M params)
Epoch [1/60] L:0.5646 D:0.5401 F:0.0815 178s
Epoch [2/60] L:0.4510 D:0.4364 F:0.0489 131s
Epoch [3/60] L:0.4418 D:0.4280 F:0.0462 125s
Epoch [4/60] L:0.4342 D:0.4211 F:0.0434 124s
  Val L:0.4935 ABS:0.4942 RMSE:1.4807 d1:0.4453
  >> Best (score:1.1847 RMSE:1.4807 ABS:0.4942)
Epoch [5/60] L:0.4284 D:0.4153 F:0.0436 136s
Epoch [6/60] L:0.4252 D:0.4122 F:0.0431 123s
Epoch [7/60] L:0.4203 D:0.4080 F:0.0410 125s
Epoch [8/60] L:0.4171 D:0.4048 F:0.0410 125s
  Val L:0.4826 ABS:0.4609 RMSE:1.4992 d1:0.4171
Epoch [9/60] L:0.4159 D:0.4038 F:0.0404 156s
Epoch [10/60] L:0.4130 D:0.4010 F:0.0399 127s
Epoch [11/60] L:0.4105 D:0.3986 F:0.0399 126s
Epoch [12/60] L:0.4086 D:0.3967 F:0.0398 121s
  Val L:0.4835 ABS:0.4543 RMSE:1.5042 d1:0.4234
Epoch [13/60] L:0.4048 D:0.3929 F:0.0398 129s
Epoch [14/60] L:0.4033 D:0.3916 F:0.0388 123s
Epoch [15/60] L:0.4013 D:0.3894 F:0.0396 123s
Epoch [16/60] L:0.3983 D:0.3865 F:0.0391 128s
  Val L:0.4726 ABS:0.4744 RMSE:1.4499 d1:0.4388
  >> Best (score:1.1573 RMSE:1.4499 ABS:0.4744)
Epoch [17/60] L:0.3968 D:0.3849 F:0.0397 133s
Epoch [18/60] L:0.3946 D:0.3826 F:0.0398 127s
Epoch [19/60] L:0.3916 D:0.3796 F:0.0398 125s
Epoch [20/60] L:0.3913 D:0.3795 F:0.0396 126s
  Val L:0.4662 ABS:0.5023 RMSE:1.4227 d1:0.4497
  >> Best (score:1.1466 RMSE:1.4227 ABS:0.5023)
Epoch [21/60] L:0.3948 D:0.3820 F:0.0426 137s
Epoch [22/60] L:0.3858 D:0.3738 F:0.0401 118s
Epoch [23/60] L:0.3814 D:0.3695 F:0.0396 120s
Epoch [24/60] L:0.3789 D:0.3671 F:0.0394 120s
  Val L:0.4863 ABS:0.4526 RMSE:1.4990 d1:0.4286
Epoch [25/60] L:0.3760 D:0.3639 F:0.0402 126s
Epoch [26/60] L:0.3716 D:0.3600 F:0.0389 129s
Epoch [27/60] L:0.3678 D:0.3562 F:0.0384 130s
Epoch [28/60] L:0.3625 D:0.3509 F:0.0387 128s
  Val L:0.4697 ABS:0.4884 RMSE:1.4256 d1:0.4508
  >> Best (score:1.1445 RMSE:1.4256 ABS:0.4884)
Epoch [29/60] L:0.3557 D:0.3440 F:0.0390 134s
Epoch [30/60] L:0.3526 D:0.3411 F:0.0381 128s
Epoch [31/60] L:0.3466 D:0.3353 F:0.0376 139s
Epoch [32/60] L:0.3392 D:0.3280 F:0.0373 127s
  Val L:0.4894 ABS:0.4854 RMSE:1.4563 d1:0.4346
Epoch [33/60] L:0.3365 D:0.3251 F:0.0380 292s
Epoch [34/60] L:0.3388 D:0.3271 F:0.0392 223s
Epoch [35/60] L:0.3242 D:0.3131 F:0.0371 128s
Epoch [36/60] L:0.3154 D:0.3041 F:0.0377 121s
  Val L:0.5052 ABS:0.4856 RMSE:1.4684 d1:0.4294
Epoch [37/60] L:0.3077 D:0.2964 F:0.0375 137s
Epoch [38/60] L:0.3006 D:0.2893 F:0.0377 126s
Epoch [39/60] L:0.2933 D:0.2819 F:0.0379 131s
Epoch [40/60] L:0.2880 D:0.2768 F:0.0373 134s
  Val L:0.5118 ABS:0.5030 RMSE:1.4631 d1:0.4322
Epoch [41/60] L:0.2829 D:0.2717 F:0.0372 168s
Epoch [42/60] L:0.2700 D:0.2591 F:0.0363 130s
Epoch [43/60] L:0.2658 D:0.2548 F:0.0366 124s
Epoch [44/60] L:0.2589 D:0.2478 F:0.0370 128s
  Val L:0.5436 ABS:0.5061 RMSE:1.4962 d1:0.4281
Epoch [45/60] L:0.2469 D:0.2359 F:0.0364 139s
Epoch [46/60] L:0.2437 D:0.2327 F:0.0368 131s
Epoch [47/60] L:0.2385 D:0.2276 F:0.0364 134s
Epoch [48/60] L:0.2333 D:0.2223 F:0.0366 128s
  Val L:0.5466 ABS:0.5437 RMSE:1.4783 d1:0.4345
Epoch [49/60] L:0.2258 D:0.2149 F:0.0362 154s
Epoch [50/60] L:0.2167 D:0.2057 F:0.0366 132s
Epoch [51/60] L:0.2098 D:0.1992 F:0.0354 134s
Epoch [52/60] L:0.2055 D:0.1945 F:0.0366 132s
  Val L:0.5863 ABS:0.5272 RMSE:1.5429 d1:0.4150
Epoch [53/60] L:0.2136 D:0.2031 F:0.0352 150s
Epoch [54/60] L:0.1965 D:0.1859 F:0.0355 134s
Epoch [55/60] L:0.1916 D:0.1810 F:0.0353 127s
Epoch [56/60] L:0.1871 D:0.1764 F:0.0356 122s
  Val L:0.5825 ABS:0.5735 RMSE:1.5183 d1:0.4245
Epoch [57/60] L:0.1852 D:0.1746 F:0.0354 137s
Epoch [58/60] L:0.1731 D:0.1624 F:0.0358 140s
Epoch [59/60] L:0.1678 D:0.1574 F:0.0346 139s
Epoch [60/60] L:0.1635 D:0.1529 F:0.0353 128s
  Val L:0.6032 ABS:0.5372 RMSE:1.5384 d1:0.4159

Done. Best score:1.1445 RMSE:1.4256 ABS:0.4884
