============================================================
Model: foa_0415_v4  Dataset: soundspaces
BS: 32  LR: 0.0001  Opt: AdamW
============================================================
Loaded scene split from /root/storage/matterport3d_0303renew/scene_split.json
  train: 72, val: 9, test: 9
[train] 23560 samples (fast cache: samples_train_erp_8b3be925d3ae.json) [ambisonic=ON]
  Precomputed SH basis matrix: (131072, 4) (order=1)
Loaded scene split from /root/storage/matterport3d_0303renew/scene_split.json
  train: 72, val: 9, test: 9
[val] 2951 samples (fast cache: samples_val_erp_be0f29dd7abf.json) [ambisonic=ON]
  Precomputed SH basis matrix: (131072, 4) (order=1)
Train: 23560, Val: 2951
Model: foa_0415_v4 (54.7M params)
Epoch [1/60] L:0.4132 D:0.4085 F:0.0476 229s
Epoch [2/60] L:0.3636 D:0.3598 F:0.0374 216s
Epoch [3/60] L:0.3412 D:0.3376 F:0.0354 217s
Epoch [4/60] L:0.3225 D:0.3191 F:0.0337 214s
  Val L:0.3966 ABS:0.4167 RMSE:1.3344 d1:0.4667
  >> Best (score:1.0591 RMSE:1.3344 ABS:0.4167)
Epoch [5/60] L:0.3125 D:0.3093 F:0.0317 236s
Epoch [6/60] L:0.3035 D:0.3004 F:0.0306 203s
Epoch [7/60] L:0.2949 D:0.2919 F:0.0295 216s
Epoch [8/60] L:0.2864 D:0.2835 F:0.0290 237s
  Val L:0.3763 ABS:0.3867 RMSE:1.3247 d1:0.4953
  >> Best (score:1.0433 RMSE:1.3247 ABS:0.3867)
Epoch [9/60] L:0.2781 D:0.2752 F:0.0283 230s
Epoch [10/60] L:0.2688 D:0.2660 F:0.0278 223s
Epoch [11/60] L:0.2584 D:0.2557 F:0.0277 234s
Epoch [12/60] L:0.2469 D:0.2442 F:0.0271 244s
  Val L:0.3709 ABS:0.4221 RMSE:1.2428 d1:0.5157
  >> Best (score:0.9966 RMSE:1.2428 ABS:0.4221)
Epoch [13/60] L:0.2348 D:0.2321 F:0.0265 255s
Epoch [14/60] L:0.2239 D:0.2212 F:0.0265 234s
Epoch [15/60] L:0.2120 D:0.2094 F:0.0261 215s
Epoch [16/60] L:0.2012 D:0.1987 F:0.0259 243s
  Val L:0.3663 ABS:0.4333 RMSE:1.2275 d1:0.5336
  >> Best (score:0.9892 RMSE:1.2275 ABS:0.4333)
Epoch [17/60] L:0.1911 D:0.1886 F:0.0255 267s
Epoch [18/60] L:0.1807 D:0.1782 F:0.0252 252s
Epoch [19/60] L:0.1709 D:0.1684 F:0.0251 254s
Epoch [20/60] L:0.1620 D:0.1595 F:0.0246 254s
  Val L:0.3832 ABS:0.4253 RMSE:1.2613 d1:0.5233
Epoch [21/60] L:0.1539 D:0.1514 F:0.0242 254s
Epoch [22/60] L:0.1470 D:0.1446 F:0.0241 265s
Epoch [23/60] L:0.1398 D:0.1374 F:0.0238 265s
Epoch [24/60] L:0.1337 D:0.1314 F:0.0234 255s
  Val L:0.3929 ABS:0.4395 RMSE:1.2810 d1:0.5260
Epoch [25/60] L:0.1277 D:0.1253 F:0.0231 225s
Epoch [26/60] L:0.1222 D:0.1199 F:0.0229 242s
Epoch [27/60] L:0.1174 D:0.1151 F:0.0229 249s
Epoch [28/60] L:0.1130 D:0.1108 F:0.0225 244s
  Val L:0.4012 ABS:0.4403 RMSE:1.2874 d1:0.5305
Epoch [29/60] L:0.1086 D:0.1064 F:0.0221 238s
Epoch [30/60] L:0.1046 D:0.1024 F:0.0220 265s
Epoch [31/60] L:0.1005 D:0.0983 F:0.0219 263s
Epoch [32/60] L:0.0969 D:0.0947 F:0.0215 248s
  Val L:0.4069 ABS:0.4434 RMSE:1.3070 d1:0.5277
Epoch [33/60] L:0.0936 D:0.0915 F:0.0215 233s
Epoch [34/60] L:0.0906 D:0.0884 F:0.0213 251s
Epoch [35/60] L:0.0877 D:0.0856 F:0.0210 257s
Epoch [36/60] L:0.0846 D:0.0825 F:0.0209 268s
  Val L:0.4130 ABS:0.4301 RMSE:1.3110 d1:0.5267
Epoch [37/60] L:0.0820 D:0.0799 F:0.0207 251s
Epoch [38/60] L:0.0789 D:0.0769 F:0.0203 239s
Epoch [39/60] L:0.0775 D:0.0755 F:0.0202 205s
Epoch [40/60] L:0.0757 D:0.0737 F:0.0201 236s
  Val L:0.4111 ABS:0.4490 RMSE:1.3119 d1:0.5316
Epoch [41/60] L:0.0723 D:0.0704 F:0.0196 225s
Epoch [42/60] L:0.0699 D:0.0679 F:0.0194 246s
Epoch [43/60] L:0.0688 D:0.0669 F:0.0192 204s
Epoch [44/60] L:0.0670 D:0.0651 F:0.0192 183s
  Val L:0.4157 ABS:0.4509 RMSE:1.3247 d1:0.5318
Epoch [45/60] L:0.0647 D:0.0628 F:0.0189 205s
Epoch [46/60] L:0.0630 D:0.0611 F:0.0186 224s
Epoch [47/60] L:0.0616 D:0.0598 F:0.0185 187s
Epoch [48/60] L:0.0600 D:0.0582 F:0.0184 328s
  Val L:0.4136 ABS:0.4544 RMSE:1.3191 d1:0.5352
Epoch [49/60] L:0.0589 D:0.0571 F:0.0181 924s
Epoch [50/60] L:0.0569 D:0.0551 F:0.0181 494s
Epoch [51/60] L:0.0559 D:0.0542 F:0.0178 512s
Epoch [52/60] L:0.0548 D:0.0531 F:0.0176 772s
  Val L:0.4124 ABS:0.4530 RMSE:1.3206 d1:0.5354
Epoch [53/60] L:0.0533 D:0.0515 F:0.0172 981s
Epoch [54/60] L:0.0522 D:0.0505 F:0.0171 968s
Epoch [55/60] L:0.0513 D:0.0497 F:0.0168 980s
Epoch [56/60] L:0.0498 D:0.0481 F:0.0166 678s
  Val L:0.4173 ABS:0.4495 RMSE:1.3190 d1:0.5346
Epoch [57/60] L:0.0485 D:0.0469 F:0.0165 573s
Epoch [58/60] L:0.0477 D:0.0461 F:0.0161 330s
Epoch [59/60] L:0.0472 D:0.0455 F:0.0161 457s
Epoch [60/60] L:0.0462 D:0.0446 F:0.0159 193s
  Val L:0.4108 ABS:0.4476 RMSE:1.3178 d1:0.5338

Done. Best score:0.9892 RMSE:1.2275 ABS:0.4333
