wandb: [wandb.login()] Loaded credentials for https://api.wandb.ai from /root/.netrc.
wandb: Currently logged in as: branden to https://api.wandb.ai. Use `wandb login --relogin` to force relogin
wandb: setting up run qw0o2xsj
wandb: Tracking run with wandb version 0.25.1
wandb: Run data is saved locally in /root/storage/implementation/shared_audio/baseline/wandb/run-20260409_082046-qw0o2xsj
wandb: Run `wandb offline` to turn off syncing.
wandb: Syncing run unet_256_soundspaces_BS32_Lr0.0001_AdamW_exp28_msattn_lr1e4_fw0.1
wandb: ⭐️ View project at https://wandb.ai/branden/neurips_audio_depth
wandb: 🚀 View run at https://wandb.ai/branden/neurips_audio_depth/runs/qw0o2xsj
============================================================
Model: foa_msattn  Dataset: soundspaces
BS: 32  LR: 0.0001  Opt: AdamW
============================================================
Loaded scene split from /root/storage/matterport3d_0303renew/scene_split.json
  train: 72, val: 9, test: 9
[train] 23560 samples from 72 scenes (filtered 5240 with >10% no-depth) [ambisonic=ON]
  Precomputed SH basis matrix: (131072, 4) (order=1)
Loaded scene split from /root/storage/matterport3d_0303renew/scene_split.json
  train: 72, val: 9, test: 9
[val] 2951 samples from 9 scenes (filtered 592 with >10% no-depth) [ambisonic=ON]
  Precomputed SH basis matrix: (131072, 4) (order=1)
Train: 23560, Val: 2951
Model: foa_msattn (57.2M params)
/opt/conda/lib/python3.9/site-packages/torch/nn/parallel/_functions.py:71: UserWarning: Was asked to gather along dimension 0, but all input tensors were scalars; will instead unsqueeze and return a vector.
  warnings.warn(
Epoch [1/40] L:0.2988 D:0.2513 F:0.0778 H:0.3974 KL:0.0022 138s
Epoch [2/40] L:0.2494 D:0.2102 F:0.0455 H:0.3461 KL:0.0010 139s
Epoch [3/40] L:0.2380 D:0.1987 F:0.0420 H:0.3510 KL:0.0008 139s
Epoch [4/40] L:0.2324 D:0.1932 F:0.0397 H:0.3522 KL:0.0007 140s
  Val L:0.2671 ABS:0.4306 RMSE:1.2754 d1:0.4921
  >> Best (score:1.0219 RMSE:1.2754 ABS:0.4306)
Epoch [5/40] L:0.2267 D:0.1877 F:0.0379 H:0.3524 KL:0.0006 145s
Epoch [6/40] L:0.2228 D:0.1837 F:0.0372 H:0.3532 KL:0.0007 144s
Epoch [7/40] L:0.2188 D:0.1799 F:0.0363 H:0.3529 KL:0.0006 142s
Epoch [8/40] L:0.2138 D:0.1749 F:0.0354 H:0.3532 KL:0.0007 141s
  Val L:0.2655 ABS:0.4489 RMSE:1.2611 d1:0.4856
  >> Best (score:1.0175 RMSE:1.2611 ABS:0.4489)
Epoch [9/40] L:0.2098 D:0.1710 F:0.0347 H:0.3531 KL:0.0006 143s
Epoch [10/40] L:0.2047 D:0.1659 F:0.0338 H:0.3539 KL:0.0006 144s
Epoch [11/40] L:0.1984 D:0.1597 F:0.0336 H:0.3536 KL:0.0006 147s
Epoch [12/40] L:0.1926 D:0.1541 F:0.0329 H:0.3516 KL:0.0005 145s
  Val L:0.2593 ABS:0.4307 RMSE:1.2235 d1:0.5249
  >> Best (score:0.9857 RMSE:1.2235 ABS:0.4307)
Epoch [13/40] L:0.1865 D:0.1483 F:0.0329 H:0.3496 KL:0.0006 144s
Epoch [14/40] L:0.1798 D:0.1421 F:0.0328 H:0.3443 KL:0.0006 144s
Epoch [15/40] L:0.1732 D:0.1358 F:0.0326 H:0.3411 KL:0.0006 143s
Epoch [16/40] L:0.1661 D:0.1295 F:0.0320 H:0.3340 KL:0.0005 144s
  Val L:0.2582 ABS:0.4368 RMSE:1.2196 d1:0.5312
  >> Best (score:0.9848 RMSE:1.2196 ABS:0.4368)
Epoch [17/40] L:0.1585 D:0.1228 F:0.0318 H:0.3251 KL:0.0006 145s
Epoch [18/40] L:0.1523 D:0.1171 F:0.0315 H:0.3203 KL:0.0006 143s
Epoch [19/40] L:0.1461 D:0.1114 F:0.0309 H:0.3159 KL:0.0006 145s
Epoch [20/40] L:0.1400 D:0.1058 F:0.0307 H:0.3111 KL:0.0006 144s
  Val L:0.2726 ABS:0.4268 RMSE:1.2592 d1:0.5225
Epoch [21/40] L:0.1339 D:0.1002 F:0.0305 H:0.3064 KL:0.0007 152s
Epoch [22/40] L:0.1285 D:0.0953 F:0.0301 H:0.3014 KL:0.0006 153s
Epoch [23/40] L:0.1234 D:0.0906 F:0.0302 H:0.2975 KL:0.0007 146s
Epoch [24/40] L:0.1193 D:0.0870 F:0.0296 H:0.2932 KL:0.0007 143s
  Val L:0.2774 ABS:0.4119 RMSE:1.2775 d1:0.5360
Epoch [25/40] L:0.1150 D:0.0831 F:0.0296 H:0.2893 KL:0.0007 144s
Epoch [26/40] L:0.1110 D:0.0794 F:0.0292 H:0.2867 KL:0.0007 141s
Epoch [27/40] L:0.1072 D:0.0761 F:0.0291 H:0.2821 KL:0.0008 143s
Epoch [28/40] L:0.1037 D:0.0729 F:0.0285 H:0.2793 KL:0.0007 146s
  Val L:0.2836 ABS:0.4229 RMSE:1.2920 d1:0.5339
Epoch [29/40] L:0.1015 D:0.0708 F:0.0286 H:0.2779 KL:0.0007 145s
Epoch [30/40] L:0.0983 D:0.0679 F:0.0285 H:0.2746 KL:0.0007 143s
Epoch [31/40] L:0.0958 D:0.0658 F:0.0281 H:0.2723 KL:0.0008 150s
Epoch [32/40] L:0.0930 D:0.0634 F:0.0280 H:0.2677 KL:0.0007 147s
  Val L:0.2850 ABS:0.4360 RMSE:1.2941 d1:0.5354
Epoch [33/40] L:0.0894 D:0.0609 F:0.0276 H:0.2576 KL:0.0007 145s
Epoch [34/40] L:0.0857 D:0.0581 F:0.0273 H:0.2485 KL:0.0007 142s
Epoch [35/40] L:0.0837 D:0.0566 F:0.0270 H:0.2438 KL:0.0006 145s
Epoch [36/40] L:0.0817 D:0.0549 F:0.0269 H:0.2414 KL:0.0005 145s
  Val L:0.2864 ABS:0.4265 RMSE:1.3005 d1:0.5341
Epoch [37/40] L:0.0798 D:0.0533 F:0.0266 H:0.2382 KL:0.0006 138s
Epoch [38/40] L:0.0782 D:0.0519 F:0.0262 H:0.2365 KL:0.0006 142s
Epoch [39/40] L:0.0763 D:0.0503 F:0.0260 H:0.2343 KL:0.0006 142s
Epoch [40/40] L:0.0743 D:0.0485 F:0.0258 H:0.2313 KL:0.0005 141s
wandb: updating run metadata
wandb: uploading config.yaml; uploading output.log; uploading wandb-summary.json
wandb: uploading history steps 39-39, summary, console lines 56-57
wandb: 
wandb: Run history:
wandb: best/abs_rel ▁█▁▃
wandb:   best/epoch ▁▃▆█
wandb:    best/rmse █▆▁▁
wandb:   best/score █▇▁▁
wandb:        epoch ▁▁▁▂▂▂▂▂▂▃▃▃▃▃▄▄▄▄▄▄▅▅▅▅▅▅▆▆▆▆▆▇▇▇▇▇▇███
wandb:  train/depth █▇▆▆▆▆▆▅▅▅▅▅▄▄▄▄▄▃▃▃▃▃▂▂▂▂▂▂▂▂▂▂▁▁▁▁▁▁▁▁
wandb:    train/foa █▄▃▃▃▃▂▂▂▂▂▂▂▂▂▂▂▂▂▂▂▂▂▂▂▁▁▁▁▁▁▁▁▁▁▁▁▁▁▁
wandb:   train/hist █▆▆▆▆▆▆▆▆▆▆▆▆▆▆▅▅▅▅▄▄▄▄▄▃▃▃▃▃▃▃▃▂▂▂▁▁▁▁▁
wandb:     train/kl █▃▂▂▁▂▁▂▁▁▁▁▁▁▁▁▁▁▁▂▂▁▂▂▂▂▂▂▂▂▂▂▂▂▁▁▁▁▁▁
wandb:   train/loss █▆▆▆▆▆▆▅▅▅▅▅▄▄▄▄▄▃▃▃▃▃▃▂▂▂▂▂▂▂▂▂▁▁▁▁▁▁▁▁
wandb:           +8 ...
wandb: 
wandb: Run summary:
wandb: best/abs_rel 0.43683
wandb:   best/epoch 16
wandb:    best/rmse 1.21962
wandb:   best/score 0.98478
wandb:        epoch 40
wandb:  train/depth 0.04854
wandb:    train/foa 0.02578
wandb:   train/hist 0.23134
wandb:     train/kl 0.00055
wandb:   train/loss 0.07426
wandb:           +8 ...
wandb: 
wandb: 🚀 View run unet_256_soundspaces_BS32_Lr0.0001_AdamW_exp28_msattn_lr1e4_fw0.1 at: https://wandb.ai/branden/neurips_audio_depth/runs/qw0o2xsj
wandb: ⭐️ View project at: https://wandb.ai/branden/neurips_audio_depth
wandb: Synced 5 W&B file(s), 0 media file(s), 0 artifact file(s) and 0 other file(s)
wandb: Find logs at: ./wandb/run-20260409_082046-qw0o2xsj/logs
  Val L:0.2841 ABS:0.4435 RMSE:1.2997 d1:0.5368

Done. Best score:0.9848 RMSE:1.2196 ABS:0.4368
