wandb: [wandb.login()] Loaded credentials for https://api.wandb.ai from /root/.netrc.
wandb: Currently logged in as: branden to https://api.wandb.ai. Use `wandb login --relogin` to force relogin
wandb: setting up run gh3jr0w0
wandb: Tracking run with wandb version 0.25.1
wandb: Run data is saved locally in /root/storage/implementation/shared_audio/baseline/wandb/run-20260408_175616-gh3jr0w0
wandb: Run `wandb offline` to turn off syncing.
wandb: Syncing run unet_256_soundspaces_BS32_Lr0.0005_AdamW_exp20_crossattn_lr5e4_fw0.2
wandb: ⭐️ View project at https://wandb.ai/branden/neurips_audio_depth
wandb: 🚀 View run at https://wandb.ai/branden/neurips_audio_depth/runs/gh3jr0w0
============================================================
Model: foa_crossattn  Dataset: soundspaces
BS: 32  LR: 0.0005  Opt: AdamW
============================================================
Loaded scene split from /root/storage/matterport3d_0303renew/scene_split.json
  train: 72, val: 9, test: 9
[train] 23560 samples from 72 scenes (filtered 5240 with >10% no-depth) [ambisonic=ON]
  Precomputed SH basis matrix: (131072, 4) (order=1)
Loaded scene split from /root/storage/matterport3d_0303renew/scene_split.json
  train: 72, val: 9, test: 9
[val] 2951 samples from 9 scenes (filtered 592 with >10% no-depth) [ambisonic=ON]
  Precomputed SH basis matrix: (131072, 4) (order=1)
Train: 23560, Val: 2951
Model: foa_crossattn (56.3M params)
/opt/conda/lib/python3.9/site-packages/torch/nn/parallel/_functions.py:71: UserWarning: Was asked to gather along dimension 0, but all input tensors were scalars; will instead unsqueeze and return a vector.
  warnings.warn(
Epoch [1/40] L:0.3306 D:0.2631 F:0.1228 H:0.3560 KL:0.7363 193s
Epoch [2/40] L:0.2696 D:0.2203 F:0.0644 H:0.3281 KL:0.3553 188s
Epoch [3/40] L:0.2546 D:0.2073 F:0.0547 H:0.3430 KL:0.2055 140s
Epoch [4/40] L:0.2447 D:0.1981 F:0.0491 H:0.3497 KL:0.1830 139s
  Val L:0.2954 ABS:0.4842 RMSE:1.2698 d1:0.4859
  >> Best (score:1.0341 RMSE:1.2698 ABS:0.4842)
Epoch [5/40] L:0.2389 D:0.1931 F:0.0457 H:0.3501 KL:0.1629 174s
Epoch [6/40] L:0.2346 D:0.1893 F:0.0429 H:0.3520 KL:0.1496 284s
Epoch [7/40] L:0.2309 D:0.1861 F:0.0408 H:0.3531 KL:0.1359 193s
Epoch [8/40] L:0.2267 D:0.1823 F:0.0388 H:0.3541 KL:0.1215 322s
  Val L:0.2726 ABS:0.4279 RMSE:1.2561 d1:0.5029
  >> Best (score:1.0077 RMSE:1.2561 ABS:0.4279)
Epoch [9/40] L:0.2221 D:0.1782 F:0.0365 H:0.3551 KL:0.1076 204s
Epoch [10/40] L:0.2188 D:0.1752 F:0.0351 H:0.3562 KL:0.1029 178s
Epoch [11/40] L:0.2154 D:0.1717 F:0.0343 H:0.3576 KL:0.1019 178s
Epoch [12/40] L:0.2115 D:0.1678 F:0.0332 H:0.3603 KL:0.1027 412s
  Val L:0.2701 ABS:0.3877 RMSE:1.2632 d1:0.5132
  >> Best (score:1.0005 RMSE:1.2632 ABS:0.3877)
Epoch [13/40] L:0.2083 D:0.1646 F:0.0322 H:0.3617 KL:0.1023 424s
Epoch [14/40] L:0.2039 D:0.1605 F:0.0314 H:0.3607 KL:0.1044 180s
Epoch [15/40] L:0.1980 D:0.1560 F:0.0312 H:0.3471 KL:0.1121 247s
Epoch [16/40] L:0.1932 D:0.1518 F:0.0306 H:0.3414 KL:0.1154 349s
  Val L:0.2645 ABS:0.4161 RMSE:1.2466 d1:0.5255
  >> Best (score:0.9975 RMSE:1.2466 ABS:0.4161)
Epoch [17/40] L:0.1885 D:0.1472 F:0.0303 H:0.3407 KL:0.1166 518s
Epoch [18/40] L:0.1837 D:0.1426 F:0.0298 H:0.3391 KL:0.1170 727s
Epoch [19/40] L:0.1784 D:0.1374 F:0.0295 H:0.3386 KL:0.1209 656s
Epoch [20/40] L:0.1731 D:0.1330 F:0.0295 H:0.3292 KL:0.1288 463s
  Val L:0.2743 ABS:0.4429 RMSE:1.2359 d1:0.5354
Epoch [21/40] L:0.1680 D:0.1289 F:0.0291 H:0.3198 KL:0.1344 332s
Epoch [22/40] L:0.1619 D:0.1232 F:0.0289 H:0.3148 KL:0.1380 235s
Epoch [23/40] L:0.1566 D:0.1184 F:0.0286 H:0.3101 KL:0.1408 438s
Epoch [24/40] L:0.1520 D:0.1140 F:0.0283 H:0.3082 KL:0.1442 266s
  Val L:0.2860 ABS:0.4525 RMSE:1.2724 d1:0.5174
Epoch [25/40] L:0.1472 D:0.1096 F:0.0282 H:0.3055 KL:0.1472 178s
Epoch [26/40] L:0.1428 D:0.1054 F:0.0280 H:0.3025 KL:0.1485 151s
Epoch [27/40] L:0.1373 D:0.1002 F:0.0280 H:0.3004 KL:0.1528 216s
Epoch [28/40] L:0.1332 D:0.0963 F:0.0275 H:0.2988 KL:0.1547 339s
  Val L:0.2836 ABS:0.4629 RMSE:1.2647 d1:0.5312
Epoch [29/40] L:0.1289 D:0.0924 F:0.0276 H:0.2941 KL:0.1576 546s
Epoch [30/40] L:0.1247 D:0.0886 F:0.0274 H:0.2910 KL:0.1605 190s
Epoch [31/40] L:0.1216 D:0.0855 F:0.0272 H:0.2898 KL:0.1617 186s
Epoch [32/40] L:0.1176 D:0.0818 F:0.0271 H:0.2870 KL:0.1641 186s
  Val L:0.2824 ABS:0.4195 RMSE:1.2778 d1:0.5396
Epoch [33/40] L:0.1141 D:0.0786 F:0.0270 H:0.2840 KL:0.1654 548s
Epoch [34/40] L:0.1108 D:0.0756 F:0.0268 H:0.2815 KL:0.1658 568s
Epoch [35/40] L:0.1075 D:0.0726 F:0.0267 H:0.2788 KL:0.1672 515s
Epoch [36/40] L:0.1052 D:0.0704 F:0.0266 H:0.2771 KL:0.1698 468s
  Val L:0.2895 ABS:0.4426 RMSE:1.2885 d1:0.5295
Epoch [37/40] L:0.1024 D:0.0680 F:0.0263 H:0.2741 KL:0.1700 185s
Epoch [38/40] L:0.0998 D:0.0656 F:0.0262 H:0.2719 KL:0.1710 347s
Epoch [39/40] L:0.0978 D:0.0639 F:0.0262 H:0.2686 KL:0.1716 748s
Epoch [40/40] L:0.0953 D:0.0616 F:0.0263 H:0.2674 KL:0.1691 1326s
wandb: updating run metadata
wandb: uploading output.log; uploading wandb-summary.json; uploading config.yaml
wandb: uploading summary, console lines 56-57
wandb: 
wandb: Run history:
wandb: best/abs_rel █▄▁▃
wandb:   best/epoch ▁▃▆█
wandb:    best/rmse █▄▆▁
wandb:   best/score █▃▂▁
wandb:        epoch ▁▁▁▂▂▂▂▂▂▃▃▃▃▃▄▄▄▄▄▄▅▅▅▅▅▅▆▆▆▆▆▇▇▇▇▇▇███
wandb:  train/depth █▇▆▆▆▅▅▅▅▅▅▅▅▄▄▄▄▄▄▃▃▃▃▃▃▃▂▂▂▂▂▂▂▁▁▁▁▁▁▁
wandb:    train/foa █▄▃▃▂▂▂▂▂▂▂▂▁▁▁▁▁▁▁▁▁▁▁▁▁▁▁▁▁▁▁▁▁▁▁▁▁▁▁▁
wandb:   train/hist █▆▇▇▇▇▇▇██████▇▆▆▆▆▆▅▅▄▄▄▄▃▃▃▃▃▂▂▂▂▂▁▁▁▁
wandb:     train/kl █▄▂▂▂▂▁▁▁▁▁▁▁▁▁▁▁▁▁▁▁▁▁▁▂▂▂▂▂▂▂▂▂▂▂▂▂▂▂▂
wandb:   train/loss █▆▆▅▅▅▅▅▅▅▅▄▄▄▄▄▄▄▃▃▃▃▃▃▃▂▂▂▂▂▂▂▂▁▁▁▁▁▁▁
wandb:           +8 ...
wandb: 
wandb: Run summary:
wandb: best/abs_rel 0.41615
wandb:   best/epoch 16
wandb:    best/rmse 1.24661
wandb:   best/score 0.99747
wandb:        epoch 40
wandb:  train/depth 0.06164
wandb:    train/foa 0.02626
wandb:   train/hist 0.26739
wandb:     train/kl 0.16909
wandb:   train/loss 0.09532
wandb:           +8 ...
wandb: 
wandb: 🚀 View run unet_256_soundspaces_BS32_Lr0.0005_AdamW_exp20_crossattn_lr5e4_fw0.2 at: https://wandb.ai/branden/neurips_audio_depth/runs/gh3jr0w0
wandb: ⭐️ View project at: https://wandb.ai/branden/neurips_audio_depth
wandb: Synced 5 W&B file(s), 0 media file(s), 0 artifact file(s) and 0 other file(s)
wandb: Find logs at: ./wandb/run-20260408_175616-gh3jr0w0/logs
  Val L:0.2869 ABS:0.4297 RMSE:1.2906 d1:0.5420

Done. Best score:0.9975 RMSE:1.2466 ABS:0.4161
