wandb: [wandb.login()] Loaded credentials for https://api.wandb.ai from /root/.netrc.
wandb: Currently logged in as: branden to https://api.wandb.ai. Use `wandb login --relogin` to force relogin
wandb: setting up run plrk42y9
wandb: Tracking run with wandb version 0.25.1
wandb: Run data is saved locally in /root/storage/implementation/shared_audio/baseline/wandb/run-20260409_082016-plrk42y9
wandb: Run `wandb offline` to turn off syncing.
wandb: Syncing run unet_256_soundspaces_BS32_Lr0.001_AdamW_exp34_channelattn_lr1e3_fw0.2
wandb: ⭐️ View project at https://wandb.ai/branden/neurips_audio_depth
wandb: 🚀 View run at https://wandb.ai/branden/neurips_audio_depth/runs/plrk42y9
============================================================
Model: foa_channelattn  Dataset: soundspaces
BS: 32  LR: 0.001  Opt: AdamW
============================================================
Loaded scene split from /root/storage/matterport3d_0303renew/scene_split.json
  train: 72, val: 9, test: 9
[train] 23560 samples from 72 scenes (filtered 5240 with >10% no-depth) [ambisonic=ON]
  Precomputed SH basis matrix: (131072, 4) (order=1)
Loaded scene split from /root/storage/matterport3d_0303renew/scene_split.json
  train: 72, val: 9, test: 9
[val] 2951 samples from 9 scenes (filtered 592 with >10% no-depth) [ambisonic=ON]
  Precomputed SH basis matrix: (131072, 4) (order=1)
Train: 23560, Val: 2951
Model: foa_channelattn (55.1M params)
/opt/conda/lib/python3.9/site-packages/torch/nn/parallel/_functions.py:71: UserWarning: Was asked to gather along dimension 0, but all input tensors were scalars; will instead unsqueeze and return a vector.
  warnings.warn(
Epoch [1/40] L:0.3069 D:0.2589 F:0.0701 H:0.3397 KL:0.0096 130s
Epoch [2/40] L:0.2653 D:0.2236 F:0.0491 H:0.3173 KL:0.0141 132s
Epoch [3/40] L:0.2571 D:0.2156 F:0.0446 H:0.3238 KL:0.0155 132s
Epoch [4/40] L:0.2510 D:0.2103 F:0.0407 H:0.3240 KL:0.0143 131s
  Val L:0.2896 ABS:0.4789 RMSE:1.3039 d1:0.4848
  >> Best (score:1.0564 RMSE:1.3039 ABS:0.4789)
Epoch [5/40] L:0.2454 D:0.2044 F:0.0394 H:0.3302 KL:0.0166 145s
Epoch [6/40] L:0.2377 D:0.1961 F:0.0377 H:0.3389 KL:0.0152 143s
Epoch [7/40] L:0.2329 D:0.1914 F:0.0358 H:0.3421 KL:0.0172 140s
Epoch [8/40] L:0.2282 D:0.1870 F:0.0346 H:0.3401 KL:0.0218 140s
  Val L:0.2658 ABS:0.4229 RMSE:1.2534 d1:0.5030
  >> Best (score:1.0043 RMSE:1.2534 ABS:0.4229)
Epoch [9/40] L:0.2225 D:0.1829 F:0.0339 H:0.3263 KL:0.0125 139s
Epoch [10/40] L:0.2176 D:0.1788 F:0.0334 H:0.3202 KL:0.0124 140s
Epoch [11/40] L:0.2131 D:0.1755 F:0.0327 H:0.3095 KL:0.0120 148s
Epoch [12/40] L:0.2080 D:0.1713 F:0.0320 H:0.3019 KL:0.0133 145s
  Val L:0.2601 ABS:0.4103 RMSE:1.2490 d1:0.5147
  >> Best (score:0.9974 RMSE:1.2490 ABS:0.4103)
Epoch [13/40] L:0.2033 D:0.1671 F:0.0317 H:0.2970 KL:0.0111 140s
Epoch [14/40] L:0.1993 D:0.1634 F:0.0309 H:0.2963 KL:0.0111 139s
Epoch [15/40] L:0.1950 D:0.1594 F:0.0310 H:0.2927 KL:0.0114 137s
Epoch [16/40] L:0.1899 D:0.1546 F:0.0304 H:0.2911 KL:0.0115 140s
  Val L:0.2592 ABS:0.4011 RMSE:1.2478 d1:0.5203
  >> Best (score:0.9938 RMSE:1.2478 ABS:0.4011)
Epoch [17/40] L:0.1851 D:0.1501 F:0.0300 H:0.2893 KL:0.0107 139s
Epoch [18/40] L:0.1794 D:0.1448 F:0.0296 H:0.2855 KL:0.0112 137s
Epoch [19/40] L:0.1746 D:0.1402 F:0.0293 H:0.2850 KL:0.0112 139s
Epoch [20/40] L:0.1687 D:0.1345 F:0.0289 H:0.2828 KL:0.0107 140s
  Val L:0.2620 ABS:0.4034 RMSE:1.2531 d1:0.5293
Epoch [21/40] L:0.1629 D:0.1290 F:0.0285 H:0.2803 KL:0.0100 142s
Epoch [22/40] L:0.1580 D:0.1243 F:0.0284 H:0.2793 KL:0.0105 148s
Epoch [23/40] L:0.1517 D:0.1183 F:0.0279 H:0.2767 KL:0.0100 142s
Epoch [24/40] L:0.1465 D:0.1134 F:0.0276 H:0.2750 KL:0.0096 138s
  Val L:0.2646 ABS:0.4263 RMSE:1.2456 d1:0.5280
Epoch [25/40] L:0.1409 D:0.1081 F:0.0275 H:0.2719 KL:0.0099 136s
Epoch [26/40] L:0.1351 D:0.1026 F:0.0270 H:0.2696 KL:0.0094 134s
Epoch [27/40] L:0.1300 D:0.0979 F:0.0265 H:0.2675 KL:0.0097 133s
Epoch [28/40] L:0.1252 D:0.0933 F:0.0266 H:0.2648 KL:0.0099 138s
  Val L:0.2740 ABS:0.4369 RMSE:1.2628 d1:0.5391
Epoch [29/40] L:0.1205 D:0.0889 F:0.0262 H:0.2623 KL:0.0095 139s
Epoch [30/40] L:0.1162 D:0.0850 F:0.0259 H:0.2595 KL:0.0095 135s
Epoch [31/40] L:0.1120 D:0.0808 F:0.0258 H:0.2588 KL:0.0089 141s
Epoch [32/40] L:0.1081 D:0.0774 F:0.0254 H:0.2554 KL:0.0092 147s
  Val L:0.2846 ABS:0.4402 RMSE:1.2970 d1:0.5241
Epoch [33/40] L:0.1044 D:0.0739 F:0.0252 H:0.2536 KL:0.0092 138s
Epoch [34/40] L:0.1019 D:0.0716 F:0.0248 H:0.2527 KL:0.0090 139s
Epoch [35/40] L:0.0989 D:0.0689 F:0.0247 H:0.2500 KL:0.0087 139s
Epoch [36/40] L:0.0957 D:0.0659 F:0.0245 H:0.2484 KL:0.0088 138s
  Val L:0.2872 ABS:0.4349 RMSE:1.3033 d1:0.5314
Epoch [37/40] L:0.0930 D:0.0633 F:0.0246 H:0.2473 KL:0.0087 137s
Epoch [38/40] L:0.0911 D:0.0616 F:0.0241 H:0.2461 KL:0.0085 136s
Epoch [39/40] L:0.0881 D:0.0591 F:0.0236 H:0.2427 KL:0.0085 131s
Epoch [40/40] L:0.0863 D:0.0572 F:0.0237 H:0.2429 KL:0.0085 134s
wandb: updating run metadata
wandb: uploading output.log; uploading wandb-summary.json; uploading config.yaml
wandb: uploading output.log; uploading wandb-summary.json; uploading config.yaml; uploading history steps 39-39, summary, console lines 55-57
wandb: uploading data
wandb: 
wandb: Run history:
wandb: best/abs_rel █▃▂▁
wandb:   best/epoch ▁▃▆█
wandb:    best/rmse █▂▁▁
wandb:   best/score █▂▁▁
wandb:        epoch ▁▁▁▂▂▂▂▂▂▃▃▃▃▃▄▄▄▄▄▄▅▅▅▅▅▅▆▆▆▆▆▇▇▇▇▇▇███
wandb:  train/depth █▇▆▆▆▆▆▆▅▅▅▅▅▅▅▄▄▄▄▄▃▃▃▃▃▃▂▂▂▂▂▂▂▂▁▁▁▁▁▁
wandb:    train/foa █▅▄▄▃▃▃▃▃▂▂▂▂▂▂▂▂▂▂▂▂▂▂▂▂▂▁▁▁▁▁▁▁▁▁▁▁▁▁▁
wandb:   train/hist █▆▇▇▇███▇▆▆▅▅▅▅▄▄▄▄▄▄▄▃▃▃▃▃▃▂▂▂▂▂▂▂▁▁▁▁▁
wandb:     train/kl ▂▄▅▄▅▅▆█▃▃▃▄▂▂▃▃▂▂▂▂▂▂▂▂▂▁▂▂▂▂▁▁▁▁▁▁▁▁▁▁
wandb:   train/loss █▇▆▆▆▆▆▆▅▅▅▅▅▅▄▄▄▄▄▄▃▃▃▃▃▃▂▂▂▂▂▂▂▁▁▁▁▁▁▁
wandb:           +8 ...
wandb: 
wandb: Run summary:
wandb: best/abs_rel 0.4011
wandb:   best/epoch 16
wandb:    best/rmse 1.24778
wandb:   best/score 0.99377
wandb:        epoch 40
wandb:  train/depth 0.05718
wandb:    train/foa 0.02365
wandb:   train/hist 0.24287
wandb:     train/kl 0.00852
wandb:   train/loss 0.08628
wandb:           +8 ...
wandb: 
wandb: 🚀 View run unet_256_soundspaces_BS32_Lr0.001_AdamW_exp34_channelattn_lr1e3_fw0.2 at: https://wandb.ai/branden/neurips_audio_depth/runs/plrk42y9
wandb: ⭐️ View project at: https://wandb.ai/branden/neurips_audio_depth
wandb: Synced 5 W&B file(s), 0 media file(s), 0 artifact file(s) and 0 other file(s)
wandb: Find logs at: ./wandb/run-20260409_082016-plrk42y9/logs
  Val L:0.2845 ABS:0.4383 RMSE:1.3090 d1:0.5402

Done. Best score:0.9938 RMSE:1.2478 ABS:0.4011
