wandb: [wandb.login()] Loaded credentials for https://api.wandb.ai from /root/.netrc.
wandb: Currently logged in as: branden to https://api.wandb.ai. Use `wandb login --relogin` to force relogin
wandb: setting up run oonv7sp1
wandb: Tracking run with wandb version 0.25.1
wandb: Run data is saved locally in /root/storage/implementation/shared_audio/baseline/wandb/run-20260409_034507-oonv7sp1
wandb: Run `wandb offline` to turn off syncing.
wandb: Syncing run unet_256_soundspaces_BS32_Lr0.0005_AdamW_exp30_msattn_lr5e4_fw0.2
wandb: ⭐️ View project at https://wandb.ai/branden/neurips_audio_depth
wandb: 🚀 View run at https://wandb.ai/branden/neurips_audio_depth/runs/oonv7sp1
============================================================
Model: foa_msattn  Dataset: soundspaces
BS: 32  LR: 0.0005  Opt: AdamW
============================================================
Loaded scene split from /root/storage/matterport3d_0303renew/scene_split.json
  train: 72, val: 9, test: 9
[train] 23560 samples from 72 scenes (filtered 5240 with >10% no-depth) [ambisonic=ON]
  Precomputed SH basis matrix: (131072, 4) (order=1)
Loaded scene split from /root/storage/matterport3d_0303renew/scene_split.json
  train: 72, val: 9, test: 9
[val] 2951 samples from 9 scenes (filtered 592 with >10% no-depth) [ambisonic=ON]
  Precomputed SH basis matrix: (131072, 4) (order=1)
Train: 23560, Val: 2951
Model: foa_msattn (57.2M params)
/opt/conda/lib/python3.9/site-packages/torch/nn/parallel/_functions.py:71: UserWarning: Was asked to gather along dimension 0, but all input tensors were scalars; will instead unsqueeze and return a vector.
  warnings.warn(
Epoch [1/40] L:0.3037 D:0.2543 F:0.0700 H:0.3535 KL:0.0057 218s
Epoch [2/40] L:0.2667 D:0.2251 F:0.0474 H:0.3208 KL:0.0027 193s
Epoch [3/40] L:0.2577 D:0.2161 F:0.0438 H:0.3288 KL:0.0018 213s
Epoch [4/40] L:0.2520 D:0.2110 F:0.0412 H:0.3276 KL:0.0017 211s
  Val L:0.2873 ABS:0.4821 RMSE:1.3047 d1:0.4611
  >> Best (score:1.0579 RMSE:1.3047 ABS:0.4821)
Epoch [5/40] L:0.2472 D:0.2060 F:0.0403 H:0.3312 KL:0.0010 349s
Epoch [6/40] L:0.2412 D:0.1995 F:0.0394 H:0.3376 KL:0.0012 320s
Epoch [7/40] L:0.2358 D:0.1938 F:0.0379 H:0.3437 KL:0.0012 691s
Epoch [8/40] L:0.2305 D:0.1883 F:0.0369 H:0.3480 KL:0.0010 443s
  Val L:0.2686 ABS:0.4283 RMSE:1.2678 d1:0.4969
  >> Best (score:1.0159 RMSE:1.2678 ABS:0.4283)
Epoch [9/40] L:0.2262 D:0.1841 F:0.0356 H:0.3491 KL:0.0007 316s
Epoch [10/40] L:0.2218 D:0.1800 F:0.0346 H:0.3478 KL:0.0008 204s
Epoch [11/40] L:0.2165 D:0.1763 F:0.0341 H:0.3338 KL:0.0009 156s
Epoch [12/40] L:0.2113 D:0.1718 F:0.0330 H:0.3293 KL:0.0011 150s
  Val L:0.2683 ABS:0.4026 RMSE:1.2770 d1:0.4950
  >> Best (score:1.0147 RMSE:1.2770 ABS:0.4026)
Epoch [13/40] L:0.2069 D:0.1677 F:0.0326 H:0.3275 KL:0.0010 180s
Epoch [14/40] L:0.2022 D:0.1630 F:0.0321 H:0.3270 KL:0.0009 140s
Epoch [15/40] L:0.1970 D:0.1582 F:0.0315 H:0.3242 KL:0.0007 138s
Epoch [16/40] L:0.1916 D:0.1539 F:0.0309 H:0.3158 KL:0.0009 148s
  Val L:0.2598 ABS:0.4033 RMSE:1.2494 d1:0.5242
  >> Best (score:0.9956 RMSE:1.2494 ABS:0.4033)
Epoch [17/40] L:0.1855 D:0.1485 F:0.0302 H:0.3102 KL:0.0008 419s
Epoch [18/40] L:0.1798 D:0.1436 F:0.0303 H:0.3013 KL:0.0008 312s
Epoch [19/40] L:0.1746 D:0.1390 F:0.0299 H:0.2958 KL:0.0008 221s
Epoch [20/40] L:0.1683 D:0.1331 F:0.0294 H:0.2924 KL:0.0007 245s
  Val L:0.2639 ABS:0.4346 RMSE:1.2426 d1:0.5301
Epoch [21/40] L:0.1628 D:0.1281 F:0.0290 H:0.2883 KL:0.0007 281s
Epoch [22/40] L:0.1575 D:0.1232 F:0.0287 H:0.2853 KL:0.0007 204s
Epoch [23/40] L:0.1513 D:0.1174 F:0.0283 H:0.2820 KL:0.0007 172s
Epoch [24/40] L:0.1467 D:0.1131 F:0.0278 H:0.2797 KL:0.0008 139s
  Val L:0.2750 ABS:0.4193 RMSE:1.2609 d1:0.5304
Epoch [25/40] L:0.1407 D:0.1075 F:0.0276 H:0.2770 KL:0.0006 134s
Epoch [26/40] L:0.1354 D:0.1024 F:0.0273 H:0.2756 KL:0.0008 130s
Epoch [27/40] L:0.1301 D:0.0975 F:0.0269 H:0.2728 KL:0.0006 147s
Epoch [28/40] L:0.1260 D:0.0935 F:0.0267 H:0.2710 KL:0.0006 153s
  Val L:0.2781 ABS:0.4178 RMSE:1.2746 d1:0.5284
Epoch [29/40] L:0.1219 D:0.0896 F:0.0264 H:0.2695 KL:0.0007 130s
Epoch [30/40] L:0.1172 D:0.0854 F:0.0261 H:0.2654 KL:0.0006 130s
Epoch [31/40] L:0.1136 D:0.0820 F:0.0258 H:0.2641 KL:0.0005 204s
Epoch [32/40] L:0.1101 D:0.0788 F:0.0257 H:0.2613 KL:0.0006 230s
  Val L:0.2868 ABS:0.4351 RMSE:1.2936 d1:0.5301
Epoch [33/40] L:0.1067 D:0.0757 F:0.0250 H:0.2594 KL:0.0005 159s
Epoch [34/40] L:0.1037 D:0.0730 F:0.0249 H:0.2574 KL:0.0006 178s
Epoch [35/40] L:0.1009 D:0.0705 F:0.0245 H:0.2555 KL:0.0006 284s
Epoch [36/40] L:0.0978 D:0.0678 F:0.0241 H:0.2521 KL:0.0006 279s
  Val L:0.2898 ABS:0.4561 RMSE:1.2908 d1:0.5274
Epoch [37/40] L:0.0953 D:0.0654 F:0.0240 H:0.2512 KL:0.0005 282s
Epoch [38/40] L:0.0926 D:0.0631 F:0.0238 H:0.2479 KL:0.0005 214s
Epoch [39/40] L:0.0907 D:0.0613 F:0.0234 H:0.2469 KL:0.0005 159s
Epoch [40/40] L:0.0885 D:0.0594 F:0.0231 H:0.2444 KL:0.0005 164s
wandb: updating run metadata
wandb: uploading output.log; uploading wandb-summary.json; uploading config.yaml
wandb: 
wandb: Run history:
wandb: best/abs_rel █▃▁▁
wandb:   best/epoch ▁▃▆█
wandb:    best/rmse █▃▄▁
wandb:   best/score █▃▃▁
wandb:        epoch ▁▁▁▂▂▂▂▂▂▃▃▃▃▃▄▄▄▄▄▄▅▅▅▅▅▅▆▆▆▆▆▇▇▇▇▇▇███
wandb:  train/depth █▇▇▆▆▆▆▆▅▅▅▅▅▅▅▄▄▄▄▄▃▃▃▃▃▃▂▂▂▂▂▂▂▁▁▁▁▁▁▁
wandb:    train/foa █▅▄▄▄▃▃▃▃▃▃▂▂▂▂▂▂▂▂▂▂▂▂▂▂▂▂▂▁▁▁▁▁▁▁▁▁▁▁▁
wandb:   train/hist █▆▆▆▇▇▇███▇▆▆▆▆▆▅▅▄▄▄▄▃▃▃▃▃▃▃▂▂▂▂▂▂▁▁▁▁▁
wandb:     train/kl █▄▃▃▂▂▂▂▁▁▂▂▂▂▁▂▁▁▁▁▁▁▁▁▁▁▁▁▁▁▁▁▁▁▁▁▁▁▁▁
wandb:   train/loss █▇▇▆▆▆▆▆▅▅▅▅▅▅▅▄▄▄▄▄▃▃▃▃▃▃▂▂▂▂▂▂▂▁▁▁▁▁▁▁
wandb:           +8 ...
wandb: 
wandb: Run summary:
wandb: best/abs_rel 0.40333
wandb:   best/epoch 16
wandb:    best/rmse 1.24937
wandb:   best/score 0.99556
wandb:        epoch 40
wandb:  train/depth 0.05943
wandb:    train/foa 0.02307
wandb:   train/hist 0.24437
wandb:     train/kl 0.00052
wandb:   train/loss 0.08849
wandb:           +8 ...
wandb: 
wandb: 🚀 View run unet_256_soundspaces_BS32_Lr0.0005_AdamW_exp30_msattn_lr5e4_fw0.2 at: https://wandb.ai/branden/neurips_audio_depth/runs/oonv7sp1
wandb: ⭐️ View project at: https://wandb.ai/branden/neurips_audio_depth
wandb: Synced 5 W&B file(s), 0 media file(s), 0 artifact file(s) and 0 other file(s)
wandb: Find logs at: ./wandb/run-20260409_034507-oonv7sp1/logs
  Val L:0.2919 ABS:0.4440 RMSE:1.3099 d1:0.5304

Done. Best score:0.9956 RMSE:1.2494 ABS:0.4033
