wandb: [wandb.login()] Loaded credentials for https://api.wandb.ai from /root/.netrc.
wandb: Currently logged in as: branden to https://api.wandb.ai. Use `wandb login --relogin` to force relogin
wandb: setting up run dayblnh2
wandb: Tracking run with wandb version 0.25.1
wandb: Run data is saved locally in /root/storage/implementation/shared_audio/baseline/wandb/run-20260408_111846-dayblnh2
wandb: Run `wandb offline` to turn off syncing.
wandb: Syncing run unet_256_soundspaces_BS32_Lr0.001_AdamW_exp41_foa_lr1e3_dw1.0_fw0.2_hw0.1
wandb: ⭐️ View project at https://wandb.ai/branden/neurips_audio_depth
wandb: 🚀 View run at https://wandb.ai/branden/neurips_audio_depth/runs/dayblnh2
============================================================
Model: audio_depth_foa  Dataset: soundspaces
BS: 32  LR: 0.001  Opt: AdamW
============================================================
Loaded scene split from /root/storage/matterport3d_0303renew/scene_split.json
  train: 72, val: 9, test: 9
[train] 23560 samples from 72 scenes (filtered 5240 with >10% no-depth) [ambisonic=ON]
  Precomputed SH basis matrix: (131072, 4) (order=1)
Loaded scene split from /root/storage/matterport3d_0303renew/scene_split.json
  train: 72, val: 9, test: 9
[val] 2951 samples from 9 scenes (filtered 592 with >10% no-depth) [ambisonic=ON]
  Precomputed SH basis matrix: (131072, 4) (order=1)
Train: 23560, Val: 2951
Model: audio_depth_foa (55.0M params)
Epoch [1/40] L:0.3053 D:0.2568 F:0.0684 H:0.3483 KL:0.0000 128s
Epoch [2/40] L:0.2677 D:0.2255 F:0.0486 H:0.3253 KL:0.0000 119s
Epoch [3/40] L:0.2579 D:0.2164 F:0.0436 H:0.3272 KL:0.0000 131s
Epoch [4/40] L:0.2528 D:0.2120 F:0.0407 H:0.3266 KL:0.0000 122s
  Val L:0.2864 ABS:0.4889 RMSE:1.3060 d1:0.4716
  >> Best (score:1.0609 RMSE:1.3060 ABS:0.4889)
Epoch [5/40] L:0.2480 D:0.2075 F:0.0386 H:0.3272 KL:0.0000 130s
Epoch [6/40] L:0.2419 D:0.2007 F:0.0380 H:0.3358 KL:0.0000 123s
Epoch [7/40] L:0.2348 D:0.1933 F:0.0359 H:0.3432 KL:0.0000 124s
Epoch [8/40] L:0.2293 D:0.1877 F:0.0347 H:0.3461 KL:0.0000 120s
  Val L:0.2685 ABS:0.4327 RMSE:1.2727 d1:0.5011
  >> Best (score:1.0207 RMSE:1.2727 ABS:0.4327)
Epoch [9/40] L:0.2246 D:0.1838 F:0.0339 H:0.3404 KL:0.0000 120s
Epoch [10/40] L:0.2193 D:0.1798 F:0.0337 H:0.3279 KL:0.0000 118s
Epoch [11/40] L:0.2146 D:0.1756 F:0.0326 H:0.3247 KL:0.0000 125s
Epoch [12/40] L:0.2107 D:0.1720 F:0.0323 H:0.3223 KL:0.0000 122s
  Val L:0.2599 ABS:0.4228 RMSE:1.2501 d1:0.5053
  >> Best (score:1.0019 RMSE:1.2501 ABS:0.4228)
Epoch [13/40] L:0.2058 D:0.1679 F:0.0315 H:0.3158 KL:0.0000 119s
Epoch [14/40] L:0.1999 D:0.1633 F:0.0311 H:0.3030 KL:0.0000 122s
Epoch [15/40] L:0.1949 D:0.1588 F:0.0306 H:0.2995 KL:0.0000 118s
Epoch [16/40] L:0.1897 D:0.1541 F:0.0304 H:0.2951 KL:0.0000 119s
  Val L:0.2567 ABS:0.4037 RMSE:1.2362 d1:0.5216
  >> Best (score:0.9865 RMSE:1.2362 ABS:0.4037)
Epoch [17/40] L:0.1849 D:0.1497 F:0.0301 H:0.2918 KL:0.0000 119s
Epoch [18/40] L:0.1793 D:0.1444 F:0.0296 H:0.2892 KL:0.0000 121s
Epoch [19/40] L:0.1730 D:0.1385 F:0.0291 H:0.2862 KL:0.0000 127s
Epoch [20/40] L:0.1682 D:0.1341 F:0.0285 H:0.2840 KL:0.0000 136s
  Val L:0.2684 ABS:0.4319 RMSE:1.2496 d1:0.5139
Epoch [21/40] L:0.1620 D:0.1280 F:0.0285 H:0.2826 KL:0.0000 153s
Epoch [22/40] L:0.1568 D:0.1232 F:0.0280 H:0.2805 KL:0.0000 143s
Epoch [23/40] L:0.1502 D:0.1168 F:0.0280 H:0.2784 KL:0.0000 140s
Epoch [24/40] L:0.1444 D:0.1113 F:0.0275 H:0.2759 KL:0.0000 143s
  Val L:0.2693 ABS:0.4097 RMSE:1.2544 d1:0.5253
Epoch [25/40] L:0.1387 D:0.1060 F:0.0272 H:0.2730 KL:0.0000 398s
Epoch [26/40] L:0.1333 D:0.1007 F:0.0271 H:0.2721 KL:0.0000 185s
Epoch [27/40] L:0.1277 D:0.0956 F:0.0266 H:0.2679 KL:0.0000 144s
Epoch [28/40] L:0.1232 D:0.0913 F:0.0266 H:0.2659 KL:0.0000 151s
  Val L:0.2771 ABS:0.4351 RMSE:1.2722 d1:0.5315
Epoch [29/40] L:0.1185 D:0.0871 F:0.0261 H:0.2620 KL:0.0000 181s
Epoch [30/40] L:0.1140 D:0.0829 F:0.0258 H:0.2598 KL:0.0000 177s
Epoch [31/40] L:0.1098 D:0.0789 F:0.0254 H:0.2573 KL:0.0000 180s
Epoch [32/40] L:0.1069 D:0.0763 F:0.0251 H:0.2556 KL:0.0000 234s
  Val L:0.2828 ABS:0.4512 RMSE:1.2809 d1:0.5299
Epoch [33/40] L:0.1031 D:0.0729 F:0.0251 H:0.2517 KL:0.0000 221s
Epoch [34/40] L:0.1000 D:0.0700 F:0.0245 H:0.2516 KL:0.0000 207s
Epoch [35/40] L:0.0970 D:0.0673 F:0.0243 H:0.2483 KL:0.0000 157s
Epoch [36/40] L:0.0949 D:0.0653 F:0.0240 H:0.2477 KL:0.0000 136s
  Val L:0.2857 ABS:0.4578 RMSE:1.2958 d1:0.5286
Epoch [37/40] L:0.0922 D:0.0629 F:0.0239 H:0.2453 KL:0.0000 146s
Epoch [38/40] L:0.0895 D:0.0603 F:0.0235 H:0.2443 KL:0.0000 138s
Epoch [39/40] L:0.0871 D:0.0583 F:0.0233 H:0.2417 KL:0.0000 136s
Epoch [40/40] L:0.0855 D:0.0568 F:0.0228 H:0.2413 KL:0.0000 123s
wandb: updating run metadata
wandb: uploading output.log; uploading wandb-summary.json; uploading config.yaml
wandb: 
wandb: Run history:
wandb: best/abs_rel █▃▃▁
wandb:   best/epoch ▁▃▆█
wandb:    best/rmse █▅▂▁
wandb:   best/score █▄▂▁
wandb:        epoch ▁▁▁▂▂▂▂▂▂▃▃▃▃▃▄▄▄▄▄▄▅▅▅▅▅▅▆▆▆▆▆▇▇▇▇▇▇███
wandb:  train/depth █▇▇▆▆▆▆▆▅▅▅▅▅▅▅▄▄▄▄▄▃▃▃▃▃▃▂▂▂▂▂▂▂▁▁▁▁▁▁▁
wandb:    train/foa █▅▄▄▃▃▃▃▃▃▃▂▂▂▂▂▂▂▂▂▂▂▂▂▂▂▂▂▂▁▁▁▁▁▁▁▁▁▁▁
wandb:   train/hist █▆▇▇▇▇██▇▇▆▆▆▅▅▅▄▄▄▄▄▄▃▃▃▃▃▃▂▂▂▂▂▂▁▁▁▁▁▁
wandb:     train/kl ▁▁▁▁▁▁▁▁▁▁▁▁▁▁▁▁▁▁▁▁▁▁▁▁▁▁▁▁▁▁▁▁▁▁▁▁▁▁▁▁
wandb:   train/loss █▇▆▆▆▆▆▆▅▅▅▅▅▅▄▄▄▄▄▄▃▃▃▃▃▃▂▂▂▂▂▂▂▁▁▁▁▁▁▁
wandb:           +8 ...
wandb: 
wandb: Run summary:
wandb: best/abs_rel 0.40374
wandb:   best/epoch 16
wandb:    best/rmse 1.23624
wandb:   best/score 0.98649
wandb:        epoch 40
wandb:  train/depth 0.05683
wandb:    train/foa 0.0228
wandb:   train/hist 0.24126
wandb:     train/kl 0
wandb:   train/loss 0.08552
wandb:           +8 ...
wandb: 
wandb: 🚀 View run unet_256_soundspaces_BS32_Lr0.001_AdamW_exp41_foa_lr1e3_dw1.0_fw0.2_hw0.1 at: https://wandb.ai/branden/neurips_audio_depth/runs/dayblnh2
wandb: ⭐️ View project at: https://wandb.ai/branden/neurips_audio_depth
wandb: Synced 5 W&B file(s), 0 media file(s), 0 artifact file(s) and 0 other file(s)
wandb: Find logs at: ./wandb/run-20260408_111846-dayblnh2/logs
  Val L:0.2852 ABS:0.4664 RMSE:1.2948 d1:0.5315

Done. Best score:0.9865 RMSE:1.2362 ABS:0.4037
