wandb: [wandb.login()] Loaded credentials for https://api.wandb.ai from /root/.netrc.
wandb: Currently logged in as: branden to https://api.wandb.ai. Use `wandb login --relogin` to force relogin
wandb: setting up run yupapavp
wandb: Tracking run with wandb version 0.25.1
wandb: Run data is saved locally in /root/storage/implementation/shared_audio/baseline/wandb/run-20260410_173321-yupapavp
wandb: Run `wandb offline` to turn off syncing.
wandb: Syncing run unet_256_soundspaces_BS32_Lr0.0005_AdamW_exp57_foav2_lr5e4_dw1.0_fw0.1_hw0.1
wandb: ⭐️ View project at https://wandb.ai/branden/neurips_audio_depth
wandb: 🚀 View run at https://wandb.ai/branden/neurips_audio_depth/runs/yupapavp
============================================================
Model: foa_v2  Dataset: soundspaces
BS: 32  LR: 0.0005  Opt: AdamW
============================================================
Loaded scene split from /root/storage/matterport3d_0303renew/scene_split.json
  train: 72, val: 9, test: 9
[train] 23560 samples from 72 scenes (filtered 5240 with >10% no-depth) [ambisonic=ON]
  Precomputed SH basis matrix: (131072, 4) (order=1)
Loaded scene split from /root/storage/matterport3d_0303renew/scene_split.json
  train: 72, val: 9, test: 9
[val] 2951 samples from 9 scenes (filtered 592 with >10% no-depth) [ambisonic=ON]
  Precomputed SH basis matrix: (131072, 4) (order=1)
Train: 23560, Val: 2951
Model: foa_v2 (55.1M params)
/opt/conda/lib/python3.9/site-packages/torch/nn/parallel/_functions.py:71: UserWarning: Was asked to gather along dimension 0, but all input tensors were scalars; will instead unsqueeze and return a vector.
  warnings.warn(
Epoch [1/40] L:0.3097 D:0.2525 F:0.0754 H:0.3288 KL:0.0000 CON:0.3354 385s
Epoch [2/40] L:0.2683 D:0.2272 F:0.0517 H:0.3026 KL:0.0000 CON:0.1122 372s
Epoch [3/40] L:0.2586 D:0.2182 F:0.0474 H:0.3133 KL:0.0000 CON:0.0873 389s
Epoch [4/40] L:0.2534 D:0.2140 F:0.0448 H:0.3125 KL:0.0000 CON:0.0718 404s
  Val L:0.2938 ABS:0.4481 RMSE:1.3938 d1:0.4692
  >> Best (score:1.1101 RMSE:1.3938 ABS:0.4481)
Epoch [5/40] L:0.2490 D:0.2106 F:0.0429 H:0.3110 KL:0.0000 CON:0.0602 393s
Epoch [6/40] L:0.2450 D:0.2060 F:0.0420 H:0.3189 KL:0.0000 CON:0.0573 404s
Epoch [7/40] L:0.2376 D:0.1976 F:0.0409 H:0.3294 KL:0.0000 CON:0.0584 405s
Epoch [8/40] L:0.2312 D:0.1911 F:0.0395 H:0.3323 KL:0.0000 CON:0.0589 406s
  Val L:0.2679 ABS:0.4344 RMSE:1.2668 d1:0.5027
  >> Best (score:1.0170 RMSE:1.2668 ABS:0.4344)
Epoch [9/40] L:0.2258 D:0.1869 F:0.0383 H:0.3221 KL:0.0000 CON:0.0576 406s
Epoch [10/40] L:0.2211 D:0.1825 F:0.0372 H:0.3203 KL:0.0000 CON:0.0579 406s
Epoch [11/40] L:0.2170 D:0.1788 F:0.0367 H:0.3180 KL:0.0000 CON:0.0547 403s
Epoch [12/40] L:0.2130 D:0.1753 F:0.0357 H:0.3152 KL:0.0000 CON:0.0534 403s
  Val L:0.2543 ABS:0.4244 RMSE:1.2471 d1:0.5046
  >> Best (score:1.0003 RMSE:1.2471 ABS:0.4244)
Epoch [13/40] L:0.2083 D:0.1719 F:0.0355 H:0.3025 KL:0.0000 CON:0.0533 382s
Epoch [14/40] L:0.2025 D:0.1669 F:0.0349 H:0.2957 KL:0.0000 CON:0.0507 396s
Epoch [15/40] L:0.1975 D:0.1630 F:0.0343 H:0.2849 KL:0.0000 CON:0.0516 404s
Epoch [16/40] L:0.1926 D:0.1584 F:0.0343 H:0.2810 KL:0.0000 CON:0.0534 393s
  Val L:0.2581 ABS:0.4182 RMSE:1.2521 d1:0.5124
Epoch [17/40] L:0.1870 D:0.1531 F:0.0338 H:0.2791 KL:0.0000 CON:0.0523 399s
Epoch [18/40] L:0.1830 D:0.1492 F:0.0335 H:0.2778 KL:0.0000 CON:0.0547 400s
Epoch [19/40] L:0.1785 D:0.1448 F:0.0332 H:0.2769 KL:0.0000 CON:0.0544 393s
Epoch [20/40] L:0.1728 D:0.1394 F:0.0328 H:0.2739 KL:0.0000 CON:0.0534 398s
  Val L:0.2592 ABS:0.4190 RMSE:1.2416 d1:0.5285
  >> Best (score:0.9948 RMSE:1.2416 ABS:0.4190)
Epoch [21/40] L:0.1678 D:0.1347 F:0.0325 H:0.2719 KL:0.0000 CON:0.0541 399s
Epoch [22/40] L:0.1621 D:0.1292 F:0.0321 H:0.2691 KL:0.0000 CON:0.0557 402s
Epoch [23/40] L:0.1575 D:0.1246 F:0.0322 H:0.2687 KL:0.0000 CON:0.0564 400s
Epoch [24/40] L:0.1519 D:0.1192 F:0.0315 H:0.2658 KL:0.0000 CON:0.0586 399s
  Val L:0.2644 ABS:0.4333 RMSE:1.2457 d1:0.5236
Epoch [25/40] L:0.1469 D:0.1146 F:0.0315 H:0.2635 KL:0.0000 CON:0.0577 398s
Epoch [26/40] L:0.1421 D:0.1101 F:0.0310 H:0.2600 KL:0.0000 CON:0.0587 401s
Epoch [27/40] L:0.1370 D:0.1051 F:0.0307 H:0.2571 KL:0.0000 CON:0.0618 403s
Epoch [28/40] L:0.1322 D:0.1006 F:0.0303 H:0.2546 KL:0.0000 CON:0.0620 401s
  Val L:0.2732 ABS:0.4260 RMSE:1.2715 d1:0.5237
Epoch [29/40] L:0.1287 D:0.0972 F:0.0300 H:0.2534 KL:0.0000 CON:0.0639 400s
Epoch [30/40] L:0.1241 D:0.0929 F:0.0299 H:0.2495 KL:0.0000 CON:0.0655 400s
Epoch [31/40] L:0.1202 D:0.0893 F:0.0294 H:0.2469 KL:0.0000 CON:0.0666 400s
Epoch [32/40] L:0.1171 D:0.0861 F:0.0292 H:0.2466 KL:0.0000 CON:0.0692 416s
  Val L:0.2749 ABS:0.4272 RMSE:1.2762 d1:0.5269
Epoch [33/40] L:0.1137 D:0.0830 F:0.0291 H:0.2434 KL:0.0000 CON:0.0694 799s
Epoch [34/40] L:0.1104 D:0.0800 F:0.0285 H:0.2399 KL:0.0000 CON:0.0707 438s
Epoch [35/40] L:0.1079 D:0.0777 F:0.0283 H:0.2380 KL:0.0000 CON:0.0708 403s
Epoch [36/40] L:0.1050 D:0.0750 F:0.0281 H:0.2357 KL:0.0000 CON:0.0725 436s
  Val L:0.2801 ABS:0.4506 RMSE:1.2839 d1:0.5296
Epoch [37/40] L:0.1024 D:0.0725 F:0.0277 H:0.2346 KL:0.0000 CON:0.0736 426s
Epoch [38/40] L:0.1003 D:0.0705 F:0.0277 H:0.2328 KL:0.0000 CON:0.0740 519s
Epoch [39/40] L:0.0979 D:0.0683 F:0.0272 H:0.2306 KL:0.0000 CON:0.0757 412s
Epoch [40/40] L:0.0963 D:0.0666 F:0.0270 H:0.2305 KL:0.0000 CON:0.0773 407s
wandb: updating run metadata
wandb: uploading output.log; uploading wandb-summary.json; uploading config.yaml
wandb: uploading history steps 39-39, summary, console lines 55-57
wandb: 
wandb: Run history:
wandb:      best/abs_rel █▅▂▁
wandb:        best/epoch ▁▃▅█
wandb:         best/rmse █▂▁▁
wandb:        best/score █▂▁▁
wandb:             epoch ▁▁▁▂▂▂▂▂▂▃▃▃▃▃▄▄▄▄▄▄▅▅▅▅▅▅▆▆▆▆▆▇▇▇▇▇▇███
wandb: train/consistency █▃▂▂▁▁▁▁▁▁▁▁▁▁▁▁▁▁▁▁▁▁▁▁▁▁▁▁▁▁▁▁▁▁▁▂▂▂▂▂
wandb:       train/depth █▇▇▇▆▆▆▆▆▅▅▅▅▅▅▄▄▄▄▄▄▃▃▃▃▃▂▂▂▂▂▂▂▂▁▁▁▁▁▁
wandb:         train/foa █▅▄▄▃▃▃▃▃▂▂▂▂▂▂▂▂▂▂▂▂▂▂▂▂▂▂▁▁▁▁▁▁▁▁▁▁▁▁▁
wandb:        train/hist █▆▇▇▇▇██▇▇▇▇▆▅▅▄▄▄▄▄▄▄▄▃▃▃▃▃▃▂▂▂▂▂▂▁▁▁▁▁
wandb:          train/kl ▁▁▁▁▁▁▁▁▁▁▁▁▁▁▁▁▁▁▁▁▁▁▁▁▁▁▁▁▁▁▁▁▁▁▁▁▁▁▁▁
wandb:                +9 ...
wandb: 
wandb: Run summary:
wandb:      best/abs_rel 0.41896
wandb:        best/epoch 20
wandb:         best/rmse 1.24159
wandb:        best/score 0.9948
wandb:             epoch 40
wandb: train/consistency 0.07727
wandb:       train/depth 0.06664
wandb:         train/foa 0.02704
wandb:        train/hist 0.23046
wandb:          train/kl 0
wandb:                +9 ...
wandb: 
wandb: 🚀 View run unet_256_soundspaces_BS32_Lr0.0005_AdamW_exp57_foav2_lr5e4_dw1.0_fw0.1_hw0.1 at: https://wandb.ai/branden/neurips_audio_depth/runs/yupapavp
wandb: ⭐️ View project at: https://wandb.ai/branden/neurips_audio_depth
wandb: Synced 5 W&B file(s), 0 media file(s), 0 artifact file(s) and 0 other file(s)
wandb: Find logs at: ./wandb/run-20260410_173321-yupapavp/logs
  Val L:0.2853 ABS:0.4201 RMSE:1.3014 d1:0.5288

Done. Best score:0.9948 RMSE:1.2416 ABS:0.4190
