wandb: [wandb.login()] Loaded credentials for https://api.wandb.ai from WANDB_API_KEY.
wandb: Currently logged in as: branden to https://api.wandb.ai. Use `wandb login --relogin` to force relogin
wandb: setting up run yi043cko
wandb: Tracking run with wandb version 0.25.1
wandb: Run data is saved locally in /root/storage/implementation/shared_audio/baseline/wandb/run-20260407_155937-yi043cko
wandb: Run `wandb offline` to turn off syncing.
wandb: Syncing run pretrained_resnet_soundspaces_BS32_Lr5e-05_AdamW_exp57_resnet_lr5e5_bs32
wandb: ⭐️ View project at https://wandb.ai/branden/neurips_audio_depth
wandb: 🚀 View run at https://wandb.ai/branden/neurips_audio_depth/runs/yi043cko
============================================================
Model: pretrained_resnet  Dataset: soundspaces
BS: 32  LR: 5e-05  Opt: AdamW
============================================================
Loaded scene split from /root/storage/matterport3d_0303renew/scene_split.json
  train: 72, val: 9, test: 9
[train] 23560 samples from 72 scenes (filtered 5240 with >10% no-depth)
Loaded scene split from /root/storage/matterport3d_0303renew/scene_split.json
  train: 72, val: 9, test: 9
[val] 2951 samples from 9 scenes (filtered 592 with >10% no-depth)
Train: 23560, Val: 2951
Model: pretrained_resnet (30.0M params)
Epoch [1/40] L:0.3371 D:0.3371 2548s
Epoch [2/40] L:0.2218 D:0.2218 156s
Epoch [3/40] L:0.2110 D:0.2110 156s
Epoch [4/40] L:0.2033 D:0.2033 157s
  Val L:0.2516 ABS:0.4675 RMSE:1.3504 d1:0.4684
  >> Best (score:1.0855 RMSE:1.3504 ABS:0.4675)
Epoch [5/40] L:0.1945 D:0.1945 161s
Epoch [6/40] L:0.1855 D:0.1855 157s
Epoch [7/40] L:0.1757 D:0.1757 156s
Epoch [8/40] L:0.1657 D:0.1657 156s
  Val L:0.2553 ABS:0.4801 RMSE:1.3273 d1:0.4871
  >> Best (score:1.0731 RMSE:1.3273 ABS:0.4801)
Epoch [9/40] L:0.1569 D:0.1569 156s
Epoch [10/40] L:0.1494 D:0.1494 156s
Epoch [11/40] L:0.1423 D:0.1423 161s
Epoch [12/40] L:0.1362 D:0.1362 156s
  Val L:0.2646 ABS:0.4933 RMSE:1.3583 d1:0.4746
Epoch [13/40] L:0.1307 D:0.1307 156s
Epoch [14/40] L:0.1251 D:0.1251 159s
Epoch [15/40] L:0.1208 D:0.1208 160s
Epoch [16/40] L:0.1167 D:0.1167 158s
  Val L:0.2627 ABS:0.4937 RMSE:1.3440 d1:0.4922
Epoch [17/40] L:0.1125 D:0.1125 156s
Epoch [18/40] L:0.1091 D:0.1091 156s
Epoch [19/40] L:0.1061 D:0.1061 156s
Epoch [20/40] L:0.1030 D:0.1030 157s
  Val L:0.2747 ABS:0.5079 RMSE:1.3738 d1:0.4799
Epoch [21/40] L:0.1003 D:0.1003 164s
Epoch [22/40] L:0.0974 D:0.0974 160s
Epoch [23/40] L:0.0950 D:0.0950 156s
Epoch [24/40] L:0.0925 D:0.0925 156s
  Val L:0.2641 ABS:0.5014 RMSE:1.3457 d1:0.4946
Epoch [25/40] L:0.0904 D:0.0904 157s
Epoch [26/40] L:0.0886 D:0.0886 157s
Epoch [27/40] L:0.0867 D:0.0867 157s
Epoch [28/40] L:0.0842 D:0.0842 157s
  Val L:0.2687 ABS:0.4735 RMSE:1.3626 d1:0.4857
Epoch [29/40] L:0.0826 D:0.0826 157s
Epoch [30/40] L:0.0810 D:0.0810 161s
Epoch [31/40] L:0.0793 D:0.0793 165s
Epoch [32/40] L:0.0777 D:0.0777 156s
  Val L:0.2700 ABS:0.4801 RMSE:1.3702 d1:0.4853
Epoch [33/40] L:0.0759 D:0.0759 157s
Epoch [34/40] L:0.0746 D:0.0746 157s
Epoch [35/40] L:0.0735 D:0.0735 157s
Epoch [36/40] L:0.0718 D:0.0718 156s
  Val L:0.2682 ABS:0.4837 RMSE:1.3689 d1:0.4974
Epoch [37/40] L:0.0709 D:0.0709 156s
Epoch [38/40] L:0.0698 D:0.0698 157s
Epoch [39/40] L:0.0686 D:0.0686 158s
Epoch [40/40] L:0.0672 D:0.0672 157s
wandb: updating run metadata
wandb: uploading history steps 39-39, summary, console lines 52-53
wandb: 
wandb: Run history:
wandb: best/abs_rel ▁█
wandb:   best/epoch ▁█
wandb:    best/rmse █▁
wandb:   best/score █▁
wandb:        epoch ▁▁▁▂▂▂▂▂▂▃▃▃▃▃▄▄▄▄▄▄▅▅▅▅▅▅▆▆▆▆▆▇▇▇▇▇▇███
wandb:  train/depth █▅▅▅▄▄▄▄▃▃▃▃▃▃▂▂▂▂▂▂▂▂▂▂▂▂▂▁▁▁▁▁▁▁▁▁▁▁▁▁
wandb:   train/loss █▅▅▅▄▄▄▄▃▃▃▃▃▃▂▂▂▂▂▂▂▂▂▂▂▂▂▁▁▁▁▁▁▁▁▁▁▁▁▁
wandb:  val/abs_rel ▁▃▅▆█▇▂▃▄▃
wandb:   val/delta1 ▁▆▂▇▄▇▅▅█▆
wandb:   val/delta2 ▂▇▃▇▁█▄▄▇▆
wandb:           +5 ...
wandb: 
wandb: Run summary:
wandb: best/abs_rel 0.48013
wandb:   best/epoch 8
wandb:    best/rmse 1.32726
wandb:   best/score 1.07312
wandb:        epoch 40
wandb:  train/depth 0.06719
wandb:   train/loss 0.06719
wandb:  val/abs_rel 0.47851
wandb:   val/delta1 0.48978
wandb:   val/delta2 0.68672
wandb:           +5 ...
wandb: 
wandb: 🚀 View run pretrained_resnet_soundspaces_BS32_Lr5e-05_AdamW_exp57_resnet_lr5e5_bs32 at: https://wandb.ai/branden/neurips_audio_depth/runs/yi043cko
wandb: ⭐️ View project at: https://wandb.ai/branden/neurips_audio_depth
wandb: Synced 5 W&B file(s), 0 media file(s), 0 artifact file(s) and 0 other file(s)
wandb: Find logs at: ./wandb/run-20260407_155937-yi043cko/logs
  Val L:0.2686 ABS:0.4785 RMSE:1.3713 d1:0.4898

Done. Best score:1.0731 RMSE:1.3273 ABS:0.4801
