wandb: [wandb.login()] Loaded credentials for https://api.wandb.ai from WANDB_API_KEY.
wandb: Currently logged in as: branden to https://api.wandb.ai. Use `wandb login --relogin` to force relogin
wandb: setting up run n2rmmf6l
wandb: Tracking run with wandb version 0.25.1
wandb: Run data is saved locally in /root/storage/implementation/shared_audio/baseline/wandb/run-20260410_212103-n2rmmf6l
wandb: Run `wandb offline` to turn off syncing.
wandb: Syncing run unet_256_soundspaces_BS32_Lr0.0005_AdamW_exp84_featbank_lr5e4_fw0.1_hw0.2_kl0.01
wandb: ⭐️ View project at https://wandb.ai/branden/neurips_audio_depth
wandb: 🚀 View run at https://wandb.ai/branden/neurips_audio_depth/runs/n2rmmf6l
============================================================
Model: foa_featbank  Dataset: soundspaces
BS: 32  LR: 0.0005  Opt: AdamW
============================================================
Loaded scene split from /root/storage/matterport3d_0303renew/scene_split.json
  train: 72, val: 9, test: 9
[train] 23560 samples from 72 scenes (filtered 5240 with >10% no-depth) [ambisonic=ON]
  Precomputed SH basis matrix: (131072, 4) (order=1)
Loaded scene split from /root/storage/matterport3d_0303renew/scene_split.json
  train: 72, val: 9, test: 9
[val] 2951 samples from 9 scenes (filtered 592 with >10% no-depth) [ambisonic=ON]
  Precomputed SH basis matrix: (131072, 4) (order=1)
Train: 23560, Val: 2951
Model: foa_featbank (56.5M params)
/opt/conda/lib/python3.11/site-packages/torch/nn/parallel/_functions.py:71: UserWarning: Was asked to gather along dimension 0, but all input tensors were scalars; will instead unsqueeze and return a vector.
  warnings.warn(
Epoch [1/40] L:0.3287 D:0.2567 F:0.0724 H:0.3239 KL:0.0004 175s
Epoch [2/40] L:0.2893 D:0.2272 F:0.0492 H:0.2860 KL:0.0000 180s
Epoch [3/40] L:0.2825 D:0.2194 F:0.0464 H:0.2924 KL:0.0000 178s
Epoch [4/40] L:0.2776 D:0.2147 F:0.0446 H:0.2922 KL:0.0000 193s
  Val L:0.3149 ABS:0.4733 RMSE:1.3242 d1:0.4811
  >> Best (score:1.0689 RMSE:1.3242 ABS:0.4733)
Epoch [5/40] L:0.2737 D:0.2112 F:0.0433 H:0.2910 KL:0.0000 157s
Epoch [6/40] L:0.2706 D:0.2078 F:0.0425 H:0.2930 KL:0.0000 171s
Epoch [7/40] L:0.2664 D:0.2017 F:0.0419 H:0.3023 KL:0.0000 175s
Epoch [8/40] L:0.2596 D:0.1940 F:0.0405 H:0.3078 KL:0.0000 165s
  Val L:0.2963 ABS:0.4691 RMSE:1.2602 d1:0.5099
  >> Best (score:1.0229 RMSE:1.2602 ABS:0.4691)
Epoch [9/40] L:0.2554 D:0.1893 F:0.0394 H:0.3104 KL:0.0000 173s
Epoch [10/40] L:0.2510 D:0.1850 F:0.0385 H:0.3110 KL:0.0000 179s
Epoch [11/40] L:0.2469 D:0.1812 F:0.0378 H:0.3096 KL:0.0000 172s
Epoch [12/40] L:0.2407 D:0.1770 F:0.0375 H:0.2994 KL:0.0000 178s
  Val L:0.2910 ABS:0.4075 RMSE:1.2967 d1:0.4972
Epoch [13/40] L:0.2352 D:0.1724 F:0.0363 H:0.2962 KL:0.0000 171s
Epoch [14/40] L:0.2308 D:0.1681 F:0.0355 H:0.2958 KL:0.0000 175s
Epoch [15/40] L:0.2263 D:0.1639 F:0.0351 H:0.2946 KL:0.0000 178s
Epoch [16/40] L:0.2212 D:0.1588 F:0.0347 H:0.2948 KL:0.0000 178s
  Val L:0.2805 ABS:0.4138 RMSE:1.2361 d1:0.5255
  >> Best (score:0.9894 RMSE:1.2361 ABS:0.4138)
Epoch [17/40] L:0.2163 D:0.1542 F:0.0337 H:0.2938 KL:0.0000 179s
Epoch [18/40] L:0.2094 D:0.1483 F:0.0341 H:0.2885 KL:0.0000 174s
Epoch [19/40] L:0.2032 D:0.1433 F:0.0337 H:0.2824 KL:0.0000 180s
Epoch [20/40] L:0.1940 D:0.1379 F:0.0335 H:0.2638 KL:0.0000 174s
  Val L:0.2890 ABS:0.4036 RMSE:1.2644 d1:0.5237
Epoch [21/40] L:0.1867 D:0.1326 F:0.0330 H:0.2538 KL:0.0000 175s
Epoch [22/40] L:0.1807 D:0.1276 F:0.0328 H:0.2492 KL:0.0000 173s
Epoch [23/40] L:0.1752 D:0.1230 F:0.0325 H:0.2448 KL:0.0000 168s
Epoch [24/40] L:0.1692 D:0.1180 F:0.0321 H:0.2404 KL:0.0000 188s
  Val L:0.2940 ABS:0.4092 RMSE:1.2715 d1:0.5293
Epoch [25/40] L:0.1632 D:0.1129 F:0.0317 H:0.2354 KL:0.0000 188s
Epoch [26/40] L:0.1576 D:0.1082 F:0.0317 H:0.2313 KL:0.0000 168s
Epoch [27/40] L:0.1523 D:0.1038 F:0.0312 H:0.2265 KL:0.0000 175s
Epoch [28/40] L:0.1473 D:0.0996 F:0.0310 H:0.2233 KL:0.0000 191s
  Val L:0.2998 ABS:0.4150 RMSE:1.2775 d1:0.5263
Epoch [29/40] L:0.1425 D:0.0957 F:0.0307 H:0.2187 KL:0.0000 188s
Epoch [30/40] L:0.1378 D:0.0917 F:0.0304 H:0.2152 KL:0.0000 154s
Epoch [31/40] L:0.1333 D:0.0881 F:0.0301 H:0.2111 KL:0.0000 178s
Epoch [32/40] L:0.1299 D:0.0852 F:0.0299 H:0.2085 KL:0.0000 180s
  Val L:0.3008 ABS:0.4469 RMSE:1.2742 d1:0.5256
Epoch [33/40] L:0.1260 D:0.0820 F:0.0297 H:0.2050 KL:0.0000 173s
Epoch [34/40] L:0.1225 D:0.0791 F:0.0293 H:0.2024 KL:0.0000 169s
Epoch [35/40] L:0.1199 D:0.0769 F:0.0290 H:0.2003 KL:0.0000 172s
Epoch [36/40] L:0.1169 D:0.0744 F:0.0287 H:0.1985 KL:0.0000 174s
  Val L:0.3091 ABS:0.4515 RMSE:1.2911 d1:0.5248
Epoch [37/40] L:0.1141 D:0.0720 F:0.0283 H:0.1963 KL:0.0000 174s
Epoch [38/40] L:0.1115 D:0.0699 F:0.0281 H:0.1942 KL:0.0000 181s
Epoch [39/40] L:0.1095 D:0.0681 F:0.0278 H:0.1933 KL:0.0000 180s
Epoch [40/40] L:0.1070 D:0.0660 F:0.0275 H:0.1913 KL:0.0000 189s
wandb: updating run metadata
wandb: uploading summary, console lines 55-56
wandb: 
wandb: Run history:
wandb: best/abs_rel ██▁
wandb:   best/epoch ▁▃█
wandb:    best/rmse █▃▁
wandb:   best/score █▄▁
wandb:        epoch ▁▁▁▂▂▂▂▂▂▃▃▃▃▃▄▄▄▄▄▄▅▅▅▅▅▅▆▆▆▆▆▇▇▇▇▇▇███
wandb:  train/depth █▇▇▆▆▆▆▆▆▅▅▅▅▅▅▄▄▄▄▄▃▃▃▃▃▃▂▂▂▂▂▂▂▁▁▁▁▁▁▁
wandb:    train/foa █▄▄▄▃▃▃▃▃▃▃▃▂▂▂▂▂▂▂▂▂▂▂▂▂▂▂▂▁▁▁▁▁▁▁▁▁▁▁▁
wandb:   train/hist █▆▆▆▆▆▇▇▇▇▇▇▇▇▆▆▆▆▆▅▄▄▄▄▃▃▃▃▂▂▂▂▂▂▁▁▁▁▁▁
wandb:     train/kl █▂▁▁▁▁▁▁▁▁▁▁▁▁▁▁▁▁▁▁▁▁▁▁▁▁▁▁▁▁▁▁▁▁▁▁▁▁▁▁
wandb:   train/loss █▇▇▆▆▆▆▆▆▆▅▅▅▅▅▅▄▄▄▄▄▃▃▃▃▃▂▂▂▂▂▂▂▁▁▁▁▁▁▁
wandb:           +8 ...
wandb: 
wandb: Run summary:
wandb: best/abs_rel 0.41379
wandb:   best/epoch 16
wandb:    best/rmse 1.23611
wandb:   best/score 0.98942
wandb:        epoch 40
wandb:  train/depth 0.06599
wandb:    train/foa 0.02753
wandb:   train/hist 0.19134
wandb:     train/kl 0.0
wandb:   train/loss 0.10701
wandb:           +8 ...
wandb: 
wandb: 🚀 View run unet_256_soundspaces_BS32_Lr0.0005_AdamW_exp84_featbank_lr5e4_fw0.1_hw0.2_kl0.01 at: https://wandb.ai/branden/neurips_audio_depth/runs/n2rmmf6l
wandb: ⭐️ View project at: https://wandb.ai/branden/neurips_audio_depth
wandb: Synced 5 W&B file(s), 0 media file(s), 0 artifact file(s) and 0 other file(s)
wandb: Find logs at: ./wandb/run-20260410_212103-n2rmmf6l/logs
  Val L:0.3157 ABS:0.4558 RMSE:1.3062 d1:0.5203

Done. Best score:0.9894 RMSE:1.2361 ABS:0.4138
