============================================================
Model: foa_featbank  Dataset: soundspaces
BS: 32  LR: 0.001  Opt: AdamW
============================================================
Loaded scene split from /root/storage/matterport3d_0303renew/scene_split.json
  train: 72, val: 9, test: 9
[train] 23560 samples (fast cache: samples_train_erp_8b3be925d3ae.json) [ambisonic=ON]
  Precomputed SH basis matrix: (131072, 4) (order=1)
Loaded scene split from /root/storage/matterport3d_0303renew/scene_split.json
  train: 72, val: 9, test: 9
[val] 2951 samples (fast cache: samples_val_erp_be0f29dd7abf.json) [ambisonic=ON]
  Precomputed SH basis matrix: (131072, 4) (order=1)
Train: 23560, Val: 2951
Model: foa_featbank (56.5M params)
/opt/conda/lib/python3.9/site-packages/torch/nn/parallel/_functions.py:71: UserWarning: Was asked to gather along dimension 0, but all input tensors were scalars; will instead unsqueeze and return a vector.
  warnings.warn(
Epoch [1/40] L:0.2968 D:0.2558 F:0.0756 H:0.3341 KL:0.0002 152s
Epoch [2/40] L:0.2648 D:0.2284 F:0.0528 H:0.3105 KL:0.0000 154s
Epoch [3/40] L:0.2551 D:0.2185 F:0.0477 H:0.3182 KL:0.0000 155s
Epoch [4/40] L:0.2485 D:0.2124 F:0.0448 H:0.3167 KL:0.0000 154s
  Val L:0.2870 ABS:0.4962 RMSE:1.3232 d1:0.4793
  >> Best (score:1.0751 RMSE:1.3232 ABS:0.4962)
Epoch [5/40] L:0.2451 D:0.2091 F:0.0437 H:0.3162 KL:0.0000 153s
Epoch [6/40] L:0.2411 D:0.2048 F:0.0422 H:0.3207 KL:0.0000 155s
Epoch [7/40] L:0.2357 D:0.1985 F:0.0418 H:0.3304 KL:0.0000 155s
Epoch [8/40] L:0.2302 D:0.1927 F:0.0409 H:0.3342 KL:0.0000 155s
  Val L:0.2754 ABS:0.4104 RMSE:1.3144 d1:0.4910
  >> Best (score:1.0432 RMSE:1.3144 ABS:0.4104)
Epoch [9/40] L:0.2252 D:0.1876 F:0.0401 H:0.3360 KL:0.0000 154s
Epoch [10/40] L:0.2205 D:0.1832 F:0.0399 H:0.3331 KL:0.0000 154s
Epoch [11/40] L:0.2167 D:0.1798 F:0.0384 H:0.3309 KL:0.0000 155s
Epoch [12/40] L:0.2124 D:0.1760 F:0.0374 H:0.3265 KL:0.0000 155s
  Val L:0.2633 ABS:0.4016 RMSE:1.2817 d1:0.4983
  >> Best (score:1.0177 RMSE:1.2817 ABS:0.4016)
Epoch [13/40] L:0.2076 D:0.1725 F:0.0366 H:0.3150 KL:0.0000 155s
Epoch [14/40] L:0.2038 D:0.1690 F:0.0362 H:0.3122 KL:0.0000 155s
Epoch [15/40] L:0.1994 D:0.1648 F:0.0358 H:0.3102 KL:0.0000 155s
Epoch [16/40] L:0.1953 D:0.1611 F:0.0350 H:0.3077 KL:0.0000 155s
  Val L:0.2591 ABS:0.4312 RMSE:1.2415 d1:0.5129
  >> Best (score:0.9984 RMSE:1.2415 ABS:0.4312)
Epoch [17/40] L:0.1899 D:0.1563 F:0.0346 H:0.3013 KL:0.0000 155s
Epoch [18/40] L:0.1846 D:0.1514 F:0.0343 H:0.2975 KL:0.0000 155s
Epoch [19/40] L:0.1792 D:0.1465 F:0.0336 H:0.2941 KL:0.0000 155s
Epoch [20/40] L:0.1747 D:0.1421 F:0.0334 H:0.2919 KL:0.0000 155s
  Val L:0.2638 ABS:0.4153 RMSE:1.2618 d1:0.5197
Epoch [21/40] L:0.1696 D:0.1374 F:0.0331 H:0.2892 KL:0.0000 157s
Epoch [22/40] L:0.1647 D:0.1328 F:0.0328 H:0.2863 KL:0.0000 155s
Epoch [23/40] L:0.1593 D:0.1277 F:0.0322 H:0.2832 KL:0.0000 155s
Epoch [24/40] L:0.1545 D:0.1232 F:0.0323 H:0.2808 KL:0.0000 156s
  Val L:0.2664 ABS:0.4339 RMSE:1.2491 d1:0.5304
Epoch [25/40] L:0.1489 D:0.1180 F:0.0318 H:0.2776 KL:0.0000 153s
Epoch [26/40] L:0.1444 D:0.1138 F:0.0314 H:0.2753 KL:0.0000 155s
Epoch [27/40] L:0.1397 D:0.1094 F:0.0309 H:0.2725 KL:0.0000 155s
Epoch [28/40] L:0.1352 D:0.1052 F:0.0308 H:0.2688 KL:0.0000 155s
  Val L:0.2711 ABS:0.4410 RMSE:1.2565 d1:0.5293
Epoch [29/40] L:0.1305 D:0.1007 F:0.0305 H:0.2672 KL:0.0000 154s
Epoch [30/40] L:0.1262 D:0.0968 F:0.0302 H:0.2640 KL:0.0000 155s
Epoch [31/40] L:0.1228 D:0.0936 F:0.0298 H:0.2620 KL:0.0000 155s
Epoch [32/40] L:0.1189 D:0.0900 F:0.0295 H:0.2595 KL:0.0000 156s
  Val L:0.2759 ABS:0.4371 RMSE:1.2709 d1:0.5314
Epoch [33/40] L:0.1153 D:0.0865 F:0.0295 H:0.2583 KL:0.0000 153s
Epoch [34/40] L:0.1123 D:0.0839 F:0.0290 H:0.2552 KL:0.0000 155s
Epoch [35/40] L:0.1093 D:0.0810 F:0.0290 H:0.2533 KL:0.0000 155s
Epoch [36/40] L:0.1069 D:0.0788 F:0.0289 H:0.2515 KL:0.0000 155s
  Val L:0.2827 ABS:0.4363 RMSE:1.2881 d1:0.5227
Epoch [37/40] L:0.1041 D:0.0763 F:0.0285 H:0.2496 KL:0.0000 155s
Epoch [38/40] L:0.1013 D:0.0736 F:0.0283 H:0.2482 KL:0.0000 155s
Epoch [39/40] L:0.0990 D:0.0716 F:0.0281 H:0.2458 KL:0.0000 155s
Epoch [40/40] L:0.0971 D:0.0699 F:0.0279 H:0.2445 KL:0.0000 155s
  Val L:0.2837 ABS:0.4321 RMSE:1.2977 d1:0.5339

Done. Best score:0.9984 RMSE:1.2415 ABS:0.4312
