/opt/conda/lib/python3.11/site-packages/timm/models/layers/__init__.py:49: FutureWarning: Importing from timm.models.layers is deprecated, please import via timm.layers
  warnings.warn(f"Importing from {__name__} is deprecated, please import via timm.layers", FutureWarning)
============================================================
Model: echodiffusion_ambi_sh  Dataset: soundspaces
BS: 128  LR: 0.0005  Opt: AdamW
============================================================
Loaded scene split from /root/local1/changwoo/matterport3d_0303renew/scene_split.json
  train: 72, val: 9, test: 9
[train] 23560 samples (fast cache: samples_train_erp_8b3be925d3ae.json) [ambisonic=ON] [waveform=ON]
  Precomputed SH basis matrix: (131072, 4) (order=1)
Loaded scene split from /root/local1/changwoo/matterport3d_0303renew/scene_split.json
  train: 72, val: 9, test: 9
[val] 2951 samples (fast cache: samples_val_erp_be0f29dd7abf.json) [ambisonic=ON] [waveform=ON]
  Precomputed SH basis matrix: (131072, 4) (order=1)
Train: 23560, Val: 2951
Loading weights:   0%|          | 0/210 [00:00<?, ?it/s]Loading weights: 100%|██████████| 210/210 [00:00<00:00, 6924.45it/s]
[transformers] [1mWav2Vec2Model LOAD REPORT[0m from: facebook/wav2vec2-base-960h
Key               | Status     | 
------------------+------------+-
lm_head.bias      | UNEXPECTED | 
lm_head.weight    | UNEXPECTED | 
masked_spec_embed | MISSING    | 

Notes:
- UNEXPECTED:	can be ignored when loading from different task/architecture; not ok if you expect identical arch.
- MISSING:	those params were newly initialized because missing from the checkpoint. Consider training on your downstream task.
  [echodiff_ambi_sh] K=8 sh_order=5 C_sh=36  unet_ch=64  dec_ch=[256, 128, 64]  use_cide=True  total=167.92M  trainable=73.55M
Model: echodiffusion_ambi_sh (167.9M params)
/opt/conda/lib/python3.11/site-packages/torch/nn/modules/linear.py:125: UserWarning: Attempting to run cuBLAS, but there was no current CUDA context! Attempting to set the primary context... (Triggered internally at /pytorch/aten/src/ATen/cuda/CublasHandlePool.cpp:179.)
  return F.linear(input, self.weight, self.bias)
Epoch [1/40] L:0.4591 D:0.4591 F:0.0000 265s
Epoch [2/40] L:0.2552 D:0.2552 F:0.0000 255s
Epoch [3/40] L:0.2457 D:0.2457 F:0.0000 256s
Epoch [4/40] L:0.2418 D:0.2418 F:0.0000 256s
  [val] starting (24 batches)
  [val] done (24 batches, 44s)
  Val L:0.3434 ABS:0.8595 RMSE:1.6630 d1:0.3275
  >> Best (score:1.4219 RMSE:1.6630 ABS:0.8595)
Epoch [5/40] L:0.2375 D:0.2375 F:0.0000 256s
Epoch [6/40] L:0.2369 D:0.2369 F:0.0000 256s
Epoch [7/40] L:0.2337 D:0.2337 F:0.0000 256s
Epoch [8/40] L:0.2308 D:0.2308 F:0.0000 256s
  [val] starting (24 batches)
  [val] done (24 batches, 27s)
  Val L:0.2935 ABS:0.4817 RMSE:1.5630 d1:0.4241
  >> Best (score:1.2386 RMSE:1.5630 ABS:0.4817)
Epoch [9/40] L:0.2253 D:0.2253 F:0.0000 254s
Epoch [10/40] L:0.2270 D:0.2270 F:0.0000 255s
Epoch [11/40] L:0.2226 D:0.2226 F:0.0000 255s
Epoch [12/40] L:0.2223 D:0.2223 F:0.0000 256s
  [val] starting (24 batches)
  [val] done (24 batches, 27s)
  Val L:0.2669 ABS:0.4586 RMSE:1.5191 d1:0.4396
  >> Best (score:1.2009 RMSE:1.5191 ABS:0.4586)
Epoch [13/40] L:0.2217 D:0.2217 F:0.0000 255s
Epoch [14/40] L:0.2204 D:0.2204 F:0.0000 254s
Epoch [15/40] L:0.2202 D:0.2202 F:0.0000 255s
Epoch [16/40] L:0.2173 D:0.2173 F:0.0000 255s
  [val] starting (24 batches)
  [val] done (24 batches, 26s)
  Val L:0.2696 ABS:0.4252 RMSE:1.5392 d1:0.4362
Epoch [17/40] L:0.2133 D:0.2133 F:0.0000 254s
Epoch [18/40] L:0.2094 D:0.2094 F:0.0000 256s
Epoch [19/40] L:0.2064 D:0.2064 F:0.0000 255s
Epoch [20/40] L:0.2020 D:0.2020 F:0.0000 256s
  [val] starting (24 batches)
  [val] done (24 batches, 26s)
  Val L:0.2593 ABS:0.4719 RMSE:1.4484 d1:0.4852
  >> Best (score:1.1554 RMSE:1.4484 ABS:0.4719)
Epoch [21/40] L:0.2031 D:0.2031 F:0.0000 255s
Epoch [22/40] L:0.1998 D:0.1998 F:0.0000 256s
Epoch [23/40] L:0.2002 D:0.2002 F:0.0000 256s
Epoch [24/40] L:0.1981 D:0.1981 F:0.0000 256s
  [val] starting (24 batches)
  [val] done (24 batches, 26s)
  Val L:0.2367 ABS:0.4333 RMSE:1.4068 d1:0.4801
  >> Best (score:1.1148 RMSE:1.4068 ABS:0.4333)
Epoch [25/40] L:0.1952 D:0.1952 F:0.0000 257s
Epoch [26/40] L:0.1948 D:0.1948 F:0.0000 256s
Epoch [27/40] L:0.1931 D:0.1931 F:0.0000 257s
Epoch [28/40] L:0.1913 D:0.1913 F:0.0000 256s
  [val] starting (24 batches)
  [val] done (24 batches, 26s)
  Val L:0.2418 ABS:0.5365 RMSE:1.3756 d1:0.5072
Epoch [29/40] L:0.1912 D:0.1912 F:0.0000 257s
Epoch [30/40] L:0.1918 D:0.1918 F:0.0000 256s
Epoch [31/40] L:0.1886 D:0.1886 F:0.0000 257s
Epoch [32/40] L:0.1857 D:0.1857 F:0.0000 256s
  [val] starting (24 batches)
  [val] done (24 batches, 27s)
  Val L:0.2411 ABS:0.4000 RMSE:1.4512 d1:0.4857
Epoch [33/40] L:0.1849 D:0.1849 F:0.0000 256s
Epoch [34/40] L:0.1839 D:0.1839 F:0.0000 256s
Epoch [35/40] L:0.1820 D:0.1820 F:0.0000 256s
Epoch [36/40] L:0.1802 D:0.1802 F:0.0000 255s
  [val] starting (24 batches)
  [val] done (24 batches, 27s)
  Val L:0.2422 ABS:0.4294 RMSE:1.4231 d1:0.4910
Epoch [37/40] L:0.1796 D:0.1796 F:0.0000 258s
Epoch [38/40] L:0.1770 D:0.1770 F:0.0000 257s
Epoch [39/40] L:0.1743 D:0.1743 F:0.0000 257s
Epoch [40/40] L:0.1729 D:0.1729 F:0.0000 256s
  [val] starting (24 batches)
  [val] done (24 batches, 26s)
  Val L:0.2503 ABS:0.4267 RMSE:1.4372 d1:0.4584

Done. Best score:1.1148 RMSE:1.4068 ABS:0.4333
