/opt/conda/lib/python3.11/site-packages/timm/models/layers/__init__.py:49: FutureWarning: Importing from timm.models.layers is deprecated, please import via timm.layers
  warnings.warn(f"Importing from {__name__} is deprecated, please import via timm.layers", FutureWarning)
============================================================
Model: pvit_n1_temap_input  Dataset: soundspaces
BS: 16  LR: 5e-05  Opt: AdamW
============================================================
Loaded scene split from /root/storage/matterport3d_0303renew/scene_split.json
  train: 72, val: 9, test: 9
[train] 23560 samples (fast cache: samples_train_erp_8b3be925d3ae.json) [ambisonic=ON]
  Precomputed SH basis matrix: (131072, 4) (order=1)
  N2 dataset: 3 temporal bins
Loaded scene split from /root/storage/matterport3d_0303renew/scene_split.json
  train: 72, val: 9, test: 9
[val] 2951 samples (fast cache: samples_val_erp_be0f29dd7abf.json) [ambisonic=ON]
  Precomputed SH basis matrix: (131072, 4) (order=1)
  N2 dataset: 3 temporal bins
Train: 23560, Val: 2951
Model: pvit_n1_temap_input (90.3M params)
Epoch [1/40] L:0.2453 D:0.2422 F:0.0311 5533s
Epoch [2/40] L:0.1866 D:0.1843 F:0.0227 2344s
Epoch [3/40] L:0.1789 D:0.1770 F:0.0194 1692s
Epoch [4/40] L:0.1743 D:0.1725 F:0.0179 1113s
  Val L:0.2177 ABS:0.4117 RMSE:1.2310 d1:0.5166
  >> Best (score:0.9852 RMSE:1.2310 ABS:0.4117)
Epoch [5/40] L:0.1698 D:0.1682 F:0.0167 1275s
Epoch [6/40] L:0.1661 D:0.1645 F:0.0160 1296s
Epoch [7/40] L:0.1625 D:0.1610 F:0.0153 1454s
Epoch [8/40] L:0.1583 D:0.1568 F:0.0147 1243s
  Val L:0.2165 ABS:0.3781 RMSE:1.2339 d1:0.5301
  >> Best (score:0.9771 RMSE:1.2339 ABS:0.3781)
Epoch [9/40] L:0.1548 D:0.1534 F:0.0144 1471s
Epoch [10/40] L:0.1503 D:0.1489 F:0.0139 1388s
Epoch [11/40] L:0.1458 D:0.1444 F:0.0135 1703s
Epoch [12/40] L:0.1406 D:0.1393 F:0.0132 1726s
  Val L:0.2227 ABS:0.4158 RMSE:1.2168 d1:0.5253
  >> Best (score:0.9765 RMSE:1.2168 ABS:0.4158)
Epoch [13/40] L:0.1356 D:0.1343 F:0.0130 1299s
Epoch [14/40] L:0.1303 D:0.1291 F:0.0126 1195s
Epoch [15/40] L:0.1251 D:0.1239 F:0.0125 1206s
Epoch [16/40] L:0.1193 D:0.1180 F:0.0122 1543s
  Val L:0.2344 ABS:0.3828 RMSE:1.2448 d1:0.5314
Epoch [17/40] L:0.1137 D:0.1125 F:0.0120 1635s
Epoch [18/40] L:0.1083 D:0.1071 F:0.0118 2100s
Epoch [19/40] L:0.1033 D:0.1021 F:0.0116 1625s
Epoch [20/40] L:0.0984 D:0.0972 F:0.0114 2019s
  Val L:0.2371 ABS:0.3869 RMSE:1.2509 d1:0.5361
Epoch [21/40] L:0.0937 D:0.0926 F:0.0112 1931s
Epoch [22/40] L:0.0892 D:0.0881 F:0.0110 1952s
Epoch [23/40] L:0.0847 D:0.0836 F:0.0109 1598s
Epoch [24/40] L:0.0810 D:0.0800 F:0.0107 1517s
  Val L:0.2367 ABS:0.4042 RMSE:1.2606 d1:0.5419
Epoch [25/40] L:0.0776 D:0.0765 F:0.0106 1812s
Epoch [26/40] L:0.0742 D:0.0732 F:0.0104 1783s
Epoch [27/40] L:0.0708 D:0.0698 F:0.0101 2007s
Epoch [28/40] L:0.0683 D:0.0673 F:0.0100 1314s
  Val L:0.2400 ABS:0.4134 RMSE:1.2771 d1:0.5377
Epoch [29/40] L:0.0650 D:0.0640 F:0.0098 1564s
Epoch [30/40] L:0.0619 D:0.0610 F:0.0096 1853s
Epoch [31/40] L:0.0604 D:0.0594 F:0.0096 1522s
Epoch [32/40] L:0.0575 D:0.0566 F:0.0094 1926s
  Val L:0.2415 ABS:0.4285 RMSE:1.2924 d1:0.5390
Epoch [33/40] L:0.0549 D:0.0540 F:0.0092 2011s
Epoch [34/40] L:0.0527 D:0.0518 F:0.0090 1064s
Epoch [35/40] L:0.0514 D:0.0505 F:0.0089 986s
Epoch [36/40] L:0.0493 D:0.0484 F:0.0088 906s
  Val L:0.2449 ABS:0.4057 RMSE:1.2937 d1:0.5358
Epoch [37/40] L:0.0471 D:0.0462 F:0.0086 950s
Epoch [38/40] L:0.0449 D:0.0441 F:0.0084 1306s
Epoch [39/40] L:0.0437 D:0.0429 F:0.0084 1963s
Epoch [40/40] L:0.0428 D:0.0420 F:0.0083 1265s
  Val L:0.2440 ABS:0.4417 RMSE:1.2981 d1:0.5428

Done. Best score:0.9765 RMSE:1.2168 ABS:0.4158
