/opt/conda/lib/python3.11/site-packages/timm/models/layers/__init__.py:49: FutureWarning: Importing from timm.models.layers is deprecated, please import via timm.layers
  warnings.warn(f"Importing from {__name__} is deprecated, please import via timm.layers", FutureWarning)
============================================================
Model: pvit_n1_temap_input  Dataset: soundspaces
BS: 16  LR: 0.0001  Opt: AdamW
============================================================
Loaded scene split from /root/storage/matterport3d_0303renew/scene_split.json
  train: 72, val: 9, test: 9
[train] 23560 samples (fast cache: samples_train_erp_8b3be925d3ae.json) [ambisonic=ON]
  Precomputed SH basis matrix: (131072, 4) (order=1)
  N2 dataset: 3 temporal bins
Loaded scene split from /root/storage/matterport3d_0303renew/scene_split.json
  train: 72, val: 9, test: 9
[val] 2951 samples (fast cache: samples_val_erp_be0f29dd7abf.json) [ambisonic=ON]
  Precomputed SH basis matrix: (131072, 4) (order=1)
  N2 dataset: 3 temporal bins
Train: 23560, Val: 2951
Model: pvit_n1_temap_input (90.3M params)
Epoch [1/40] L:0.2463 D:0.2429 F:0.0339 5535s
Epoch [2/40] L:0.1935 D:0.1911 F:0.0242 2346s
Epoch [3/40] L:0.1851 D:0.1829 F:0.0216 1700s
Epoch [4/40] L:0.1799 D:0.1779 F:0.0203 1093s
  Val L:0.2198 ABS:0.4064 RMSE:1.2405 d1:0.4904
  >> Best (score:0.9903 RMSE:1.2405 ABS:0.4064)
Epoch [5/40] L:0.1753 D:0.1734 F:0.0189 1289s
Epoch [6/40] L:0.1720 D:0.1702 F:0.0179 1276s
Epoch [7/40] L:0.1685 D:0.1668 F:0.0172 1392s
Epoch [8/40] L:0.1652 D:0.1635 F:0.0167 1274s
  Val L:0.2134 ABS:0.4118 RMSE:1.1960 d1:0.5224
  >> Best (score:0.9607 RMSE:1.1960 ABS:0.4118)
Epoch [9/40] L:0.1620 D:0.1603 F:0.0161 1451s
Epoch [10/40] L:0.1582 D:0.1566 F:0.0156 1345s
Epoch [11/40] L:0.1543 D:0.1528 F:0.0154 1622s
Epoch [12/40] L:0.1504 D:0.1490 F:0.0149 1792s
  Val L:0.2228 ABS:0.4000 RMSE:1.2184 d1:0.5323
Epoch [13/40] L:0.1465 D:0.1450 F:0.0147 1291s
Epoch [14/40] L:0.1414 D:0.1399 F:0.0143 1220s
Epoch [15/40] L:0.1360 D:0.1346 F:0.0140 1102s
Epoch [16/40] L:0.1312 D:0.1298 F:0.0138 1663s
  Val L:0.2244 ABS:0.4000 RMSE:1.2222 d1:0.5261
Epoch [17/40] L:0.1254 D:0.1240 F:0.0135 1606s
Epoch [18/40] L:0.1194 D:0.1181 F:0.0133 2106s
Epoch [19/40] L:0.1142 D:0.1129 F:0.0132 1618s
Epoch [20/40] L:0.1084 D:0.1071 F:0.0130 2013s
  Val L:0.2365 ABS:0.4166 RMSE:1.2482 d1:0.5355
Epoch [21/40] L:0.1026 D:0.1013 F:0.0127 1931s
Epoch [22/40] L:0.0971 D:0.0959 F:0.0125 1958s
Epoch [23/40] L:0.0923 D:0.0911 F:0.0123 1602s
Epoch [24/40] L:0.0873 D:0.0861 F:0.0120 1511s
  Val L:0.2384 ABS:0.4188 RMSE:1.2589 d1:0.5318
Epoch [25/40] L:0.0832 D:0.0820 F:0.0118 1797s
Epoch [26/40] L:0.0794 D:0.0782 F:0.0117 1791s
Epoch [27/40] L:0.0753 D:0.0741 F:0.0114 2008s
Epoch [28/40] L:0.0710 D:0.0699 F:0.0111 1319s
  Val L:0.2389 ABS:0.4224 RMSE:1.2688 d1:0.5316
Epoch [29/40] L:0.0684 D:0.0673 F:0.0111 1570s
Epoch [30/40] L:0.0660 D:0.0649 F:0.0108 1860s
Epoch [31/40] L:0.0625 D:0.0614 F:0.0106 1522s
Epoch [32/40] L:0.0607 D:0.0596 F:0.0104 1917s
  Val L:0.2396 ABS:0.4316 RMSE:1.2720 d1:0.5407
Epoch [33/40] L:0.0578 D:0.0568 F:0.0102 2008s
Epoch [34/40] L:0.0556 D:0.0546 F:0.0100 1051s
Epoch [35/40] L:0.0522 D:0.0512 F:0.0098 984s
Epoch [36/40] L:0.0509 D:0.0500 F:0.0097 930s
  Val L:0.2510 ABS:0.4277 RMSE:1.3067 d1:0.5331
Epoch [37/40] L:0.0487 D:0.0478 F:0.0093 953s
Epoch [38/40] L:0.0468 D:0.0458 F:0.0092 1340s
Epoch [39/40] L:0.0465 D:0.0455 F:0.0092 1958s
Epoch [40/40] L:0.0429 D:0.0420 F:0.0088 1256s
  Val L:0.2464 ABS:0.4356 RMSE:1.3033 d1:0.5363

Done. Best score:0.9607 RMSE:1.1960 ABS:0.4118
