/opt/conda/lib/python3.11/site-packages/timm/models/layers/__init__.py:49: FutureWarning: Importing from timm.models.layers is deprecated, please import via timm.layers
  warnings.warn(f"Importing from {__name__} is deprecated, please import via timm.layers", FutureWarning)
============================================================
Model: echodiffusion  Dataset: soundspaces
BS: 16  LR: 5e-05  Opt: AdamW
============================================================
Loaded scene split from /root/local1/changwoo/matterport3d_0303renew/scene_split.json
  train: 72, val: 9, test: 9
[train] 23560 samples (fast cache: samples_train_erp_c7ed256fbb9b.json) [waveform=ON]
Loaded scene split from /root/local1/changwoo/matterport3d_0303renew/scene_split.json
  train: 72, val: 9, test: 9
[val] 2951 samples (fast cache: samples_val_erp_89df6a83b017.json) [waveform=ON]
Train: 23560, Val: 2951
Loading weights:   0%|          | 0/210 [00:00<?, ?it/s]Loading weights: 100%|██████████| 210/210 [00:00<00:00, 12913.69it/s]
[transformers] [1mWav2Vec2Model LOAD REPORT[0m from: facebook/wav2vec2-base-960h
Key               | Status     | 
------------------+------------+-
lm_head.weight    | UNEXPECTED | 
lm_head.bias      | UNEXPECTED | 
masked_spec_embed | MISSING    | 

Notes:
- UNEXPECTED:	can be ignored when loading from different task/architecture; not ok if you expect identical arch.
- MISSING:	those params were newly initialized because missing from the checkpoint. Consider training on your downstream task.
Model: echodiffusion (132.6M params)
  [train] epoch 1 step 294/1473 (184s)
  [train] epoch 1 step 588/1473 (369s)
  [train] epoch 1 step 882/1473 (554s)
  [train] epoch 1 step 1176/1473 (736s)
  [train] epoch 1 step 1470/1473 (922s)
Epoch [1/40] L:0.3257 D:0.3257 923s
  [train] epoch 2 step 294/1473 (184s)
  [train]   Val L:0.2440 ABS:0.4187 RMSE:1.4260 d1:0.4907
  >> Best (score:1.1238 RMSE:1.4260 ABS:0.4187)
Epoch [5/40] L:0.1909 D:0.1909 741s
Epoch [6/40] L:0.1843 D:0.1843 743s
Epoch [7/40] L:0.1771 D:0.1771 739s
Epoch [8/40] L:0.1695 D:0.1695 740s
  Val L:0.2506 ABS:0.3904 RMSE:1.4319 d1:0.4880
  >> Best (score:1.1194 RMSE:1.4319 ABS:0.3904)
Epoch [9/40] L:0.1616 D:0.1616 743s
Epoch [10/40] L:0.1537 D:0.1537 742s
Epoch [11/40] L:0.1473 D:0.1473 741s
Epoch [12/40] L:0.1399 D:0.1399 741s
  Val L:0.2487 ABS:0.3997 RMSE:1.4172 d1:0.5117
  >> Best (score:1.1120 RMSE:1.4172 ABS:0.3997)
Epoch [13/40] L:0.1338 D:0.1338 741s
Epoch [14/40] L:0.1286 D:0.1286 742s
Epoch [15/40] L:0.1231 D:0.1231 846s
Epoch [16/40] L:0.1190 D:0.1190 929s
  Val L:0.2505 ABS:0.4300 RMSE:1.4039 d1:0.5297
  >> Best (score:1.1117 RMSE:1.4039 ABS:0.4300)
Epoch [17/40] L:0.1146 D:0.1146 930s
Epoch [18/40] L:0.1107 D:0.1107 931s
Epoch [19/40] L:0.1072 D:0.1072 920s
Epoch [20/40] L:0.1038 D:0.1038 930s
  Val L:0.2620 ABS:0.4262 RMSE:1.4319 d1:0.5291
Epoch [21/40] L:0.1008 D:0.1008 928s
Epoch [22/40] L:0.0978 D:0.0978 937s
Epoch [23/40] L:0.0952 D:0.0952 902s
Epoch [24/40] L:0.0928 D:0.0928 907s
  Val L:0.2617 ABS:0.4309 RMSE:1.4363 d1:0.5301
Epoch [25/40] L:0.0906 D:0.0906 942s
Epoch [26/40] L:0.0880 D:0.0880 1476s
Epoch [27/40] L:0.0865 D:0.0865 1558s
Epoch [28/40] L:0.0843 D:0.0843 1556s
  Val L:0.2668 ABS:0.4872 RMSE:1.4552 d1:0.5344
Epoch [29/40] L:0.0827 D:0.0827 1570s
Epoch [30/40] L:0.0810 D:0.0810 1549s
Epoch [31/40] L:0.0793 D:0.0793 1555s
Epoch [32/40] L:0.0777 D:0.0777 1556s
  Val L:0.2721 ABS:0.4467 RMSE:1.4686 d1:0.5369
Epoch [33/40] L:0.0760 D:0.0760 1566s
Epoch [34/40] L:0.0751 D:0.0751 1568s
Epoch [35/40] L:0.0735 D:0.0735 1535s
Epoch [36/40] L:0.0722 D:0.0722 1576s
  Val L:0.2658 ABS:0.4372 RMSE:1.4550 d1:0.5430
Epoch [37/40] L:0.0709 D:0.0709 1549s
Epoch [38/40] L:0.0694 D:0.0694 1572s
Epoch [39/40] L:0.0684 D:0.0684 1548s
Epoch [40/40] L:0.0672 D:0.0672 1573s
  Val L:0.2699 ABS:0.4441 RMSE:1.4721 d1:0.5355

Done. Best score:1.1117 RMSE:1.4039 ABS:0.4300
(182s)
  [train] epoch 9 step 588/1473 (362s)
  [train] epoch 9 step 882/1473 (543s)
  [train] epoch 9 step 1176/1473 (722s)
  [train] epoch 9 step 1470/1473 (903s)
Epoch [9/40] L:0.1642 D:0.1642 905s
  [train] epoch 10 step 294/1473 (181s)
  [train] epoch 10 step 588/1473 (362s)
  [train] epoch 10 step 882/1473 (544s)
  [train] epoch 10 step 1176/1473 (730s)
  [train] epoch 10 step 1470/1473 (919s)
Epoch [10/40] L:0.1573 D:0.1573 920s
  [train] epoch 11 step 294/1473 (191s)
  [train] epoch 11 step 588/1473 (377s)
  [train] epoch 11 step 882/1473 (566s)
  [train] epoch 11 step 1176/1473 (753s)
  [train] epoch 11 step 1470/1473 (1070s)
Epoch [11/40] L:0.1504 D:0.1504 1073s
  [train] epoch 12 step 294/1473 (316s)
  [train] epoch 12 step 588/1473 (632s)
  [train] epoch 12 step 882/1473 (945s)
  [train] epoch 12 step 1176/1473 (1259s)
  [train] epoch 12 step 1470/1473 (1575s)
Epoch [12/40] L:0.1446 D:0.1446 1578s
  [val] starting (185 batches)
  [val] 50/185 (25s)
  [val] 100/185 (49s)
  [val] 150/185 (73s)
  [val] done (185 batches, 90s)
  Val L:0.2541 ABS:0.4290 RMSE:1.4163 d1:0.5179
  [train] epoch 13 step 294/1473 (314s)
  [train] epoch 13 step 588/1473 (627s)
  [train] epoch 13 step 882/1473 (943s)
  [train] epoch 13 step 1176/1473 (1253s)
  [train] epoch 13 step 1470/1473 (1553s)
Epoch [13/40] L:0.1393 D:0.1393 1556s
  [train] epoch 14 step 294/1473 (313s)
  [train] epoch 14 step 588/1473 (631s)
  [train] epoch 14 step 882/1473 (940s)
  [train] epoch 14 step 1176/1473 (1248s)
  [train] epoch 14 step 1470/1473 (1564s)
Epoch [14/40] L:0.1338 D:0.1338 1567s
  [train] epoch 15 step 294/1473 (316s)
  [train] epoch 15 step 588/1473 (629s)
  [train] epoch 15 step 882/1473 (944s)
  [train] epoch 15 step 1176/1473 (1258s)
  [train] epoch 15 step 1470/1473 (1574s)
Epoch [15/40] L:0.1290 D:0.1290 1577s
  [train] epoch 16 step 294/1473 (309s)
  [train] epoch 16 step 588/1473 (613s)
  [train] epoch 16 step 882/1473 (925s)
  [train] epoch 16 step 1176/1473 (1235s)
  [train] epoch 16 step 1470/1473 (1553s)
Epoch [16/40] L:0.1244 D:0.1244 1556s
  [val] starting (185 batches)
  [val] 50/185 (26s)
  [val] 100/185 (51s)
  [val] 150/185 (74s)
  [val] done (185 batches, 91s)
  Val L:0.2610 ABS:0.4582 RMSE:1.4180 d1:0.5352
  [train] epoch 17 step 294/1473 (314s)
  [train] epoch 17 step 588/1473 (630s)
  [train] epoch 17 step 882/1473 (943s)
  [train] epoch 17 step 1176/1473 (1256s)
  [train] epoch 17 step 1470/1473 (1569s)
Epoch [17/40] L:0.1198 D:0.1198 1573s
  [train] epoch 18 step 294/1473 (310s)
  [train] epoch 18 step 588/1473 (619s)
  [train] epoch 18 step 882/1473 (922s)
  [train] epoch 18 step 1176/1473 (1229s)
  [train] epoch 18 step 1470/1473 (1542s)
Epoch [18/40] L:0.1159 D:0.1159 1545s
  [train] epoch 19 step 294/1473 (311s)
  [train] epoch 19 step 588/1473 (624s)
  [train] epoch 19 step 882/1473 (935s)
  [train] epoch 19 step 1176/1473 (1250s)
  [train] epoch 19 step 1470/1473 (1566s)
Epoch [19/40] L:0.1120 D:0.1120 1568s
  [train] epoch 20 step 294/1473 (313s)
  [train] epoch 20 step 588/1473 (625s)
  [train] epoch 20 step 882/1473 (936s)
  [train] epoch 20 step 1176/1473 (1237s)
  [train] epoch 20 step 1470/1473 (1548s)
Epoch [20/40] L:0.1088 D:0.1088 1551s
  [val] starting (185 batches)
  [val] 50/185 (27s)
  [val] 100/185 (51s)
  [val] 150/185 (75s)
  [val] done (185 batches, 92s)
  Val L:0.2627 ABS:0.4247 RMSE:1.4334 d1:0.5287
  [train] epoch 21 step 294/1473 (314s)
  [train] epoch 21 step 588/1473 (626s)
  [train] epoch 21 step 882/1473 (936s)
  [train] epoch 21 step 1176/1473 (1250s)
  [train] epoch 21 step 1470/1473 (1569s)
Epoch [21/40] L:0.1058 D:0.1058 1572s
  [train] epoch 22 step 294/1473 (315s)
  [train] epoch 22 step 588/1473 (628s)
  [train] epoch 22 step 882/1473 (937s)
  [train] epoch 22 step 1176/1473 (1248s)
  [train] epoch 22 step 1470/1473 (1544s)
Epoch [22/40] L:0.1032 D:0.1032 1547s
  [train] epoch 23 step 294/1473 (311s)
  [train] epoch 23 step 588/1473 (620s)
  [train] epoch 23 step 882/1473 (935s)
  [train] epoch 23 step 1176/1473 (1247s)
  [train] epoch 23 step 1470/1473 (1561s)
Epoch [23/40] L:0.1001 D:0.1001 1564s
  [train] epoch 24 step 294/1473 (317s)
  [train] epoch 24 step 588/1473 (630s)
  [train] epoch 24 step 882/1473 (940s)
  [train] epoch 24 step 1176/1473 (1253s)
  [train] epoch 24 step 1470/1473 (1567s)
Epoch [24/40] L:0.0975 D:0.0975 1570s
  [val] starting (185 batches)
  [val] 50/185 (25s)
  [val] 100/185 (50s)
  [val] 150/185 (74s)
  [val] done (185 batches, 90s)
  Val L:0.2610 ABS:0.4467 RMSE:1.4222 d1:0.5432
  [train] epoch 25 step 294/1473 (303s)
  [train] epoch 25 step 588/1473 (618s)
  [train] epoch 25 step 882/1473 (928s)
  [train] epoch 25 step 1176/1473 (1244s)
  [train] epoch 25 step 1470/1473 (1557s)
Epoch [25/40] L:0.0951 D:0.0951 1561s
  [train] epoch 26 step 294/1473 (313s)
  [train] epoch 26 step 588/1473 (630s)
  [train] epoch 26 step 882/1473 (937s)
  [train] epoch 26 step 1176/1473 (1212s)
  [train] epoch 26 step 1470/1473 (1514s)
Epoch [26/40] L:0.0928 D:0.0928 1517s
  [train] epoch 27 step 294/1473 (303s)
  [train] epoch 27 step 588/1473 (594s)
  [train] epoch 27 step 882/1473 (894s)
  [train] epoch 27 step 1176/1473 (1198s)
  [train] epoch 27 step 1470/1473 (1489s)
Epoch [27/40] L:0.0908 D:0.0908 1492s
  [train] epoch 28 step 294/1473 (301s)
  [train] epoch 28 step 588/1473 (605s)
  [train] epoch 28 step 882/1473 (905s)
  [train] epoch 28 step 1176/1473 (1205s)
  [train] epoch 28 step 1470/1473 (1505s)
Epoch [28/40] L:0.0890 D:0.0890 1508s
  [val] starting (185 batches)
  [val] 50/185 (25s)
  [val] 100/185 (47s)
  [val] 150/185 (69s)
  [val] done (185 batches, 86s)
  Val L:0.2603 ABS:0.4455 RMSE:1.4322 d1:0.5370
  [train] epoch 29 step 294/1473 (303s)
  [train] epoch 29 step 588/1473 (605s)
  [train] epoch 29 step 882/1473 (896s)
  [train] epoch 29 step 1176/1473 (1196s)
  [train] epoch 29 step 1470/1473 (1497s)
Epoch [29/40] L:0.0874 D:0.0874 1499s
  [train] epoch 30 step 294/1473 (297s)
  [train] epoch 30 step 588/1473 (597s)
  [train] epoch 30 step 882/1473 (897s)
  [train] epoch 30 step 1176/1473 (1197s)
  [train] epoch 30 step 1470/1473 (1498s)
Epoch [30/40] L:0.0856 D:0.0856 1501s
  [train] epoch 31 step 294/1473 (301s)
  [train] epoch 31 step 588/1473 (592s)
  [train] epoch 31 step 882/1473 (894s)
  [train] epoch 31 step 1176/1473 (1190s)
  [train] epoch 31 step 1470/1473 (1487s)
Epoch [31/40] L:0.0836 D:0.0836 1490s
  [train] epoch 32 step 294/1473 (303s)
  [train] epoch 32 step 588/1473 (604s)
  [train] epoch 32 step 882/1473 (897s)
  [train] epoch 32 step 1176/1473 (1198s)
  [train] epoch 32 step 1470/1473 (1501s)
Epoch [32/40] L:0.0822 D:0.0822 1504s
  [val] starting (185 batches)
  [val] 50/185 (25s)
  [val] 100/185 (50s)
  [val] 150/185 (74s)
  [val] done (185 batches, 91s)
  Val L:0.2644 ABS:0.4633 RMSE:1.4505 d1:0.5415
  [train] epoch 33 step 294/1473 (304s)
  [train] epoch 33 step 588/1473 (607s)
  [train] epoch 33 step 882/1473 (903s)
  [train] epoch 33 step 1176/1473 (1204s)
  [train] epoch 33 step 1470/1473 (1504s)
Epoch [33/40] L:0.0802 D:0.0802 1507s
  [train] epoch 34 step 294/1473 (256s)
  [train] epoch 34 step 588/1473 (563s)
  [train] epoch 34 step 882/1473 (869s)
  [train] epoch 34 step 1176/1473 (1173s)
  [train] epoch 34 step 1470/1473 (1478s)
Epoch [34/40] L:0.0790 D:0.0790 1481s
  [train] epoch 35 step 294/1473 (308s)
  [train] epoch 35 step 588/1473 (617s)
  [train] epoch 35 step 882/1473 (924s)
  [train] epoch 35 step 1176/1473 (1230s)
  [train] epoch 35 step 1470/1473 (1532s)
Epoch [35/40] L:0.0775 D:0.0775 1535s
  [train] epoch 36 step 294/1473 (307s)
  [train] epoch 36 step 588/1473 (615s)
  [train] epoch 36 step 882/1473 (923s)
  [train] epoch 36 step 1176/1473 (1223s)
  [train] epoch 36 step 1470/1473 (1530s)
Epoch [36/40] L:0.0757 D:0.0757 1533s
  [val] starting (185 batches)
  [val] 50/185 (24s)
  [val] 100/185 (49s)
  [val] 150/185 (72s)
  [val] done (185 batches, 88s)
  Val L:0.2739 ABS:0.4512 RMSE:1.4790 d1:0.5373
  [train] epoch 37 step 294/1473 (308s)
  [train] epoch 37 step 588/1473 (619s)
  [train] epoch 37 step 882/1473 (928s)
  [train] epoch 37 step 1176/1473 (1236s)
  [train] epoch 37 step 1470/1473 (1544s)
Epoch [37/40] L:0.0745 D:0.0745 1547s
  [train] epoch 38 step 294/1473 (295s)
  [train] epoch 38 step 588/1473 (604s)
  [train] epoch 38 step 882/1473 (925s)
  [train] epoch 38 step 1176/1473 (1247s)
  [train] epoch 38 step 1470/1473 (1567s)
Epoch [38/40] L:0.0728 D:0.0728 1570s
  [train] epoch 39 step 294/1473 (314s)
  [train] epoch 39 step 588/1473 (627s)
  [train] epoch 39 step 882/1473 (947s)
  [train] epoch 39 step 1176/1473 (1268s)
