/opt/conda/lib/python3.11/site-packages/timm/models/layers/__init__.py:49: FutureWarning: Importing from timm.models.layers is deprecated, please import via timm.layers
  warnings.warn(f"Importing from {__name__} is deprecated, please import via timm.layers", FutureWarning)
============================================================
Model: n3_multiscale_sh  Dataset: soundspaces
BS: 32  LR: 0.001  Opt: AdamW
============================================================
Loaded scene split from /root/storage/matterport3d_0303renew/scene_split.json
  train: 72, val: 9, test: 9
[train] 23560 samples (fast cache: samples_train_erp_8b3be925d3ae.json) [ambisonic=ON]
  Precomputed SH basis matrix: (131072, 4) (order=1)
Loaded scene split from /root/storage/matterport3d_0303renew/scene_split.json
  train: 72, val: 9, test: 9
[val] 2951 samples (fast cache: samples_val_erp_be0f29dd7abf.json) [ambisonic=ON]
  Precomputed SH basis matrix: (131072, 4) (order=1)
Train: 23560, Val: 2951
Model: n3_multiscale_sh (54.9M params)
Epoch [1/60] L:0.4418 D:0.4265 F:0.0512 200s
Epoch [2/60] L:0.3725 D:0.3617 F:0.0358 172s
Epoch [3/60] L:0.3555 D:0.3453 F:0.0341 171s
Epoch [4/60] L:0.3368 D:0.3270 F:0.0325 171s
  Val L:0.3982 ABS:0.4118 RMSE:1.3384 d1:0.4599
  >> Best (score:1.0604 RMSE:1.3384 ABS:0.4118)
Epoch [5/60] L:0.3248 D:0.3157 F:0.0304 172s
Epoch [6/60] L:0.3153 D:0.3067 F:0.0288 172s
Epoch [7/60] L:0.3074 D:0.2990 F:0.0282 174s
Epoch [8/60] L:0.3007 D:0.2926 F:0.0270 174s
  Val L:0.3590 ABS:0.4155 RMSE:1.2598 d1:0.5028
  >> Best (score:1.0065 RMSE:1.2598 ABS:0.4155)
Epoch [9/60] L:0.2936 D:0.2857 F:0.0265 188s
Epoch [10/60] L:0.2877 D:0.2800 F:0.0258 172s
Epoch [11/60] L:0.2820 D:0.2744 F:0.0255 175s
Epoch [12/60] L:0.2748 D:0.2673 F:0.0252 170s
  Val L:0.3577 ABS:0.3962 RMSE:1.2445 d1:0.5174
  >> Best (score:0.9900 RMSE:1.2445 ABS:0.3962)
Epoch [13/60] L:0.2672 D:0.2599 F:0.0245 183s
Epoch [14/60] L:0.2597 D:0.2525 F:0.0241 170s
Epoch [15/60] L:0.2515 D:0.2444 F:0.0238 169s
Epoch [16/60] L:0.2434 D:0.2364 F:0.0234 169s
  Val L:0.3619 ABS:0.4227 RMSE:1.2287 d1:0.5304
  >> Best (score:0.9869 RMSE:1.2287 ABS:0.4227)
Epoch [17/60] L:0.2345 D:0.2276 F:0.0231 186s
Epoch [18/60] L:0.2259 D:0.2190 F:0.0230 172s
Epoch [19/60] L:0.2163 D:0.2095 F:0.0226 169s
Epoch [20/60] L:0.2074 D:0.2008 F:0.0223 169s
  Val L:0.3774 ABS:0.3952 RMSE:1.2678 d1:0.5314
Epoch [21/60] L:0.1985 D:0.1920 F:0.0219 202s
Epoch [22/60] L:0.1886 D:0.1821 F:0.0218 172s
Epoch [23/60] L:0.1782 D:0.1718 F:0.0213 170s
Epoch [24/60] L:0.1688 D:0.1625 F:0.0210 170s
  Val L:0.3968 ABS:0.4028 RMSE:1.2825 d1:0.5300
Epoch [25/60] L:0.1607 D:0.1545 F:0.0208 170s
Epoch [26/60] L:0.1525 D:0.1463 F:0.0206 171s
Epoch [27/60] L:0.1438 D:0.1377 F:0.0203 180s
Epoch [28/60] L:0.1367 D:0.1307 F:0.0200 178s
  Val L:0.4162 ABS:0.4547 RMSE:1.2967 d1:0.5248
Epoch [29/60] L:0.1294 D:0.1235 F:0.0195 184s
Epoch [30/60] L:0.1237 D:0.1178 F:0.0196 184s
Epoch [31/60] L:0.1173 D:0.1115 F:0.0191 224s
Epoch [32/60] L:0.1121 D:0.1064 F:0.0190 184s
  Val L:0.4237 ABS:0.4541 RMSE:1.3126 d1:0.5320
Epoch [33/60] L:0.1066 D:0.1010 F:0.0187 204s
Epoch [34/60] L:0.1024 D:0.0969 F:0.0183 194s
Epoch [35/60] L:0.0990 D:0.0935 F:0.0183 228s
Epoch [36/60] L:0.0940 D:0.0887 F:0.0177 241s
  Val L:0.4188 ABS:0.4463 RMSE:1.3163 d1:0.5259
Epoch [37/60] L:0.0898 D:0.0846 F:0.0174 518s
Epoch [38/60] L:0.0880 D:0.0829 F:0.0171 358s
Epoch [39/60] L:0.0835 D:0.0784 F:0.0169 306s
Epoch [40/60] L:0.0805 D:0.0755 F:0.0168 255s
  Val L:0.4276 ABS:0.4453 RMSE:1.3367 d1:0.5278
Epoch [41/60] L:0.0798 D:0.0748 F:0.0166 276s
Epoch [42/60] L:0.0751 D:0.0703 F:0.0161 196s
Epoch [43/60] L:0.0719 D:0.0671 F:0.0159 194s
Epoch [44/60] L:0.0702 D:0.0655 F:0.0156 201s
  Val L:0.4242 ABS:0.4650 RMSE:1.3310 d1:0.5257
Epoch [45/60] L:0.0689 D:0.0642 F:0.0155 237s
Epoch [46/60] L:0.0666 D:0.0621 F:0.0150 206s
Epoch [47/60] L:0.0648 D:0.0603 F:0.0149 209s
Epoch [48/60] L:0.0630 D:0.0586 F:0.0146 201s
  Val L:0.4203 ABS:0.4424 RMSE:1.3290 d1:0.5336
Epoch [49/60] L:0.0601 D:0.0558 F:0.0143 232s
Epoch [50/60] L:0.0593 D:0.0550 F:0.0143 195s
Epoch [51/60] L:0.0579 D:0.0537 F:0.0140 246s
Epoch [52/60] L:0.0567 D:0.0526 F:0.0138 197s
  Val L:0.4236 ABS:0.4503 RMSE:1.3366 d1:0.5354
Epoch [53/60] L:0.0578 D:0.0537 F:0.0138 271s
Epoch [54/60] L:0.0548 D:0.0508 F:0.0134 213s
Epoch [55/60] L:0.0514 D:0.0475 F:0.0130 207s
Epoch [56/60] L:0.0507 D:0.0468 F:0.0129 209s
  Val L:0.4265 ABS:0.4603 RMSE:1.3504 d1:0.5391
Epoch [57/60] L:0.0515 D:0.0476 F:0.0128 247s
Epoch [58/60] L:0.0674 D:0.0631 F:0.0142 196s
Epoch [59/60] L:0.0541 D:0.0502 F:0.0128 197s
Epoch [60/60] L:0.0453 D:0.0417 F:0.0119 203s
  Val L:0.4183 ABS:0.4548 RMSE:1.3307 d1:0.5377

Done. Best score:0.9869 RMSE:1.2287 ABS:0.4227
