/opt/conda/lib/python3.11/site-packages/timm/models/layers/__init__.py:49: FutureWarning: Importing from timm.models.layers is deprecated, please import via timm.layers
  warnings.warn(f"Importing from {__name__} is deprecated, please import via timm.layers", FutureWarning)
============================================================
Model: pretrained_vit_foa_v6_mssh  Dataset: soundspaces
BS: 32  LR: 0.0001  Opt: AdamW
============================================================
Loaded scene split from /root/storage/matterport3d_0303renew/scene_split.json
  train: 72, val: 9, test: 9
[train] 23560 samples (fast cache: samples_train_erp_8b3be925d3ae.json) [ambisonic=ON]
  Precomputed SH basis matrix: (131072, 4) (order=1)
Loaded scene split from /root/storage/matterport3d_0303renew/scene_split.json
  train: 72, val: 9, test: 9
[val] 2951 samples (fast cache: samples_val_erp_be0f29dd7abf.json) [ambisonic=ON]
  Precomputed SH basis matrix: (131072, 4) (order=1)
Train: 23560, Val: 2951
Model: pretrained_vit_foa_v6_mssh (91.5M params)
Epoch [1/60] L:0.2874 D:0.2821 F:0.0532 531s
Epoch [2/60] L:0.2232 D:0.2192 F:0.0400 627s
Epoch [3/60] L:0.2139 D:0.2102 F:0.0371 1294s
Epoch [4/60] L:0.2052 D:0.2016 F:0.0354 994s
  Val L:0.2397 ABS:0.4359 RMSE:1.2983 d1:0.4843
  >> Best (score:1.0396 RMSE:1.2983 ABS:0.4359)
Epoch [5/60] L:0.1977 D:0.1944 F:0.0333 692s
Epoch [6/60] L:0.1927 D:0.1895 F:0.0318 656s
Epoch [7/60] L:0.1882 D:0.1852 F:0.0298 585s
Epoch [8/60] L:0.1843 D:0.1814 F:0.0293 615s
  Val L:0.2246 ABS:0.4111 RMSE:1.2511 d1:0.5162
  >> Best (score:0.9991 RMSE:1.2511 ABS:0.4111)
Epoch [9/60] L:0.1809 D:0.1780 F:0.0289 671s
Epoch [10/60] L:0.1782 D:0.1754 F:0.0283 680s
Epoch [11/60] L:0.1743 D:0.1716 F:0.0272 970s
Epoch [12/60] L:0.1704 D:0.1678 F:0.0267 668s
  Val L:0.2283 ABS:0.4069 RMSE:1.2549 d1:0.5074
Epoch [13/60] L:0.1675 D:0.1649 F:0.0266 714s
Epoch [14/60] L:0.1634 D:0.1608 F:0.0261 759s
Epoch [15/60] L:0.1587 D:0.1562 F:0.0256 730s
Epoch [16/60] L:0.1550 D:0.1525 F:0.0252 577s
  Val L:0.2258 ABS:0.4073 RMSE:1.2358 d1:0.5322
  >> Best (score:0.9872 RMSE:1.2358 ABS:0.4073)
Epoch [17/60] L:0.1503 D:0.1478 F:0.0247 690s
Epoch [18/60] L:0.1462 D:0.1438 F:0.0247 673s
Epoch [19/60] L:0.1410 D:0.1386 F:0.0241 621s
Epoch [20/60] L:0.1364 D:0.1340 F:0.0237 487s
  Val L:0.2410 ABS:0.4037 RMSE:1.2854 d1:0.5276
Epoch [21/60] L:0.1313 D:0.1290 F:0.0234 490s
Epoch [22/60] L:0.1274 D:0.1250 F:0.0233 481s
Epoch [23/60] L:0.1223 D:0.1200 F:0.0229 516s
Epoch [24/60] L:0.1180 D:0.1158 F:0.0226 453s
  Val L:0.2488 ABS:0.4204 RMSE:1.2837 d1:0.5297
Epoch [25/60] L:0.1142 D:0.1120 F:0.0222 489s
Epoch [26/60] L:0.1100 D:0.1078 F:0.0220 463s
Epoch [27/60] L:0.1065 D:0.1044 F:0.0218 471s
Epoch [28/60] L:0.1013 D:0.0992 F:0.0211 480s
  Val L:0.2464 ABS:0.4371 RMSE:1.2857 d1:0.5340
Epoch [29/60] L:0.0997 D:0.0976 F:0.0210 463s
Epoch [30/60] L:0.0954 D:0.0933 F:0.0206 509s
Epoch [31/60] L:0.0918 D:0.0898 F:0.0201 501s
Epoch [32/60] L:0.0889 D:0.0869 F:0.0200 450s
  Val L:0.2517 ABS:0.4435 RMSE:1.3019 d1:0.5336
Epoch [33/60] L:0.0865 D:0.0845 F:0.0197 456s
Epoch [34/60] L:0.0839 D:0.0819 F:0.0194 458s
Epoch [35/60] L:0.0808 D:0.0790 F:0.0189 458s
Epoch [36/60] L:0.0784 D:0.0765 F:0.0186 440s
  Val L:0.2572 ABS:0.4410 RMSE:1.3226 d1:0.5368
Epoch [37/60] L:0.0774 D:0.0755 F:0.0183 440s
Epoch [38/60] L:0.0743 D:0.0725 F:0.0180 438s
Epoch [39/60] L:0.0722 D:0.0704 F:0.0176 450s
Epoch [40/60] L:0.0701 D:0.0683 F:0.0173 483s
  Val L:0.2620 ABS:0.4387 RMSE:1.3315 d1:0.5363
Epoch [41/60] L:0.0676 D:0.0659 F:0.0168 442s
Epoch [42/60] L:0.0654 D:0.0638 F:0.0165 442s
Epoch [43/60] L:0.0650 D:0.0633 F:0.0163 444s
Epoch [44/60] L:0.0624 D:0.0608 F:0.0157 434s
  Val L:0.2576 ABS:0.4650 RMSE:1.3308 d1:0.5398
Epoch [45/60] L:0.0605 D:0.0589 F:0.0154 439s
Epoch [46/60] L:0.0598 D:0.0583 F:0.0153 438s
Epoch [47/60] L:0.0579 D:0.0564 F:0.0148 443s
Epoch [48/60] L:0.0555 D:0.0540 F:0.0143 440s
  Val L:0.2652 ABS:0.4454 RMSE:1.3506 d1:0.5359
Epoch [49/60] L:0.0537 D:0.0523 F:0.0139 439s
Epoch [50/60] L:0.0528 D:0.0514 F:0.0137 460s
Epoch [51/60] L:0.0521 D:0.0507 F:0.0136 443s
Epoch [52/60] L:0.0508 D:0.0495 F:0.0132 441s
  Val L:0.2663 ABS:0.4445 RMSE:1.3593 d1:0.5359
Epoch [53/60] L:0.0517 D:0.0504 F:0.0134 441s
Epoch [54/60] L:0.0471 D:0.0459 F:0.0123 444s
Epoch [55/60] L:0.0450 D:0.0438 F:0.0119 441s
Epoch [56/60] L:0.0443 D:0.0431 F:0.0117 436s
  Val L:0.2679 ABS:0.4365 RMSE:1.3599 d1:0.5355
Epoch [57/60] L:0.0440 D:0.0428 F:0.0116 451s
Epoch [58/60] L:0.0432 D:0.0421 F:0.0114 441s
Epoch [59/60] L:0.0422 D:0.0411 F:0.0112 438s
Epoch [60/60] L:0.0408 D:0.0397 F:0.0109 512s
  Val L:0.2651 ABS:0.4500 RMSE:1.3554 d1:0.5401

Done. Best score:0.9872 RMSE:1.2358 ABS:0.4073
