/opt/conda/lib/python3.11/site-packages/timm/models/layers/__init__.py:49: FutureWarning: Importing from timm.models.layers is deprecated, please import via timm.layers
  warnings.warn(f"Importing from {__name__} is deprecated, please import via timm.layers", FutureWarning)
============================================================
Model: n3_multiscale_sh  Dataset: soundspaces
BS: 32  LR: 0.001  Opt: AdamW
============================================================
Loaded scene split from /root/storage/matterport3d_0303renew/scene_split.json
  train: 72, val: 9, test: 9
[train] 23560 samples (fast cache: samples_train_erp_8b3be925d3ae.json) [ambisonic=ON]
  Precomputed SH basis matrix: (131072, 4) (order=1)
Loaded scene split from /root/storage/matterport3d_0303renew/scene_split.json
  train: 72, val: 9, test: 9
[val] 2951 samples (fast cache: samples_val_erp_be0f29dd7abf.json) [ambisonic=ON]
  Precomputed SH basis matrix: (131072, 4) (order=1)
Train: 23560, Val: 2951
Model: n3_multiscale_sh (54.9M params)
Epoch [1/60] L:0.4548 D:0.4189 F:0.0513 200s
Epoch [2/60] L:0.3904 D:0.3652 F:0.0360 171s
Epoch [3/60] L:0.3749 D:0.3520 F:0.0328 170s
Epoch [4/60] L:0.3612 D:0.3389 F:0.0319 169s
  Val L:0.4174 ABS:0.4359 RMSE:1.3509 d1:0.4690
  >> Best (score:1.0764 RMSE:1.3509 ABS:0.4359)
Epoch [5/60] L:0.3388 D:0.3181 F:0.0297 185s
Epoch [6/60] L:0.3295 D:0.3097 F:0.0283 172s
Epoch [7/60] L:0.3220 D:0.3031 F:0.0269 171s
Epoch [8/60] L:0.3152 D:0.2969 F:0.0260 176s
  Val L:0.3825 ABS:0.4037 RMSE:1.2939 d1:0.5080
  >> Best (score:1.0269 RMSE:1.2939 ABS:0.4037)
Epoch [9/60] L:0.3082 D:0.2906 F:0.0253 186s
Epoch [10/60] L:0.3005 D:0.2834 F:0.0244 177s
Epoch [11/60] L:0.2935 D:0.2769 F:0.0238 174s
Epoch [12/60] L:0.2875 D:0.2712 F:0.0234 170s
  Val L:0.3691 ABS:0.4087 RMSE:1.2409 d1:0.5237
  >> Best (score:0.9913 RMSE:1.2409 ABS:0.4087)
Epoch [13/60] L:0.2795 D:0.2634 F:0.0229 184s
Epoch [14/60] L:0.2723 D:0.2564 F:0.0226 170s
Epoch [15/60] L:0.2643 D:0.2489 F:0.0220 170s
Epoch [16/60] L:0.2558 D:0.2405 F:0.0219 169s
  Val L:0.3726 ABS:0.4005 RMSE:1.2506 d1:0.5252
Epoch [17/60] L:0.2471 D:0.2322 F:0.0213 195s
Epoch [18/60] L:0.2391 D:0.2243 F:0.0211 171s
Epoch [19/60] L:0.2291 D:0.2145 F:0.0208 176s
Epoch [20/60] L:0.2201 D:0.2058 F:0.0205 169s
  Val L:0.3812 ABS:0.4074 RMSE:1.2346 d1:0.5295
  >> Best (score:0.9864 RMSE:1.2346 ABS:0.4074)
Epoch [21/60] L:0.2101 D:0.1959 F:0.0203 198s
Epoch [22/60] L:0.2006 D:0.1867 F:0.0198 172s
Epoch [23/60] L:0.1919 D:0.1781 F:0.0197 170s
Epoch [24/60] L:0.1831 D:0.1695 F:0.0194 169s
  Val L:0.3943 ABS:0.4158 RMSE:1.2460 d1:0.5334
Epoch [25/60] L:0.1742 D:0.1608 F:0.0191 172s
Epoch [26/60] L:0.1652 D:0.1522 F:0.0186 172s
Epoch [27/60] L:0.1575 D:0.1446 F:0.0184 180s
Epoch [28/60] L:0.1501 D:0.1375 F:0.0180 180s
  Val L:0.4096 ABS:0.4283 RMSE:1.2735 d1:0.5354
Epoch [29/60] L:0.1440 D:0.1315 F:0.0179 181s
Epoch [30/60] L:0.1368 D:0.1244 F:0.0177 181s
Epoch [31/60] L:0.1308 D:0.1189 F:0.0171 232s
Epoch [32/60] L:0.1259 D:0.1141 F:0.0168 183s
  Val L:0.4166 ABS:0.4292 RMSE:1.2973 d1:0.5330
Epoch [33/60] L:0.1209 D:0.1092 F:0.0166 205s
Epoch [34/60] L:0.1148 D:0.1034 F:0.0163 194s
Epoch [35/60] L:0.1104 D:0.0992 F:0.0161 233s
Epoch [36/60] L:0.1065 D:0.0955 F:0.0157 236s
  Val L:0.4161 ABS:0.4285 RMSE:1.2979 d1:0.5295
Epoch [37/60] L:0.1030 D:0.0921 F:0.0156 516s
Epoch [38/60] L:0.0994 D:0.0887 F:0.0153 362s
Epoch [39/60] L:0.0974 D:0.0870 F:0.0149 297s
Epoch [40/60] L:0.0920 D:0.0817 F:0.0147 257s
  Val L:0.4253 ABS:0.4392 RMSE:1.3121 d1:0.5271
Epoch [41/60] L:0.0888 D:0.0788 F:0.0143 267s
Epoch [42/60] L:0.0865 D:0.0766 F:0.0142 196s
Epoch [43/60] L:0.0841 D:0.0743 F:0.0139 192s
Epoch [44/60] L:0.0824 D:0.0729 F:0.0136 199s
  Val L:0.4307 ABS:0.4445 RMSE:1.3233 d1:0.5300
Epoch [45/60] L:0.0786 D:0.0692 F:0.0134 230s
Epoch [46/60] L:0.0765 D:0.0673 F:0.0131 207s
Epoch [47/60] L:0.0747 D:0.0655 F:0.0131 196s
Epoch [48/60] L:0.0727 D:0.0637 F:0.0128 213s
  Val L:0.4240 ABS:0.4358 RMSE:1.3184 d1:0.5325
Epoch [49/60] L:0.0703 D:0.0616 F:0.0125 244s
Epoch [50/60] L:0.0686 D:0.0599 F:0.0124 208s
Epoch [51/60] L:0.0683 D:0.0599 F:0.0121 242s
Epoch [52/60] L:0.0651 D:0.0568 F:0.0119 196s
  Val L:0.4330 ABS:0.4486 RMSE:1.3388 d1:0.5341
Epoch [53/60] L:0.0633 D:0.0551 F:0.0117 267s
Epoch [54/60] L:0.0623 D:0.0541 F:0.0117 214s
Epoch [55/60] L:0.0615 D:0.0534 F:0.0115 195s
Epoch [56/60] L:0.0597 D:0.0517 F:0.0114 194s
  Val L:0.4247 ABS:0.4321 RMSE:1.3251 d1:0.5368
Epoch [57/60] L:0.0578 D:0.0501 F:0.0110 253s
Epoch [58/60] L:0.0583 D:0.0507 F:0.0109 210s
Epoch [59/60] L:0.0565 D:0.0490 F:0.0107 196s
Epoch [60/60] L:0.0550 D:0.0475 F:0.0107 204s
  Val L:0.4325 ABS:0.4472 RMSE:1.3531 d1:0.5336

Done. Best score:0.9864 RMSE:1.2346 ABS:0.4074
