/opt/conda/lib/python3.11/site-packages/timm/models/layers/__init__.py:49: FutureWarning: Importing from timm.models.layers is deprecated, please import via timm.layers
  warnings.warn(f"Importing from {__name__} is deprecated, please import via timm.layers", FutureWarning)
============================================================
Model: n3_energy_attn  Dataset: soundspaces
BS: 32  LR: 0.001  Opt: AdamW
============================================================
Loaded scene split from /root/storage/matterport3d_0303renew/scene_split.json
  train: 72, val: 9, test: 9
[train] 23560 samples (fast cache: samples_train_erp_8b3be925d3ae.json) [ambisonic=ON]
  Precomputed SH basis matrix: (131072, 4) (order=1)
Loaded scene split from /root/storage/matterport3d_0303renew/scene_split.json
  train: 72, val: 9, test: 9
[val] 2951 samples (fast cache: samples_val_erp_be0f29dd7abf.json) [ambisonic=ON]
  Precomputed SH basis matrix: (131072, 4) (order=1)
Train: 23560, Val: 2951
Model: n3_energy_attn (57.2M params)
Epoch [1/60] L:0.4233 D:0.4169 F:0.0642 235s
Epoch [2/60] L:0.3692 D:0.3642 F:0.0497 215s
Epoch [3/60] L:0.3460 D:0.3414 F:0.0454 198s
Epoch [4/60] L:0.3306 D:0.3263 F:0.0425 175s
  Val L:0.3756 ABS:0.4372 RMSE:1.3064 d1:0.4775
  >> Best (score:1.0457 RMSE:1.3064 ABS:0.4372)
Epoch [5/60] L:0.3195 D:0.3154 F:0.0410 177s
Epoch [6/60] L:0.3125 D:0.3085 F:0.0399 170s
Epoch [7/60] L:0.3048 D:0.3009 F:0.0385 171s
Epoch [8/60] L:0.2983 D:0.2946 F:0.0370 171s
  Val L:0.3771 ABS:0.4728 RMSE:1.2835 d1:0.4714
  >> Best (score:1.0403 RMSE:1.2835 ABS:0.4728)
Epoch [9/60] L:0.2924 D:0.2887 F:0.0366 175s
Epoch [10/60] L:0.2852 D:0.2815 F:0.0367 173s
Epoch [11/60] L:0.2796 D:0.2761 F:0.0356 170s
Epoch [12/60] L:0.2731 D:0.2696 F:0.0353 171s
  Val L:0.3519 ABS:0.3870 RMSE:1.2475 d1:0.5182
  >> Best (score:0.9894 RMSE:1.2475 ABS:0.3870)
Epoch [13/60] L:0.2665 D:0.2630 F:0.0348 183s
Epoch [14/60] L:0.2599 D:0.2565 F:0.0342 169s
Epoch [15/60] L:0.2512 D:0.2479 F:0.0334 170s
Epoch [16/60] L:0.2430 D:0.2397 F:0.0329 171s
  Val L:0.3599 ABS:0.4185 RMSE:1.2376 d1:0.5186
Epoch [17/60] L:0.2339 D:0.2306 F:0.0327 173s
Epoch [18/60] L:0.2258 D:0.2226 F:0.0324 170s
Epoch [19/60] L:0.2167 D:0.2135 F:0.0321 171s
Epoch [20/60] L:0.2077 D:0.2045 F:0.0315 171s
  Val L:0.3820 ABS:0.4103 RMSE:1.2623 d1:0.5149
Epoch [21/60] L:0.1984 D:0.1953 F:0.0313 173s
Epoch [22/60] L:0.1884 D:0.1853 F:0.0306 171s
Epoch [23/60] L:0.1803 D:0.1772 F:0.0304 170s
Epoch [24/60] L:0.1710 D:0.1681 F:0.0294 168s
  Val L:0.3833 ABS:0.4419 RMSE:1.2566 d1:0.5242
Epoch [25/60] L:0.1623 D:0.1594 F:0.0292 182s
Epoch [26/60] L:0.1536 D:0.1507 F:0.0288 184s
Epoch [27/60] L:0.1465 D:0.1437 F:0.0282 181s
Epoch [28/60] L:0.1395 D:0.1368 F:0.0274 195s
  Val L:0.4026 ABS:0.4191 RMSE:1.2800 d1:0.5290
Epoch [29/60] L:0.1327 D:0.1299 F:0.0274 238s
Epoch [30/60] L:0.1270 D:0.1243 F:0.0272 220s
Epoch [31/60] L:0.1212 D:0.1185 F:0.0266 258s
Epoch [32/60] L:0.1152 D:0.1126 F:0.0262 368s
  Val L:0.3922 ABS:0.4323 RMSE:1.2726 d1:0.5348
Epoch [33/60] L:0.1114 D:0.1088 F:0.0263 243s
Epoch [34/60] L:0.1064 D:0.1038 F:0.0259 182s
Epoch [35/60] L:0.1021 D:0.0995 F:0.0258 177s
Epoch [36/60] L:0.0978 D:0.0952 F:0.0255 173s
  Val L:0.4170 ABS:0.4412 RMSE:1.3154 d1:0.5333
Epoch [37/60] L:0.0942 D:0.0916 F:0.0254 178s
Epoch [38/60] L:0.0918 D:0.0892 F:0.0253 171s
Epoch [39/60] L:0.0878 D:0.0852 F:0.0252 173s
Epoch [40/60] L:0.0836 D:0.0811 F:0.0249 183s
  Val L:0.4031 ABS:0.4216 RMSE:1.3074 d1:0.5325
Epoch [41/60] L:0.0807 D:0.0782 F:0.0247 182s
Epoch [42/60] L:0.0791 D:0.0767 F:0.0247 175s
Epoch [43/60] L:0.0768 D:0.0743 F:0.0245 176s
Epoch [44/60] L:0.0771 D:0.0746 F:0.0242 177s
  Val L:0.4098 ABS:0.4396 RMSE:1.3141 d1:0.5273
Epoch [45/60] L:0.0704 D:0.0680 F:0.0238 181s
Epoch [46/60] L:0.0673 D:0.0649 F:0.0239 178s
Epoch [47/60] L:0.0664 D:0.0640 F:0.0237 199s
Epoch [48/60] L:0.0658 D:0.0634 F:0.0236 203s
  Val L:0.4123 ABS:0.4487 RMSE:1.3225 d1:0.5296
Epoch [49/60] L:0.0643 D:0.0620 F:0.0233 186s
Epoch [50/60] L:0.0613 D:0.0590 F:0.0231 186s
Epoch [51/60] L:0.0603 D:0.0580 F:0.0229 193s
Epoch [52/60] L:0.0585 D:0.0563 F:0.0227 185s
  Val L:0.4178 ABS:0.4535 RMSE:1.3347 d1:0.5262
Epoch [53/60] L:0.0567 D:0.0544 F:0.0228 193s
Epoch [54/60] L:0.0556 D:0.0533 F:0.0226 182s
Epoch [55/60] L:0.0547 D:0.0525 F:0.0221 187s
Epoch [56/60] L:0.0623 D:0.0600 F:0.0230 199s
  Val L:0.4373 ABS:0.4613 RMSE:1.3450 d1:0.5295
Epoch [57/60] L:0.0678 D:0.0655 F:0.0229 203s
Epoch [58/60] L:0.0513 D:0.0491 F:0.0216 178s
Epoch [59/60] L:0.0458 D:0.0437 F:0.0213 179s
Epoch [60/60] L:0.0449 D:0.0428 F:0.0212 181s
  Val L:0.4063 ABS:0.4541 RMSE:1.3240 d1:0.5382

Done. Best score:0.9894 RMSE:1.2475 ABS:0.3870
