/opt/conda/lib/python3.11/site-packages/timm/models/layers/__init__.py:49: FutureWarning: Importing from timm.models.layers is deprecated, please import via timm.layers
  warnings.warn(f"Importing from {__name__} is deprecated, please import via timm.layers", FutureWarning)
============================================================
Model: n3_energy_attn  Dataset: soundspaces
BS: 32  LR: 0.001  Opt: AdamW
============================================================
Loaded scene split from /root/storage/matterport3d_0303renew/scene_split.json
  train: 72, val: 9, test: 9
[train] 23560 samples (fast cache: samples_train_erp_8b3be925d3ae.json) [ambisonic=ON]
  Precomputed SH basis matrix: (131072, 4) (order=1)
Loaded scene split from /root/storage/matterport3d_0303renew/scene_split.json
  train: 72, val: 9, test: 9
[val] 2951 samples (fast cache: samples_val_erp_be0f29dd7abf.json) [ambisonic=ON]
  Precomputed SH basis matrix: (131072, 4) (order=1)
Train: 23560, Val: 2951
Model: n3_energy_attn (57.2M params)
Epoch [1/60] L:0.4472 D:0.4155 F:0.0640 411s
Epoch [2/60] L:0.3878 D:0.3606 F:0.0492 280s
Epoch [3/60] L:0.3718 D:0.3463 F:0.0456 275s
Epoch [4/60] L:0.3528 D:0.3295 F:0.0426 271s
  Val L:0.4177 ABS:0.3975 RMSE:1.3976 d1:0.4629
  >> Best (score:1.0976 RMSE:1.3976 ABS:0.3975)
Epoch [5/60] L:0.3403 D:0.3187 F:0.0409 234s
Epoch [6/60] L:0.3296 D:0.3092 F:0.0391 193s
Epoch [7/60] L:0.3221 D:0.3025 F:0.0378 196s
Epoch [8/60] L:0.3144 D:0.2954 F:0.0372 212s
  Val L:0.3550 ABS:0.4087 RMSE:1.2645 d1:0.5003
  >> Best (score:1.0077 RMSE:1.2645 ABS:0.4087)
Epoch [9/60] L:0.3080 D:0.2894 F:0.0365 234s
Epoch [10/60] L:0.3012 D:0.2830 F:0.0353 223s
Epoch [11/60] L:0.2935 D:0.2757 F:0.0352 214s
Epoch [12/60] L:0.2874 D:0.2698 F:0.0346 235s
  Val L:0.3794 ABS:0.3703 RMSE:1.3035 d1:0.4926
Epoch [13/60] L:0.2821 D:0.2646 F:0.0346 257s
Epoch [14/60] L:0.2741 D:0.2569 F:0.0340 228s
Epoch [15/60] L:0.2659 D:0.2489 F:0.0333 230s
Epoch [16/60] L:0.2582 D:0.2415 F:0.0329 235s
  Val L:0.3625 ABS:0.4214 RMSE:1.2404 d1:0.5223
  >> Best (score:0.9947 RMSE:1.2404 ABS:0.4214)
Epoch [17/60] L:0.2492 D:0.2326 F:0.0324 253s
Epoch [18/60] L:0.2415 D:0.2250 F:0.0322 242s
Epoch [19/60] L:0.2307 D:0.2146 F:0.0310 250s
Epoch [20/60] L:0.2225 D:0.2065 F:0.0313 241s
  Val L:0.3822 ABS:0.4126 RMSE:1.2713 d1:0.5197
Epoch [21/60] L:0.2124 D:0.1966 F:0.0307 302s
Epoch [22/60] L:0.2016 D:0.1861 F:0.0301 535s
Epoch [23/60] L:0.1926 D:0.1772 F:0.0299 335s
Epoch [24/60] L:0.1842 D:0.1691 F:0.0293 606s
  Val L:0.4050 ABS:0.4055 RMSE:1.2898 d1:0.5202
Epoch [25/60] L:0.1749 D:0.1600 F:0.0288 477s
Epoch [26/60] L:0.1663 D:0.1516 F:0.0281 705s
Epoch [27/60] L:0.1575 D:0.1432 F:0.0265 498s
Epoch [28/60] L:0.1512 D:0.1371 F:0.0262 250s
  Val L:0.4095 ABS:0.4121 RMSE:1.3013 d1:0.5237
Epoch [29/60] L:0.1429 D:0.1291 F:0.0259 232s
Epoch [30/60] L:0.1363 D:0.1226 F:0.0257 218s
Epoch [31/60] L:0.1299 D:0.1164 F:0.0256 241s
Epoch [32/60] L:0.1251 D:0.1117 F:0.0254 224s
  Val L:0.4075 ABS:0.4296 RMSE:1.3056 d1:0.5256
Epoch [33/60] L:0.1206 D:0.1074 F:0.0250 231s
Epoch [34/60] L:0.1151 D:0.1021 F:0.0249 215s
Epoch [35/60] L:0.1098 D:0.0971 F:0.0246 228s
Epoch [36/60] L:0.1076 D:0.0948 F:0.0250 227s
  Val L:0.4141 ABS:0.4396 RMSE:1.3260 d1:0.5261
Epoch [37/60] L:0.1028 D:0.0903 F:0.0245 226s
Epoch [38/60] L:0.0979 D:0.0856 F:0.0243 222s
Epoch [39/60] L:0.0947 D:0.0826 F:0.0240 230s
Epoch [40/60] L:0.0919 D:0.0800 F:0.0240 223s
  Val L:0.4097 ABS:0.4307 RMSE:1.3151 d1:0.5293
Epoch [41/60] L:0.0888 D:0.0771 F:0.0238 240s
Epoch [42/60] L:0.0865 D:0.0750 F:0.0237 216s
Epoch [43/60] L:0.0835 D:0.0721 F:0.0236 226s
Epoch [44/60] L:0.0804 D:0.0693 F:0.0232 218s
  Val L:0.4102 ABS:0.4251 RMSE:1.3171 d1:0.5338
Epoch [45/60] L:0.0783 D:0.0673 F:0.0227 236s
Epoch [46/60] L:0.0774 D:0.0665 F:0.0228 225s
Epoch [47/60] L:0.0791 D:0.0681 F:0.0229 220s
Epoch [48/60] L:0.0706 D:0.0601 F:0.0223 214s
  Val L:0.4115 ABS:0.4281 RMSE:1.3266 d1:0.5353
Epoch [49/60] L:0.0680 D:0.0577 F:0.0222 234s
Epoch [50/60] L:0.0678 D:0.0576 F:0.0221 219s
Epoch [51/60] L:0.0676 D:0.0574 F:0.0219 233s
Epoch [52/60] L:0.0658 D:0.0558 F:0.0218 226s
  Val L:0.4164 ABS:0.4338 RMSE:1.3382 d1:0.5335
Epoch [53/60] L:0.0645 D:0.0546 F:0.0215 229s
Epoch [54/60] L:0.0816 D:0.0708 F:0.0225 237s
Epoch [55/60] L:0.0606 D:0.0511 F:0.0212 225s
Epoch [56/60] L:0.0554 D:0.0462 F:0.0210 224s
  Val L:0.4079 ABS:0.4423 RMSE:1.3215 d1:0.5353
Epoch [57/60] L:0.0548 D:0.0457 F:0.0209 235s
Epoch [58/60] L:0.0565 D:0.0473 F:0.0209 224s
Epoch [59/60] L:0.0573 D:0.0482 F:0.0206 225s
Epoch [60/60] L:0.0563 D:0.0472 F:0.0205 233s
  Val L:0.4107 ABS:0.4347 RMSE:1.3336 d1:0.5370

Done. Best score:0.9947 RMSE:1.2404 ABS:0.4214
