/opt/conda/lib/python3.11/site-packages/timm/models/layers/__init__.py:49: FutureWarning: Importing from timm.models.layers is deprecated, please import via timm.layers
  warnings.warn(f"Importing from {__name__} is deprecated, please import via timm.layers", FutureWarning)
============================================================
Model: pretrained_vit_foa_v3  Dataset: soundspaces
BS: 32  LR: 0.0001  Opt: AdamW
============================================================
Loaded scene split from /root/storage/matterport3d_0303renew/scene_split.json
  train: 72, val: 9, test: 9
[train] 23560 samples (fast cache: samples_train_erp_8b3be925d3ae.json) [ambisonic=ON]
  Precomputed SH basis matrix: (131072, 4) (order=1)
Loaded scene split from /root/storage/matterport3d_0303renew/scene_split.json
  train: 72, val: 9, test: 9
[val] 2951 samples (fast cache: samples_val_erp_be0f29dd7abf.json) [ambisonic=ON]
  Precomputed SH basis matrix: (131072, 4) (order=1)
Train: 23560, Val: 2951
Model: pretrained_vit_foa_v3 (90.7M params)
  [Distill] Teacher loaded from checkpoints/unet_256_soundspaces_BS32_Lr0.001_AdamW_exp180_oracle_nc3_lr1e3_lsh0.3/best_model.pth  (lambda_kd=0.5)
Epoch [1/60] L:0.3335 D:0.2782 F:0.0486 452s
Epoch [2/60] L:0.2332 D:0.1980 F:0.0383 455s
Epoch [3/60] L:0.2200 D:0.1880 F:0.0352 501s
Epoch [4/60] L:0.2120 D:0.1815 F:0.0335 928s
  Val L:0.2282 ABS:0.4375 RMSE:1.2516 d1:0.5013
  >> Best (score:1.0074 RMSE:1.2516 ABS:0.4375)
Epoch [5/60] L:0.2057 D:0.1762 F:0.0326 614s
Epoch [6/60] L:0.1995 D:0.1710 F:0.0318 540s
Epoch [7/60] L:0.1944 D:0.1662 F:0.0313 478s
Epoch [8/60] L:0.1895 D:0.1617 F:0.0309 452s
  Val L:0.2355 ABS:0.3676 RMSE:1.3067 d1:0.5204
Epoch [9/60] L:0.1831 D:0.1557 F:0.0302 453s
Epoch [10/60] L:0.1786 D:0.1511 F:0.0301 452s
Epoch [11/60] L:0.1731 D:0.1459 F:0.0294 452s
Epoch [12/60] L:0.1670 D:0.1396 F:0.0294 454s
  Val L:0.2240 ABS:0.4343 RMSE:1.2161 d1:0.5208
  >> Best (score:0.9815 RMSE:1.2161 ABS:0.4343)
Epoch [13/60] L:0.1613 D:0.1340 F:0.0289 614s
Epoch [14/60] L:0.1554 D:0.1279 F:0.0286 810s
Epoch [15/60] L:0.1509 D:0.1233 F:0.0285 1010s
Epoch [16/60] L:0.1445 D:0.1168 F:0.0281 881s
  Val L:0.2234 ABS:0.4206 RMSE:1.2207 d1:0.5449
  >> Best (score:0.9806 RMSE:1.2207 ABS:0.4206)
Epoch [17/60] L:0.1410 D:0.1130 F:0.0279 1215s
Epoch [18/60] L:0.1360 D:0.1079 F:0.0276 2514s
Epoch [19/60] L:0.1323 D:0.1041 F:0.0274 8745s
Epoch [20/60] L:0.1274 D:0.0990 F:0.0272 2524s
  Val L:0.2290 ABS:0.3995 RMSE:1.2337 d1:0.5416
Epoch [21/60] L:0.1236 D:0.0950 F:0.0270 3011s
Epoch [22/60] L:0.1213 D:0.0926 F:0.0268 2953s
Epoch [23/60] L:0.1193 D:0.0904 F:0.0268 3185s
Epoch [24/60] L:0.1166 D:0.0877 F:0.0266 2168s
  Val L:0.2328 ABS:0.4011 RMSE:1.2459 d1:0.5477
Epoch [25/60] L:0.1124 D:0.0834 F:0.0263 1551s
Epoch [26/60] L:0.1099 D:0.0808 F:0.0261 2297s
Epoch [27/60] L:0.1086 D:0.0794 F:0.0260 2809s
Epoch [28/60] L:0.1052 D:0.0759 F:0.0258 2335s
  Val L:0.2367 ABS:0.4067 RMSE:1.2609 d1:0.5437
Epoch [29/60] L:0.1031 D:0.0738 F:0.0256 2824s
Epoch [30/60] L:0.1030 D:0.0736 F:0.0256 2573s
Epoch [31/60] L:0.1007 D:0.0713 F:0.0254 2264s
Epoch [32/60] L:0.0975 D:0.0681 F:0.0251 1899s
  Val L:0.2403 ABS:0.3892 RMSE:1.2749 d1:0.5463
Epoch [33/60] L:0.0968 D:0.0673 F:0.0250 2151s
Epoch [34/60] L:0.0956 D:0.0662 F:0.0249 2594s
Epoch [35/60] L:0.0927 D:0.0632 F:0.0247 1445s
Epoch [36/60] L:0.0912 D:0.0617 F:0.0246 1745s
  Val L:0.2360 ABS:0.4002 RMSE:1.2636 d1:0.5549
Epoch [37/60] L:0.0898 D:0.0603 F:0.0244 2263s
Epoch [38/60] L:0.0893 D:0.0597 F:0.0243 2215s
Epoch [39/60] L:0.0883 D:0.0588 F:0.0242 2659s
Epoch [40/60] L:0.0887 D:0.0592 F:0.0241 1104s
  Val L:0.2394 ABS:0.4121 RMSE:1.2695 d1:0.5532
Epoch [41/60] L:0.0851 D:0.0556 F:0.0239 960s
Epoch [42/60] L:0.0865 D:0.0571 F:0.0238 818s
Epoch [43/60] L:0.0815 D:0.0521 F:0.0235 791s
Epoch [44/60] L:0.0796 D:0.0501 F:0.0234 1346s
  Val L:0.2385 ABS:0.4185 RMSE:1.2691 d1:0.5556
Epoch [45/60] L:0.0791 D:0.0496 F:0.0233 2368s
Epoch [46/60] L:0.0789 D:0.0494 F:0.0233 1354s
Epoch [47/60] L:0.0826 D:0.0531 F:0.0235 1378s
Epoch [48/60] L:0.0780 D:0.0486 F:0.0231 1144s
  Val L:0.2506 ABS:0.4097 RMSE:1.2934 d1:0.5506
Epoch [49/60] L:0.0770 D:0.0475 F:0.0231 1691s
Epoch [50/60] L:0.0758 D:0.0465 F:0.0228 1490s
Epoch [51/60] L:0.0722 D:0.0428 F:0.0226 915s
Epoch [52/60] L:0.0711 D:0.0416 F:0.0226 987s
  Val L:0.2424 ABS:0.4150 RMSE:1.2845 d1:0.5555
Epoch [53/60] L:0.0806 D:0.0511 F:0.0231 963s
Epoch [54/60] L:0.0753 D:0.0461 F:0.0226 1261s
Epoch [55/60] L:0.0688 D:0.0395 F:0.0223 1297s
Epoch [56/60] L:0.0667 D:0.0372 F:0.0223 1373s
  Val L:0.2407 ABS:0.4123 RMSE:1.2846 d1:0.5546
Epoch [57/60] L:0.0667 D:0.0372 F:0.0223 2197s
Epoch [58/60] L:0.0674 D:0.0379 F:0.0224 1243s
Epoch [59/60] L:0.0676 D:0.0381 F:0.0223 7534s
Epoch [60/60] L:0.0667 D:0.0371 F:0.0223 6787s
  Val L:0.2408 ABS:0.4130 RMSE:1.2927 d1:0.5592

Done. Best score:0.9806 RMSE:1.2207 ABS:0.4206
