/opt/conda/lib/python3.11/site-packages/timm/models/layers/__init__.py:49: FutureWarning: Importing from timm.models.layers is deprecated, please import via timm.layers
  warnings.warn(f"Importing from {__name__} is deprecated, please import via timm.layers", FutureWarning)
============================================================
Model: n3_multiscale_sh  Dataset: soundspaces
BS: 32  LR: 0.001  Opt: AdamW
============================================================
Loaded scene split from /root/storage/matterport3d_0303renew/scene_split.json
  train: 72, val: 9, test: 9
[train] 23560 samples (fast cache: samples_train_erp_8b3be925d3ae.json) [ambisonic=ON]
  Precomputed SH basis matrix: (131072, 4) (order=1)
Loaded scene split from /root/storage/matterport3d_0303renew/scene_split.json
  train: 72, val: 9, test: 9
[val] 2951 samples (fast cache: samples_val_erp_be0f29dd7abf.json) [ambisonic=ON]
  Precomputed SH basis matrix: (131072, 4) (order=1)
Train: 23560, Val: 2951
Model: n3_multiscale_sh (54.9M params)
Epoch [1/60] L:0.4589 D:0.4427 F:0.0541 204s
Epoch [2/60] L:0.3723 D:0.3612 F:0.0370 176s
Epoch [3/60] L:0.3443 D:0.3341 F:0.0340 175s
Epoch [4/60] L:0.3318 D:0.3223 F:0.0317 175s
  Val L:0.3934 ABS:0.4005 RMSE:1.3620 d1:0.4801
  >> Best (score:1.0736 RMSE:1.3620 ABS:0.4005)
Epoch [5/60] L:0.3241 D:0.3150 F:0.0305 182s
Epoch [6/60] L:0.3177 D:0.3089 F:0.0293 171s
Epoch [7/60] L:0.3110 D:0.3025 F:0.0284 175s
Epoch [8/60] L:0.3035 D:0.2953 F:0.0276 183s
  Val L:0.3669 ABS:0.4127 RMSE:1.2588 d1:0.5038
  >> Best (score:1.0050 RMSE:1.2588 ABS:0.4127)
Epoch [9/60] L:0.2975 D:0.2893 F:0.0271 185s
Epoch [10/60] L:0.2907 D:0.2829 F:0.0262 177s
Epoch [11/60] L:0.2850 D:0.2772 F:0.0258 176s
Epoch [12/60] L:0.2783 D:0.2707 F:0.0253 190s
  Val L:0.3637 ABS:0.4025 RMSE:1.2634 d1:0.5075
Epoch [13/60] L:0.2721 D:0.2646 F:0.0251 186s
Epoch [14/60] L:0.2657 D:0.2583 F:0.0247 174s
Epoch [15/60] L:0.2576 D:0.2502 F:0.0245 174s
Epoch [16/60] L:0.2502 D:0.2429 F:0.0241 184s
  Val L:0.3735 ABS:0.3720 RMSE:1.2778 d1:0.5146
Epoch [17/60] L:0.2408 D:0.2337 F:0.0236 182s
Epoch [18/60] L:0.2339 D:0.2269 F:0.0235 174s
Epoch [19/60] L:0.2237 D:0.2167 F:0.0232 175s
Epoch [20/60] L:0.2152 D:0.2083 F:0.0229 188s
  Val L:0.3816 ABS:0.3994 RMSE:1.2636 d1:0.5239
  >> Best (score:1.0043 RMSE:1.2636 ABS:0.3994)
Epoch [21/60] L:0.2057 D:0.1988 F:0.0229 184s
Epoch [22/60] L:0.1977 D:0.1910 F:0.0223 172s
Epoch [23/60] L:0.1878 D:0.1812 F:0.0220 174s
Epoch [24/60] L:0.1795 D:0.1729 F:0.0219 175s
  Val L:0.3923 ABS:0.4217 RMSE:1.2597 d1:0.5327
Epoch [25/60] L:0.1707 D:0.1644 F:0.0212 175s
Epoch [26/60] L:0.1639 D:0.1575 F:0.0213 178s
Epoch [27/60] L:0.1546 D:0.1483 F:0.0208 181s
Epoch [28/60] L:0.1484 D:0.1422 F:0.0208 185s
  Val L:0.4081 ABS:0.4256 RMSE:1.2764 d1:0.5309
Epoch [29/60] L:0.1408 D:0.1348 F:0.0203 184s
Epoch [30/60] L:0.1347 D:0.1287 F:0.0200 202s
Epoch [31/60] L:0.1277 D:0.1218 F:0.0198 211s
Epoch [32/60] L:0.1217 D:0.1159 F:0.0193 193s
  Val L:0.4126 ABS:0.4246 RMSE:1.3035 d1:0.5269
Epoch [33/60] L:0.1175 D:0.1117 F:0.0193 202s
Epoch [34/60] L:0.1122 D:0.1065 F:0.0189 214s
Epoch [35/60] L:0.1070 D:0.1013 F:0.0188 237s
Epoch [36/60] L:0.1024 D:0.0969 F:0.0184 301s
  Val L:0.4200 ABS:0.4354 RMSE:1.3133 d1:0.5273
Epoch [37/60] L:0.0994 D:0.0939 F:0.0184 446s
Epoch [38/60] L:0.0956 D:0.0902 F:0.0180 354s
Epoch [39/60] L:0.0907 D:0.0854 F:0.0177 291s
Epoch [40/60] L:0.0868 D:0.0817 F:0.0172 243s
  Val L:0.4277 ABS:0.4579 RMSE:1.3284 d1:0.5267
Epoch [41/60] L:0.0852 D:0.0800 F:0.0171 237s
Epoch [42/60] L:0.0816 D:0.0766 F:0.0167 199s
Epoch [43/60] L:0.0783 D:0.0733 F:0.0167 196s
Epoch [44/60] L:0.0760 D:0.0711 F:0.0163 200s
  Val L:0.4271 ABS:0.4489 RMSE:1.3388 d1:0.5265
Epoch [45/60] L:0.0731 D:0.0683 F:0.0159 229s
Epoch [46/60] L:0.0717 D:0.0670 F:0.0158 209s
Epoch [47/60] L:0.0708 D:0.0661 F:0.0156 204s
Epoch [48/60] L:0.0695 D:0.0649 F:0.0155 214s
  Val L:0.4321 ABS:0.4355 RMSE:1.3453 d1:0.5309
Epoch [49/60] L:0.0636 D:0.0592 F:0.0147 238s
Epoch [50/60] L:0.0611 D:0.0567 F:0.0145 221s
Epoch [51/60] L:0.0610 D:0.0566 F:0.0146 239s
Epoch [52/60] L:0.0618 D:0.0574 F:0.0145 205s
  Val L:0.4240 ABS:0.4575 RMSE:1.3311 d1:0.5306
Epoch [53/60] L:0.0588 D:0.0547 F:0.0139 276s
Epoch [54/60] L:0.0559 D:0.0517 F:0.0137 208s
Epoch [55/60] L:0.0551 D:0.0511 F:0.0135 207s
Epoch [56/60] L:0.0551 D:0.0511 F:0.0134 207s
  Val L:0.4222 ABS:0.4413 RMSE:1.3357 d1:0.5326
Epoch [57/60] L:0.0528 D:0.0488 F:0.0133 258s
Epoch [58/60] L:0.0512 D:0.0473 F:0.0129 207s
Epoch [59/60] L:0.0501 D:0.0462 F:0.0129 199s
Epoch [60/60] L:0.0758 D:0.0714 F:0.0146 214s
  Val L:0.4344 ABS:0.4429 RMSE:1.3488 d1:0.5336

Done. Best score:1.0043 RMSE:1.2636 ABS:0.3994
