/opt/conda/lib/python3.11/site-packages/timm/models/layers/__init__.py:49: FutureWarning: Importing from timm.models.layers is deprecated, please import via timm.layers
  warnings.warn(f"Importing from {__name__} is deprecated, please import via timm.layers", FutureWarning)
============================================================
Model: n3_energy_attn  Dataset: soundspaces
BS: 32  LR: 0.001  Opt: AdamW
============================================================
Loaded scene split from /root/storage/matterport3d_0303renew/scene_split.json
  train: 72, val: 9, test: 9
[train] 23560 samples (fast cache: samples_train_erp_8b3be925d3ae.json) [ambisonic=ON]
  Precomputed SH basis matrix: (131072, 4) (order=1)
Loaded scene split from /root/storage/matterport3d_0303renew/scene_split.json
  train: 72, val: 9, test: 9
[val] 2951 samples (fast cache: samples_val_erp_be0f29dd7abf.json) [ambisonic=ON]
  Precomputed SH basis matrix: (131072, 4) (order=1)
Train: 23560, Val: 2951
Model: n3_energy_attn (57.2M params)
  [Distill] Teacher loaded from checkpoints/unet_256_soundspaces_BS32_Lr0.001_AdamW_exp180_oracle_nc3_lr1e3_lsh0.3/best_model.pth  (lambda_kd=0.5)
Epoch [1/60] L:0.4904 D:0.4316 F:0.0623 415s
Epoch [2/60] L:0.4076 D:0.3656 F:0.0450 709s
Epoch [3/60] L:0.3859 D:0.3464 F:0.0432 707s
Epoch [4/60] L:0.3623 D:0.3251 F:0.0418 858s
  Val L:0.3814 ABS:0.4326 RMSE:1.2976 d1:0.4970
  >> Best (score:1.0381 RMSE:1.2976 ABS:0.4326)
Epoch [5/60] L:0.3510 D:0.3159 F:0.0395 799s
Epoch [6/60] L:0.3421 D:0.3083 F:0.0382 460s
Epoch [7/60] L:0.3349 D:0.3023 F:0.0371 270s
Epoch [8/60] L:0.3274 D:0.2956 F:0.0363 283s
  Val L:0.3533 ABS:0.4116 RMSE:1.2566 d1:0.5012
  >> Best (score:1.0031 RMSE:1.2566 ABS:0.4116)
Epoch [9/60] L:0.3204 D:0.2892 F:0.0357 460s
Epoch [10/60] L:0.3147 D:0.2841 F:0.0351 405s
Epoch [11/60] L:0.3088 D:0.2784 F:0.0346 848s
Epoch [12/60] L:0.3030 D:0.2730 F:0.0341 700s
  Val L:0.3513 ABS:0.4019 RMSE:1.2413 d1:0.5081
  >> Best (score:0.9895 RMSE:1.2413 ABS:0.4019)
Epoch [13/60] L:0.2965 D:0.2667 F:0.0336 569s
Epoch [14/60] L:0.2896 D:0.2600 F:0.0334 525s
Epoch [15/60] L:0.2841 D:0.2547 F:0.0329 566s
Epoch [16/60] L:0.2766 D:0.2471 F:0.0328 332s
  Val L:0.3530 ABS:0.3979 RMSE:1.2280 d1:0.5229
  >> Best (score:0.9790 RMSE:1.2280 ABS:0.3979)
Epoch [17/60] L:0.2688 D:0.2392 F:0.0326 351s
Epoch [18/60] L:0.2616 D:0.2319 F:0.0323 248s
Epoch [19/60] L:0.2533 D:0.2236 F:0.0319 249s
Epoch [20/60] L:0.2441 D:0.2142 F:0.0316 268s
  Val L:0.3659 ABS:0.3846 RMSE:1.2597 d1:0.5374
Epoch [21/60] L:0.2365 D:0.2064 F:0.0316 345s
Epoch [22/60] L:0.2287 D:0.1986 F:0.0311 268s
Epoch [23/60] L:0.2189 D:0.1885 F:0.0310 290s
Epoch [24/60] L:0.2122 D:0.1815 F:0.0309 260s
  Val L:0.3717 ABS:0.4094 RMSE:1.2444 d1:0.5314
Epoch [25/60] L:0.2045 D:0.1738 F:0.0304 307s
Epoch [26/60] L:0.1951 D:0.1642 F:0.0303 281s
Epoch [27/60] L:0.1893 D:0.1581 F:0.0301 328s
Epoch [28/60] L:0.1819 D:0.1506 F:0.0298 692s
  Val L:0.3808 ABS:0.4139 RMSE:1.2573 d1:0.5353
Epoch [29/60] L:0.1744 D:0.1429 F:0.0295 847s
Epoch [30/60] L:0.1667 D:0.1350 F:0.0292 1150s
Epoch [31/60] L:0.1607 D:0.1287 F:0.0291 938s
Epoch [32/60] L:0.1547 D:0.1226 F:0.0289 1001s
  Val L:0.3966 ABS:0.4213 RMSE:1.2805 d1:0.5262
Epoch [33/60] L:0.1512 D:0.1190 F:0.0287 495s
Epoch [34/60] L:0.1450 D:0.1126 F:0.0284 439s
Epoch [35/60] L:0.1402 D:0.1075 F:0.0285 566s
Epoch [36/60] L:0.1360 D:0.1035 F:0.0280 661s
  Val L:0.4025 ABS:0.4433 RMSE:1.2846 d1:0.5331
Epoch [37/60] L:0.1312 D:0.0985 F:0.0278 535s
Epoch [38/60] L:0.1269 D:0.0941 F:0.0276 451s
Epoch [39/60] L:0.1235 D:0.0905 F:0.0275 506s
Epoch [40/60] L:0.1202 D:0.0872 F:0.0272 463s
  Val L:0.4027 ABS:0.4453 RMSE:1.2931 d1:0.5374
Epoch [41/60] L:0.1173 D:0.0844 F:0.0269 507s
Epoch [42/60] L:0.1139 D:0.0809 F:0.0268 424s
Epoch [43/60] L:0.1105 D:0.0773 F:0.0267 481s
Epoch [44/60] L:0.1075 D:0.0743 F:0.0264 509s
  Val L:0.4049 ABS:0.4592 RMSE:1.3034 d1:0.5306
Epoch [45/60] L:0.1063 D:0.0732 F:0.0263 507s
Epoch [46/60] L:0.1034 D:0.0704 F:0.0259 622s
Epoch [47/60] L:0.1003 D:0.0671 F:0.0259 482s
Epoch [48/60] L:0.0981 D:0.0650 F:0.0257 555s
  Val L:0.4042 ABS:0.4400 RMSE:1.2985 d1:0.5328
Epoch [49/60] L:0.0970 D:0.0637 F:0.0257 359s
Epoch [50/60] L:0.0952 D:0.0621 F:0.0255 260s
Epoch [51/60] L:0.0929 D:0.0598 F:0.0253 307s
Epoch [52/60] L:0.0910 D:0.0579 F:0.0251 260s
  Val L:0.4051 ABS:0.4332 RMSE:1.3009 d1:0.5334
Epoch [53/60] L:0.0900 D:0.0569 F:0.0249 284s
Epoch [54/60] L:0.0892 D:0.0563 F:0.0247 262s
Epoch [55/60] L:0.0874 D:0.0545 F:0.0246 250s
Epoch [56/60] L:0.0846 D:0.0516 F:0.0246 245s
  Val L:0.4018 ABS:0.4487 RMSE:1.3052 d1:0.5420
Epoch [57/60] L:0.0843 D:0.0514 F:0.0244 316s
Epoch [58/60] L:0.0858 D:0.0530 F:0.0244 726s
Epoch [59/60] L:0.1000 D:0.0670 F:0.0251 544s
Epoch [60/60] L:0.0850 D:0.0525 F:0.0240 549s
  Val L:0.4049 ABS:0.4381 RMSE:1.2990 d1:0.5373

Done. Best score:0.9790 RMSE:1.2280 ABS:0.3979
