/opt/conda/lib/python3.11/site-packages/timm/models/layers/__init__.py:49: FutureWarning: Importing from timm.models.layers is deprecated, please import via timm.layers
  warnings.warn(f"Importing from {__name__} is deprecated, please import via timm.layers", FutureWarning)
============================================================
Model: n3_multiscale_sh  Dataset: soundspaces
BS: 32  LR: 0.001  Opt: AdamW
============================================================
Loaded scene split from /root/storage/matterport3d_0303renew/scene_split.json
  train: 72, val: 9, test: 9
[train] 23560 samples (fast cache: samples_train_erp_8b3be925d3ae.json) [ambisonic=ON]
  Precomputed SH basis matrix: (131072, 4) (order=1)
Loaded scene split from /root/storage/matterport3d_0303renew/scene_split.json
  train: 72, val: 9, test: 9
[val] 2951 samples (fast cache: samples_val_erp_be0f29dd7abf.json) [ambisonic=ON]
  Precomputed SH basis matrix: (131072, 4) (order=1)
Train: 23560, Val: 2951
Model: n3_multiscale_sh (54.9M params)
Epoch [1/60] L:0.4506 D:0.4246 F:0.0520 203s
Epoch [2/60] L:0.3818 D:0.3641 F:0.0353 177s
Epoch [3/60] L:0.3671 D:0.3508 F:0.0327 177s
Epoch [4/60] L:0.3509 D:0.3351 F:0.0316 176s
  Val L:0.4005 ABS:0.4615 RMSE:1.2878 d1:0.4778
  >> Best (score:1.0399 RMSE:1.2878 ABS:0.4615)
Epoch [5/60] L:0.3371 D:0.3219 F:0.0303 182s
Epoch [6/60] L:0.3271 D:0.3126 F:0.0291 172s
Epoch [7/60] L:0.3194 D:0.3054 F:0.0279 177s
Epoch [8/60] L:0.3123 D:0.2988 F:0.0271 185s
  Val L:0.3661 ABS:0.3997 RMSE:1.2742 d1:0.5056
  >> Best (score:1.0118 RMSE:1.2742 ABS:0.3997)
Epoch [9/60] L:0.3052 D:0.2921 F:0.0262 184s
Epoch [10/60] L:0.2987 D:0.2859 F:0.0257 182s
Epoch [11/60] L:0.2918 D:0.2792 F:0.0252 177s
Epoch [12/60] L:0.2860 D:0.2736 F:0.0249 192s
  Val L:0.3615 ABS:0.4224 RMSE:1.2508 d1:0.5108
  >> Best (score:1.0023 RMSE:1.2508 ABS:0.4224)
Epoch [13/60] L:0.2789 D:0.2668 F:0.0243 176s
Epoch [14/60] L:0.2707 D:0.2587 F:0.0239 176s
Epoch [15/60] L:0.2631 D:0.2513 F:0.0236 174s
Epoch [16/60] L:0.2555 D:0.2439 F:0.0233 185s
  Val L:0.3718 ABS:0.3915 RMSE:1.2519 d1:0.5200
  >> Best (score:0.9938 RMSE:1.2519 ABS:0.3915)
Epoch [17/60] L:0.2469 D:0.2354 F:0.0228 176s
Epoch [18/60] L:0.2379 D:0.2265 F:0.0227 175s
Epoch [19/60] L:0.2279 D:0.2168 F:0.0223 175s
Epoch [20/60] L:0.2184 D:0.2074 F:0.0221 188s
  Val L:0.3852 ABS:0.4024 RMSE:1.2565 d1:0.5274
Epoch [21/60] L:0.2090 D:0.1982 F:0.0216 174s
Epoch [22/60] L:0.1996 D:0.1889 F:0.0213 171s
Epoch [23/60] L:0.1905 D:0.1800 F:0.0210 174s
Epoch [24/60] L:0.1810 D:0.1707 F:0.0208 175s
  Val L:0.4079 ABS:0.4447 RMSE:1.2845 d1:0.5214
Epoch [25/60] L:0.1730 D:0.1628 F:0.0204 175s
Epoch [26/60] L:0.1632 D:0.1531 F:0.0202 174s
Epoch [27/60] L:0.1554 D:0.1455 F:0.0199 183s
Epoch [28/60] L:0.1478 D:0.1380 F:0.0195 184s
  Val L:0.4140 ABS:0.4208 RMSE:1.2984 d1:0.5219
Epoch [29/60] L:0.1401 D:0.1306 F:0.0190 183s
Epoch [30/60] L:0.1348 D:0.1254 F:0.0188 194s
Epoch [31/60] L:0.1281 D:0.1189 F:0.0185 218s
Epoch [32/60] L:0.1219 D:0.1128 F:0.0181 193s
  Val L:0.4103 ABS:0.4460 RMSE:1.2922 d1:0.5285
Epoch [33/60] L:0.1174 D:0.1085 F:0.0179 201s
Epoch [34/60] L:0.1125 D:0.1037 F:0.0176 218s
Epoch [35/60] L:0.1078 D:0.0991 F:0.0173 234s
Epoch [36/60] L:0.1036 D:0.0951 F:0.0170 308s
  Val L:0.4178 ABS:0.4362 RMSE:1.3147 d1:0.5258
Epoch [37/60] L:0.0998 D:0.0914 F:0.0168 447s
Epoch [38/60] L:0.0965 D:0.0883 F:0.0165 354s
Epoch [39/60] L:0.0926 D:0.0845 F:0.0160 292s
Epoch [40/60] L:0.0897 D:0.0818 F:0.0157 243s
  Val L:0.4199 ABS:0.4361 RMSE:1.3131 d1:0.5326
Epoch [41/60] L:0.0863 D:0.0785 F:0.0155 237s
Epoch [42/60] L:0.0840 D:0.0763 F:0.0153 198s
Epoch [43/60] L:0.0816 D:0.0740 F:0.0151 196s
Epoch [44/60] L:0.0789 D:0.0715 F:0.0148 199s
  Val L:0.4166 ABS:0.4355 RMSE:1.3230 d1:0.5331
Epoch [45/60] L:0.0759 D:0.0688 F:0.0143 231s
Epoch [46/60] L:0.0741 D:0.0670 F:0.0142 209s
Epoch [47/60] L:0.0721 D:0.0651 F:0.0140 205s
Epoch [48/60] L:0.0706 D:0.0638 F:0.0137 216s
  Val L:0.4216 ABS:0.4544 RMSE:1.3290 d1:0.5263
Epoch [49/60] L:0.0681 D:0.0613 F:0.0136 240s
Epoch [50/60] L:0.0666 D:0.0599 F:0.0133 223s
Epoch [51/60] L:0.0648 D:0.0582 F:0.0131 231s
Epoch [52/60] L:0.0634 D:0.0570 F:0.0127 205s
  Val L:0.4208 ABS:0.4448 RMSE:1.3319 d1:0.5331
Epoch [53/60] L:0.0620 D:0.0557 F:0.0127 275s
Epoch [54/60] L:0.0607 D:0.0544 F:0.0125 209s
Epoch [55/60] L:0.0594 D:0.0533 F:0.0123 209s
Epoch [56/60] L:0.0580 D:0.0519 F:0.0120 206s
  Val L:0.4254 ABS:0.4510 RMSE:1.3414 d1:0.5347
Epoch [57/60] L:0.0567 D:0.0507 F:0.0118 254s
Epoch [58/60] L:0.0554 D:0.0495 F:0.0117 206s
Epoch [59/60] L:0.0542 D:0.0485 F:0.0115 200s
Epoch [60/60] L:0.0533 D:0.0477 F:0.0113 212s
  Val L:0.4269 ABS:0.4550 RMSE:1.3423 d1:0.5311

Done. Best score:0.9938 RMSE:1.2519 ABS:0.3915
