/opt/conda/lib/python3.11/site-packages/timm/models/layers/__init__.py:49: FutureWarning: Importing from timm.models.layers is deprecated, please import via timm.layers
  warnings.warn(f"Importing from {__name__} is deprecated, please import via timm.layers", FutureWarning)
============================================================
Model: n3_energy_attn  Dataset: soundspaces
BS: 32  LR: 0.001  Opt: AdamW
============================================================
Loaded scene split from /root/storage/matterport3d_0303renew/scene_split.json
  train: 72, val: 9, test: 9
[train] 23560 samples (fast cache: samples_train_erp_8b3be925d3ae.json) [ambisonic=ON]
  Precomputed SH basis matrix: (131072, 4) (order=1)
Loaded scene split from /root/storage/matterport3d_0303renew/scene_split.json
  train: 72, val: 9, test: 9
[val] 2951 samples (fast cache: samples_val_erp_be0f29dd7abf.json) [ambisonic=ON]
  Precomputed SH basis matrix: (131072, 4) (order=1)
Train: 23560, Val: 2951
Model: n3_energy_attn (57.2M params)
Epoch [1/60] L:0.8750 D:0.4199 F:0.0710 410s
Epoch [2/60] L:0.7571 D:0.3644 F:0.0513 279s
Epoch [3/60] L:0.7295 D:0.3515 F:0.0466 275s
Epoch [4/60] L:0.7128 D:0.3438 F:0.0442 265s
  Val L:0.7741 ABS:0.4708 RMSE:1.3029 d1:0.4766
  >> Best (score:1.0532 RMSE:1.3029 ABS:0.4708)
Epoch [5/60] L:0.6918 D:0.3337 F:0.0437 233s
Epoch [6/60] L:0.6680 D:0.3224 F:0.0429 175s
Epoch [7/60] L:0.6455 D:0.3117 F:0.0417 197s
Epoch [8/60] L:0.6276 D:0.3033 F:0.0398 214s
  Val L:0.7206 ABS:0.4038 RMSE:1.2813 d1:0.4932
  >> Best (score:1.0181 RMSE:1.2813 ABS:0.4038)
Epoch [9/60] L:0.6125 D:0.2961 F:0.0391 237s
Epoch [10/60] L:0.5986 D:0.2894 F:0.0385 221s
Epoch [11/60] L:0.5877 D:0.2840 F:0.0388 219s
Epoch [12/60] L:0.5745 D:0.2776 F:0.0377 235s
  Val L:0.7024 ABS:0.4080 RMSE:1.2512 d1:0.5130
  >> Best (score:0.9982 RMSE:1.2512 ABS:0.4080)
Epoch [13/60] L:0.5634 D:0.2723 F:0.0366 254s
Epoch [14/60] L:0.5498 D:0.2656 F:0.0364 231s
Epoch [15/60] L:0.5376 D:0.2596 F:0.0357 233s
Epoch [16/60] L:0.5193 D:0.2506 F:0.0353 233s
  Val L:0.7302 ABS:0.4005 RMSE:1.2525 d1:0.5146
  >> Best (score:0.9969 RMSE:1.2525 ABS:0.4005)
Epoch [17/60] L:0.5056 D:0.2438 F:0.0350 255s
Epoch [18/60] L:0.4897 D:0.2360 F:0.0341 241s
Epoch [19/60] L:0.4731 D:0.2278 F:0.0334 249s
Epoch [20/60] L:0.4552 D:0.2190 F:0.0329 241s
  Val L:0.7657 ABS:0.3935 RMSE:1.2819 d1:0.5215
Epoch [21/60] L:0.4370 D:0.2099 F:0.0327 302s
Epoch [22/60] L:0.4196 D:0.2013 F:0.0322 533s
Epoch [23/60] L:0.4025 D:0.1929 F:0.0317 338s
Epoch [24/60] L:0.3820 D:0.1828 F:0.0310 605s
  Val L:0.7951 ABS:0.4152 RMSE:1.2788 d1:0.5222
Epoch [25/60] L:0.3647 D:0.1742 F:0.0296 478s
Epoch [26/60] L:0.3496 D:0.1667 F:0.0298 709s
Epoch [27/60] L:0.3312 D:0.1577 F:0.0295 496s
Epoch [28/60] L:0.3133 D:0.1488 F:0.0289 253s
  Val L:0.7804 ABS:0.4503 RMSE:1.2693 d1:0.5268
Epoch [29/60] L:0.2986 D:0.1415 F:0.0293 233s
Epoch [30/60] L:0.2841 D:0.1344 F:0.0290 224s
Epoch [31/60] L:0.2706 D:0.1277 F:0.0287 235s
Epoch [32/60] L:0.2583 D:0.1216 F:0.0288 228s
  Val L:0.8068 ABS:0.4377 RMSE:1.2967 d1:0.5297
Epoch [33/60] L:0.2469 D:0.1160 F:0.0285 236s
Epoch [34/60] L:0.2358 D:0.1105 F:0.0281 215s
Epoch [35/60] L:0.2250 D:0.1052 F:0.0281 230s
Epoch [36/60] L:0.2181 D:0.1018 F:0.0281 228s
  Val L:0.8300 ABS:0.4454 RMSE:1.3134 d1:0.5258
Epoch [37/60] L:0.2093 D:0.0975 F:0.0278 225s
Epoch [38/60] L:0.2009 D:0.0934 F:0.0278 221s
Epoch [39/60] L:0.1944 D:0.0902 F:0.0274 231s
Epoch [40/60] L:0.1870 D:0.0866 F:0.0271 221s
  Val L:0.8172 ABS:0.4387 RMSE:1.3131 d1:0.5264
Epoch [41/60] L:0.1794 D:0.0828 F:0.0271 243s
Epoch [42/60] L:0.1739 D:0.0802 F:0.0268 215s
Epoch [43/60] L:0.1688 D:0.0777 F:0.0268 228s
Epoch [44/60] L:0.1609 D:0.0738 F:0.0265 219s
  Val L:0.8530 ABS:0.4667 RMSE:1.3389 d1:0.5200
Epoch [45/60] L:0.1562 D:0.0715 F:0.0267 239s
Epoch [46/60] L:0.1517 D:0.0694 F:0.0261 227s
Epoch [47/60] L:0.1490 D:0.0681 F:0.0265 222s
Epoch [48/60] L:0.1459 D:0.0666 F:0.0262 218s
  Val L:0.8650 ABS:0.4465 RMSE:1.3454 d1:0.5232
Epoch [49/60] L:0.1393 D:0.0634 F:0.0259 237s
Epoch [50/60] L:0.1350 D:0.0613 F:0.0257 228s
Epoch [51/60] L:0.1297 D:0.0588 F:0.0256 229s
Epoch [52/60] L:0.1284 D:0.0582 F:0.0253 226s
  Val L:0.8307 ABS:0.4420 RMSE:1.3330 d1:0.5296
Epoch [53/60] L:0.1261 D:0.0571 F:0.0255 228s
Epoch [54/60] L:0.1215 D:0.0549 F:0.0251 234s
Epoch [55/60] L:0.1179 D:0.0532 F:0.0248 225s
Epoch [56/60] L:0.1152 D:0.0519 F:0.0246 218s
  Val L:0.8234 ABS:0.4528 RMSE:1.3280 d1:0.5303
Epoch [57/60] L:0.1131 D:0.0509 F:0.0246 235s
Epoch [58/60] L:0.1102 D:0.0495 F:0.0243 225s
Epoch [59/60] L:0.1087 D:0.0488 F:0.0244 222s
Epoch [60/60] L:0.1073 D:0.0481 F:0.0244 234s
  Val L:0.8860 ABS:0.4540 RMSE:1.3623 d1:0.5119

Done. Best score:0.9969 RMSE:1.2525 ABS:0.4005
