/opt/conda/lib/python3.11/site-packages/timm/models/layers/__init__.py:49: FutureWarning: Importing from timm.models.layers is deprecated, please import via timm.layers
  warnings.warn(f"Importing from {__name__} is deprecated, please import via timm.layers", FutureWarning)
============================================================
Model: n3_multiscale_sh  Dataset: soundspaces
BS: 32  LR: 0.001  Opt: AdamW
============================================================
Loaded scene split from /root/storage/matterport3d_0303renew/scene_split.json
  train: 72, val: 9, test: 9
[train] 23560 samples (fast cache: samples_train_erp_8b3be925d3ae.json) [ambisonic=ON]
  Precomputed SH basis matrix: (131072, 4) (order=1)
Loaded scene split from /root/storage/matterport3d_0303renew/scene_split.json
  train: 72, val: 9, test: 9
[val] 2951 samples (fast cache: samples_val_erp_be0f29dd7abf.json) [ambisonic=ON]
  Precomputed SH basis matrix: (131072, 4) (order=1)
Train: 23560, Val: 2951
Model: n3_multiscale_sh (54.9M params)
Epoch [1/60] L:0.4330 D:0.4219 F:0.0552 203s
Epoch [2/60] L:0.3595 D:0.3520 F:0.0379 177s
Epoch [3/60] L:0.3373 D:0.3304 F:0.0341 176s
Epoch [4/60] L:0.3281 D:0.3216 F:0.0323 175s
  Val L:0.3843 ABS:0.3976 RMSE:1.3498 d1:0.4742
  >> Best (score:1.0642 RMSE:1.3498 ABS:0.3976)
Epoch [5/60] L:0.3206 D:0.3145 F:0.0306 181s
Epoch [6/60] L:0.3150 D:0.3091 F:0.0296 176s
Epoch [7/60] L:0.3082 D:0.3024 F:0.0290 176s
Epoch [8/60] L:0.3028 D:0.2972 F:0.0278 172s
  Val L:0.3646 ABS:0.4358 RMSE:1.2544 d1:0.4996
  >> Best (score:1.0088 RMSE:1.2544 ABS:0.4358)
Epoch [9/60] L:0.2945 D:0.2890 F:0.0273 185s
Epoch [10/60] L:0.2885 D:0.2831 F:0.0267 178s
Epoch [11/60] L:0.2828 D:0.2775 F:0.0263 177s
Epoch [12/60] L:0.2757 D:0.2706 F:0.0255 177s
  Val L:0.3687 ABS:0.4506 RMSE:1.2522 d1:0.4868
Epoch [13/60] L:0.2702 D:0.2651 F:0.0254 188s
Epoch [14/60] L:0.2637 D:0.2586 F:0.0251 175s
Epoch [15/60] L:0.2567 D:0.2517 F:0.0249 175s
Epoch [16/60] L:0.2492 D:0.2443 F:0.0245 183s
  Val L:0.3776 ABS:0.3800 RMSE:1.2698 d1:0.5184
  >> Best (score:1.0029 RMSE:1.2698 ABS:0.3800)
Epoch [17/60] L:0.2406 D:0.2357 F:0.0242 183s
Epoch [18/60] L:0.2315 D:0.2268 F:0.0238 175s
Epoch [19/60] L:0.2228 D:0.2181 F:0.0235 175s
Epoch [20/60] L:0.2143 D:0.2096 F:0.0233 190s
  Val L:0.3894 ABS:0.4093 RMSE:1.2835 d1:0.5112
Epoch [21/60] L:0.2054 D:0.2008 F:0.0231 191s
Epoch [22/60] L:0.1954 D:0.1909 F:0.0229 175s
Epoch [23/60] L:0.1862 D:0.1817 F:0.0227 174s
Epoch [24/60] L:0.1782 D:0.1737 F:0.0225 175s
  Val L:0.4191 ABS:0.4093 RMSE:1.2948 d1:0.5153
Epoch [25/60] L:0.1703 D:0.1659 F:0.0222 175s
Epoch [26/60] L:0.1617 D:0.1574 F:0.0217 174s
Epoch [27/60] L:0.1550 D:0.1507 F:0.0219 181s
Epoch [28/60] L:0.1472 D:0.1430 F:0.0212 185s
  Val L:0.4055 ABS:0.4022 RMSE:1.2940 d1:0.5271
Epoch [29/60] L:0.1400 D:0.1358 F:0.0210 187s
Epoch [30/60] L:0.1336 D:0.1294 F:0.0209 209s
Epoch [31/60] L:0.1295 D:0.1253 F:0.0206 201s
Epoch [32/60] L:0.1225 D:0.1184 F:0.0204 192s
  Val L:0.4049 ABS:0.4291 RMSE:1.2877 d1:0.5236
Epoch [33/60] L:0.1170 D:0.1130 F:0.0201 202s
Epoch [34/60] L:0.1138 D:0.1098 F:0.0200 214s
Epoch [35/60] L:0.1092 D:0.1053 F:0.0195 234s
Epoch [36/60] L:0.1042 D:0.1003 F:0.0194 302s
  Val L:0.4121 ABS:0.4321 RMSE:1.3132 d1:0.5214
Epoch [37/60] L:0.1005 D:0.0967 F:0.0191 453s
Epoch [38/60] L:0.0971 D:0.0933 F:0.0188 350s
Epoch [39/60] L:0.0940 D:0.0903 F:0.0186 291s
Epoch [40/60] L:0.0900 D:0.0863 F:0.0183 246s
  Val L:0.4256 ABS:0.4350 RMSE:1.3287 d1:0.5233
Epoch [41/60] L:0.0872 D:0.0836 F:0.0181 238s
Epoch [42/60] L:0.0845 D:0.0810 F:0.0178 197s
Epoch [43/60] L:0.0817 D:0.0782 F:0.0177 198s
Epoch [44/60] L:0.0796 D:0.0761 F:0.0174 199s
  Val L:0.4190 ABS:0.4454 RMSE:1.3193 d1:0.5214
Epoch [45/60] L:0.0776 D:0.0742 F:0.0172 230s
Epoch [46/60] L:0.0745 D:0.0711 F:0.0169 208s
Epoch [47/60] L:0.0728 D:0.0694 F:0.0166 205s
Epoch [48/60] L:0.0700 D:0.0667 F:0.0165 214s
  Val L:0.4273 ABS:0.4392 RMSE:1.3331 d1:0.5222
Epoch [49/60] L:0.0687 D:0.0654 F:0.0163 237s
Epoch [50/60] L:0.0677 D:0.0645 F:0.0160 217s
Epoch [51/60] L:0.0654 D:0.0623 F:0.0160 236s
Epoch [52/60] L:0.0623 D:0.0592 F:0.0155 207s
  Val L:0.4224 ABS:0.4405 RMSE:1.3402 d1:0.5261
Epoch [53/60] L:0.0614 D:0.0583 F:0.0154 276s
Epoch [54/60] L:0.0596 D:0.0565 F:0.0152 209s
Epoch [55/60] L:0.0588 D:0.0558 F:0.0150 206s
Epoch [56/60] L:0.0577 D:0.0547 F:0.0148 207s
  Val L:0.4217 ABS:0.4318 RMSE:1.3283 d1:0.5305
Epoch [57/60] L:0.0557 D:0.0528 F:0.0145 255s
Epoch [58/60] L:0.0640 D:0.0609 F:0.0153 208s
Epoch [59/60] L:0.0547 D:0.0519 F:0.0142 200s
Epoch [60/60] L:0.0497 D:0.0470 F:0.0137 209s
  Val L:0.4179 ABS:0.4381 RMSE:1.3291 d1:0.5331

Done. Best score:1.0029 RMSE:1.2698 ABS:0.3800
