/opt/conda/lib/python3.11/site-packages/timm/models/layers/__init__.py:49: FutureWarning: Importing from timm.models.layers is deprecated, please import via timm.layers
  warnings.warn(f"Importing from {__name__} is deprecated, please import via timm.layers", FutureWarning)
============================================================
Model: pretrained_vit_foa_v3  Dataset: soundspaces
BS: 32  LR: 0.0001  Opt: AdamW
============================================================
Loaded scene split from /root/storage/matterport3d_0303renew/scene_split.json
  train: 72, val: 9, test: 9
[train] 23560 samples (fast cache: samples_train_erp_8b3be925d3ae.json) [ambisonic=ON]
  Precomputed SH basis matrix: (131072, 4) (order=1)
Loaded scene split from /root/storage/matterport3d_0303renew/scene_split.json
  train: 72, val: 9, test: 9
[val] 2951 samples (fast cache: samples_val_erp_be0f29dd7abf.json) [ambisonic=ON]
  Precomputed SH basis matrix: (131072, 4) (order=1)
Train: 23560, Val: 2951
Model: pretrained_vit_foa_v3 (90.7M params)
Epoch [1/60] L:0.2765 D:0.2707 F:0.0579 544s
Epoch [2/60] L:0.2297 D:0.2251 F:0.0459 544s
Epoch [3/60] L:0.2233 D:0.2190 F:0.0427 544s
Epoch [4/60] L:0.2188 D:0.2147 F:0.0407 566s
  Val L:0.2801 ABS:0.4513 RMSE:1.4007 d1:0.4186
  >> Best (score:1.1159 RMSE:1.4007 ABS:0.4513)
Epoch [5/60] L:0.2166 D:0.2125 F:0.0405 545s
Epoch [6/60] L:0.2148 D:0.2109 F:0.0398 545s
Epoch [7/60] L:0.2126 D:0.2087 F:0.0391 545s
Epoch [8/60] L:0.2108 D:0.2069 F:0.0383 545s
  Val L:0.2572 ABS:0.4490 RMSE:1.3500 d1:0.4619
  >> Best (score:1.0797 RMSE:1.3500 ABS:0.4490)
Epoch [9/60] L:0.2090 D:0.2052 F:0.0383 548s
Epoch [10/60] L:0.2079 D:0.2040 F:0.0381 545s
Epoch [11/60] L:0.2065 D:0.2027 F:0.0377 545s
Epoch [12/60] L:0.2046 D:0.2009 F:0.0372 624s
  Val L:0.2638 ABS:0.4343 RMSE:1.3589 d1:0.4596
Epoch [13/60] L:0.2035 D:0.1998 F:0.0368 537s
Epoch [14/60] L:0.2026 D:0.1989 F:0.0371 537s
Epoch [15/60] L:0.2014 D:0.1978 F:0.0366 539s
Epoch [16/60] L:0.2007 D:0.1971 F:0.0367 540s
  Val L:0.2464 ABS:0.4496 RMSE:1.3055 d1:0.4784
  >> Best (score:1.0488 RMSE:1.3055 ABS:0.4496)
Epoch [17/60] L:0.2001 D:0.1964 F:0.0364 630s
Epoch [18/60] L:0.1991 D:0.1955 F:0.0362 986s
Epoch [19/60] L:0.1983 D:0.1948 F:0.0356 664s
Epoch [20/60] L:0.1974 D:0.1938 F:0.0356 593s
  Val L:0.2426 ABS:0.4434 RMSE:1.3009 d1:0.4657
  >> Best (score:1.0436 RMSE:1.3009 ABS:0.4434)
Epoch [21/60] L:0.1970 D:0.1934 F:0.0355 539s
Epoch [22/60] L:0.1961 D:0.1926 F:0.0357 540s
Epoch [23/60] L:0.1958 D:0.1922 F:0.0358 539s
Epoch [24/60] L:0.1949 D:0.1913 F:0.0359 544s
  Val L:0.2398 ABS:0.4369 RMSE:1.2763 d1:0.4797
  >> Best (score:1.0245 RMSE:1.2763 ABS:0.4369)
Epoch [25/60] L:0.1946 D:0.1910 F:0.0358 542s
Epoch [26/60] L:0.1941 D:0.1905 F:0.0356 725s
Epoch [27/60] L:0.1934 D:0.1898 F:0.0358 1173s
Epoch [28/60] L:0.1928 D:0.1892 F:0.0352 645s
  Val L:0.2538 ABS:0.4153 RMSE:1.3158 d1:0.4604
Epoch [29/60] L:0.1926 D:0.1890 F:0.0353 1453s
Epoch [30/60] L:0.1924 D:0.1888 F:0.0356 903s
Epoch [31/60] L:0.1916 D:0.1880 F:0.0354 8916s
Epoch [32/60] L:0.1910 D:0.1874 F:0.0352 2948s
  Val L:0.2445 ABS:0.4412 RMSE:1.3083 d1:0.4838
Epoch [33/60] L:0.1903 D:0.1868 F:0.0348 3225s
Epoch [34/60] L:0.1898 D:0.1862 F:0.0356 2945s
Epoch [35/60] L:0.1896 D:0.1861 F:0.0353 3022s
Epoch [36/60] L:0.1893 D:0.1858 F:0.0350 2500s
  Val L:0.2427 ABS:0.4669 RMSE:1.2935 d1:0.4814
Epoch [37/60] L:0.1887 D:0.1852 F:0.0347 1736s
Epoch [38/60] L:0.1882 D:0.1847 F:0.0353 2093s
Epoch [39/60] L:0.1877 D:0.1842 F:0.0349 2365s
Epoch [40/60] L:0.1875 D:0.1840 F:0.0350 2715s
  Val L:0.2405 ABS:0.4064 RMSE:1.2956 d1:0.4781
Epoch [41/60] L:0.1870 D:0.1835 F:0.0351 2841s
Epoch [42/60] L:0.1863 D:0.1828 F:0.0350 2635s
Epoch [43/60] L:0.1855 D:0.1820 F:0.0350 2361s
Epoch [44/60] L:0.1855 D:0.1820 F:0.0351 1898s
  Val L:0.2370 ABS:0.4233 RMSE:1.2809 d1:0.4832
  >> Best (score:1.0236 RMSE:1.2809 ABS:0.4233)
Epoch [45/60] L:0.1850 D:0.1815 F:0.0353 2428s
Epoch [46/60] L:0.1847 D:0.1812 F:0.0348 2173s
Epoch [47/60] L:0.1839 D:0.1804 F:0.0351 2027s
Epoch [48/60] L:0.1835 D:0.1801 F:0.0345 1535s
  Val L:0.2361 ABS:0.4099 RMSE:1.2805 d1:0.4958
  >> Best (score:1.0193 RMSE:1.2805 ABS:0.4099)
Epoch [49/60] L:0.1832 D:0.1797 F:0.0344 2245s
Epoch [50/60] L:0.1825 D:0.1790 F:0.0347 2092s
Epoch [51/60] L:0.1821 D:0.1786 F:0.0347 2989s
Epoch [52/60] L:0.1816 D:0.1781 F:0.0345 1123s
  Val L:0.2412 ABS:0.4440 RMSE:1.2972 d1:0.4819
Epoch [53/60] L:0.1811 D:0.1777 F:0.0345 909s
Epoch [54/60] L:0.1806 D:0.1771 F:0.0347 895s
Epoch [55/60] L:0.1802 D:0.1768 F:0.0343 781s
Epoch [56/60] L:0.1796 D:0.1761 F:0.0344 1204s
  Val L:0.2406 ABS:0.4179 RMSE:1.2976 d1:0.4812
Epoch [57/60] L:0.1792 D:0.1758 F:0.0347 2408s
Epoch [58/60] L:0.1787 D:0.1753 F:0.0345 1334s
Epoch [59/60] L:0.1780 D:0.1745 F:0.0349 1423s
Epoch [60/60] L:0.1778 D:0.1743 F:0.0344 1171s
  Val L:0.2412 ABS:0.4289 RMSE:1.3019 d1:0.4869

Done. Best score:1.0193 RMSE:1.2805 ABS:0.4099
