/opt/conda/lib/python3.11/site-packages/timm/models/layers/__init__.py:49: FutureWarning: Importing from timm.models.layers is deprecated, please import via timm.layers
  warnings.warn(f"Importing from {__name__} is deprecated, please import via timm.layers", FutureWarning)
============================================================
Model: pretrained_vit_foa_v6_eattn  Dataset: soundspaces
BS: 32  LR: 0.0001  Opt: AdamW
============================================================
Loaded scene split from /root/storage/matterport3d_0303renew/scene_split.json
  train: 72, val: 9, test: 9
[train] 23560 samples (fast cache: samples_train_erp_8b3be925d3ae.json) [ambisonic=ON]
  Precomputed SH basis matrix: (131072, 4) (order=1)
Loaded scene split from /root/storage/matterport3d_0303renew/scene_split.json
  train: 72, val: 9, test: 9
[val] 2951 samples (fast cache: samples_val_erp_be0f29dd7abf.json) [ambisonic=ON]
  Precomputed SH basis matrix: (131072, 4) (order=1)
Train: 23560, Val: 2951
Model: pretrained_vit_foa_v6_eattn (94.1M params)
Epoch [1/60] L:0.2656 D:0.2605 F:0.0512 529s
Epoch [2/60] L:0.2115 D:0.2077 F:0.0377 621s
Epoch [3/60] L:0.2009 D:0.1976 F:0.0336 1269s
Epoch [4/60] L:0.1925 D:0.1894 F:0.0310 1013s
  Val L:0.2341 ABS:0.3972 RMSE:1.2964 d1:0.4789
  >> Best (score:1.0266 RMSE:1.2964 ABS:0.3972)
Epoch [5/60] L:0.1863 D:0.1834 F:0.0287 688s
Epoch [6/60] L:0.1817 D:0.1789 F:0.0279 655s
Epoch [7/60] L:0.1774 D:0.1747 F:0.0264 586s
Epoch [8/60] L:0.1735 D:0.1709 F:0.0262 613s
  Val L:0.2241 ABS:0.3820 RMSE:1.2574 d1:0.5209
  >> Best (score:0.9948 RMSE:1.2574 ABS:0.3820)
Epoch [9/60] L:0.1705 D:0.1679 F:0.0258 683s
Epoch [10/60] L:0.1657 D:0.1633 F:0.0248 718s
Epoch [11/60] L:0.1618 D:0.1594 F:0.0244 946s
Epoch [12/60] L:0.1571 D:0.1547 F:0.0241 666s
  Val L:0.2225 ABS:0.3987 RMSE:1.2285 d1:0.5382
  >> Best (score:0.9796 RMSE:1.2285 ABS:0.3987)
Epoch [13/60] L:0.1532 D:0.1508 F:0.0236 698s
Epoch [14/60] L:0.1475 D:0.1452 F:0.0231 763s
Epoch [15/60] L:0.1428 D:0.1405 F:0.0228 726s
Epoch [16/60] L:0.1372 D:0.1349 F:0.0224 584s
  Val L:0.2287 ABS:0.4165 RMSE:1.2351 d1:0.5244
Epoch [17/60] L:0.1314 D:0.1292 F:0.0219 688s
Epoch [18/60] L:0.1268 D:0.1246 F:0.0219 686s
Epoch [19/60] L:0.1210 D:0.1189 F:0.0215 622s
Epoch [20/60] L:0.1160 D:0.1139 F:0.0212 487s
  Val L:0.2349 ABS:0.4295 RMSE:1.2554 d1:0.5358
Epoch [21/60] L:0.1109 D:0.1089 F:0.0208 488s
Epoch [22/60] L:0.1065 D:0.1044 F:0.0207 479s
Epoch [23/60] L:0.1020 D:0.0999 F:0.0204 516s
Epoch [24/60] L:0.0985 D:0.0964 F:0.0201 449s
  Val L:0.2425 ABS:0.4118 RMSE:1.2731 d1:0.5367
Epoch [25/60] L:0.0941 D:0.0921 F:0.0199 487s
Epoch [26/60] L:0.0902 D:0.0882 F:0.0195 461s
Epoch [27/60] L:0.0869 D:0.0850 F:0.0192 469s
Epoch [28/60] L:0.0840 D:0.0821 F:0.0189 474s
  Val L:0.2383 ABS:0.4285 RMSE:1.2654 d1:0.5422
Epoch [29/60] L:0.0818 D:0.0799 F:0.0188 462s
Epoch [30/60] L:0.0787 D:0.0768 F:0.0184 496s
Epoch [31/60] L:0.0752 D:0.0734 F:0.0180 513s
Epoch [32/60] L:0.0734 D:0.0716 F:0.0179 448s
  Val L:0.2484 ABS:0.4328 RMSE:1.2936 d1:0.5497
Epoch [33/60] L:0.0715 D:0.0697 F:0.0177 454s
Epoch [34/60] L:0.0698 D:0.0681 F:0.0175 457s
Epoch [35/60] L:0.0676 D:0.0659 F:0.0172 451s
Epoch [36/60] L:0.0652 D:0.0635 F:0.0168 442s
  Val L:0.2517 ABS:0.4405 RMSE:1.3081 d1:0.5457
Epoch [37/60] L:0.0634 D:0.0617 F:0.0167 437s
Epoch [38/60] L:0.0606 D:0.0590 F:0.0163 436s
Epoch [39/60] L:0.0603 D:0.0587 F:0.0161 447s
Epoch [40/60] L:0.0582 D:0.0566 F:0.0158 443s
  Val L:0.2509 ABS:0.4315 RMSE:1.3096 d1:0.5495
Epoch [41/60] L:0.0562 D:0.0546 F:0.0154 457s
Epoch [42/60] L:0.0559 D:0.0544 F:0.0153 439s
Epoch [43/60] L:0.0539 D:0.0524 F:0.0149 436s
Epoch [44/60] L:0.0521 D:0.0506 F:0.0147 431s
  Val L:0.2571 ABS:0.4283 RMSE:1.3380 d1:0.5426
Epoch [45/60] L:0.0509 D:0.0494 F:0.0144 432s
Epoch [46/60] L:0.0556 D:0.0540 F:0.0152 432s
Epoch [47/60] L:0.0517 D:0.0502 F:0.0143 434s
Epoch [48/60] L:0.0466 D:0.0452 F:0.0134 435s
  Val L:0.2551 ABS:0.4423 RMSE:1.3293 d1:0.5454
Epoch [49/60] L:0.0435 D:0.0422 F:0.0130 435s
Epoch [50/60] L:0.0479 D:0.0466 F:0.0139 444s
Epoch [51/60] L:0.0464 D:0.0451 F:0.0132 450s
Epoch [52/60] L:0.0415 D:0.0403 F:0.0123 435s
  Val L:0.2577 ABS:0.4517 RMSE:1.3435 d1:0.5486
Epoch [53/60] L:0.0397 D:0.0385 F:0.0119 435s
Epoch [54/60] L:0.0397 D:0.0385 F:0.0119 437s
Epoch [55/60] L:0.0400 D:0.0389 F:0.0118 435s
Epoch [56/60] L:0.0398 D:0.0386 F:0.0117 435s
  Val L:0.2590 ABS:0.4461 RMSE:1.3441 d1:0.5494
Epoch [57/60] L:0.0379 D:0.0368 F:0.0112 438s
Epoch [58/60] L:0.0363 D:0.0352 F:0.0108 444s
Epoch [59/60] L:0.0356 D:0.0345 F:0.0107 435s
Epoch [60/60] L:0.0403 D:0.0391 F:0.0119 435s
  Val L:0.2644 ABS:0.4502 RMSE:1.3575 d1:0.5454

Done. Best score:0.9796 RMSE:1.2285 ABS:0.3987
