/opt/conda/lib/python3.11/site-packages/timm/models/layers/__init__.py:49: FutureWarning: Importing from timm.models.layers is deprecated, please import via timm.layers
  warnings.warn(f"Importing from {__name__} is deprecated, please import via timm.layers", FutureWarning)
============================================================
Model: pretrained_vit_foa_v3  Dataset: soundspaces
BS: 32  LR: 0.0001  Opt: AdamW
============================================================
Loaded scene split from /root/storage/matterport3d_0303renew/scene_split.json
  train: 72, val: 9, test: 9
[train] 23560 samples (fast cache: samples_train_erp_8b3be925d3ae.json) [ambisonic=ON]
  Precomputed SH basis matrix: (131072, 4) (order=1)
Loaded scene split from /root/storage/matterport3d_0303renew/scene_split.json
  train: 72, val: 9, test: 9
[val] 2951 samples (fast cache: samples_val_erp_be0f29dd7abf.json) [ambisonic=ON]
  Precomputed SH basis matrix: (131072, 4) (order=1)
Train: 23560, Val: 2951
Model: pretrained_vit_foa_v3 (90.7M params)
Epoch [1/60] L:0.5416 D:0.2681 F:0.0532 529s
Epoch [2/60] L:0.4154 D:0.2056 F:0.0409 622s
Epoch [3/60] L:0.3930 D:0.1947 F:0.0370 1259s
Epoch [4/60] L:0.3786 D:0.1875 F:0.0358 1006s
  Val L:0.4605 ABS:0.4607 RMSE:1.2674 d1:0.4962
  >> Best (score:1.0254 RMSE:1.2674 ABS:0.4607)
Epoch [5/60] L:0.3667 D:0.1816 F:0.0343 689s
Epoch [6/60] L:0.3556 D:0.1762 F:0.0332 649s
Epoch [7/60] L:0.3468 D:0.1718 F:0.0327 586s
Epoch [8/60] L:0.3391 D:0.1680 F:0.0316 614s
  Val L:0.4346 ABS:0.3958 RMSE:1.2365 d1:0.5300
  >> Best (score:0.9843 RMSE:1.2365 ABS:0.3958)
Epoch [9/60] L:0.3290 D:0.1629 F:0.0312 670s
Epoch [10/60] L:0.3184 D:0.1577 F:0.0302 701s
Epoch [11/60] L:0.3080 D:0.1525 F:0.0299 952s
Epoch [12/60] L:0.2967 D:0.1469 F:0.0292 666s
  Val L:0.4650 ABS:0.4024 RMSE:1.2702 d1:0.5106
Epoch [13/60] L:0.2838 D:0.1405 F:0.0283 720s
Epoch [14/60] L:0.2736 D:0.1354 F:0.0280 766s
Epoch [15/60] L:0.2623 D:0.1298 F:0.0280 722s
Epoch [16/60] L:0.2514 D:0.1243 F:0.0274 578s
  Val L:0.4707 ABS:0.3923 RMSE:1.2714 d1:0.5289
Epoch [17/60] L:0.2412 D:0.1192 F:0.0267 695s
Epoch [18/60] L:0.2304 D:0.1139 F:0.0262 685s
Epoch [19/60] L:0.2212 D:0.1093 F:0.0255 619s
Epoch [20/60] L:0.2120 D:0.1047 F:0.0253 487s
  Val L:0.4841 ABS:0.4503 RMSE:1.2636 d1:0.5285
Epoch [21/60] L:0.2036 D:0.1006 F:0.0250 489s
Epoch [22/60] L:0.1958 D:0.0967 F:0.0248 481s
Epoch [23/60] L:0.1893 D:0.0934 F:0.0245 513s
Epoch [24/60] L:0.1817 D:0.0896 F:0.0242 452s
  Val L:0.4873 ABS:0.4399 RMSE:1.2753 d1:0.5316
Epoch [25/60] L:0.1768 D:0.0872 F:0.0239 487s
Epoch [26/60] L:0.1708 D:0.0842 F:0.0234 462s
Epoch [27/60] L:0.1649 D:0.0813 F:0.0234 467s
Epoch [28/60] L:0.1600 D:0.0788 F:0.0230 476s
  Val L:0.4851 ABS:0.4369 RMSE:1.2791 d1:0.5376
Epoch [29/60] L:0.1554 D:0.0765 F:0.0228 463s
Epoch [30/60] L:0.1513 D:0.0745 F:0.0226 503s
Epoch [31/60] L:0.1472 D:0.0725 F:0.0223 506s
Epoch [32/60] L:0.1431 D:0.0704 F:0.0223 448s
  Val L:0.5025 ABS:0.4375 RMSE:1.2974 d1:0.5352
Epoch [33/60] L:0.1377 D:0.0677 F:0.0219 452s
Epoch [34/60] L:0.1357 D:0.0668 F:0.0218 455s
Epoch [35/60] L:0.1310 D:0.0644 F:0.0215 452s
Epoch [36/60] L:0.1272 D:0.0625 F:0.0214 439s
  Val L:0.4914 ABS:0.4392 RMSE:1.2904 d1:0.5485
Epoch [37/60] L:0.1249 D:0.0614 F:0.0213 435s
Epoch [38/60] L:0.1224 D:0.0601 F:0.0212 435s
Epoch [39/60] L:0.1185 D:0.0582 F:0.0210 447s
Epoch [40/60] L:0.1159 D:0.0569 F:0.0209 437s
  Val L:0.5021 ABS:0.4447 RMSE:1.3141 d1:0.5443
Epoch [41/60] L:0.1130 D:0.0555 F:0.0206 465s
Epoch [42/60] L:0.1101 D:0.0540 F:0.0204 437s
Epoch [43/60] L:0.1085 D:0.0532 F:0.0206 443s
Epoch [44/60] L:0.1040 D:0.0510 F:0.0200 435s
  Val L:0.4963 ABS:0.4403 RMSE:1.3030 d1:0.5510
Epoch [45/60] L:0.1013 D:0.0497 F:0.0198 439s
Epoch [46/60] L:0.0994 D:0.0487 F:0.0200 439s
Epoch [47/60] L:0.0969 D:0.0475 F:0.0196 441s
Epoch [48/60] L:0.0948 D:0.0464 F:0.0195 440s
  Val L:0.5029 ABS:0.4419 RMSE:1.3210 d1:0.5497
Epoch [49/60] L:0.0936 D:0.0458 F:0.0194 437s
Epoch [50/60] L:0.0911 D:0.0446 F:0.0193 447s
Epoch [51/60] L:0.0877 D:0.0429 F:0.0192 442s
Epoch [52/60] L:0.0851 D:0.0416 F:0.0189 441s
  Val L:0.5018 ABS:0.4341 RMSE:1.3168 d1:0.5496
Epoch [53/60] L:0.0835 D:0.0408 F:0.0189 440s
Epoch [54/60] L:0.0826 D:0.0404 F:0.0188 440s
Epoch [55/60] L:0.0799 D:0.0390 F:0.0186 440s
Epoch [56/60] L:0.0783 D:0.0382 F:0.0185 435s
  Val L:0.5048 ABS:0.4413 RMSE:1.3313 d1:0.5519
Epoch [57/60] L:0.0761 D:0.0371 F:0.0183 448s
Epoch [58/60] L:0.0742 D:0.0362 F:0.0182 442s
Epoch [59/60] L:0.0719 D:0.0350 F:0.0179 434s
Epoch [60/60] L:0.0737 D:0.0359 F:0.0184 479s
  Val L:0.5155 ABS:0.4458 RMSE:1.3397 d1:0.5494

Done. Best score:0.9843 RMSE:1.2365 ABS:0.3958
