/opt/conda/lib/python3.11/site-packages/timm/models/layers/__init__.py:49: FutureWarning: Importing from timm.models.layers is deprecated, please import via timm.layers
  warnings.warn(f"Importing from {__name__} is deprecated, please import via timm.layers", FutureWarning)
============================================================
Model: n3_multiscale_sh  Dataset: soundspaces
BS: 32  LR: 0.001  Opt: AdamW
============================================================
Loaded scene split from /root/storage/matterport3d_0303renew/scene_split.json
  train: 72, val: 9, test: 9
[train] 23560 samples (fast cache: samples_train_erp_8b3be925d3ae.json) [ambisonic=ON]
  Precomputed SH basis matrix: (131072, 4) (order=1)
Loaded scene split from /root/storage/matterport3d_0303renew/scene_split.json
  train: 72, val: 9, test: 9
[val] 2951 samples (fast cache: samples_val_erp_be0f29dd7abf.json) [ambisonic=ON]
  Precomputed SH basis matrix: (131072, 4) (order=1)
Train: 23560, Val: 2951
Model: n3_multiscale_sh (54.9M params)
Epoch [1/60] L:0.8569 D:0.4207 F:0.0517 407s
Epoch [2/60] L:0.7357 D:0.3624 F:0.0363 687s
Epoch [3/60] L:0.7053 D:0.3474 F:0.0347 721s
Epoch [4/60] L:0.6816 D:0.3357 F:0.0337 864s
  Val L:0.7994 ABS:0.4306 RMSE:1.3593 d1:0.4703
  >> Best (score:1.0807 RMSE:1.3593 ABS:0.4306)
Epoch [5/60] L:0.6579 D:0.3241 F:0.0326 801s
Epoch [6/60] L:0.6388 D:0.3149 F:0.0300 452s
Epoch [7/60] L:0.6220 D:0.3066 F:0.0289 268s
Epoch [8/60] L:0.6078 D:0.2997 F:0.0281 272s
  Val L:0.7363 ABS:0.4313 RMSE:1.2699 d1:0.4850
  >> Best (score:1.0183 RMSE:1.2699 ABS:0.4313)
Epoch [9/60] L:0.5947 D:0.2933 F:0.0273 463s
Epoch [10/60] L:0.5802 D:0.2861 F:0.0267 460s
Epoch [11/60] L:0.5679 D:0.2800 F:0.0261 834s
Epoch [12/60] L:0.5577 D:0.2750 F:0.0258 690s
  Val L:0.7164 ABS:0.3856 RMSE:1.2571 d1:0.5165
  >> Best (score:0.9957 RMSE:1.2571 ABS:0.3856)
Epoch [13/60] L:0.5449 D:0.2687 F:0.0253 572s
Epoch [14/60] L:0.5310 D:0.2618 F:0.0248 529s
Epoch [15/60] L:0.5194 D:0.2560 F:0.0246 570s
Epoch [16/60] L:0.5023 D:0.2475 F:0.0244 349s
  Val L:0.7350 ABS:0.4003 RMSE:1.2451 d1:0.5196
  >> Best (score:0.9917 RMSE:1.2451 ABS:0.4003)
Epoch [17/60] L:0.4893 D:0.2410 F:0.0240 352s
Epoch [18/60] L:0.4708 D:0.2319 F:0.0236 256s
Epoch [19/60] L:0.4572 D:0.2251 F:0.0234 270s
Epoch [20/60] L:0.4392 D:0.2161 F:0.0232 273s
  Val L:0.7602 ABS:0.4260 RMSE:1.2560 d1:0.5225
Epoch [21/60] L:0.4225 D:0.2078 F:0.0231 342s
Epoch [22/60] L:0.4020 D:0.1976 F:0.0226 265s
Epoch [23/60] L:0.3851 D:0.1892 F:0.0225 287s
Epoch [24/60] L:0.3660 D:0.1797 F:0.0223 262s
  Val L:0.7899 ABS:0.4057 RMSE:1.2743 d1:0.5230
Epoch [25/60] L:0.3494 D:0.1714 F:0.0220 307s
Epoch [26/60] L:0.3319 D:0.1627 F:0.0218 285s
Epoch [27/60] L:0.3145 D:0.1540 F:0.0216 341s
Epoch [28/60] L:0.2981 D:0.1459 F:0.0213 684s
  Val L:0.8058 ABS:0.4512 RMSE:1.2758 d1:0.5238
Epoch [29/60] L:0.2852 D:0.1394 F:0.0211 855s
Epoch [30/60] L:0.2708 D:0.1323 F:0.0209 1169s
Epoch [31/60] L:0.2586 D:0.1262 F:0.0207 918s
Epoch [32/60] L:0.2452 D:0.1195 F:0.0206 1011s
  Val L:0.8137 ABS:0.4301 RMSE:1.2994 d1:0.5288
Epoch [33/60] L:0.2348 D:0.1144 F:0.0201 497s
Epoch [34/60] L:0.2239 D:0.1090 F:0.0198 437s
Epoch [35/60] L:0.2159 D:0.1050 F:0.0198 559s
Epoch [36/60] L:0.2110 D:0.1025 F:0.0196 662s
  Val L:0.8238 ABS:0.4339 RMSE:1.3050 d1:0.5290
Epoch [37/60] L:0.1972 D:0.0957 F:0.0192 534s
Epoch [38/60] L:0.1902 D:0.0923 F:0.0191 448s
Epoch [39/60] L:0.1835 D:0.0889 F:0.0189 504s
Epoch [40/60] L:0.1791 D:0.0867 F:0.0187 461s
  Val L:0.8428 ABS:0.4297 RMSE:1.3233 d1:0.5275
Epoch [41/60] L:0.1740 D:0.0842 F:0.0187 504s
Epoch [42/60] L:0.1659 D:0.0802 F:0.0182 427s
Epoch [43/60] L:0.1584 D:0.0765 F:0.0179 479s
Epoch [44/60] L:0.1544 D:0.0745 F:0.0179 508s
  Val L:0.8382 ABS:0.4329 RMSE:1.3230 d1:0.5290
Epoch [45/60] L:0.1498 D:0.0723 F:0.0176 507s
Epoch [46/60] L:0.1489 D:0.0719 F:0.0174 627s
Epoch [47/60] L:0.1439 D:0.0693 F:0.0173 482s
Epoch [48/60] L:0.1372 D:0.0660 F:0.0170 558s
  Val L:0.8476 ABS:0.4342 RMSE:1.3268 d1:0.5316
Epoch [49/60] L:0.1311 D:0.0630 F:0.0167 360s
Epoch [50/60] L:0.1325 D:0.0637 F:0.0168 281s
Epoch [51/60] L:0.1293 D:0.0622 F:0.0165 302s
Epoch [52/60] L:0.1261 D:0.0606 F:0.0164 259s
  Val L:0.8636 ABS:0.4786 RMSE:1.3380 d1:0.5230
Epoch [53/60] L:0.1196 D:0.0574 F:0.0160 283s
Epoch [54/60] L:0.1150 D:0.0551 F:0.0159 262s
Epoch [55/60] L:0.1134 D:0.0544 F:0.0156 250s
Epoch [56/60] L:0.1145 D:0.0549 F:0.0157 244s
  Val L:0.8504 ABS:0.4418 RMSE:1.3414 d1:0.5268
Epoch [57/60] L:0.1308 D:0.0629 F:0.0165 315s
Epoch [58/60] L:0.1184 D:0.0569 F:0.0156 726s
Epoch [59/60] L:0.0995 D:0.0475 F:0.0146 536s
Epoch [60/60] L:0.0957 D:0.0457 F:0.0146 546s
  Val L:0.8425 ABS:0.4508 RMSE:1.3347 d1:0.5374

Done. Best score:0.9917 RMSE:1.2451 ABS:0.4003
