/opt/conda/lib/python3.11/site-packages/timm/models/layers/__init__.py:49: FutureWarning: Importing from timm.models.layers is deprecated, please import via timm.layers
  warnings.warn(f"Importing from {__name__} is deprecated, please import via timm.layers", FutureWarning)
============================================================
Model: pretrained_vit_foa_v6_oracle_nc3  Dataset: soundspaces
BS: 32  LR: 0.0001  Opt: AdamW
============================================================
Loaded scene split from /root/storage/matterport3d_0303renew/scene_split.json
  train: 72, val: 9, test: 9
[train] 23560 samples (fast cache: samples_train_erp_8b3be925d3ae.json) [ambisonic=ON]
  Precomputed SH basis matrix: (131072, 4) (order=1)
Loaded scene split from /root/storage/matterport3d_0303renew/scene_split.json
  train: 72, val: 9, test: 9
[val] 2951 samples (fast cache: samples_val_erp_be0f29dd7abf.json) [ambisonic=ON]
  Precomputed SH basis matrix: (131072, 4) (order=1)
Train: 23560, Val: 2951
Model: pretrained_vit_foa_v6_oracle_nc3 (90.3M params)
Epoch [1/60] L:0.2478 D:0.2430 F:0.0476 522s
Epoch [2/60] L:0.1926 D:0.1896 F:0.0303 611s
Epoch [3/60] L:0.1842 D:0.1819 F:0.0235 1256s
Epoch [4/60] L:0.1792 D:0.1773 F:0.0197 1008s
  Val L:0.2216 ABS:0.3753 RMSE:1.2702 d1:0.5064
  >> Best (score:1.0017 RMSE:1.2702 ABS:0.3753)
Epoch [5/60] L:0.1748 D:0.1730 F:0.0180 697s
Epoch [6/60] L:0.1714 D:0.1697 F:0.0163 659s
Epoch [7/60] L:0.1683 D:0.1667 F:0.0158 580s
Epoch [8/60] L:0.1646 D:0.1631 F:0.0151 609s
  Val L:0.2072 ABS:0.3984 RMSE:1.1892 d1:0.5300
  >> Best (score:0.9520 RMSE:1.1892 ABS:0.3984)
Epoch [9/60] L:0.1609 D:0.1594 F:0.0145 670s
Epoch [10/60] L:0.1573 D:0.1559 F:0.0144 696s
Epoch [11/60] L:0.1533 D:0.1520 F:0.0135 955s
Epoch [12/60] L:0.1496 D:0.1483 F:0.0134 660s
  Val L:0.2084 ABS:0.3715 RMSE:1.1994 d1:0.5452
  >> Best (score:0.9511 RMSE:1.1994 ABS:0.3715)
Epoch [13/60] L:0.1465 D:0.1452 F:0.0130 702s
Epoch [14/60] L:0.1409 D:0.1396 F:0.0124 777s
Epoch [15/60] L:0.1373 D:0.1361 F:0.0122 720s
Epoch [16/60] L:0.1315 D:0.1303 F:0.0120 580s
  Val L:0.2158 ABS:0.3654 RMSE:1.2094 d1:0.5378
Epoch [17/60] L:0.1270 D:0.1258 F:0.0117 689s
Epoch [18/60] L:0.1217 D:0.1206 F:0.0114 674s
Epoch [19/60] L:0.1173 D:0.1162 F:0.0112 628s
Epoch [20/60] L:0.1118 D:0.1107 F:0.0110 480s
  Val L:0.2208 ABS:0.3753 RMSE:1.2200 d1:0.5446
Epoch [21/60] L:0.1069 D:0.1058 F:0.0105 488s
Epoch [22/60] L:0.1020 D:0.1010 F:0.0104 478s
Epoch [23/60] L:0.0978 D:0.0968 F:0.0103 507s
Epoch [24/60] L:0.0941 D:0.0931 F:0.0100 448s
  Val L:0.2316 ABS:0.3895 RMSE:1.2429 d1:0.5404
Epoch [25/60] L:0.0893 D:0.0883 F:0.0097 485s
Epoch [26/60] L:0.0855 D:0.0845 F:0.0095 459s
Epoch [27/60] L:0.0826 D:0.0816 F:0.0094 466s
Epoch [28/60] L:0.0798 D:0.0789 F:0.0091 474s
  Val L:0.2312 ABS:0.3954 RMSE:1.2467 d1:0.5429
Epoch [29/60] L:0.0765 D:0.0756 F:0.0088 458s
Epoch [30/60] L:0.0739 D:0.0731 F:0.0088 488s
Epoch [31/60] L:0.0723 D:0.0714 F:0.0086 511s
Epoch [32/60] L:0.0689 D:0.0681 F:0.0084 444s
  Val L:0.2348 ABS:0.4130 RMSE:1.2643 d1:0.5428
Epoch [33/60] L:0.0667 D:0.0659 F:0.0082 450s
Epoch [34/60] L:0.0651 D:0.0643 F:0.0081 451s
Epoch [35/60] L:0.0629 D:0.0621 F:0.0079 450s
Epoch [36/60] L:0.0611 D:0.0603 F:0.0077 437s
  Val L:0.2323 ABS:0.4082 RMSE:1.2657 d1:0.5481
Epoch [37/60] L:0.0601 D:0.0593 F:0.0077 432s
Epoch [38/60] L:0.0575 D:0.0567 F:0.0074 432s
Epoch [39/60] L:0.0557 D:0.0550 F:0.0073 443s
Epoch [40/60] L:0.0542 D:0.0534 F:0.0071 434s
  Val L:0.2410 ABS:0.4147 RMSE:1.2909 d1:0.5448
Epoch [41/60] L:0.0535 D:0.0528 F:0.0071 488s
Epoch [42/60] L:0.0512 D:0.0505 F:0.0069 435s
Epoch [43/60] L:0.0499 D:0.0493 F:0.0067 439s
Epoch [44/60] L:0.0571 D:0.0562 F:0.0083 433s
  Val L:0.2427 ABS:0.4021 RMSE:1.2931 d1:0.5432
Epoch [45/60] L:0.0475 D:0.0469 F:0.0062 435s
Epoch [46/60] L:0.0439 D:0.0433 F:0.0061 432s
Epoch [47/60] L:0.0436 D:0.0430 F:0.0061 437s
Epoch [48/60] L:0.0442 D:0.0436 F:0.0062 438s
  Val L:0.2429 ABS:0.3977 RMSE:1.2968 d1:0.5489
Epoch [49/60] L:0.0437 D:0.0431 F:0.0061 433s
Epoch [50/60] L:0.0421 D:0.0416 F:0.0059 435s
Epoch [51/60] L:0.0406 D:0.0400 F:0.0058 453s
Epoch [52/60] L:0.0393 D:0.0387 F:0.0057 436s
  Val L:0.2370 ABS:0.4153 RMSE:1.2973 d1:0.5509
Epoch [53/60] L:0.0388 D:0.0383 F:0.0056 435s
Epoch [54/60] L:0.0381 D:0.0376 F:0.0056 437s
Epoch [55/60] L:0.0373 D:0.0368 F:0.0056 436s
Epoch [56/60] L:0.0373 D:0.0367 F:0.0057 435s
  Val L:0.2416 ABS:0.4050 RMSE:1.2978 d1:0.5486
Epoch [57/60] L:0.0358 D:0.0352 F:0.0053 435s
Epoch [58/60] L:0.0335 D:0.0330 F:0.0051 444s
Epoch [59/60] L:0.0325 D:0.0320 F:0.0049 433s
Epoch [60/60] L:0.0322 D:0.0317 F:0.0049 435s
  Val L:0.2380 ABS:0.4026 RMSE:1.2954 d1:0.5505

Done. Best score:0.9511 RMSE:1.1994 ABS:0.3715
