/opt/conda/lib/python3.11/site-packages/timm/models/layers/__init__.py:49: FutureWarning: Importing from timm.models.layers is deprecated, please import via timm.layers
  warnings.warn(f"Importing from {__name__} is deprecated, please import via timm.layers", FutureWarning)
============================================================
Model: n3_energy_attn  Dataset: soundspaces
BS: 32  LR: 0.001  Opt: AdamW
============================================================
Loaded scene split from /root/storage/matterport3d_0303renew/scene_split.json
  train: 72, val: 9, test: 9
[train] 23560 samples (fast cache: samples_train_erp_8b3be925d3ae.json) [ambisonic=ON]
  Precomputed SH basis matrix: (131072, 4) (order=1)
Loaded scene split from /root/storage/matterport3d_0303renew/scene_split.json
  train: 72, val: 9, test: 9
[val] 2951 samples (fast cache: samples_val_erp_be0f29dd7abf.json) [ambisonic=ON]
  Precomputed SH basis matrix: (131072, 4) (order=1)
Train: 23560, Val: 2951
Model: n3_energy_attn (57.2M params)
Epoch [1/60] L:0.4366 D:0.4297 F:0.0690 411s
Epoch [2/60] L:0.3748 D:0.3701 F:0.0470 281s
Epoch [3/60] L:0.3535 D:0.3490 F:0.0441 276s
Epoch [4/60] L:0.3342 D:0.3300 F:0.0424 275s
  Val L:0.3808 ABS:0.4182 RMSE:1.3285 d1:0.4766
  >> Best (score:1.0554 RMSE:1.3285 ABS:0.4182)
Epoch [5/60] L:0.3240 D:0.3199 F:0.0411 236s
Epoch [6/60] L:0.3151 D:0.3112 F:0.0397 197s
Epoch [7/60] L:0.3088 D:0.3049 F:0.0387 196s
Epoch [8/60] L:0.3017 D:0.2979 F:0.0379 211s
  Val L:0.3605 ABS:0.4027 RMSE:1.2699 d1:0.5018
  >> Best (score:1.0097 RMSE:1.2699 ABS:0.4027)
Epoch [9/60] L:0.2953 D:0.2916 F:0.0367 230s
Epoch [10/60] L:0.2892 D:0.2855 F:0.0368 222s
Epoch [11/60] L:0.2846 D:0.2810 F:0.0358 215s
Epoch [12/60] L:0.2795 D:0.2760 F:0.0348 234s
  Val L:0.3533 ABS:0.4277 RMSE:1.2370 d1:0.5059
  >> Best (score:0.9942 RMSE:1.2370 ABS:0.4277)
Epoch [13/60] L:0.2729 D:0.2694 F:0.0350 251s
Epoch [14/60] L:0.2667 D:0.2633 F:0.0344 228s
Epoch [15/60] L:0.2594 D:0.2561 F:0.0335 230s
Epoch [16/60] L:0.2532 D:0.2499 F:0.0331 232s
  Val L:0.3607 ABS:0.4005 RMSE:1.2434 d1:0.5167
  >> Best (score:0.9905 RMSE:1.2434 ABS:0.4005)
Epoch [17/60] L:0.2444 D:0.2411 F:0.0328 251s
Epoch [18/60] L:0.2368 D:0.2335 F:0.0325 240s
Epoch [19/60] L:0.2275 D:0.2243 F:0.0318 246s
Epoch [20/60] L:0.2208 D:0.2176 F:0.0312 237s
  Val L:0.3874 ABS:0.3794 RMSE:1.2996 d1:0.5133
Epoch [21/60] L:0.2106 D:0.2075 F:0.0309 301s
Epoch [22/60] L:0.2026 D:0.1995 F:0.0303 533s
Epoch [23/60] L:0.1936 D:0.1907 F:0.0295 333s
Epoch [24/60] L:0.1847 D:0.1818 F:0.0289 605s
  Val L:0.3920 ABS:0.4023 RMSE:1.2747 d1:0.5197
Epoch [25/60] L:0.1765 D:0.1736 F:0.0290 475s
Epoch [26/60] L:0.1685 D:0.1657 F:0.0282 697s
Epoch [27/60] L:0.1607 D:0.1579 F:0.0278 506s
Epoch [28/60] L:0.1528 D:0.1501 F:0.0272 252s
  Val L:0.3972 ABS:0.4470 RMSE:1.2792 d1:0.5212
Epoch [29/60] L:0.1459 D:0.1432 F:0.0269 233s
Epoch [30/60] L:0.1401 D:0.1374 F:0.0271 225s
Epoch [31/60] L:0.1324 D:0.1297 F:0.0266 236s
Epoch [32/60] L:0.1272 D:0.1246 F:0.0263 223s
  Val L:0.4060 ABS:0.4446 RMSE:1.2968 d1:0.5236
Epoch [33/60] L:0.1222 D:0.1195 F:0.0264 231s
Epoch [34/60] L:0.1164 D:0.1138 F:0.0261 212s
Epoch [35/60] L:0.1118 D:0.1092 F:0.0261 228s
Epoch [36/60] L:0.1076 D:0.1051 F:0.0256 225s
  Val L:0.4127 ABS:0.4332 RMSE:1.3101 d1:0.5255
Epoch [37/60] L:0.1040 D:0.1014 F:0.0259 226s
Epoch [38/60] L:0.1002 D:0.0976 F:0.0255 221s
Epoch [39/60] L:0.0958 D:0.0933 F:0.0255 228s
Epoch [40/60] L:0.0920 D:0.0895 F:0.0252 222s
  Val L:0.4160 ABS:0.4411 RMSE:1.3179 d1:0.5279
Epoch [41/60] L:0.0892 D:0.0867 F:0.0251 243s
Epoch [42/60] L:0.0858 D:0.0833 F:0.0247 214s
Epoch [43/60] L:0.0833 D:0.0808 F:0.0247 227s
Epoch [44/60] L:0.0808 D:0.0784 F:0.0246 221s
  Val L:0.4200 ABS:0.4273 RMSE:1.3242 d1:0.5271
Epoch [45/60] L:0.0778 D:0.0753 F:0.0247 237s
Epoch [46/60] L:0.0760 D:0.0735 F:0.0244 224s
Epoch [47/60] L:0.0779 D:0.0755 F:0.0244 221s
Epoch [48/60] L:0.0714 D:0.0690 F:0.0241 213s
  Val L:0.4155 ABS:0.4545 RMSE:1.3211 d1:0.5291
Epoch [49/60] L:0.0670 D:0.0647 F:0.0234 234s
Epoch [50/60] L:0.0654 D:0.0630 F:0.0234 227s
Epoch [51/60] L:0.0647 D:0.0624 F:0.0232 229s
Epoch [52/60] L:0.0643 D:0.0620 F:0.0231 227s
  Val L:0.4166 ABS:0.4400 RMSE:1.3233 d1:0.5321
Epoch [53/60] L:0.0626 D:0.0603 F:0.0232 227s
Epoch [54/60] L:0.0598 D:0.0575 F:0.0229 230s
Epoch [55/60] L:0.0581 D:0.0558 F:0.0224 223s
Epoch [56/60] L:0.0573 D:0.0550 F:0.0225 216s
  Val L:0.4274 ABS:0.4681 RMSE:1.3346 d1:0.5296
Epoch [57/60] L:0.0555 D:0.0532 F:0.0224 232s
Epoch [58/60] L:0.0542 D:0.0520 F:0.0222 222s
Epoch [59/60] L:0.0526 D:0.0505 F:0.0219 225s
Epoch [60/60] L:0.0523 D:0.0501 F:0.0219 230s
  Val L:0.4212 ABS:0.4509 RMSE:1.3385 d1:0.5343

Done. Best score:0.9905 RMSE:1.2434 ABS:0.4005
