/opt/conda/lib/python3.11/site-packages/timm/models/layers/__init__.py:49: FutureWarning: Importing from timm.models.layers is deprecated, please import via timm.layers
  warnings.warn(f"Importing from {__name__} is deprecated, please import via timm.layers", FutureWarning)
============================================================
Model: n3_energy_attn  Dataset: soundspaces
BS: 32  LR: 0.001  Opt: AdamW
============================================================
Loaded scene split from /root/storage/matterport3d_0303renew/scene_split.json
  train: 72, val: 9, test: 9
[train] 23560 samples (fast cache: samples_train_erp_8b3be925d3ae.json) [ambisonic=ON]
  Precomputed SH basis matrix: (131072, 4) (order=1)
Loaded scene split from /root/storage/matterport3d_0303renew/scene_split.json
  train: 72, val: 9, test: 9
[val] 2951 samples (fast cache: samples_val_erp_be0f29dd7abf.json) [ambisonic=ON]
  Precomputed SH basis matrix: (131072, 4) (order=1)
Train: 23560, Val: 2951
Model: n3_energy_attn (57.2M params)
Epoch [1/60] L:0.8630 D:0.4279 F:0.0720 412s
Epoch [2/60] L:0.7316 D:0.3633 F:0.0503 279s
Epoch [3/60] L:0.7015 D:0.3484 F:0.0460 277s
Epoch [4/60] L:0.6674 D:0.3315 F:0.0448 270s
  Val L:0.7634 ABS:0.4656 RMSE:1.2959 d1:0.4777
  >> Best (score:1.0468 RMSE:1.2959 ABS:0.4656)
Epoch [5/60] L:0.6408 D:0.3183 F:0.0422 235s
Epoch [6/60] L:0.6264 D:0.3112 F:0.0412 195s
Epoch [7/60] L:0.6135 D:0.3047 F:0.0402 195s
Epoch [8/60] L:0.6016 D:0.2989 F:0.0392 212s
  Val L:0.7312 ABS:0.4123 RMSE:1.2710 d1:0.4969
  >> Best (score:1.0133 RMSE:1.2710 ABS:0.4123)
Epoch [9/60] L:0.5892 D:0.2927 F:0.0387 233s
Epoch [10/60] L:0.5770 D:0.2866 F:0.0377 224s
Epoch [11/60] L:0.5639 D:0.2801 F:0.0371 213s
Epoch [12/60] L:0.5512 D:0.2738 F:0.0368 233s
  Val L:0.7049 ABS:0.4463 RMSE:1.2210 d1:0.5225
  >> Best (score:0.9886 RMSE:1.2210 ABS:0.4463)
Epoch [13/60] L:0.5381 D:0.2672 F:0.0368 253s
Epoch [14/60] L:0.5246 D:0.2605 F:0.0357 230s
Epoch [15/60] L:0.5064 D:0.2514 F:0.0358 231s
Epoch [16/60] L:0.4926 D:0.2445 F:0.0357 233s
  Val L:0.7116 ABS:0.4182 RMSE:1.2393 d1:0.5185
Epoch [17/60] L:0.4751 D:0.2358 F:0.0347 260s
Epoch [18/60] L:0.4584 D:0.2275 F:0.0340 240s
Epoch [19/60] L:0.4402 D:0.2185 F:0.0333 248s
Epoch [20/60] L:0.4223 D:0.2095 F:0.0334 239s
  Val L:0.7628 ABS:0.4219 RMSE:1.2533 d1:0.5194
Epoch [21/60] L:0.4050 D:0.2009 F:0.0331 301s
Epoch [22/60] L:0.3844 D:0.1906 F:0.0325 534s
Epoch [23/60] L:0.3701 D:0.1834 F:0.0319 335s
Epoch [24/60] L:0.3501 D:0.1735 F:0.0317 607s
  Val L:0.7759 ABS:0.4311 RMSE:1.2679 d1:0.5252
Epoch [25/60] L:0.3325 D:0.1647 F:0.0310 476s
Epoch [26/60] L:0.3149 D:0.1559 F:0.0305 703s
Epoch [27/60] L:0.3010 D:0.1490 F:0.0293 501s
Epoch [28/60] L:0.2849 D:0.1410 F:0.0296 250s
  Val L:0.8036 ABS:0.4606 RMSE:1.2866 d1:0.5234
Epoch [29/60] L:0.2712 D:0.1341 F:0.0293 233s
Epoch [30/60] L:0.2573 D:0.1272 F:0.0290 218s
Epoch [31/60] L:0.2437 D:0.1204 F:0.0293 238s
Epoch [32/60] L:0.2323 D:0.1147 F:0.0291 225s
  Val L:0.8183 ABS:0.4336 RMSE:1.3031 d1:0.5261
Epoch [33/60] L:0.2238 D:0.1104 F:0.0295 230s
Epoch [34/60] L:0.2102 D:0.1036 F:0.0290 215s
Epoch [35/60] L:0.2014 D:0.0993 F:0.0289 229s
Epoch [36/60] L:0.1943 D:0.0957 F:0.0286 224s
  Val L:0.8311 ABS:0.4444 RMSE:1.3303 d1:0.5236
Epoch [37/60] L:0.1870 D:0.0921 F:0.0285 225s
Epoch [38/60] L:0.1777 D:0.0874 F:0.0283 223s
Epoch [39/60] L:0.1706 D:0.0839 F:0.0282 228s
Epoch [40/60] L:0.1657 D:0.0814 F:0.0280 223s
  Val L:0.8238 ABS:0.4659 RMSE:1.3248 d1:0.5256
Epoch [41/60] L:0.1566 D:0.0769 F:0.0281 242s
Epoch [42/60] L:0.1550 D:0.0761 F:0.0278 214s
Epoch [43/60] L:0.1479 D:0.0726 F:0.0275 224s
Epoch [44/60] L:0.1415 D:0.0694 F:0.0275 218s
  Val L:0.8402 ABS:0.4700 RMSE:1.3341 d1:0.5245
Epoch [45/60] L:0.1365 D:0.0669 F:0.0273 238s
Epoch [46/60] L:0.1336 D:0.0654 F:0.0272 223s
Epoch [47/60] L:0.1304 D:0.0639 F:0.0269 224s
Epoch [48/60] L:0.1250 D:0.0611 F:0.0268 218s
  Val L:0.8555 ABS:0.4728 RMSE:1.3517 d1:0.5234
Epoch [49/60] L:0.1209 D:0.0591 F:0.0267 237s
Epoch [50/60] L:0.1173 D:0.0573 F:0.0265 229s
Epoch [51/60] L:0.1142 D:0.0558 F:0.0263 230s
Epoch [52/60] L:0.1115 D:0.0544 F:0.0263 224s
  Val L:0.8309 ABS:0.4564 RMSE:1.3366 d1:0.5307
Epoch [53/60] L:0.1100 D:0.0537 F:0.0265 226s
Epoch [54/60] L:0.1259 D:0.0616 F:0.0267 228s
Epoch [55/60] L:0.1191 D:0.0582 F:0.0263 223s
Epoch [56/60] L:0.0984 D:0.0479 F:0.0259 217s
  Val L:0.8326 ABS:0.4460 RMSE:1.3358 d1:0.5332
Epoch [57/60] L:0.0917 D:0.0445 F:0.0255 232s
Epoch [58/60] L:0.0908 D:0.0441 F:0.0254 218s
Epoch [59/60] L:0.0939 D:0.0457 F:0.0258 227s
Epoch [60/60] L:0.0955 D:0.0465 F:0.0255 230s
  Val L:0.8200 ABS:0.4422 RMSE:1.3258 d1:0.5364

Done. Best score:0.9886 RMSE:1.2210 ABS:0.4463
