/opt/conda/lib/python3.11/site-packages/timm/models/layers/__init__.py:49: FutureWarning: Importing from timm.models.layers is deprecated, please import via timm.layers
  warnings.warn(f"Importing from {__name__} is deprecated, please import via timm.layers", FutureWarning)
============================================================
Model: n3_mssh_energy_attn  Dataset: soundspaces
BS: 32  LR: 0.001  Opt: AdamW
============================================================
Loaded scene split from /root/storage/matterport3d_0303renew/scene_split.json
  train: 72, val: 9, test: 9
[train] 23560 samples (fast cache: samples_train_erp_8b3be925d3ae.json) [ambisonic=ON]
  Precomputed SH basis matrix: (131072, 4) (order=1)
Loaded scene split from /root/storage/matterport3d_0303renew/scene_split.json
  train: 72, val: 9, test: 9
[val] 2951 samples (fast cache: samples_val_erp_be0f29dd7abf.json) [ambisonic=ON]
  Precomputed SH basis matrix: (131072, 4) (order=1)
Train: 23560, Val: 2951
Model: n3_mssh_energy_attn (57.5M params)
Epoch [1/60] L:0.4457 D:0.4288 F:0.0563 408s
Epoch [2/60] L:0.3736 D:0.3622 F:0.0382 689s
Epoch [3/60] L:0.3603 D:0.3498 F:0.0349 722s
Epoch [4/60] L:0.3432 D:0.3331 F:0.0336 861s
  Val L:0.4058 ABS:0.4119 RMSE:1.3602 d1:0.4600
  >> Best (score:1.0758 RMSE:1.3602 ABS:0.4119)
Epoch [5/60] L:0.3260 D:0.3165 F:0.0318 801s
Epoch [6/60] L:0.3166 D:0.3076 F:0.0300 461s
Epoch [7/60] L:0.3093 D:0.3007 F:0.0287 270s
Epoch [8/60] L:0.3035 D:0.2953 F:0.0276 285s
  Val L:0.3564 ABS:0.3992 RMSE:1.2513 d1:0.5115
  >> Best (score:0.9957 RMSE:1.2513 ABS:0.3992)
Epoch [9/60] L:0.2972 D:0.2892 F:0.0269 465s
Epoch [10/60] L:0.2906 D:0.2827 F:0.0262 457s
Epoch [11/60] L:0.2849 D:0.2772 F:0.0256 836s
Epoch [12/60] L:0.2787 D:0.2712 F:0.0252 689s
  Val L:0.3787 ABS:0.3983 RMSE:1.2922 d1:0.5198
Epoch [13/60] L:0.2721 D:0.2647 F:0.0246 591s
Epoch [14/60] L:0.2656 D:0.2582 F:0.0246 529s
Epoch [15/60] L:0.2575 D:0.2503 F:0.0239 571s
Epoch [16/60] L:0.2488 D:0.2417 F:0.0237 350s
  Val L:0.3747 ABS:0.4003 RMSE:1.2442 d1:0.5222
  >> Best (score:0.9910 RMSE:1.2442 ABS:0.4003)
Epoch [17/60] L:0.2413 D:0.2344 F:0.0232 351s
Epoch [18/60] L:0.2324 D:0.2255 F:0.0230 258s
Epoch [19/60] L:0.2240 D:0.2171 F:0.0228 269s
Epoch [20/60] L:0.2153 D:0.2086 F:0.0222 275s
  Val L:0.3815 ABS:0.4021 RMSE:1.2683 d1:0.5324
Epoch [21/60] L:0.2045 D:0.1979 F:0.0219 342s
Epoch [22/60] L:0.1961 D:0.1896 F:0.0217 266s
Epoch [23/60] L:0.1881 D:0.1816 F:0.0216 290s
Epoch [24/60] L:0.1794 D:0.1730 F:0.0213 259s
  Val L:0.3955 ABS:0.4245 RMSE:1.2776 d1:0.5283
Epoch [25/60] L:0.1706 D:0.1643 F:0.0209 309s
Epoch [26/60] L:0.1615 D:0.1553 F:0.0206 289s
Epoch [27/60] L:0.1532 D:0.1471 F:0.0203 341s
Epoch [28/60] L:0.1460 D:0.1399 F:0.0203 682s
  Val L:0.4096 ABS:0.4117 RMSE:1.2971 d1:0.5307
Epoch [29/60] L:0.1401 D:0.1341 F:0.0199 855s
Epoch [30/60] L:0.1325 D:0.1266 F:0.0195 1168s
Epoch [31/60] L:0.1266 D:0.1208 F:0.0193 915s
Epoch [32/60] L:0.1213 D:0.1155 F:0.0191 1010s
  Val L:0.4173 ABS:0.4327 RMSE:1.3113 d1:0.5308
Epoch [33/60] L:0.1164 D:0.1108 F:0.0186 497s
Epoch [34/60] L:0.1132 D:0.1076 F:0.0186 439s
Epoch [35/60] L:0.1063 D:0.1009 F:0.0183 567s
Epoch [36/60] L:0.1023 D:0.0969 F:0.0180 660s
  Val L:0.4245 ABS:0.4594 RMSE:1.3234 d1:0.5282
Epoch [37/60] L:0.0986 D:0.0933 F:0.0177 533s
Epoch [38/60] L:0.0948 D:0.0896 F:0.0175 451s
Epoch [39/60] L:0.0909 D:0.0857 F:0.0172 506s
Epoch [40/60] L:0.0891 D:0.0840 F:0.0171 464s
  Val L:0.4164 ABS:0.4484 RMSE:1.3163 d1:0.5318
Epoch [41/60] L:0.0849 D:0.0799 F:0.0168 508s
Epoch [42/60] L:0.0813 D:0.0764 F:0.0164 425s
Epoch [43/60] L:0.0802 D:0.0754 F:0.0162 480s
Epoch [44/60] L:0.0778 D:0.0730 F:0.0159 516s
  Val L:0.4234 ABS:0.4322 RMSE:1.3275 d1:0.5333
Epoch [45/60] L:0.0735 D:0.0689 F:0.0155 507s
Epoch [46/60] L:0.0706 D:0.0659 F:0.0154 623s
Epoch [47/60] L:0.0705 D:0.0659 F:0.0153 473s
Epoch [48/60] L:0.0695 D:0.0650 F:0.0150 561s
  Val L:0.4285 ABS:0.4325 RMSE:1.3370 d1:0.5307
Epoch [49/60] L:0.0651 D:0.0607 F:0.0147 360s
Epoch [50/60] L:0.0623 D:0.0580 F:0.0143 268s
Epoch [51/60] L:0.0619 D:0.0576 F:0.0143 304s
Epoch [52/60] L:0.0607 D:0.0564 F:0.0140 258s
  Val L:0.4248 ABS:0.4498 RMSE:1.3363 d1:0.5373
Epoch [53/60] L:0.0593 D:0.0551 F:0.0139 284s
Epoch [54/60] L:0.0565 D:0.0525 F:0.0133 264s
Epoch [55/60] L:0.0562 D:0.0522 F:0.0136 249s
Epoch [56/60] L:0.0792 D:0.0747 F:0.0152 243s
  Val L:0.4370 ABS:0.4522 RMSE:1.3481 d1:0.5323
Epoch [57/60] L:0.0578 D:0.0539 F:0.0132 314s
Epoch [58/60] L:0.0488 D:0.0451 F:0.0123 727s
Epoch [59/60] L:0.0466 D:0.0429 F:0.0125 545s
Epoch [60/60] L:0.0471 D:0.0434 F:0.0124 545s
  Val L:0.4177 ABS:0.4424 RMSE:1.3305 d1:0.5411

Done. Best score:0.9910 RMSE:1.2442 ABS:0.4003
