/opt/conda/lib/python3.11/site-packages/timm/models/layers/__init__.py:49: FutureWarning: Importing from timm.models.layers is deprecated, please import via timm.layers
  warnings.warn(f"Importing from {__name__} is deprecated, please import via timm.layers", FutureWarning)
============================================================
Model: n4_0425  Dataset: soundspaces
BS: 64  LR: 0.0001  Opt: AdamW
============================================================
Loaded scene split from /root/local1/changwoo/matterport3d_0303renew/scene_split.json
  train: 72, val: 9, test: 9
[train] 23560 samples (fast cache: samples_train_erp_8b3be925d3ae.json) [ambisonic=ON]
  Precomputed SH basis matrix: (131072, 4) (order=1)
Loaded scene split from /root/local1/changwoo/matterport3d_0303renew/scene_split.json
  train: 72, val: 9, test: 9
[val] 2951 samples (fast cache: samples_val_erp_be0f29dd7abf.json) [ambisonic=ON]
  Precomputed SH basis matrix: (131072, 4) (order=1)
Train: 23560, Val: 2951
Model: n4_0425 (73.9M params)
  [train] epoch 1 step 200/369 (287s)
Epoch [1/40] L:0.2648 D:0.2648 F:0.0000 531s
  [train] epoch 2 step 200/369 (279s)
Epoch [2/40] L:0.2041 D:0.2041 F:0.0000 512s
  [train] epoch 3 step 200/369 (283s)
Epoch [3/40] L:0.1981 D:0.1981 F:0.0000 511s
  [train] epoch 4 step 200/369 (291s)
Epoch [4/40] L:0.1938 D:0.1938 F:0.0000 521s
  [val] starting (47 batches)
  [val] done (47 batches, 50s)
  Val L:0.2311 ABS:0.4412 RMSE:1.3877 d1:0.5037
  >> Best (score:1.1037 RMSE:1.3877 ABS:0.4412)
  [train] epoch 5 step 200/369 (271s)
Epoch [5/40] L:0.1905 D:0.1905 F:0.0000 504s
  [train] epoch 6 step 200/369 (282s)
Epoch [6/40] L:0.1875 D:0.1875 F:0.0000 527s
  [train] epoch 7 step 200/369 (267s)
Epoch [7/40] L:0.1851 D:0.1851 F:0.0000 493s
  [train] epoch 8 step 200/369 (276s)
Epoch [8/40] L:0.1819 D:0.1819 F:0.0000 504s
  [val] starting (47 batches)
  [val] done (47 batches, 60s)
  Val L:0.2258 ABS:0.3993 RMSE:1.3712 d1:0.5163
  >> Best (score:1.0797 RMSE:1.3712 ABS:0.3993)
  [train] epoch 9 step 200/369 (272s)
Epoch [9/40] L:0.1787 D:0.1787 F:0.0000 509s
  [train] epoch 10 step 200/369 (270s)
Epoch [10/40] L:0.1751 D:0.1751 F:0.0000 498s
  [train] epoch 11 step 200/369 (271s)
Epoch [11/40] L:0.1716 D:0.1716 F:0.0000 504s
  [train] epoch 12 step 200/369 (280s)
Epoch [12/40] L:0.1673 D:0.1673 F:0.0000 501s
  [val] starting (47 batches)
  [val] done (47 batches, 42s)
  Val L:0.2257 ABS:0.4062 RMSE:1.3677 d1:0.5221
  >> Best (score:1.0792 RMSE:1.3677 ABS:0.4062)
  [train] epoch 13 step 200/369 (279s)
Epoch [13/40] L:0.1624 D:0.1624 F:0.0000 526s
  [train] epoch 14 step 200/369 (297s)
Epoch [14/40] L:0.1575 D:0.1575 F:0.0000 535s
  [train] epoch 15 step 200/369 (298s)
Epoch [15/40] L:0.1526 D:0.1526 F:0.0000 544s
  [train] epoch 16 step 200/369 (280s)
Epoch [16/40] L:0.1468 D:0.1468 F:0.0000 531s
  [val] starting (47 batches)
  [val] done (47 batches, 47s)
  Val L:0.2410 ABS:0.3911 RMSE:1.4058 d1:0.5236
  [train] epoch 17 step 200/369 (305s)
Epoch [17/40] L:0.1407 D:0.1407 F:0.0000 546s
  [train] epoch 18 step 200/369 (263s)
Epoch [18/40] L:0.1355 D:0.1355 F:0.0000 508s
  [train] epoch 19 step 200/369 (301s)
Epoch [19/40] L:0.1308 D:0.1308 F:0.0000 565s
  [train] epoch 20 step 200/369 (317s)
Epoch [20/40] L:0.1249 D:0.1249 F:0.0000 588s
  [val] starting (47 batches)
  [val] done (47 batches, 49s)
  Val L:0.2404 ABS:0.4130 RMSE:1.4006 d1:0.5241
  [train] epoch 21 step 200/369 (331s)
Epoch [21/40] L:0.1209 D:0.1209 F:0.0000 595s
  [train] epoch 22 step 200/369 (304s)
Epoch [22/40] L:0.1165 D:0.1165 F:0.0000 560s
  [train] epoch 23 step 200/369 (309s)
Epoch [23/40] L:0.1130 D:0.1130 F:0.0000 569s
  [train] epoch 24 step 200/369 (300s)
Epoch [24/40] L:0.1087 D:0.1087 F:0.0000 544s
  [val] starting (47 batches)
  [val] done (47 batches, 44s)
  Val L:0.2447 ABS:0.4106 RMSE:1.3987 d1:0.5251
  [train] epoch 25 step 200/369 (286s)
Epoch [25/40] L:0.1058 D:0.1058 F:0.0000 522s
  [train] epoch 26 step 200/369 (271s)
Epoch [26/40] L:0.1028 D:0.1028 F:0.0000 495s
  [train] epoch 27 step 200/369 (263s)
Epoch [27/40] L:0.1000 D:0.1000 F:0.0000 493s
  [train] epoch 28 step 200/369 (286s)
Epoch [28/40] L:0.0968 D:0.0968 F:0.0000 550s
  [val] starting (47 batches)
  [val] done (47 batches, 48s)
  Val L:0.2500 ABS:0.4161 RMSE:1.4250 d1:0.5267
  [train] epoch 29 step 200/369 (325s)
Epoch [29/40] L:0.0954 D:0.0954 F:0.0000 589s
  [train] epoch 30 step 200/369 (319s)
Epoch [30/40] L:0.0931 D:0.0931 F:0.0000 570s
  [train] epoch 31 step 200/369 (327s)
Epoch [31/40] L:0.0908 D:0.0908 F:0.0000 599s
  [train] epoch 32 step 200/369 (320s)
Epoch [32/40] L:0.0884 D:0.0884 F:0.0000 590s
  [val] starting (47 batches)
  [val] done (47 batches, 47s)
  Val L:0.2480 ABS:0.4261 RMSE:1.4164 d1:0.5317
  [train] epoch 33 step 200/369 (324s)
Epoch [33/40] L:0.0865 D:0.0865 F:0.0000 598s
  [train] epoch 34 step 200/369 (289s)
Epoch [34/40] L:0.0852 D:0.0852 F:0.0000 550s
  [train] epoch 35 step 200/369 (331s)
Epoch [35/40] L:0.0842 D:0.0842 F:0.0000 609s
  [train] epoch 36 step 200/369 (331s)
Epoch [36/40] L:0.0834 D:0.0834 F:0.0000 594s
  [val] starting (47 batches)
  [val] done (47 batches, 49s)
  Val L:0.2551 ABS:0.4450 RMSE:1.4458 d1:0.5217
  [train] epoch 37 step 200/369 (329s)
Epoch [37/40] L:0.0810 D:0.0810 F:0.0000 605s
  [train] epoch 38 step 200/369 (329s)
Epoch [38/40] L:0.0791 D:0.0791 F:0.0000 561s
  [train] epoch 39 step 200/369 (282s)
Epoch [39/40] L:0.0782 D:0.0782 F:0.0000 486s
  [train] epoch 40 step 200/369 (243s)
Epoch [40/40] L:0.0772 D:0.0772 F:0.0000 445s
  [val] starting (47 batches)
  [val] done (47 batches, 41s)
  Val L:0.2563 ABS:0.4234 RMSE:1.4432 d1:0.5311

Done. Best score:1.0792 RMSE:1.3677 ABS:0.4062

Done. Best score:1.0950 RMSE:1.3908 ABS:0.4048
