/opt/conda/lib/python3.11/site-packages/timm/models/layers/__init__.py:49: FutureWarning: Importing from timm.models.layers is deprecated, please import via timm.layers
  warnings.warn(f"Importing from {__name__} is deprecated, please import via timm.layers", FutureWarning)
============================================================
Model: renew_dpt_only  Dataset: soundspaces
BS: 32  LR: 0.0001  Opt: AdamW
============================================================
Loaded scene split from /root/local1/changwoo/matterport3d_0303_renew/scene_split.json
  train: 72, val: 9, test: 9
[train] 23560 samples (fast cache: samples_train_erp_8b3be925d3ae.json) [ambisonic=ON]
  Precomputed SH basis matrix: (131072, 4) (order=1)
Loaded scene split from /root/local1/changwoo/matterport3d_0303_renew/scene_split.json
  train: 72, val: 9, test: 9
[val] 2951 samples (fast cache: samples_val_erp_be0f29dd7abf.json) [ambisonic=ON]
  Precomputed SH basis matrix: (131072, 4) (order=1)
Train: 23560, Val: 2951
Model: renew_dpt_only (183.8M params)
  [LR] cosine schedule enabled  warmup=1ep (737 steps), total=29480 steps
Epoch [1/40] L:0.4306 D:0.3575 F:0.0597 269s
Epoch [2/40] L:0.2838 D:0.2230 F:0.0389 265s
  Val L:0.2719 ABS:0.4472 RMSE:1.4845 d1:0.4729
  >> Best (score:1.1733 RMSE:1.4845 ABS:0.4472)
Epoch [3/40] L:0.2661 D:0.2079 F:0.0338 265s
Epoch [4/40] L:0.2563 D:0.1999 F:0.0316 266s
  Val L:0.2631 ABS:0.3764 RMSE:1.4605 d1:0.4745
  >> Best (score:1.1352 RMSE:1.4605 ABS:0.3764)
Epoch [5/40] L:0.2486 D:0.1933 F:0.0294 266s
Epoch [6/40] L:0.2416 D:0.1868 F:0.0280 266s
  Val L:0.2448 ABS:0.3988 RMSE:1.3848 d1:0.5128
  >> Best (score:1.0890 RMSE:1.3848 ABS:0.3988)
Epoch [7/40] L:0.2370 D:0.1829 F:0.0266 265s
Epoch [8/40] L:0.2310 D:0.1772 F:0.0258 264s
  Val L:0.2439 ABS:0.4069 RMSE:1.3859 d1:0.5160
Epoch [9/40] L:0.2241 D:0.1708 F:0.0249 265s
Epoch [10/40] L:0.2177 D:0.1647 F:0.0243 265s
  Val L:0.2528 ABS:0.3872 RMSE:1.4079 d1:0.5073
Epoch [11/40] L:0.2100 D:0.1574 F:0.0234 265s
Epoch [12/40] L:0.2027 D:0.1502 F:0.0233 265s
  Val L:0.2455 ABS:0.3997 RMSE:1.3887 d1:0.5245
Epoch [13/40] L:0.1935 D:0.1413 F:0.0224 265s
Epoch [14/40] L:0.1849 D:0.1331 F:0.0215 265s
  Val L:0.2519 ABS:0.4342 RMSE:1.3930 d1:0.5254
Epoch [15/40] L:0.1758 D:0.1242 F:0.0209 265s
Epoch [16/40] L:0.1684 D:0.1169 F:0.0206 265s
  Val L:0.2569 ABS:0.4129 RMSE:1.4034 d1:0.5389
Epoch [17/40] L:0.1595 D:0.1084 F:0.0196 266s
Epoch [18/40] L:0.1519 D:0.1018 F:0.0191 265s
  Val L:0.2590 ABS:0.4101 RMSE:1.4082 d1:0.5331
Epoch [19/40] L:0.1437 D:0.0957 F:0.0182 267s
Epoch [20/40] L:0.1375 D:0.0901 F:0.0173 267s
  Val L:0.2638 ABS:0.4056 RMSE:1.4309 d1:0.5371
Epoch [21/40] L:0.1319 D:0.0849 F:0.0167 266s
Epoch [22/40] L:0.1270 D:0.0803 F:0.0161 266s
  Val L:0.2588 ABS:0.4130 RMSE:1.4219 d1:0.5431
Epoch [23/40] L:0.1224 D:0.0759 F:0.0155 266s
Epoch [24/40] L:0.1182 D:0.0720 F:0.0149 266s
  Val L:0.2625 ABS:0.4139 RMSE:1.4308 d1:0.5439
Epoch [25/40] L:0.1145 D:0.0685 F:0.0142 266s
Epoch [26/40] L:0.1110 D:0.0652 F:0.0137 266s
  Val L:0.2683 ABS:0.4250 RMSE:1.4548 d1:0.5449
Epoch [27/40] L:0.1079 D:0.0623 F:0.0131 266s
Epoch [28/40] L:0.1048 D:0.0596 F:0.0124 266s
  Val L:0.2702 ABS:0.4203 RMSE:1.4708 d1:0.5420
Epoch [29/40] L:0.1022 D:0.0571 F:0.0119 266s
Epoch [30/40] L:0.0997 D:0.0549 F:0.0113 266s
  Val L:0.2726 ABS:0.4318 RMSE:1.4756 d1:0.5426
Epoch [31/40] L:0.0976 D:0.0529 F:0.0108 267s
Epoch [32/40] L:0.0957 D:0.0512 F:0.0103 266s
  Val L:0.2747 ABS:0.4317 RMSE:1.4846 d1:0.5395
Epoch [33/40] L:0.0941 D:0.0497 F:0.0099 266s
Epoch [34/40] L:0.0927 D:0.0485 F:0.0095 266s
  Val L:0.2754 ABS:0.4349 RMSE:1.4903 d1:0.5400
Epoch [35/40] L:0.0916 D:0.0476 F:0.0091 266s
Epoch [36/40] L:0.0908 D:0.0468 F:0.0088 267s
  Val L:0.2777 ABS:0.4350 RMSE:1.4957 d1:0.5388
Epoch [37/40] L:0.0902 D:0.0463 F:0.0086 267s
Epoch [38/40] L:0.0898 D:0.0460 F:0.0084 266s
  Val L:0.2785 ABS:0.4375 RMSE:1.5002 d1:0.5385
Epoch [39/40] L:0.0896 D:0.0458 F:0.0083 267s
Epoch [40/40] L:0.0895 D:0.0457 F:0.0082 266s
  Val L:0.2788 ABS:0.4378 RMSE:1.5018 d1:0.5384

Done. Best score:1.0890 RMSE:1.3848 ABS:0.3988
