/opt/conda/lib/python3.11/site-packages/timm/models/layers/__init__.py:49: FutureWarning: Importing from timm.models.layers is deprecated, please import via timm.layers
  warnings.warn(f"Importing from {__name__} is deprecated, please import via timm.layers", FutureWarning)
============================================================
Model: n2_temporal_rms  Dataset: soundspaces
BS: 128  LR: 0.001  Opt: AdamW
============================================================
Loaded scene split from /root/storage/matterport3d_0303renew/scene_split.json
  train: 72, val: 9, test: 9
[train] 23560 samples (fast cache: samples_train_erp_8b3be925d3ae.json) [ambisonic=ON]
  Precomputed SH basis matrix: (131072, 4) (order=1)
  N2 dataset: 3 temporal bins
Loaded scene split from /root/storage/matterport3d_0303renew/scene_split.json
  train: 72, val: 9, test: 9
[val] 2951 samples (fast cache: samples_val_erp_be0f29dd7abf.json) [ambisonic=ON]
  Precomputed SH basis matrix: (131072, 4) (order=1)
  N2 dataset: 3 temporal bins
Train: 23560, Val: 2951
Model: n2_temporal_rms (54.5M params)
Epoch [1/40] L:0.4789 D:0.4716 F:0.0727 2089s
Epoch [2/40] L:0.3893 D:0.3849 F:0.0447 1417s
Epoch [3/40] L:0.3678 D:0.3638 F:0.0399 1320s
Epoch [4/40] L:0.3510 D:0.3471 F:0.0388 1470s
  Val L:0.4217 ABS:0.5987 RMSE:1.3540 d1:0.4281
  >> Best (score:1.1274 RMSE:1.3540 ABS:0.5987)
Epoch [5/40] L:0.3390 D:0.3354 F:0.0355 1743s
Epoch [6/40] L:0.3252 D:0.3217 F:0.0352 1449s
Epoch [7/40] L:0.3167 D:0.3131 F:0.0366 1159s
Epoch [8/40] L:0.3116 D:0.3082 F:0.0340 1059s
  Val L:0.3988 ABS:0.3887 RMSE:1.4370 d1:0.4554
  >> Best (score:1.1225 RMSE:1.4370 ABS:0.3887)
Epoch [9/40] L:0.3058 D:0.3023 F:0.0344 1058s
Epoch [10/40] L:0.3006 D:0.2973 F:0.0325 1042s
Epoch [11/40] L:0.2956 D:0.2922 F:0.0345 1055s
Epoch [12/40] L:0.2904 D:0.2872 F:0.0319 995s
  Val L:0.3610 ABS:0.4462 RMSE:1.2764 d1:0.4842
  >> Best (score:1.0274 RMSE:1.2764 ABS:0.4462)
Epoch [13/40] L:0.2881 D:0.2847 F:0.0341 1140s
Epoch [14/40] L:0.2825 D:0.2793 F:0.0318 1133s
Epoch [15/40] L:0.2793 D:0.2760 F:0.0335 1159s
Epoch [16/40] L:0.2712 D:0.2682 F:0.0296 1198s
  Val L:0.4196 ABS:0.3895 RMSE:1.4041 d1:0.4288
Epoch [17/40] L:0.2678 D:0.2647 F:0.0310 1166s
Epoch [18/40] L:0.2579 D:0.2548 F:0.0307 859s
Epoch [19/40] L:0.2513 D:0.2484 F:0.0291 853s
Epoch [20/40] L:0.2449 D:0.2421 F:0.0282 768s
  Val L:0.3925 ABS:0.5065 RMSE:1.3078 d1:0.4752
Epoch [21/40] L:0.2378 D:0.2347 F:0.0305 822s
Epoch [22/40] L:0.2280 D:0.2252 F:0.0286 837s
Epoch [23/40] L:0.2243 D:0.2215 F:0.0278 828s
Epoch [24/40] L:0.2132 D:0.2104 F:0.0283 891s
  Val L:0.3756 ABS:0.3852 RMSE:1.2805 d1:0.5172
  >> Best (score:1.0119 RMSE:1.2805 ABS:0.3852)
Epoch [25/40] L:0.2030 D:0.2002 F:0.0282 887s
Epoch [26/40] L:0.1955 D:0.1928 F:0.0272 905s
Epoch [27/40] L:0.1878 D:0.1849 F:0.0287 925s
Epoch [28/40] L:0.1785 D:0.1757 F:0.0289 915s
  Val L:0.3816 ABS:0.4077 RMSE:1.2857 d1:0.5204
Epoch [29/40] L:0.1695 D:0.1666 F:0.0281 823s
Epoch [30/40] L:0.1636 D:0.1609 F:0.0272 820s
Epoch [31/40] L:0.1572 D:0.1544 F:0.0283 932s
Epoch [32/40] L:0.1472 D:0.1446 F:0.0263 795s
  Val L:0.3895 ABS:0.4515 RMSE:1.3026 d1:0.5085
Epoch [33/40] L:0.1419 D:0.1395 F:0.0249 894s
Epoch [34/40] L:0.1325 D:0.1300 F:0.0254 768s
Epoch [35/40] L:0.1283 D:0.1256 F:0.0273 800s
Epoch [36/40] L:0.1228 D:0.1203 F:0.0254 801s
  Val L:0.3986 ABS:0.4482 RMSE:1.3019 d1:0.5141
Epoch [37/40] L:0.1174 D:0.1149 F:0.0247 874s
Epoch [38/40] L:0.1127 D:0.1103 F:0.0237 761s
Epoch [39/40] L:0.1076 D:0.1052 F:0.0242 719s
Epoch [40/40] L:0.1036 D:0.1013 F:0.0237 519s
  Val L:0.4039 ABS:0.4430 RMSE:1.3113 d1:0.5250

Done. Best score:1.0119 RMSE:1.2805 ABS:0.3852
