/opt/conda/lib/python3.11/site-packages/timm/models/layers/__init__.py:49: FutureWarning: Importing from timm.models.layers is deprecated, please import via timm.layers
  warnings.warn(f"Importing from {__name__} is deprecated, please import via timm.layers", FutureWarning)
============================================================
Model: n2_temporal_energy  Dataset: soundspaces
BS: 128  LR: 0.001  Opt: AdamW
============================================================
Loaded scene split from /root/storage/matterport3d_0303renew/scene_split.json
  train: 72, val: 9, test: 9
[train] 23560 samples (fast cache: samples_train_erp_8b3be925d3ae.json) [ambisonic=ON]
  Precomputed SH basis matrix: (131072, 4) (order=1)
  N2 dataset: 3 temporal bins
Loaded scene split from /root/storage/matterport3d_0303renew/scene_split.json
  train: 72, val: 9, test: 9
[val] 2951 samples (fast cache: samples_val_erp_be0f29dd7abf.json) [ambisonic=ON]
  Precomputed SH basis matrix: (131072, 4) (order=1)
  N2 dataset: 3 temporal bins
Train: 23560, Val: 2951
Model: n2_temporal_energy (55.5M params)
Epoch [1/40] L:0.5686 D:0.5081 F:0.0807 997s
Epoch [2/40] L:0.4186 D:0.3849 F:0.0442 772s
Epoch [3/40] L:0.3981 D:0.3674 F:0.0388 612s
Epoch [4/40] L:0.3810 D:0.3521 F:0.0351 586s
  Val L:0.3988 ABS:0.4508 RMSE:1.3788 d1:0.4684
  >> Best (score:1.1004 RMSE:1.3788 ABS:0.4508)
Epoch [5/40] L:0.3670 D:0.3386 F:0.0348 662s
Epoch [6/40] L:0.3513 D:0.3230 F:0.0357 661s
Epoch [7/40] L:0.3406 D:0.3135 F:0.0330 735s
Epoch [8/40] L:0.3331 D:0.3070 F:0.0322 973s
  Val L:0.3576 ABS:0.3924 RMSE:1.3152 d1:0.4988
  >> Best (score:1.0384 RMSE:1.3152 ABS:0.3924)
Epoch [9/40] L:0.3243 D:0.2996 F:0.0318 1144s
Epoch [10/40] L:0.3186 D:0.2948 F:0.0304 1227s
Epoch [11/40] L:0.3131 D:0.2898 F:0.0303 732s
Epoch [12/40] L:0.3059 D:0.2830 F:0.0299 627s
  Val L:0.3460 ABS:0.4009 RMSE:1.2603 d1:0.5085
  >> Best (score:1.0025 RMSE:1.2603 ABS:0.4009)
Epoch [13/40] L:0.3022 D:0.2794 F:0.0299 604s
Epoch [14/40] L:0.2981 D:0.2754 F:0.0299 596s
Epoch [15/40] L:0.2924 D:0.2700 F:0.0294 588s
Epoch [16/40] L:0.2876 D:0.2655 F:0.0287 631s
  Val L:0.3468 ABS:0.3768 RMSE:1.2686 d1:0.5158
  >> Best (score:1.0010 RMSE:1.2686 ABS:0.3768)
Epoch [17/40] L:0.2822 D:0.2599 F:0.0301 628s
Epoch [18/40] L:0.2727 D:0.2509 F:0.0286 613s
Epoch [19/40] L:0.2688 D:0.2470 F:0.0286 617s
Epoch [20/40] L:0.2609 D:0.2391 F:0.0288 597s
  Val L:0.3501 ABS:0.4048 RMSE:1.2427 d1:0.5140
  >> Best (score:0.9914 RMSE:1.2427 ABS:0.4048)
Epoch [21/40] L:0.2510 D:0.2295 F:0.0286 602s
Epoch [22/40] L:0.2449 D:0.2235 F:0.0285 648s
Epoch [23/40] L:0.2363 D:0.2152 F:0.0280 725s
Epoch [24/40] L:0.2285 D:0.2071 F:0.0287 668s
  Val L:0.3585 ABS:0.4193 RMSE:1.2337 d1:0.5341
  >> Best (score:0.9894 RMSE:1.2337 ABS:0.4193)
Epoch [25/40] L:0.2170 D:0.1962 F:0.0272 673s
Epoch [26/40] L:0.2149 D:0.1941 F:0.0275 646s
Epoch [27/40] L:0.2058 D:0.1851 F:0.0273 539s
Epoch [28/40] L:0.1939 D:0.1738 F:0.0260 549s
  Val L:0.3721 ABS:0.4371 RMSE:1.2510 d1:0.5365
Epoch [29/40] L:0.1849 D:0.1647 F:0.0267 549s
Epoch [30/40] L:0.1765 D:0.1566 F:0.0258 542s
Epoch [31/40] L:0.1677 D:0.1478 F:0.0264 528s
Epoch [32/40] L:0.1613 D:0.1416 F:0.0262 528s
  Val L:0.3866 ABS:0.4025 RMSE:1.2933 d1:0.5125
Epoch [33/40] L:0.1531 D:0.1337 F:0.0253 559s
Epoch [34/40] L:0.1471 D:0.1280 F:0.0247 608s
Epoch [35/40] L:0.1411 D:0.1220 F:0.0250 765s
Epoch [36/40] L:0.1340 D:0.1154 F:0.0241 758s
  Val L:0.3989 ABS:0.4351 RMSE:1.2987 d1:0.5293
Epoch [37/40] L:0.1262 D:0.1076 F:0.0244 532s
Epoch [38/40] L:0.1268 D:0.1083 F:0.0238 534s
Epoch [39/40] L:0.1172 D:0.0989 F:0.0240 559s
Epoch [40/40] L:0.1119 D:0.0941 F:0.0229 582s
  Val L:0.3984 ABS:0.4488 RMSE:1.3099 d1:0.5305

Done. Best score:0.9894 RMSE:1.2337 ABS:0.4193
