/opt/conda/lib/python3.11/site-packages/timm/models/layers/__init__.py:49: FutureWarning: Importing from timm.models.layers is deprecated, please import via timm.layers
  warnings.warn(f"Importing from {__name__} is deprecated, please import via timm.layers", FutureWarning)
============================================================
Model: n2_temporal_rms_film  Dataset: soundspaces
BS: 128  LR: 0.001  Opt: AdamW
============================================================
Loaded scene split from /root/storage/matterport3d_0303renew/scene_split.json
  train: 72, val: 9, test: 9
[train] 23560 samples (fast cache: samples_train_erp_8b3be925d3ae.json) [ambisonic=ON]
  Precomputed SH basis matrix: (131072, 4) (order=1)
  N2 dataset: 3 temporal bins
Loaded scene split from /root/storage/matterport3d_0303renew/scene_split.json
  train: 72, val: 9, test: 9
[val] 2951 samples (fast cache: samples_val_erp_be0f29dd7abf.json) [ambisonic=ON]
  Precomputed SH basis matrix: (131072, 4) (order=1)
  N2 dataset: 3 temporal bins
Train: 23560, Val: 2951
Model: n2_temporal_rms_film (54.7M params)
Epoch [1/40] L:0.4895 D:0.4816 F:0.0794 1011s
Epoch [2/40] L:0.3684 D:0.3645 F:0.0390 1080s
Epoch [3/40] L:0.3422 D:0.3389 F:0.0333 1197s
Epoch [4/40] L:0.3252 D:0.3220 F:0.0319 1607s
  Val L:0.3872 ABS:0.4181 RMSE:1.3649 d1:0.4715
  >> Best (score:1.0809 RMSE:1.3649 ABS:0.4181)
Epoch [5/40] L:0.3157 D:0.3129 F:0.0279 1168s
Epoch [6/40] L:0.3078 D:0.3050 F:0.0288 1108s
Epoch [7/40] L:0.3042 D:0.3012 F:0.0297 1136s
Epoch [8/40] L:0.2979 D:0.2951 F:0.0281 1277s
  Val L:0.3445 ABS:0.4279 RMSE:1.2431 d1:0.4962
  >> Best (score:0.9985 RMSE:1.2431 ABS:0.4279)
Epoch [9/40] L:0.2924 D:0.2896 F:0.0285 1205s
Epoch [10/40] L:0.2906 D:0.2876 F:0.0295 1197s
Epoch [11/40] L:0.2845 D:0.2816 F:0.0286 1205s
Epoch [12/40] L:0.2789 D:0.2761 F:0.0278 1132s
  Val L:0.3604 ABS:0.4048 RMSE:1.2763 d1:0.4873
Epoch [13/40] L:0.2740 D:0.2713 F:0.0274 1135s
Epoch [14/40] L:0.2692 D:0.2664 F:0.0282 905s
Epoch [15/40] L:0.2644 D:0.2616 F:0.0282 927s
Epoch [16/40] L:0.2586 D:0.2558 F:0.0280 844s
  Val L:0.3515 ABS:0.4001 RMSE:1.2446 d1:0.5173
  >> Best (score:0.9912 RMSE:1.2446 ABS:0.4001)
Epoch [17/40] L:0.2536 D:0.2507 F:0.0286 978s
Epoch [18/40] L:0.2464 D:0.2435 F:0.0287 901s
Epoch [19/40] L:0.2393 D:0.2364 F:0.0294 937s
Epoch [20/40] L:0.2314 D:0.2287 F:0.0275 865s
  Val L:0.3840 ABS:0.3623 RMSE:1.3338 d1:0.5000
Epoch [21/40] L:0.2233 D:0.2205 F:0.0283 777s
Epoch [22/40] L:0.2168 D:0.2140 F:0.0287 699s
Epoch [23/40] L:0.2049 D:0.2021 F:0.0273 526s
Epoch [24/40] L:0.1966 D:0.1936 F:0.0305 503s
  Val L:0.3745 ABS:0.4058 RMSE:1.2691 d1:0.5093
Epoch [25/40] L:0.1897 D:0.1868 F:0.0288 505s
Epoch [26/40] L:0.1808 D:0.1778 F:0.0297 506s
Epoch [27/40] L:0.1791 D:0.1762 F:0.0292 494s
Epoch [28/40] L:0.1618 D:0.1589 F:0.0288 506s
  Val L:0.3783 ABS:0.4268 RMSE:1.2527 d1:0.5353
Epoch [29/40] L:0.1535 D:0.1506 F:0.0291 488s
Epoch [30/40] L:0.1469 D:0.1442 F:0.0273 496s
Epoch [31/40] L:0.1372 D:0.1346 F:0.0255 520s
Epoch [32/40] L:0.1297 D:0.1272 F:0.0253 507s
  Val L:0.3894 ABS:0.4280 RMSE:1.2832 d1:0.5189
Epoch [33/40] L:0.1212 D:0.1184 F:0.0279 501s
Epoch [34/40] L:0.1142 D:0.1114 F:0.0280 508s
Epoch [35/40] L:0.1094 D:0.1069 F:0.0254 508s
Epoch [36/40] L:0.1066 D:0.1041 F:0.0250 502s
  Val L:0.3981 ABS:0.4187 RMSE:1.3204 d1:0.5171
Epoch [37/40] L:0.0998 D:0.0972 F:0.0257 522s
Epoch [38/40] L:0.0963 D:0.0938 F:0.0247 510s
Epoch [39/40] L:0.0907 D:0.0882 F:0.0245 510s
Epoch [40/40] L:0.0866 D:0.0841 F:0.0252 510s
  Val L:0.4084 ABS:0.4279 RMSE:1.3273 d1:0.5216

Done. Best score:0.9912 RMSE:1.2446 ABS:0.4001
