/opt/conda/lib/python3.11/site-packages/timm/models/layers/__init__.py:49: FutureWarning: Importing from timm.models.layers is deprecated, please import via timm.layers
  warnings.warn(f"Importing from {__name__} is deprecated, please import via timm.layers", FutureWarning)
============================================================
Model: n2_foa_stft_film  Dataset: soundspaces
BS: 128  LR: 0.0005  Opt: AdamW
============================================================
Loaded scene split from /root/storage/matterport3d_0303renew/scene_split.json
  train: 72, val: 9, test: 9
[train] 23560 samples (fast cache: samples_train_erp_8b3be925d3ae.json) [ambisonic=ON]
  Precomputed SH basis matrix: (131072, 4) (order=1)
  N2 dataset: 3 temporal bins
Loaded scene split from /root/storage/matterport3d_0303renew/scene_split.json
  train: 72, val: 9, test: 9
[val] 2951 samples (fast cache: samples_val_erp_be0f29dd7abf.json) [ambisonic=ON]
  Precomputed SH basis matrix: (131072, 4) (order=1)
  N2 dataset: 3 temporal bins
Train: 23560, Val: 2951
Model: n2_foa_stft_film (56.3M params)
Epoch [1/40] L:0.4657 D:0.4588 F:0.0695 566s
Epoch [2/40] L:0.3802 D:0.3758 F:0.0447 574s
Epoch [3/40] L:0.3553 D:0.3510 F:0.0426 596s
Epoch [4/40] L:0.3313 D:0.3275 F:0.0384 551s
  Val L:0.4034 ABS:0.5350 RMSE:1.3259 d1:0.4610
  >> Best (score:1.0887 RMSE:1.3259 ABS:0.5350)
Epoch [5/40] L:0.3198 D:0.3162 F:0.0361 573s
Epoch [6/40] L:0.3145 D:0.3111 F:0.0343 795s
Epoch [7/40] L:0.3070 D:0.3037 F:0.0332 816s
Epoch [8/40] L:0.3004 D:0.2971 F:0.0328 743s
  Val L:0.3497 ABS:0.4064 RMSE:1.2814 d1:0.4968
  >> Best (score:1.0189 RMSE:1.2814 ABS:0.4064)
Epoch [9/40] L:0.2952 D:0.2920 F:0.0322 594s
Epoch [10/40] L:0.2888 D:0.2857 F:0.0313 571s
Epoch [11/40] L:0.2830 D:0.2798 F:0.0320 595s
Epoch [12/40] L:0.2764 D:0.2732 F:0.0317 594s
  Val L:0.3470 ABS:0.3909 RMSE:1.2920 d1:0.5200
Epoch [13/40] L:0.2701 D:0.2670 F:0.0312 550s
Epoch [14/40] L:0.2654 D:0.2623 F:0.0308 571s
Epoch [15/40] L:0.2583 D:0.2553 F:0.0304 567s
Epoch [16/40] L:0.2535 D:0.2503 F:0.0315 549s
  Val L:0.3649 ABS:0.3800 RMSE:1.3129 d1:0.5071
Epoch [17/40] L:0.2468 D:0.2437 F:0.0312 654s
Epoch [18/40] L:0.2405 D:0.2375 F:0.0306 718s
Epoch [19/40] L:0.2335 D:0.2304 F:0.0311 873s
Epoch [20/40] L:0.2270 D:0.2238 F:0.0315 1044s
  Val L:0.3515 ABS:0.4241 RMSE:1.2467 d1:0.5053
  >> Best (score:0.9999 RMSE:1.2467 ABS:0.4241)
Epoch [21/40] L:0.2179 D:0.2148 F:0.0317 826s
Epoch [22/40] L:0.2095 D:0.2064 F:0.0304 822s
Epoch [23/40] L:0.2007 D:0.1975 F:0.0317 821s
Epoch [24/40] L:0.1915 D:0.1884 F:0.0313 822s
  Val L:0.3510 ABS:0.4209 RMSE:1.2428 d1:0.5330
  >> Best (score:0.9962 RMSE:1.2428 ABS:0.4209)
Epoch [25/40] L:0.1826 D:0.1794 F:0.0316 815s
Epoch [26/40] L:0.1722 D:0.1691 F:0.0310 866s
Epoch [27/40] L:0.1646 D:0.1614 F:0.0320 908s
Epoch [28/40] L:0.1549 D:0.1518 F:0.0314 939s
  Val L:0.3756 ABS:0.3978 RMSE:1.2622 d1:0.5502
Epoch [29/40] L:0.1463 D:0.1431 F:0.0324 1284s
Epoch [30/40] L:0.1396 D:0.1365 F:0.0307 1442s
Epoch [31/40] L:0.1314 D:0.1283 F:0.0316 1125s
Epoch [32/40] L:0.1220 D:0.1190 F:0.0302 963s
  Val L:0.3900 ABS:0.4163 RMSE:1.2923 d1:0.5395
Epoch [33/40] L:0.1144 D:0.1113 F:0.0304 1067s
Epoch [34/40] L:0.1107 D:0.1076 F:0.0309 1046s
Epoch [35/40] L:0.1106 D:0.1075 F:0.0310 971s
Epoch [36/40] L:0.1006 D:0.0975 F:0.0314 938s
  Val L:0.4016 ABS:0.4258 RMSE:1.3166 d1:0.5367
Epoch [37/40] L:0.0948 D:0.0918 F:0.0294 826s
Epoch [38/40] L:0.0914 D:0.0884 F:0.0297 855s
Epoch [39/40] L:0.0858 D:0.0828 F:0.0295 861s
Epoch [40/40] L:0.0849 D:0.0820 F:0.0295 845s
  Val L:0.3952 ABS:0.4177 RMSE:1.3041 d1:0.5424

Done. Best score:0.9962 RMSE:1.2428 ABS:0.4209
