/opt/conda/lib/python3.11/site-packages/timm/models/layers/__init__.py:49: FutureWarning: Importing from timm.models.layers is deprecated, please import via timm.layers
  warnings.warn(f"Importing from {__name__} is deprecated, please import via timm.layers", FutureWarning)
============================================================
Model: n2_temporal_energy  Dataset: soundspaces
BS: 128  LR: 0.001  Opt: AdamW
============================================================
Loaded scene split from /root/storage/matterport3d_0303renew/scene_split.json
  train: 72, val: 9, test: 9
[train] 23560 samples (fast cache: samples_train_erp_8b3be925d3ae.json) [ambisonic=ON]
  Precomputed SH basis matrix: (131072, 4) (order=1)
  N2 dataset: 3 temporal bins
Loaded scene split from /root/storage/matterport3d_0303renew/scene_split.json
  train: 72, val: 9, test: 9
[val] 2951 samples (fast cache: samples_val_erp_be0f29dd7abf.json) [ambisonic=ON]
  Precomputed SH basis matrix: (131072, 4) (order=1)
  N2 dataset: 3 temporal bins
Train: 23560, Val: 2951
Model: n2_temporal_energy (55.5M params)
Epoch [1/40] L:0.5983 D:0.5516 F:0.0950 1018s
Epoch [2/40] L:0.4139 D:0.3878 F:0.0511 732s
Epoch [3/40] L:0.3711 D:0.3478 F:0.0461 617s
Epoch [4/40] L:0.3524 D:0.3305 F:0.0450 575s
  Val L:0.3961 ABS:0.4526 RMSE:1.3561 d1:0.4558
  >> Best (score:1.0851 RMSE:1.3561 ABS:0.4526)
Epoch [5/40] L:0.3415 D:0.3209 F:0.0415 676s
Epoch [6/40] L:0.3346 D:0.3146 F:0.0414 663s
Epoch [7/40] L:0.3292 D:0.3097 F:0.0414 751s
Epoch [8/40] L:0.3225 D:0.3039 F:0.0380 988s
  Val L:0.3749 ABS:0.4542 RMSE:1.3071 d1:0.4598
  >> Best (score:1.0512 RMSE:1.3071 ABS:0.4542)
Epoch [9/40] L:0.3180 D:0.2996 F:0.0380 1146s
Epoch [10/40] L:0.3130 D:0.2949 F:0.0378 1252s
Epoch [11/40] L:0.3077 D:0.2900 F:0.0359 717s
Epoch [12/40] L:0.3055 D:0.2878 F:0.0375 635s
  Val L:0.3484 ABS:0.3894 RMSE:1.2694 d1:0.5094
  >> Best (score:1.0054 RMSE:1.2694 ABS:0.3894)
Epoch [13/40] L:0.3006 D:0.2833 F:0.0360 617s
Epoch [14/40] L:0.2970 D:0.2797 F:0.0353 574s
Epoch [15/40] L:0.2934 D:0.2763 F:0.0342 574s
Epoch [16/40] L:0.2857 D:0.2687 F:0.0355 643s
  Val L:0.3409 ABS:0.4214 RMSE:1.2305 d1:0.5205
  >> Best (score:0.9878 RMSE:1.2305 ABS:0.4214)
Epoch [17/40] L:0.2804 D:0.2638 F:0.0343 642s
Epoch [18/40] L:0.2777 D:0.2608 F:0.0350 585s
Epoch [19/40] L:0.2710 D:0.2545 F:0.0335 638s
Epoch [20/40] L:0.2666 D:0.2500 F:0.0343 616s
  Val L:0.3457 ABS:0.4235 RMSE:1.2419 d1:0.5248
Epoch [21/40] L:0.2594 D:0.2429 F:0.0334 593s
Epoch [22/40] L:0.2517 D:0.2352 F:0.0346 625s
Epoch [23/40] L:0.2446 D:0.2282 F:0.0341 711s
Epoch [24/40] L:0.2368 D:0.2207 F:0.0325 683s
  Val L:0.3895 ABS:0.4464 RMSE:1.3049 d1:0.4909
Epoch [25/40] L:0.2316 D:0.2156 F:0.0330 688s
Epoch [26/40] L:0.2222 D:0.2061 F:0.0339 647s
Epoch [27/40] L:0.2124 D:0.1966 F:0.0319 536s
Epoch [28/40] L:0.2061 D:0.1900 F:0.0356 541s
  Val L:0.3681 ABS:0.4570 RMSE:1.2514 d1:0.5276
Epoch [29/40] L:0.1972 D:0.1815 F:0.0328 539s
Epoch [30/40] L:0.1903 D:0.1747 F:0.0326 538s
Epoch [31/40] L:0.1841 D:0.1685 F:0.0325 538s
Epoch [32/40] L:0.1754 D:0.1601 F:0.0314 534s
  Val L:0.3942 ABS:0.4541 RMSE:1.3005 d1:0.5266
Epoch [33/40] L:0.1676 D:0.1522 F:0.0324 557s
Epoch [34/40] L:0.1577 D:0.1427 F:0.0301 631s
Epoch [35/40] L:0.1537 D:0.1387 F:0.0309 694s
Epoch [36/40] L:0.1462 D:0.1314 F:0.0303 769s
  Val L:0.3850 ABS:0.4499 RMSE:1.2910 d1:0.5258
Epoch [37/40] L:0.1415 D:0.1268 F:0.0295 533s
Epoch [38/40] L:0.1328 D:0.1184 F:0.0290 536s
Epoch [39/40] L:0.1265 D:0.1121 F:0.0295 515s
Epoch [40/40] L:0.1198 D:0.1056 F:0.0287 592s
  Val L:0.4063 ABS:0.4451 RMSE:1.3301 d1:0.5209

Done. Best score:0.9878 RMSE:1.2305 ABS:0.4214
