/opt/conda/lib/python3.11/site-packages/timm/models/layers/__init__.py:49: FutureWarning: Importing from timm.models.layers is deprecated, please import via timm.layers
  warnings.warn(f"Importing from {__name__} is deprecated, please import via timm.layers", FutureWarning)
============================================================
Model: n2_6ch_input  Dataset: soundspaces
BS: 128  LR: 0.001  Opt: AdamW
============================================================
Loaded scene split from /root/storage/matterport3d_0303renew/scene_split.json
  train: 72, val: 9, test: 9
[train] 23560 samples (fast cache: samples_train_erp_8b3be925d3ae.json) [ambisonic=ON]
  Precomputed SH basis matrix: (131072, 4) (order=1)
  N2 dataset: 3 temporal bins
Loaded scene split from /root/storage/matterport3d_0303renew/scene_split.json
  train: 72, val: 9, test: 9
[val] 2951 samples (fast cache: samples_val_erp_be0f29dd7abf.json) [ambisonic=ON]
  Precomputed SH basis matrix: (131072, 4) (order=1)
  N2 dataset: 3 temporal bins
Train: 23560, Val: 2951
Model: n2_6ch_input (54.5M params)
Epoch [1/40] L:0.5014 D:0.4772 F:0.0807 2085s
Epoch [2/40] L:0.3963 D:0.3840 F:0.0410 1410s
Epoch [3/40] L:0.3782 D:0.3678 F:0.0348 1249s
Epoch [4/40] L:0.3668 D:0.3573 F:0.0318 1433s
  Val L:0.4059 ABS:0.4802 RMSE:1.3631 d1:0.4614
  >> Best (score:1.0982 RMSE:1.3631 ABS:0.4802)
Epoch [5/40] L:0.3515 D:0.3421 F:0.0313 1742s
Epoch [6/40] L:0.3327 D:0.3247 F:0.0265 1446s
Epoch [7/40] L:0.3242 D:0.3169 F:0.0245 1163s
Epoch [8/40] L:0.3188 D:0.3113 F:0.0250 1054s
  Val L:0.3616 ABS:0.4373 RMSE:1.2880 d1:0.5025
  >> Best (score:1.0328 RMSE:1.2880 ABS:0.4373)
Epoch [9/40] L:0.3084 D:0.3011 F:0.0245 1058s
Epoch [10/40] L:0.3002 D:0.2930 F:0.0241 1043s
Epoch [11/40] L:0.2914 D:0.2844 F:0.0232 1057s
Epoch [12/40] L:0.2838 D:0.2769 F:0.0231 995s
  Val L:0.3415 ABS:0.3865 RMSE:1.2650 d1:0.5147
  >> Best (score:1.0015 RMSE:1.2650 ABS:0.3865)
Epoch [13/40] L:0.2777 D:0.2713 F:0.0214 1142s
Epoch [14/40] L:0.2711 D:0.2645 F:0.0220 1136s
Epoch [15/40] L:0.2649 D:0.2584 F:0.0219 1163s
Epoch [16/40] L:0.2614 D:0.2550 F:0.0216 1198s
  Val L:0.3339 ABS:0.3785 RMSE:1.2426 d1:0.5367
  >> Best (score:0.9834 RMSE:1.2426 ABS:0.3785)
Epoch [17/40] L:0.2533 D:0.2467 F:0.0220 1158s
Epoch [18/40] L:0.2454 D:0.2390 F:0.0211 862s
Epoch [19/40] L:0.2391 D:0.2327 F:0.0214 847s
Epoch [20/40] L:0.2328 D:0.2268 F:0.0202 767s
  Val L:0.3681 ABS:0.3660 RMSE:1.3111 d1:0.5165
Epoch [21/40] L:0.2279 D:0.2217 F:0.0207 822s
Epoch [22/40] L:0.2171 D:0.2111 F:0.0200 836s
Epoch [23/40] L:0.2072 D:0.2013 F:0.0195 826s
Epoch [24/40] L:0.2038 D:0.1978 F:0.0201 888s
  Val L:0.3563 ABS:0.4151 RMSE:1.2349 d1:0.5350
Epoch [25/40] L:0.1965 D:0.1903 F:0.0208 895s
Epoch [26/40] L:0.1850 D:0.1787 F:0.0213 900s
Epoch [27/40] L:0.1775 D:0.1713 F:0.0206 926s
Epoch [28/40] L:0.1698 D:0.1641 F:0.0191 911s
  Val L:0.3836 ABS:0.3781 RMSE:1.2812 d1:0.5413
Epoch [29/40] L:0.1609 D:0.1553 F:0.0186 817s
Epoch [30/40] L:0.1528 D:0.1472 F:0.0185 812s
Epoch [31/40] L:0.1474 D:0.1417 F:0.0189 931s
Epoch [32/40] L:0.1405 D:0.1350 F:0.0182 799s
  Val L:0.3981 ABS:0.3971 RMSE:1.2866 d1:0.5403
Epoch [33/40] L:0.1330 D:0.1279 F:0.0170 894s
Epoch [34/40] L:0.1252 D:0.1202 F:0.0167 834s
Epoch [35/40] L:0.1205 D:0.1153 F:0.0173 826s
Epoch [36/40] L:0.1142 D:0.1092 F:0.0166 834s
  Val L:0.3938 ABS:0.4039 RMSE:1.2891 d1:0.5460
Epoch [37/40] L:0.1098 D:0.1050 F:0.0161 884s
Epoch [38/40] L:0.1052 D:0.1006 F:0.0154 898s
Epoch [39/40] L:0.1047 D:0.0999 F:0.0162 748s
Epoch [40/40] L:0.0978 D:0.0929 F:0.0162 351s
  Val L:0.3930 ABS:0.4221 RMSE:1.2959 d1:0.5377

Done. Best score:0.9834 RMSE:1.2426 ABS:0.3785
