/opt/conda/lib/python3.11/site-packages/timm/models/layers/__init__.py:49: FutureWarning: Importing from timm.models.layers is deprecated, please import via timm.layers
  warnings.warn(f"Importing from {__name__} is deprecated, please import via timm.layers", FutureWarning)
============================================================
Model: n2_temporal_energy  Dataset: soundspaces
BS: 128  LR: 0.0005  Opt: AdamW
============================================================
Loaded scene split from /root/storage/matterport3d_0303renew/scene_split.json
  train: 72, val: 9, test: 9
[train] 23560 samples (fast cache: samples_train_erp_8b3be925d3ae.json) [ambisonic=ON]
  Precomputed SH basis matrix: (131072, 4) (order=1)
  N2 dataset: 3 temporal bins
Loaded scene split from /root/storage/matterport3d_0303renew/scene_split.json
  train: 72, val: 9, test: 9
[val] 2951 samples (fast cache: samples_val_erp_be0f29dd7abf.json) [ambisonic=ON]
  Precomputed SH basis matrix: (131072, 4) (order=1)
  N2 dataset: 3 temporal bins
Train: 23560, Val: 2951
Model: n2_temporal_energy (55.5M params)
Epoch [1/40] L:0.5523 D:0.4929 F:0.0732 1007s
Epoch [2/40] L:0.4007 D:0.3759 F:0.0427 777s
Epoch [3/40] L:0.3779 D:0.3549 F:0.0391 571s
Epoch [4/40] L:0.3667 D:0.3444 F:0.0380 586s
  Val L:0.4099 ABS:0.4639 RMSE:1.3604 d1:0.4645
  >> Best (score:1.0914 RMSE:1.3604 ABS:0.4639)
Epoch [5/40] L:0.3514 D:0.3296 F:0.0370 695s
Epoch [6/40] L:0.3359 D:0.3149 F:0.0349 635s
Epoch [7/40] L:0.3284 D:0.3079 F:0.0338 700s
Epoch [8/40] L:0.3229 D:0.3028 F:0.0340 929s
  Val L:0.3535 ABS:0.4239 RMSE:1.2793 d1:0.4977
  >> Best (score:1.0227 RMSE:1.2793 ABS:0.4239)
Epoch [9/40] L:0.3157 D:0.2968 F:0.0327 1092s
Epoch [10/40] L:0.3112 D:0.2927 F:0.0341 1132s
Epoch [11/40] L:0.3041 D:0.2860 F:0.0333 839s
Epoch [12/40] L:0.2998 D:0.2821 F:0.0326 557s
  Val L:0.3632 ABS:0.3915 RMSE:1.3181 d1:0.4957
Epoch [13/40] L:0.2930 D:0.2757 F:0.0315 593s
Epoch [14/40] L:0.2883 D:0.2711 F:0.0322 583s
Epoch [15/40] L:0.2832 D:0.2661 F:0.0318 612s
Epoch [16/40] L:0.2747 D:0.2579 F:0.0317 608s
  Val L:0.3542 ABS:0.3965 RMSE:1.2650 d1:0.5031
  >> Best (score:1.0045 RMSE:1.2650 ABS:0.3965)
Epoch [17/40] L:0.2669 D:0.2501 F:0.0329 585s
Epoch [18/40] L:0.2592 D:0.2427 F:0.0315 605s
Epoch [19/40] L:0.2527 D:0.2361 F:0.0327 601s
Epoch [20/40] L:0.2419 D:0.2256 F:0.0313 577s
  Val L:0.3656 ABS:0.3803 RMSE:1.2904 d1:0.5114
Epoch [21/40] L:0.2345 D:0.2181 F:0.0325 613s
Epoch [22/40] L:0.2283 D:0.2121 F:0.0309 632s
Epoch [23/40] L:0.2171 D:0.2011 F:0.0307 708s
Epoch [24/40] L:0.2075 D:0.1916 F:0.0302 649s
  Val L:0.3641 ABS:0.4080 RMSE:1.2559 d1:0.5168
  >> Best (score:1.0016 RMSE:1.2559 ABS:0.4080)
Epoch [25/40] L:0.2001 D:0.1843 F:0.0303 700s
Epoch [26/40] L:0.1938 D:0.1780 F:0.0299 667s
Epoch [27/40] L:0.1834 D:0.1679 F:0.0298 577s
Epoch [28/40] L:0.1761 D:0.1607 F:0.0293 560s
  Val L:0.3888 ABS:0.3944 RMSE:1.3164 d1:0.5135
Epoch [29/40] L:0.1686 D:0.1533 F:0.0294 543s
Epoch [30/40] L:0.1614 D:0.1461 F:0.0297 534s
Epoch [31/40] L:0.1542 D:0.1391 F:0.0286 549s
Epoch [32/40] L:0.1507 D:0.1356 F:0.0297 569s
  Val L:0.3986 ABS:0.4010 RMSE:1.3118 d1:0.5228
Epoch [33/40] L:0.1414 D:0.1265 F:0.0290 546s
Epoch [34/40] L:0.1336 D:0.1191 F:0.0276 595s
Epoch [35/40] L:0.1287 D:0.1142 F:0.0279 709s
Epoch [36/40] L:0.1271 D:0.1127 F:0.0276 842s
  Val L:0.4035 ABS:0.4440 RMSE:1.3180 d1:0.5204
Epoch [37/40] L:0.1222 D:0.1078 F:0.0291 522s
Epoch [38/40] L:0.1187 D:0.1046 F:0.0271 537s
Epoch [39/40] L:0.1133 D:0.0993 F:0.0275 573s
Epoch [40/40] L:0.1075 D:0.0937 F:0.0268 521s
  Val L:0.4023 ABS:0.4619 RMSE:1.3162 d1:0.5250

Done. Best score:1.0016 RMSE:1.2559 ABS:0.4080
