/opt/conda/lib/python3.11/site-packages/timm/models/layers/__init__.py:49: FutureWarning: Importing from timm.models.layers is deprecated, please import via timm.layers
  warnings.warn(f"Importing from {__name__} is deprecated, please import via timm.layers", FutureWarning)
============================================================
Model: n2_foa_stft_film  Dataset: soundspaces
BS: 128  LR: 0.001  Opt: AdamW
============================================================
Loaded scene split from /root/storage/matterport3d_0303renew/scene_split.json
  train: 72, val: 9, test: 9
[train] 23560 samples (fast cache: samples_train_erp_8b3be925d3ae.json) [ambisonic=ON]
  Precomputed SH basis matrix: (131072, 4) (order=1)
  N2 dataset: 3 temporal bins
Loaded scene split from /root/storage/matterport3d_0303renew/scene_split.json
  train: 72, val: 9, test: 9
[val] 2951 samples (fast cache: samples_val_erp_be0f29dd7abf.json) [ambisonic=ON]
  Precomputed SH basis matrix: (131072, 4) (order=1)
  N2 dataset: 3 temporal bins
Train: 23560, Val: 2951
Model: n2_foa_stft_film (56.3M params)
Epoch [1/40] L:0.4705 D:0.4624 F:0.0811 549s
Epoch [2/40] L:0.3899 D:0.3852 F:0.0470 579s
Epoch [3/40] L:0.3561 D:0.3515 F:0.0461 569s
Epoch [4/40] L:0.3363 D:0.3321 F:0.0422 543s
  Val L:0.3787 ABS:0.4437 RMSE:1.3308 d1:0.4781
  >> Best (score:1.0647 RMSE:1.3308 ABS:0.4437)
Epoch [5/40] L:0.3204 D:0.3164 F:0.0396 570s
Epoch [6/40] L:0.3131 D:0.3093 F:0.0381 689s
Epoch [7/40] L:0.3080 D:0.3042 F:0.0381 888s
Epoch [8/40] L:0.3025 D:0.2988 F:0.0374 721s
  Val L:0.3581 ABS:0.3803 RMSE:1.3273 d1:0.4853
  >> Best (score:1.0432 RMSE:1.3273 ABS:0.3803)
Epoch [9/40] L:0.2961 D:0.2923 F:0.0378 672s
Epoch [10/40] L:0.2907 D:0.2871 F:0.0358 542s
Epoch [11/40] L:0.2850 D:0.2813 F:0.0367 596s
Epoch [12/40] L:0.2784 D:0.2749 F:0.0358 596s
  Val L:0.3553 ABS:0.3940 RMSE:1.2756 d1:0.5116
  >> Best (score:1.0111 RMSE:1.2756 ABS:0.3940)
Epoch [13/40] L:0.2730 D:0.2693 F:0.0375 570s
Epoch [14/40] L:0.2675 D:0.2638 F:0.0364 563s
Epoch [15/40] L:0.2621 D:0.2586 F:0.0349 551s
Epoch [16/40] L:0.2561 D:0.2524 F:0.0373 554s
  Val L:0.3578 ABS:0.3595 RMSE:1.3053 d1:0.5056
Epoch [17/40] L:0.2491 D:0.2456 F:0.0349 617s
Epoch [18/40] L:0.2434 D:0.2400 F:0.0344 694s
Epoch [19/40] L:0.2362 D:0.2327 F:0.0343 809s
Epoch [20/40] L:0.2280 D:0.2245 F:0.0345 1013s
  Val L:0.3634 ABS:0.3804 RMSE:1.2973 d1:0.5362
Epoch [21/40] L:0.2183 D:0.2148 F:0.0349 877s
Epoch [22/40] L:0.2086 D:0.2052 F:0.0341 799s
Epoch [23/40] L:0.2028 D:0.1995 F:0.0333 841s
Epoch [24/40] L:0.1923 D:0.1888 F:0.0352 804s
  Val L:0.3763 ABS:0.3690 RMSE:1.2909 d1:0.5320
Epoch [25/40] L:0.1806 D:0.1773 F:0.0331 808s
Epoch [26/40] L:0.1707 D:0.1675 F:0.0326 820s
Epoch [27/40] L:0.1603 D:0.1571 F:0.0324 939s
Epoch [28/40] L:0.1515 D:0.1482 F:0.0327 932s
  Val L:0.3992 ABS:0.4504 RMSE:1.3028 d1:0.5253
Epoch [29/40] L:0.1409 D:0.1378 F:0.0316 1195s
Epoch [30/40] L:0.1324 D:0.1293 F:0.0310 1367s
Epoch [31/40] L:0.1249 D:0.1216 F:0.0328 1337s
Epoch [32/40] L:0.1176 D:0.1144 F:0.0319 908s
  Val L:0.3898 ABS:0.4078 RMSE:1.3011 d1:0.5431
Epoch [33/40] L:0.1088 D:0.1057 F:0.0305 1059s
Epoch [34/40] L:0.1070 D:0.1039 F:0.0308 1059s
Epoch [35/40] L:0.1010 D:0.0981 F:0.0292 935s
Epoch [36/40] L:0.0925 D:0.0896 F:0.0294 949s
  Val L:0.4015 ABS:0.4184 RMSE:1.3111 d1:0.5399
Epoch [37/40] L:0.0880 D:0.0850 F:0.0291 836s
Epoch [38/40] L:0.0868 D:0.0839 F:0.0295 841s
Epoch [39/40] L:0.0818 D:0.0790 F:0.0285 831s
Epoch [40/40] L:0.0775 D:0.0747 F:0.0286 801s
  Val L:0.4024 ABS:0.4281 RMSE:1.3294 d1:0.5408

Done. Best score:1.0111 RMSE:1.2756 ABS:0.3940
