/opt/conda/lib/python3.11/site-packages/timm/models/layers/__init__.py:49: FutureWarning: Importing from timm.models.layers is deprecated, please import via timm.layers
  warnings.warn(f"Importing from {__name__} is deprecated, please import via timm.layers", FutureWarning)
============================================================
Model: n2_temporal_rms_film  Dataset: soundspaces
BS: 128  LR: 0.0005  Opt: AdamW
============================================================
Loaded scene split from /root/storage/matterport3d_0303renew/scene_split.json
  train: 72, val: 9, test: 9
[train] 23560 samples (fast cache: samples_train_erp_8b3be925d3ae.json) [ambisonic=ON]
  Precomputed SH basis matrix: (131072, 4) (order=1)
  N2 dataset: 3 temporal bins
Loaded scene split from /root/storage/matterport3d_0303renew/scene_split.json
  train: 72, val: 9, test: 9
[val] 2951 samples (fast cache: samples_val_erp_be0f29dd7abf.json) [ambisonic=ON]
  Precomputed SH basis matrix: (131072, 4) (order=1)
  N2 dataset: 3 temporal bins
Train: 23560, Val: 2951
Model: n2_temporal_rms_film (54.7M params)
Epoch [1/40] L:0.4741 D:0.4677 F:0.0647 1008s
Epoch [2/40] L:0.3690 D:0.3655 F:0.0346 1095s
Epoch [3/40] L:0.3473 D:0.3440 F:0.0321 1254s
Epoch [4/40] L:0.3283 D:0.3254 F:0.0292 1584s
  Val L:0.3859 ABS:0.4032 RMSE:1.3860 d1:0.4617
  >> Best (score:1.0912 RMSE:1.3860 ABS:0.4032)
Epoch [5/40] L:0.3186 D:0.3159 F:0.0274 1187s
Epoch [6/40] L:0.3095 D:0.3069 F:0.0257 1132s
Epoch [7/40] L:0.3031 D:0.3006 F:0.0248 1154s
Epoch [8/40] L:0.2965 D:0.2941 F:0.0241 1334s
  Val L:0.3667 ABS:0.3908 RMSE:1.3176 d1:0.4767
  >> Best (score:1.0396 RMSE:1.3176 ABS:0.3908)
Epoch [9/40] L:0.2906 D:0.2880 F:0.0255 1195s
Epoch [10/40] L:0.2853 D:0.2830 F:0.0240 1233s
Epoch [11/40] L:0.2814 D:0.2790 F:0.0238 1196s
Epoch [12/40] L:0.2766 D:0.2742 F:0.0239 1141s
  Val L:0.3603 ABS:0.3988 RMSE:1.2924 d1:0.4728
  >> Best (score:1.0243 RMSE:1.2924 ABS:0.3988)
Epoch [13/40] L:0.2729 D:0.2704 F:0.0247 1089s
Epoch [14/40] L:0.2672 D:0.2648 F:0.0240 898s
Epoch [15/40] L:0.2635 D:0.2610 F:0.0244 934s
Epoch [16/40] L:0.2564 D:0.2539 F:0.0252 860s
  Val L:0.3424 ABS:0.4104 RMSE:1.2388 d1:0.5213
  >> Best (score:0.9903 RMSE:1.2388 ABS:0.4104)
Epoch [17/40] L:0.2499 D:0.2474 F:0.0248 957s
Epoch [18/40] L:0.2422 D:0.2396 F:0.0254 904s
Epoch [19/40] L:0.2351 D:0.2326 F:0.0255 939s
Epoch [20/40] L:0.2313 D:0.2288 F:0.0249 851s
  Val L:0.3445 ABS:0.4055 RMSE:1.2362 d1:0.5336
  >> Best (score:0.9870 RMSE:1.2362 ABS:0.4055)
Epoch [21/40] L:0.2209 D:0.2186 F:0.0234 778s
Epoch [22/40] L:0.2121 D:0.2097 F:0.0239 676s
Epoch [23/40] L:0.2011 D:0.1986 F:0.0246 529s
Epoch [24/40] L:0.1936 D:0.1912 F:0.0237 516s
  Val L:0.3767 ABS:0.4425 RMSE:1.2645 d1:0.5248
Epoch [25/40] L:0.1870 D:0.1846 F:0.0238 533s
Epoch [26/40] L:0.1782 D:0.1758 F:0.0237 513s
Epoch [27/40] L:0.1702 D:0.1677 F:0.0249 510s
Epoch [28/40] L:0.1587 D:0.1563 F:0.0241 516s
  Val L:0.3830 ABS:0.4387 RMSE:1.2622 d1:0.5302
Epoch [29/40] L:0.1490 D:0.1467 F:0.0232 512s
Epoch [30/40] L:0.1456 D:0.1432 F:0.0242 526s
Epoch [31/40] L:0.1344 D:0.1321 F:0.0230 539s
Epoch [32/40] L:0.1264 D:0.1240 F:0.0238 514s
  Val L:0.3865 ABS:0.4234 RMSE:1.2875 d1:0.5239
Epoch [33/40] L:0.1205 D:0.1182 F:0.0236 511s
Epoch [34/40] L:0.1130 D:0.1107 F:0.0231 509s
Epoch [35/40] L:0.1079 D:0.1058 F:0.0216 512s
Epoch [36/40] L:0.1035 D:0.1013 F:0.0218 500s
  Val L:0.3888 ABS:0.4164 RMSE:1.2921 d1:0.5301
Epoch [37/40] L:0.0994 D:0.0971 F:0.0222 530s
Epoch [38/40] L:0.0932 D:0.0909 F:0.0226 523s
Epoch [39/40] L:0.0891 D:0.0868 F:0.0230 495s
Epoch [40/40] L:0.0844 D:0.0823 F:0.0204 601s
  Val L:0.3943 ABS:0.4530 RMSE:1.2991 d1:0.5218

Done. Best score:0.9870 RMSE:1.2362 ABS:0.4055
