/opt/conda/lib/python3.11/site-packages/timm/models/layers/__init__.py:49: FutureWarning: Importing from timm.models.layers is deprecated, please import via timm.layers
  warnings.warn(f"Importing from {__name__} is deprecated, please import via timm.layers", FutureWarning)
============================================================
Model: n2_temap_input  Dataset: soundspaces
BS: 128  LR: 0.0005  Opt: AdamW
============================================================
Loaded scene split from /root/storage/matterport3d_0303renew/scene_split.json
  train: 72, val: 9, test: 9
[train] 23560 samples (fast cache: samples_train_erp_8b3be925d3ae.json) [ambisonic=ON]
  Precomputed SH basis matrix: (131072, 4) (order=1)
  N2 dataset: 3 temporal bins
Loaded scene split from /root/storage/matterport3d_0303renew/scene_split.json
  train: 72, val: 9, test: 9
[val] 2951 samples (fast cache: samples_val_erp_be0f29dd7abf.json) [ambisonic=ON]
  Precomputed SH basis matrix: (131072, 4) (order=1)
  N2 dataset: 3 temporal bins
Train: 23560, Val: 2951
Model: n2_temap_input (54.5M params)
Epoch [1/40] L:0.4569 D:0.4506 F:0.0633 1002s
Epoch [2/40] L:0.3378 D:0.3347 F:0.0307 1102s
Epoch [3/40] L:0.3083 D:0.3057 F:0.0266 1266s
Epoch [4/40] L:0.2995 D:0.2971 F:0.0244 1574s
  Val L:0.3650 ABS:0.3790 RMSE:1.3162 d1:0.4883
  >> Best (score:1.0350 RMSE:1.3162 ABS:0.3790)
Epoch [5/40] L:0.2946 D:0.2922 F:0.0234 1178s
Epoch [6/40] L:0.2895 D:0.2872 F:0.0237 1127s
Epoch [7/40] L:0.2842 D:0.2819 F:0.0223 1162s
Epoch [8/40] L:0.2835 D:0.2810 F:0.0249 1342s
  Val L:0.3428 ABS:0.3838 RMSE:1.2487 d1:0.4966
  >> Best (score:0.9893 RMSE:1.2487 ABS:0.3838)
Epoch [9/40] L:0.2778 D:0.2757 F:0.0210 1156s
Epoch [10/40] L:0.2746 D:0.2723 F:0.0222 1180s
Epoch [11/40] L:0.2715 D:0.2692 F:0.0231 1139s
Epoch [12/40] L:0.2673 D:0.2650 F:0.0230 1129s
  Val L:0.3324 ABS:0.4019 RMSE:1.2007 d1:0.5180
  >> Best (score:0.9611 RMSE:1.2007 ABS:0.4019)
Epoch [13/40] L:0.2648 D:0.2624 F:0.0245 1107s
Epoch [14/40] L:0.2622 D:0.2600 F:0.0217 911s
Epoch [15/40] L:0.2559 D:0.2535 F:0.0246 926s
Epoch [16/40] L:0.2526 D:0.2502 F:0.0240 806s
  Val L:0.3301 ABS:0.3855 RMSE:1.2036 d1:0.5237
  >> Best (score:0.9582 RMSE:1.2036 ABS:0.3855)
Epoch [17/40] L:0.2526 D:0.2501 F:0.0249 969s
Epoch [18/40] L:0.2491 D:0.2467 F:0.0244 896s
Epoch [19/40] L:0.2407 D:0.2383 F:0.0239 929s
Epoch [20/40] L:0.2357 D:0.2331 F:0.0256 884s
  Val L:0.3389 ABS:0.3796 RMSE:1.2227 d1:0.5182
Epoch [21/40] L:0.2307 D:0.2283 F:0.0243 741s
Epoch [22/40] L:0.2254 D:0.2228 F:0.0260 658s
Epoch [23/40] L:0.2201 D:0.2176 F:0.0252 448s
Epoch [24/40] L:0.2130 D:0.2103 F:0.0262 473s
  Val L:0.3631 ABS:0.3872 RMSE:1.2384 d1:0.5259
Epoch [25/40] L:0.2050 D:0.2025 F:0.0255 523s
Epoch [26/40] L:0.1980 D:0.1955 F:0.0251 483s
Epoch [27/40] L:0.1899 D:0.1874 F:0.0248 527s
Epoch [28/40] L:0.1819 D:0.1794 F:0.0258 531s
  Val L:0.3761 ABS:0.3861 RMSE:1.2603 d1:0.5168
Epoch [29/40] L:0.1765 D:0.1740 F:0.0252 522s
Epoch [30/40] L:0.1687 D:0.1662 F:0.0257 511s
Epoch [31/40] L:0.1582 D:0.1557 F:0.0247 531s
Epoch [32/40] L:0.1494 D:0.1471 F:0.0231 535s
  Val L:0.3750 ABS:0.4201 RMSE:1.2450 d1:0.5193
Epoch [33/40] L:0.1443 D:0.1418 F:0.0254 508s
Epoch [34/40] L:0.1360 D:0.1337 F:0.0228 502s
Epoch [35/40] L:0.1282 D:0.1260 F:0.0223 504s
Epoch [36/40] L:0.1268 D:0.1246 F:0.0222 506s
  Val L:0.3925 ABS:0.3944 RMSE:1.2802 d1:0.5289
Epoch [37/40] L:0.1275 D:0.1251 F:0.0239 518s
Epoch [38/40] L:0.1127 D:0.1105 F:0.0222 510s
Epoch [39/40] L:0.1059 D:0.1037 F:0.0221 509s
Epoch [40/40] L:0.1031 D:0.1009 F:0.0221 525s
  Val L:0.3805 ABS:0.4177 RMSE:1.2609 d1:0.5310

Done. Best score:0.9582 RMSE:1.2036 ABS:0.3855
