/opt/conda/lib/python3.11/site-packages/timm/models/layers/__init__.py:49: FutureWarning: Importing from timm.models.layers is deprecated, please import via timm.layers
  warnings.warn(f"Importing from {__name__} is deprecated, please import via timm.layers", FutureWarning)
============================================================
Model: n2_temporal_energy  Dataset: soundspaces
BS: 128  LR: 0.001  Opt: AdamW
============================================================
Loaded scene split from /root/storage/matterport3d_0303renew/scene_split.json
  train: 72, val: 9, test: 9
[train] 23560 samples (fast cache: samples_train_erp_8b3be925d3ae.json) [ambisonic=ON]
  Precomputed SH basis matrix: (131072, 4) (order=1)
  N2 dataset: 3 temporal bins (key=overlap3)
Loaded scene split from /root/storage/matterport3d_0303renew/scene_split.json
  train: 72, val: 9, test: 9
[val] 2951 samples (fast cache: samples_val_erp_be0f29dd7abf.json) [ambisonic=ON]
  Precomputed SH basis matrix: (131072, 4) (order=1)
  N2 dataset: 3 temporal bins (key=overlap3)
Train: 23560, Val: 2951
Model: n2_temporal_energy (55.5M params)
Epoch [1/40] L:0.5537 D:0.5077 F:0.0879 1701s
Epoch [2/40] L:0.4263 D:0.4021 F:0.0538 1749s
Epoch [3/40] L:0.3772 D:0.3555 F:0.0451 1075s
Epoch [4/40] L:0.3543 D:0.3339 F:0.0427 2017s
  Val L:0.3880 ABS:0.4654 RMSE:1.3474 d1:0.4610
  >> Best (score:1.0828 RMSE:1.3474 ABS:0.4654)
Epoch [5/40] L:0.3394 D:0.3210 F:0.0398 3924s
Epoch [6/40] L:0.3317 D:0.3147 F:0.0388 4521s
Epoch [7/40] L:0.3249 D:0.3087 F:0.0378 2805s
Epoch [8/40] L:0.3209 D:0.3049 F:0.0382 2906s
  Val L:0.3552 ABS:0.4183 RMSE:1.3007 d1:0.4984
  >> Best (score:1.0360 RMSE:1.3007 ABS:0.4183)
Epoch [9/40] L:0.3142 D:0.2985 F:0.0375 2209s
Epoch [10/40] L:0.3112 D:0.2956 F:0.0389 2317s
Epoch [11/40] L:0.3049 D:0.2898 F:0.0351 3255s
Epoch [12/40] L:0.3019 D:0.2869 F:0.0359 2945s
  Val L:0.3732 ABS:0.3961 RMSE:1.3238 d1:0.4789
Epoch [13/40] L:0.2974 D:0.2826 F:0.0351 2876s
Epoch [14/40] L:0.2905 D:0.2760 F:0.0333 3899s
Epoch [15/40] L:0.2858 D:0.2713 F:0.0331 2106s
Epoch [16/40] L:0.2792 D:0.2647 F:0.0337 2807s
  Val L:0.3857 ABS:0.4369 RMSE:1.2976 d1:0.4875
Epoch [17/40] L:0.2741 D:0.2596 F:0.0341 3288s
Epoch [18/40] L:0.2664 D:0.2522 F:0.0338 2768s
Epoch [19/40] L:0.2584 D:0.2442 F:0.0340 2100s
Epoch [20/40] L:0.2564 D:0.2423 F:0.0334 1662s
  Val L:0.3697 ABS:0.4166 RMSE:1.2848 d1:0.5017
  >> Best (score:1.0244 RMSE:1.2848 ABS:0.4166)
Epoch [21/40] L:0.2482 D:0.2341 F:0.0333 2072s
Epoch [22/40] L:0.2382 D:0.2244 F:0.0318 2124s
Epoch [23/40] L:0.2285 D:0.2149 F:0.0315 1839s
Epoch [24/40] L:0.2230 D:0.2093 F:0.0325 1797s
  Val L:0.3757 ABS:0.3992 RMSE:1.2895 d1:0.5248
  >> Best (score:1.0224 RMSE:1.2895 ABS:0.3992)
Epoch [25/40] L:0.2138 D:0.2003 F:0.0316 1797s
Epoch [26/40] L:0.2075 D:0.1940 F:0.0314 2255s
Epoch [27/40] L:0.2047 D:0.1912 F:0.0311 2221s
Epoch [28/40] L:0.1921 D:0.1790 F:0.0308 1596s
  Val L:0.3753 ABS:0.4581 RMSE:1.2723 d1:0.5163
Epoch [29/40] L:0.1835 D:0.1705 F:0.0304 1454s
Epoch [30/40] L:0.1766 D:0.1637 F:0.0299 1293s
Epoch [31/40] L:0.1697 D:0.1570 F:0.0302 1489s
Epoch [32/40] L:0.1619 D:0.1492 F:0.0297 1273s
  Val L:0.3802 ABS:0.4166 RMSE:1.2852 d1:0.5299
Epoch [33/40] L:0.1551 D:0.1426 F:0.0297 1016s
Epoch [34/40] L:0.1500 D:0.1374 F:0.0297 1129s
Epoch [35/40] L:0.1417 D:0.1294 F:0.0290 893s
Epoch [36/40] L:0.1378 D:0.1257 F:0.0287 1178s
  Val L:0.3886 ABS:0.4638 RMSE:1.3020 d1:0.5198
Epoch [37/40] L:0.1329 D:0.1209 F:0.0286 1215s
Epoch [38/40] L:0.1242 D:0.1124 F:0.0278 1258s
Epoch [39/40] L:0.1205 D:0.1089 F:0.0275 1619s
Epoch [40/40] L:0.1142 D:0.1027 F:0.0274 2142s
  Val L:0.4123 ABS:0.4408 RMSE:1.3304 d1:0.5198

Done. Best score:1.0224 RMSE:1.2895 ABS:0.3992
