/opt/conda/lib/python3.11/site-packages/timm/models/layers/__init__.py:49: FutureWarning: Importing from timm.models.layers is deprecated, please import via timm.layers
  warnings.warn(f"Importing from {__name__} is deprecated, please import via timm.layers", FutureWarning)
============================================================
Model: n2_temporal_energy  Dataset: soundspaces
BS: 128  LR: 0.0005  Opt: AdamW
============================================================
Loaded scene split from /root/storage/matterport3d_0303renew/scene_split.json
  train: 72, val: 9, test: 9
[train] 23560 samples (fast cache: samples_train_erp_8b3be925d3ae.json) [ambisonic=ON]
  Precomputed SH basis matrix: (131072, 4) (order=1)
  N2 dataset: 3 temporal bins (key=overlap3)
Loaded scene split from /root/storage/matterport3d_0303renew/scene_split.json
  train: 72, val: 9, test: 9
[val] 2951 samples (fast cache: samples_val_erp_be0f29dd7abf.json) [ambisonic=ON]
  Precomputed SH basis matrix: (131072, 4) (order=1)
  N2 dataset: 3 temporal bins (key=overlap3)
Train: 23560, Val: 2951
Model: n2_temporal_energy (55.5M params)
Epoch [1/40] L:0.5584 D:0.5150 F:0.0799 1724s
Epoch [2/40] L:0.4081 D:0.3836 F:0.0450 1739s
Epoch [3/40] L:0.3826 D:0.3599 F:0.0426 1061s
Epoch [4/40] L:0.3614 D:0.3404 F:0.0389 2020s
  Val L:0.3873 ABS:0.4463 RMSE:1.3684 d1:0.4752
  >> Best (score:1.0917 RMSE:1.3684 ABS:0.4463)
Epoch [5/40] L:0.3480 D:0.3280 F:0.0369 3957s
Epoch [6/40] L:0.3381 D:0.3187 F:0.0357 4503s
Epoch [7/40] L:0.3293 D:0.3105 F:0.0345 2814s
Epoch [8/40] L:0.3231 D:0.3051 F:0.0338 2930s
  Val L:0.3753 ABS:0.3902 RMSE:1.3418 d1:0.4723
  >> Best (score:1.0563 RMSE:1.3418 ABS:0.3902)
Epoch [9/40] L:0.3152 D:0.2980 F:0.0328 2208s
Epoch [10/40] L:0.3096 D:0.2931 F:0.0324 2319s
Epoch [11/40] L:0.3028 D:0.2869 F:0.0320 3247s
Epoch [12/40] L:0.2976 D:0.2822 F:0.0315 2947s
  Val L:0.3565 ABS:0.4628 RMSE:1.2575 d1:0.4930
  >> Best (score:1.0191 RMSE:1.2575 ABS:0.4628)
Epoch [13/40] L:0.2934 D:0.2784 F:0.0314 2915s
Epoch [14/40] L:0.2870 D:0.2723 F:0.0313 3856s
Epoch [15/40] L:0.2792 D:0.2648 F:0.0308 2135s
Epoch [16/40] L:0.2736 D:0.2594 F:0.0308 2815s
  Val L:0.3460 ABS:0.4349 RMSE:1.2552 d1:0.5047
  >> Best (score:1.0091 RMSE:1.2552 ABS:0.4349)
Epoch [17/40] L:0.2664 D:0.2523 F:0.0304 3271s
Epoch [18/40] L:0.2586 D:0.2444 F:0.0321 2768s
Epoch [19/40] L:0.2506 D:0.2366 F:0.0303 2094s
Epoch [20/40] L:0.2422 D:0.2284 F:0.0295 1664s
  Val L:0.4007 ABS:0.3928 RMSE:1.2948 d1:0.4988
Epoch [21/40] L:0.2340 D:0.2202 F:0.0303 2087s
Epoch [22/40] L:0.2265 D:0.2127 F:0.0306 2119s
Epoch [23/40] L:0.2166 D:0.2031 F:0.0296 1830s
Epoch [24/40] L:0.2071 D:0.1937 F:0.0305 1804s
  Val L:0.3750 ABS:0.3996 RMSE:1.2695 d1:0.5279
  >> Best (score:1.0085 RMSE:1.2695 ABS:0.3996)
Epoch [25/40] L:0.1984 D:0.1850 F:0.0305 1795s
Epoch [26/40] L:0.1919 D:0.1787 F:0.0290 2263s
Epoch [27/40] L:0.1848 D:0.1716 F:0.0298 2210s
Epoch [28/40] L:0.1740 D:0.1612 F:0.0287 1582s
  Val L:0.3727 ABS:0.4671 RMSE:1.2569 d1:0.5336
Epoch [29/40] L:0.1682 D:0.1553 F:0.0296 1452s
Epoch [30/40] L:0.1601 D:0.1473 F:0.0290 1330s
Epoch [31/40] L:0.1549 D:0.1422 F:0.0287 1470s
Epoch [32/40] L:0.1456 D:0.1330 F:0.0301 1273s
  Val L:0.3795 ABS:0.4285 RMSE:1.2858 d1:0.5285
Epoch [33/40] L:0.1387 D:0.1264 F:0.0275 1012s
Epoch [34/40] L:0.1327 D:0.1205 F:0.0278 1133s
Epoch [35/40] L:0.1282 D:0.1161 F:0.0273 883s
Epoch [36/40] L:0.1234 D:0.1114 F:0.0266 1168s
  Val L:0.3862 ABS:0.4706 RMSE:1.2919 d1:0.5244
Epoch [37/40] L:0.1201 D:0.1081 F:0.0281 1214s
Epoch [38/40] L:0.1144 D:0.1026 F:0.0267 1243s
Epoch [39/40] L:0.1090 D:0.0973 F:0.0275 1605s
Epoch [40/40] L:0.1058 D:0.0944 F:0.0260 2131s
  Val L:0.3893 ABS:0.4329 RMSE:1.2983 d1:0.5330

Done. Best score:1.0085 RMSE:1.2695 ABS:0.3996
