/opt/conda/lib/python3.11/site-packages/timm/models/layers/__init__.py:49: FutureWarning: Importing from timm.models.layers is deprecated, please import via timm.layers
  warnings.warn(f"Importing from {__name__} is deprecated, please import via timm.layers", FutureWarning)
============================================================
Model: n2_temap_input  Dataset: soundspaces
BS: 128  LR: 0.001  Opt: AdamW
============================================================
Loaded scene split from /root/storage/matterport3d_0303renew/scene_split.json
  train: 72, val: 9, test: 9
[train] 23560 samples (fast cache: samples_train_erp_8b3be925d3ae.json) [ambisonic=ON]
  Precomputed SH basis matrix: (131072, 4) (order=1)
  N2 dataset: 3 temporal bins
Loaded scene split from /root/storage/matterport3d_0303renew/scene_split.json
  train: 72, val: 9, test: 9
[val] 2951 samples (fast cache: samples_val_erp_be0f29dd7abf.json) [ambisonic=ON]
  Precomputed SH basis matrix: (131072, 4) (order=1)
  N2 dataset: 3 temporal bins
Train: 23560, Val: 2951
Model: n2_temap_input (54.5M params)
Epoch [1/40] L:0.4889 D:0.4668 F:0.0736 509s
Epoch [2/40] L:0.3565 D:0.3480 F:0.0283 540s
Epoch [3/40] L:0.3217 D:0.3141 F:0.0253 530s
Epoch [4/40] L:0.3085 D:0.3014 F:0.0237 557s
  Val L:0.3518 ABS:0.4167 RMSE:1.2698 d1:0.5038
  >> Best (score:1.0138 RMSE:1.2698 ABS:0.4167)
Epoch [5/40] L:0.3022 D:0.2953 F:0.0228 1624s
Epoch [6/40] L:0.2972 D:0.2906 F:0.0220 1008s
Epoch [7/40] L:0.2925 D:0.2863 F:0.0209 550s
Epoch [8/40] L:0.2881 D:0.2819 F:0.0208 486s
  Val L:0.3728 ABS:0.4226 RMSE:1.2766 d1:0.4761
Epoch [9/40] L:0.2858 D:0.2796 F:0.0206 521s
Epoch [10/40] L:0.2796 D:0.2737 F:0.0199 512s
Epoch [11/40] L:0.2776 D:0.2716 F:0.0202 545s
Epoch [12/40] L:0.2734 D:0.2676 F:0.0191 971s
  Val L:0.3302 ABS:0.4019 RMSE:1.2284 d1:0.5225
  >> Best (score:0.9804 RMSE:1.2284 ABS:0.4019)
Epoch [13/40] L:0.2710 D:0.2654 F:0.0189 1499s
Epoch [14/40] L:0.2682 D:0.2627 F:0.0182 1823s
Epoch [15/40] L:0.2643 D:0.2586 F:0.0189 3749s
Epoch [16/40] L:0.2612 D:0.2552 F:0.0200 4664s
  Val L:0.3311 ABS:0.4219 RMSE:1.2043 d1:0.5185
  >> Best (score:0.9695 RMSE:1.2043 ABS:0.4219)
Epoch [17/40] L:0.2588 D:0.2536 F:0.0176 2228s
Epoch [18/40] L:0.2536 D:0.2478 F:0.0193 1480s
Epoch [19/40] L:0.2506 D:0.2452 F:0.0180 1647s
Epoch [20/40] L:0.2459 D:0.2403 F:0.0188 1588s
  Val L:0.3425 ABS:0.3853 RMSE:1.2290 d1:0.5035
Epoch [21/40] L:0.2428 D:0.2370 F:0.0192 1457s
Epoch [22/40] L:0.2402 D:0.2345 F:0.0190 1835s
Epoch [23/40] L:0.2320 D:0.2261 F:0.0197 1700s
Epoch [24/40] L:0.2275 D:0.2218 F:0.0190 2051s
  Val L:0.3349 ABS:0.3978 RMSE:1.2096 d1:0.5222
  >> Best (score:0.9661 RMSE:1.2096 ABS:0.3978)
Epoch [25/40] L:0.2245 D:0.2188 F:0.0189 1353s
Epoch [26/40] L:0.2173 D:0.2116 F:0.0189 1266s
Epoch [27/40] L:0.2073 D:0.2016 F:0.0191 1200s
Epoch [28/40] L:0.2012 D:0.1953 F:0.0197 1819s
  Val L:0.3525 ABS:0.3834 RMSE:1.2275 d1:0.5239
Epoch [29/40] L:0.1949 D:0.1889 F:0.0202 1786s
Epoch [30/40] L:0.1875 D:0.1818 F:0.0191 2231s
Epoch [31/40] L:0.1801 D:0.1740 F:0.0204 1815s
Epoch [32/40] L:0.1725 D:0.1669 F:0.0187 2226s
  Val L:0.3742 ABS:0.4179 RMSE:1.2599 d1:0.5176
Epoch [33/40] L:0.1661 D:0.1605 F:0.0188 1997s
Epoch [34/40] L:0.1566 D:0.1504 F:0.0208 2023s
Epoch [35/40] L:0.1489 D:0.1434 F:0.0181 1628s
Epoch [36/40] L:0.1418 D:0.1359 F:0.0196 1636s
  Val L:0.3749 ABS:0.3917 RMSE:1.2534 d1:0.5278
Epoch [37/40] L:0.1369 D:0.1309 F:0.0200 1927s
Epoch [38/40] L:0.1284 D:0.1230 F:0.0180 1949s
Epoch [39/40] L:0.1284 D:0.1226 F:0.0192 1934s
Epoch [40/40] L:0.1186 D:0.1137 F:0.0165 1280s
  Val L:0.4022 ABS:0.4113 RMSE:1.2841 d1:0.5152

Done. Best score:0.9661 RMSE:1.2096 ABS:0.3978
