/opt/conda/lib/python3.11/site-packages/timm/models/layers/__init__.py:49: FutureWarning: Importing from timm.models.layers is deprecated, please import via timm.layers
  warnings.warn(f"Importing from {__name__} is deprecated, please import via timm.layers", FutureWarning)
============================================================
Model: n2_temap_input  Dataset: soundspaces
BS: 128  LR: 0.001  Opt: AdamW
============================================================
Loaded scene split from /root/storage/matterport3d_0303renew/scene_split.json
  train: 72, val: 9, test: 9
[train] 23560 samples (fast cache: samples_train_erp_8b3be925d3ae.json) [ambisonic=ON]
  Precomputed SH basis matrix: (131072, 4) (order=1)
  N2 dataset: 3 temporal bins (key=overlap3)
Loaded scene split from /root/storage/matterport3d_0303renew/scene_split.json
  train: 72, val: 9, test: 9
[val] 2951 samples (fast cache: samples_val_erp_be0f29dd7abf.json) [ambisonic=ON]
  Precomputed SH basis matrix: (131072, 4) (order=1)
  N2 dataset: 3 temporal bins (key=overlap3)
Train: 23560, Val: 2951
Model: n2_temap_input (54.5M params)
Epoch [1/40] L:0.4830 D:0.4758 F:0.0719 1702s
Epoch [2/40] L:0.3601 D:0.3571 F:0.0300 1733s
Epoch [3/40] L:0.3272 D:0.3245 F:0.0272 1081s
Epoch [4/40] L:0.3063 D:0.3036 F:0.0270 1980s
  Val L:0.3828 ABS:0.3888 RMSE:1.3180 d1:0.4650
  >> Best (score:1.0392 RMSE:1.3180 ABS:0.3888)
Epoch [5/40] L:0.2994 D:0.2968 F:0.0258 3943s
Epoch [6/40] L:0.2933 D:0.2907 F:0.0256 4573s
Epoch [7/40] L:0.2894 D:0.2867 F:0.0270 2807s
Epoch [8/40] L:0.2851 D:0.2825 F:0.0265 2906s
  Val L:0.3551 ABS:0.3884 RMSE:1.2718 d1:0.4944
  >> Best (score:1.0068 RMSE:1.2718 ABS:0.3884)
Epoch [9/40] L:0.2822 D:0.2797 F:0.0250 2191s
Epoch [10/40] L:0.2796 D:0.2771 F:0.0256 2290s
Epoch [11/40] L:0.2756 D:0.2731 F:0.0254 3246s
Epoch [12/40] L:0.2747 D:0.2720 F:0.0272 2996s
  Val L:0.3401 ABS:0.3812 RMSE:1.2810 d1:0.5094
Epoch [13/40] L:0.2698 D:0.2674 F:0.0245 2941s
Epoch [14/40] L:0.2669 D:0.2644 F:0.0250 3856s
Epoch [15/40] L:0.2631 D:0.2608 F:0.0221 2176s
Epoch [16/40] L:0.2598 D:0.2574 F:0.0241 2821s
  Val L:0.3317 ABS:0.3759 RMSE:1.2343 d1:0.5263
  >> Best (score:0.9768 RMSE:1.2343 ABS:0.3759)
Epoch [17/40] L:0.2563 D:0.2540 F:0.0230 3306s
Epoch [18/40] L:0.2514 D:0.2492 F:0.0226 2808s
Epoch [19/40] L:0.2489 D:0.2466 F:0.0226 2070s
Epoch [20/40] L:0.2443 D:0.2420 F:0.0231 1673s
  Val L:0.3397 ABS:0.3690 RMSE:1.2372 d1:0.5307
  >> Best (score:0.9767 RMSE:1.2372 ABS:0.3690)
Epoch [21/40] L:0.2396 D:0.2372 F:0.0235 2092s
Epoch [22/40] L:0.2370 D:0.2347 F:0.0225 2117s
Epoch [23/40] L:0.2289 D:0.2268 F:0.0213 1835s
Epoch [24/40] L:0.2243 D:0.2222 F:0.0216 1818s
  Val L:0.3477 ABS:0.4017 RMSE:1.2170 d1:0.5247
  >> Best (score:0.9724 RMSE:1.2170 ABS:0.4017)
Epoch [25/40] L:0.2163 D:0.2141 F:0.0213 1791s
Epoch [26/40] L:0.2116 D:0.2096 F:0.0203 2261s
Epoch [27/40] L:0.2024 D:0.2001 F:0.0227 2219s
Epoch [28/40] L:0.1947 D:0.1927 F:0.0204 1581s
  Val L:0.3719 ABS:0.3900 RMSE:1.2568 d1:0.5194
Epoch [29/40] L:0.1898 D:0.1879 F:0.0191 1422s
Epoch [30/40] L:0.1833 D:0.1813 F:0.0195 1227s
Epoch [31/40] L:0.1753 D:0.1734 F:0.0198 1512s
Epoch [32/40] L:0.1658 D:0.1638 F:0.0198 1236s
  Val L:0.3732 ABS:0.4204 RMSE:1.2457 d1:0.5292
Epoch [33/40] L:0.1543 D:0.1524 F:0.0193 952s
Epoch [34/40] L:0.1474 D:0.1456 F:0.0181 1080s
Epoch [35/40] L:0.1415 D:0.1398 F:0.0178 931s
Epoch [36/40] L:0.1343 D:0.1325 F:0.0184 1069s
  Val L:0.3827 ABS:0.4219 RMSE:1.2638 d1:0.5304
Epoch [37/40] L:0.1277 D:0.1258 F:0.0186 1254s
Epoch [38/40] L:0.1221 D:0.1204 F:0.0170 1144s
Epoch [39/40] L:0.1134 D:0.1117 F:0.0176 1411s
Epoch [40/40] L:0.1079 D:0.1062 F:0.0170 2032s
  Val L:0.3941 ABS:0.4124 RMSE:1.2809 d1:0.5247

Done. Best score:0.9724 RMSE:1.2170 ABS:0.4017
