/opt/conda/lib/python3.11/site-packages/timm/models/layers/__init__.py:49: FutureWarning: Importing from timm.models.layers is deprecated, please import via timm.layers
  warnings.warn(f"Importing from {__name__} is deprecated, please import via timm.layers", FutureWarning)
============================================================
Model: n2_temporal_energy  Dataset: soundspaces
BS: 128  LR: 0.001  Opt: AdamW
============================================================
Loaded scene split from /root/storage/matterport3d_0303renew/scene_split.json
  train: 72, val: 9, test: 9
[train] 23560 samples (fast cache: samples_train_erp_8b3be925d3ae.json) [ambisonic=ON]
  Precomputed SH basis matrix: (131072, 4) (order=1)
  N2 dataset: 3 temporal bins (key=overlap3)
Loaded scene split from /root/storage/matterport3d_0303renew/scene_split.json
  train: 72, val: 9, test: 9
[val] 2951 samples (fast cache: samples_val_erp_be0f29dd7abf.json) [ambisonic=ON]
  Precomputed SH basis matrix: (131072, 4) (order=1)
  N2 dataset: 3 temporal bins (key=overlap3)
Train: 23560, Val: 2951
Model: n2_temporal_energy (55.5M params)
Epoch [1/40] L:0.5833 D:0.5155 F:0.0823 1733s
Epoch [2/40] L:0.4156 D:0.3839 F:0.0422 1724s
Epoch [3/40] L:0.3977 D:0.3688 F:0.0393 1083s
Epoch [4/40] L:0.3792 D:0.3516 F:0.0365 2052s
  Val L:0.4230 ABS:0.5207 RMSE:1.3369 d1:0.4560
  >> Best (score:1.0921 RMSE:1.3369 ABS:0.5207)
Epoch [5/40] L:0.3573 D:0.3302 F:0.0357 3977s
Epoch [6/40] L:0.3431 D:0.3171 F:0.0343 4573s
Epoch [7/40] L:0.3347 D:0.3095 F:0.0329 2817s
Epoch [8/40] L:0.3277 D:0.3030 F:0.0329 2934s
  Val L:0.3769 ABS:0.4607 RMSE:1.2940 d1:0.4732
  >> Best (score:1.0440 RMSE:1.2940 ABS:0.4607)
Epoch [9/40] L:0.3209 D:0.2980 F:0.0314 2213s
Epoch [10/40] L:0.3138 D:0.2923 F:0.0303 2370s
Epoch [11/40] L:0.3080 D:0.2870 F:0.0303 3253s
Epoch [12/40] L:0.3030 D:0.2822 F:0.0297 2945s
  Val L:0.3692 ABS:0.3964 RMSE:1.3094 d1:0.5071
  >> Best (score:1.0355 RMSE:1.3094 ABS:0.3964)
Epoch [13/40] L:0.2979 D:0.2774 F:0.0297 2914s
Epoch [14/40] L:0.2933 D:0.2731 F:0.0288 3871s
Epoch [15/40] L:0.2867 D:0.2664 F:0.0299 2206s
Epoch [16/40] L:0.2798 D:0.2601 F:0.0286 2827s
  Val L:0.3646 ABS:0.3767 RMSE:1.2884 d1:0.5136
  >> Best (score:1.0149 RMSE:1.2884 ABS:0.3767)
Epoch [17/40] L:0.2739 D:0.2542 F:0.0284 3277s
Epoch [18/40] L:0.2668 D:0.2471 F:0.0292 2795s
Epoch [19/40] L:0.2574 D:0.2382 F:0.0281 2095s
Epoch [20/40] L:0.2497 D:0.2307 F:0.0278 1635s
  Val L:0.3591 ABS:0.4211 RMSE:1.2553 d1:0.5270
  >> Best (score:1.0051 RMSE:1.2553 ABS:0.4211)
Epoch [21/40] L:0.2412 D:0.2222 F:0.0278 2097s
Epoch [22/40] L:0.2328 D:0.2141 F:0.0277 2125s
Epoch [23/40] L:0.2263 D:0.2078 F:0.0274 1851s
Epoch [24/40] L:0.2173 D:0.1989 F:0.0267 1811s
  Val L:0.3765 ABS:0.4269 RMSE:1.3075 d1:0.5099
Epoch [25/40] L:0.2098 D:0.1911 F:0.0279 1803s
Epoch [26/40] L:0.2007 D:0.1825 F:0.0269 2278s
Epoch [27/40] L:0.1909 D:0.1730 F:0.0263 2219s
Epoch [28/40] L:0.1825 D:0.1647 F:0.0262 1614s
  Val L:0.3961 ABS:0.4222 RMSE:1.3162 d1:0.5212
Epoch [29/40] L:0.1776 D:0.1601 F:0.0254 1453s
Epoch [30/40] L:0.1668 D:0.1494 F:0.0257 1426s
Epoch [31/40] L:0.1639 D:0.1465 F:0.0257 1386s
Epoch [32/40] L:0.1541 D:0.1370 F:0.0252 1319s
  Val L:0.3885 ABS:0.4532 RMSE:1.2805 d1:0.5277
Epoch [33/40] L:0.1470 D:0.1303 F:0.0243 1090s
Epoch [34/40] L:0.1415 D:0.1247 F:0.0247 1048s
Epoch [35/40] L:0.1328 D:0.1164 F:0.0241 1012s
Epoch [36/40] L:0.1292 D:0.1130 F:0.0239 1192s
  Val L:0.3960 ABS:0.4388 RMSE:1.3058 d1:0.5288
Epoch [37/40] L:0.1251 D:0.1092 F:0.0233 1212s
Epoch [38/40] L:0.1191 D:0.1032 F:0.0235 1280s
Epoch [39/40] L:0.1156 D:0.0997 F:0.0236 1798s
Epoch [40/40] L:0.1084 D:0.0931 F:0.0225 2225s
  Val L:0.4054 ABS:0.4670 RMSE:1.3061 d1:0.5336

Done. Best score:1.0051 RMSE:1.2553 ABS:0.4211
