/opt/conda/lib/python3.11/site-packages/timm/models/layers/__init__.py:49: FutureWarning: Importing from timm.models.layers is deprecated, please import via timm.layers
  warnings.warn(f"Importing from {__name__} is deprecated, please import via timm.layers", FutureWarning)
============================================================
Model: n2_tbin_crossattn  Dataset: soundspaces
BS: 128  LR: 0.001  Opt: AdamW
============================================================
Loaded scene split from /root/storage/matterport3d_0303renew/scene_split.json
  train: 72, val: 9, test: 9
[train] 23560 samples (fast cache: samples_train_erp_8b3be925d3ae.json) [ambisonic=ON]
  Precomputed SH basis matrix: (131072, 4) (order=1)
  N2 dataset: 3 temporal bins
Loaded scene split from /root/storage/matterport3d_0303renew/scene_split.json
  train: 72, val: 9, test: 9
[val] 2951 samples (fast cache: samples_val_erp_be0f29dd7abf.json) [ambisonic=ON]
  Precomputed SH basis matrix: (131072, 4) (order=1)
  N2 dataset: 3 temporal bins
Train: 23560, Val: 2951
Model: n2_tbin_crossattn (55.4M params)
Epoch [1/40] L:0.5111 D:0.4887 F:0.0747 489s
Epoch [2/40] L:0.3869 D:0.3749 F:0.0399 522s
Epoch [3/40] L:0.3671 D:0.3565 F:0.0354 519s
Epoch [4/40] L:0.3532 D:0.3426 F:0.0354 545s
  Val L:0.4226 ABS:0.4986 RMSE:1.4001 d1:0.4157
  >> Best (score:1.1296 RMSE:1.4001 ABS:0.4986)
Epoch [5/40] L:0.3349 D:0.3249 F:0.0335 1454s
Epoch [6/40] L:0.3215 D:0.3121 F:0.0312 1200s
Epoch [7/40] L:0.3172 D:0.3081 F:0.0301 681s
Epoch [8/40] L:0.3110 D:0.3023 F:0.0291 539s
  Val L:0.3490 ABS:0.4229 RMSE:1.2550 d1:0.4911
  >> Best (score:1.0054 RMSE:1.2550 ABS:0.4229)
Epoch [9/40] L:0.3045 D:0.2961 F:0.0280 485s
Epoch [10/40] L:0.2988 D:0.2906 F:0.0273 515s
Epoch [11/40] L:0.2946 D:0.2864 F:0.0273 518s
Epoch [12/40] L:0.2895 D:0.2816 F:0.0266 1047s
  Val L:0.3464 ABS:0.4115 RMSE:1.2537 d1:0.5149
  >> Best (score:1.0010 RMSE:1.2537 ABS:0.4115)
Epoch [13/40] L:0.2845 D:0.2765 F:0.0266 1396s
Epoch [14/40] L:0.2823 D:0.2744 F:0.0261 1842s
Epoch [15/40] L:0.2741 D:0.2664 F:0.0259 3998s
Epoch [16/40] L:0.2702 D:0.2624 F:0.0262 4493s
  Val L:0.3611 ABS:0.3903 RMSE:1.2720 d1:0.4981
Epoch [17/40] L:0.2628 D:0.2552 F:0.0254 2124s
Epoch [18/40] L:0.2542 D:0.2467 F:0.0248 1426s
Epoch [19/40] L:0.2487 D:0.2412 F:0.0248 1606s
Epoch [20/40] L:0.2394 D:0.2322 F:0.0240 1516s
  Val L:0.3562 ABS:0.4465 RMSE:1.2616 d1:0.5014
Epoch [21/40] L:0.2321 D:0.2248 F:0.0242 1448s
Epoch [22/40] L:0.2262 D:0.2190 F:0.0243 1782s
Epoch [23/40] L:0.2176 D:0.2103 F:0.0242 1600s
Epoch [24/40] L:0.2090 D:0.2018 F:0.0238 2044s
  Val L:0.3700 ABS:0.3860 RMSE:1.2674 d1:0.5288
Epoch [25/40] L:0.2005 D:0.1934 F:0.0235 1373s
Epoch [26/40] L:0.1889 D:0.1820 F:0.0230 1257s
Epoch [27/40] L:0.1841 D:0.1773 F:0.0228 1212s
Epoch [28/40] L:0.1748 D:0.1681 F:0.0223 1769s
  Val L:0.3798 ABS:0.4393 RMSE:1.2678 d1:0.5214
Epoch [29/40] L:0.1650 D:0.1584 F:0.0218 1760s
Epoch [30/40] L:0.1580 D:0.1516 F:0.0212 2251s
Epoch [31/40] L:0.1487 D:0.1421 F:0.0219 1744s
Epoch [32/40] L:0.1441 D:0.1378 F:0.0212 2149s
  Val L:0.3974 ABS:0.4185 RMSE:1.3062 d1:0.5230
Epoch [33/40] L:0.1374 D:0.1310 F:0.0211 1925s
Epoch [34/40] L:0.1316 D:0.1254 F:0.0207 2068s
Epoch [35/40] L:0.1266 D:0.1206 F:0.0203 1544s
Epoch [36/40] L:0.1208 D:0.1147 F:0.0203 1659s
  Val L:0.4052 ABS:0.4701 RMSE:1.3121 d1:0.5203
Epoch [37/40] L:0.1143 D:0.1085 F:0.0195 1912s
Epoch [38/40] L:0.1092 D:0.1035 F:0.0191 1943s
Epoch [39/40] L:0.1049 D:0.0992 F:0.0191 1999s
Epoch [40/40] L:0.1040 D:0.0982 F:0.0191 1055s
  Val L:0.4047 ABS:0.4801 RMSE:1.3150 d1:0.5294

Done. Best score:1.0010 RMSE:1.2537 ABS:0.4115
