/opt/conda/lib/python3.11/site-packages/timm/models/layers/__init__.py:49: FutureWarning: Importing from timm.models.layers is deprecated, please import via timm.layers
  warnings.warn(f"Importing from {__name__} is deprecated, please import via timm.layers", FutureWarning)
============================================================
Model: n2_tbin_crossattn  Dataset: soundspaces
BS: 128  LR: 0.001  Opt: AdamW
============================================================
Loaded scene split from /root/storage/matterport3d_0303renew/scene_split.json
  train: 72, val: 9, test: 9
[train] 23560 samples (fast cache: samples_train_erp_8b3be925d3ae.json) [ambisonic=ON]
  Precomputed SH basis matrix: (131072, 4) (order=1)
  N2 dataset: 3 temporal bins
Loaded scene split from /root/storage/matterport3d_0303renew/scene_split.json
  train: 72, val: 9, test: 9
[val] 2951 samples (fast cache: samples_val_erp_be0f29dd7abf.json) [ambisonic=ON]
  Precomputed SH basis matrix: (131072, 4) (order=1)
  N2 dataset: 3 temporal bins
Train: 23560, Val: 2951
Model: n2_tbin_crossattn (55.4M params)
Epoch [1/40] L:0.5153 D:0.5077 F:0.0759 512s
Epoch [2/40] L:0.3763 D:0.3719 F:0.0438 531s
Epoch [3/40] L:0.3464 D:0.3424 F:0.0403 536s
Epoch [4/40] L:0.3277 D:0.3239 F:0.0376 577s
  Val L:0.3934 ABS:0.4495 RMSE:1.3303 d1:0.4827
  >> Best (score:1.0660 RMSE:1.3303 ABS:0.4495)
Epoch [5/40] L:0.3176 D:0.3142 F:0.0339 1744s
Epoch [6/40] L:0.3126 D:0.3093 F:0.0332 987s
Epoch [7/40] L:0.3072 D:0.3040 F:0.0324 561s
Epoch [8/40] L:0.3038 D:0.3005 F:0.0327 512s
  Val L:0.4019 ABS:0.4060 RMSE:1.3953 d1:0.4609
Epoch [9/40] L:0.2995 D:0.2963 F:0.0317 521s
Epoch [10/40] L:0.2935 D:0.2904 F:0.0306 536s
Epoch [11/40] L:0.2891 D:0.2861 F:0.0302 735s
Epoch [12/40] L:0.2847 D:0.2816 F:0.0303 1640s
  Val L:0.4104 ABS:0.3952 RMSE:1.4193 d1:0.4697
Epoch [13/40] L:0.2819 D:0.2789 F:0.0298 1570s
Epoch [14/40] L:0.2735 D:0.2706 F:0.0291 1807s
Epoch [15/40] L:0.2693 D:0.2664 F:0.0295 5837s
Epoch [16/40] L:0.2644 D:0.2615 F:0.0290 2926s
  Val L:0.3547 ABS:0.4308 RMSE:1.2596 d1:0.5098
  >> Best (score:1.0109 RMSE:1.2596 ABS:0.4308)
Epoch [17/40] L:0.2616 D:0.2587 F:0.0289 1633s
Epoch [18/40] L:0.2606 D:0.2576 F:0.0293 1644s
Epoch [19/40] L:0.2503 D:0.2474 F:0.0284 1545s
Epoch [20/40] L:0.2443 D:0.2415 F:0.0279 1704s
  Val L:0.3612 ABS:0.4535 RMSE:1.2479 d1:0.5110
  >> Best (score:1.0096 RMSE:1.2479 ABS:0.4535)
Epoch [21/40] L:0.2351 D:0.2323 F:0.0276 1313s
Epoch [22/40] L:0.2261 D:0.2234 F:0.0270 1932s
Epoch [23/40] L:0.2249 D:0.2221 F:0.0280 1785s
Epoch [24/40] L:0.2120 D:0.2093 F:0.0267 1896s
  Val L:0.3716 ABS:0.4209 RMSE:1.2554 d1:0.5219
  >> Best (score:1.0050 RMSE:1.2554 ABS:0.4209)
Epoch [25/40] L:0.2043 D:0.2016 F:0.0264 1287s
Epoch [26/40] L:0.1961 D:0.1935 F:0.0257 1256s
Epoch [27/40] L:0.1884 D:0.1858 F:0.0259 1298s
Epoch [28/40] L:0.1785 D:0.1760 F:0.0253 1729s
  Val L:0.3864 ABS:0.4236 RMSE:1.2876 d1:0.5256
Epoch [29/40] L:0.1715 D:0.1690 F:0.0251 1999s
Epoch [30/40] L:0.1648 D:0.1623 F:0.0251 1955s
Epoch [31/40] L:0.1590 D:0.1565 F:0.0248 1983s
Epoch [32/40] L:0.1527 D:0.1503 F:0.0247 2092s
  Val L:0.3777 ABS:0.4231 RMSE:1.2641 d1:0.5243
Epoch [33/40] L:0.1462 D:0.1438 F:0.0242 2011s
Epoch [34/40] L:0.1382 D:0.1358 F:0.0237 1860s
Epoch [35/40] L:0.1321 D:0.1297 F:0.0239 1636s
Epoch [36/40] L:0.1255 D:0.1231 F:0.0240 1656s
  Val L:0.3765 ABS:0.4640 RMSE:1.2761 d1:0.5257
Epoch [37/40] L:0.1221 D:0.1197 F:0.0233 2130s
Epoch [38/40] L:0.1166 D:0.1143 F:0.0231 1999s
Epoch [39/40] L:0.1119 D:0.1097 F:0.0227 1470s
Epoch [40/40] L:0.1093 D:0.1070 F:0.0227 1432s
  Val L:0.4116 ABS:0.4642 RMSE:1.3316 d1:0.5146

Done. Best score:1.0050 RMSE:1.2554 ABS:0.4209
