/opt/conda/lib/python3.11/site-packages/timm/models/layers/__init__.py:49: FutureWarning: Importing from timm.models.layers is deprecated, please import via timm.layers
  warnings.warn(f"Importing from {__name__} is deprecated, please import via timm.layers", FutureWarning)
Warning: You are sending unauthenticated requests to the HF Hub. Please set a HF_TOKEN to enable higher rate limits and faster downloads.
============================================================
Model: echodiffusion  Dataset: soundspaces
BS: 48  LR: 0.0001  Opt: AdamW
============================================================
Loaded scene split from /root/local1/changwoo/matterport3d_0303renew/scene_split.json
  train: 72, val: 9, test: 9
[train] 23560 samples (fast cache: samples_train_erp_c7ed256fbb9b.json) [waveform=ON]
Loaded scene split from /root/local1/changwoo/matterport3d_0303renew/scene_split.json
  train: 72, val: 9, test: 9
[val] 2951 samples (fast cache: samples_val_erp_89df6a83b017.json) [waveform=ON]
Train: 23560, Val: 2951
Loading weights:   0%|          | 0/210 [00:00<?, ?it/s]Loading weights: 100%|██████████| 210/210 [00:00<00:00, 6077.15it/s]
[transformers] [1mWav2Vec2Model LOAD REPORT[0m from: facebook/wav2vec2-base-960h
Key               | Status     | 
------------------+------------+-
lm_head.bias      | UNEXPECTED | 
lm_head.weight    | UNEXPECTED | 
masked_spec_embed | MISSING    | 

Notes:
- UNEXPECTED:	can be ignored when loading from different task/architecture; not ok if you expect identical arch.
- MISSING:	those params were newly initialized because missing from the checkpoint. Consider training on your downstream task.
Model: echodiffusion (132.6M params)
  [train] epoch 1 step 200/491 (359s)
  [train] epoch 1 step 400/491 (714s)
Epoch [1/40] L:0.3830 D:0.3830 876s
  [train] epoch 2 step 200/491 (354s)
  [train] epoch 2 step 400/491 (707s)
Epoch [2/40] L:0.2377 D:0.2377 868s
  [train] epoch 3 step 200/491 (356s)
  [train] epoch 3 step 400/491 (699s)
Epoch [3/40] L:0.2200 D:0.2200 860s
  [train] epoch 4 step 200/491 (355s)
  [train] epoch 4 step 400/491 (710s)
Epoch [4/40] L:0.2082 D:0.2082 871s
  [val] starting (62 batches)
  [val] 50/62 (38s)
  [val] done (62 batches, 47s)
  Val L:0.2618 ABS:0.4182 RMSE:1.4899 d1:0.4489
  >> Best (score:1.1684 RMSE:1.4899 ABS:0.4182)
  [train] epoch 5 step 200/491 (354s)
  [train] epoch 5 step 400/491 (712s)
Epoch [5/40] L:0.2033 D:0.2033 867s
  [train] epoch 6 step 200/491 (350s)
  [train] epoch 6 step 400/491 (706s)
Epoch [6/40] L:0.2000 D:0.2000 867s
  [train] epoch 7 step 200/491 (353s)
  [train] epoch 7 step 400/491 (709s)
Epoch [7/40] L:0.1969 D:0.1969 871s
  [train] epoch 8 step 200/491 (355s)
  [train] epoch 8 step 400/491 (707s)
Epoch [8/40] L:0.1941 D:0.1941 866s
  [val] starting (62 batches)
  [val] 50/62 (39s)
  [val] done (62 batches, 48s)
  Val L:0.2397 ABS:0.3993 RMSE:1.4179 d1:0.4880
  >> Best (score:1.1123 RMSE:1.4179 ABS:0.3993)
  [train] epoch 9 step 200/491 (354s)
  [train] epoch 9 step 400/491 (708s)
Epoch [9/40] L:0.1901 D:0.1901 869s
  [train] epoch 10 step 200/491 (355s)
  [train] epoch 10 step 400/491 (694s)
Epoch [10/40] L:0.1871 D:0.1871 855s
  [train] epoch 11 step 200/491 (354s)
  [train] epoch 11 step 400/491 (709s)
Epoch [11/40] L:0.1827 D:0.1827 872s
  [train] epoch 12 step 200/491 (354s)
  [train] epoch 12 step 400/491 (714s)
Epoch [12/40] L:0.1791 D:0.1791 875s
  [val] starting (62 batches)
  [val] 50/62 (39s)
  [val] done (62 batches, 48s)
  Val L:0.2523 ABS:0.4081 RMSE:1.4454 d1:0.4990
  [train] epoch 13 step 200/491 (345s)
  [train] epoch 13 step 400/491 (697s)
Epoch [13/40] L:0.1753 D:0.1753 860s
  [train] epoch 14 step 200/491 (355s)
  [train] epoch 14 step 400/491 (708s)
Epoch [14/40] L:0.1706 D:0.1706 865s
  [train] epoch 15 step 200/491 (356s)
  [train] epoch 15 step 400/491 (712s)
Epoch [15/40] L:0.1654 D:0.1654 874s
  [train] epoch 16 step 200/491 (354s)
  [train] epoch 16 step 400/491 (705s)
Epoch [16/40] L:0.1590 D:0.1590 866s
  [val] starting (62 batches)
  [val] 50/62 (38s)
  [val] done (62 batches, 46s)
  Val L:0.2517 ABS:0.3970 RMSE:1.4294 d1:0.5051
  [train] epoch 17 step 200/491 (358s)
  [train] epoch 17 step 400/491 (714s)
Epoch [17/40] L:0.1531 D:0.1531 859s
  [train] epoch 18 step 200/491 (357s)
  [train] epoch 18 step 400/491 (710s)
Epoch [18/40] L:0.1460 D:0.1460 870s
  [train] epoch 19 step 200/491 (353s)
  [train] epoch 19 step 400/491 (705s)
Epoch [19/40] L:0.1417 D:0.1417 868s
  [train] epoch 20 step 200/491 (350s)
  [train] epoch 20 step 400/491 (699s)
Epoch [20/40] L:0.1357 D:0.1357 859s
  [val] starting (62 batches)
  [val] 50/62 (38s)
  [val] done (62 batches, 47s)
  Val L:0.2455 ABS:0.4116 RMSE:1.4000 d1:0.5275
  >> Best (score:1.1035 RMSE:1.4000 ABS:0.4116)
  [train] epoch 21 step 200/491 (355s)
  [train] epoch 21 step 400/491 (712s)
Epoch [21/40] L:0.1310 D:0.1310 873s
  [train] epoch 22 step 200/491 (355s)
  [train] epoch 22 step 400/491 (712s)
Epoch [22/40] L:0.1258 D:0.1258 873s
  [train] epoch 23 step 200/491 (358s)
  [train] epoch 23 step 400/491 (713s)
Epoch [23/40] L:0.1200 D:0.1200 874s
  [train] epoch 24 step 200/491 (354s)
  [train] epoch 24 step 400/491 (706s)
Epoch [24/40] L:0.1167 D:0.1167 867s
  [val] starting (62 batches)
  [val] 50/62 (39s)
  [val] done (62 batches, 48s)
  Val L:0.2600 ABS:0.4191 RMSE:1.4220 d1:0.5286
  [train] epoch 25 step 200/491 (341s)
  [train] epoch 25 step 400/491 (696s)
Epoch [25/40] L:0.1120 D:0.1120 859s
  [train] epoch 26 step 200/491 (358s)
  [train] epoch 26 step 400/491 (712s)
Epoch [26/40] L:0.1096 D:0.1096 875s
  [train] epoch 27 step 200/491 (352s)
  [train] epoch 27 step 400/491 (658s)
Epoch [27/40] L:0.1050 D:0.1050 805s
  [train] epoch 28 step 200/491 (358s)
  [train] epoch 28 step 400/491 (710s)
Epoch [28/40] L:0.1025 D:0.1025 870s
  [val] starting (62 batches)
  [val] 50/62 (38s)
  [val] done (62 batches, 47s)
  Val L:0.2558 ABS:0.4353 RMSE:1.4114 d1:0.5273
  [train] epoch 29 step 200/491 (354s)
  [train] epoch 29 step 400/491 (706s)
Epoch [29/40] L:0.1007 D:0.1007 864s
  [train] epoch 30 step 200/491 (354s)
  [train] epoch 30 step 400/491 (708s)
Epoch [30/40] L:0.0984 D:0.0984 872s
  [train] epoch 31 step 200/491 (357s)
  [train] epoch 31 step 400/491 (709s)
Epoch [31/40] L:0.0970 D:0.0970 869s
  [train] epoch 32 step 200/491 (353s)
  [train] epoch 32 step 400/491 (698s)
Epoch [32/40] L:0.0950 D:0.0950 860s
  [val] starting (62 batches)
  [val] 50/62 (38s)
  [val] done (62 batches, 47s)
  Val L:0.2596 ABS:0.4385 RMSE:1.4350 d1:0.5304
  [train] epoch 33 step 200/491 (356s)
  [train] epoch 33 step 400/491 (712s)
Epoch [33/40] L:0.0910 D:0.0910 871s
  [train] epoch 34 step 200/491 (356s)
  [train] epoch 34 step 400/491 (714s)
Epoch [34/40] L:0.0898 D:0.0898 872s
  [train] epoch 35 step 200/491 (345s)
  [train] epoch 35 step 400/491 (698s)
Epoch [35/40] L:0.0884 D:0.0884 859s
  [train] epoch 36 step 200/491 (353s)
  [train] epoch 36 step 400/491 (709s)
Epoch [36/40] L:0.0865 D:0.0865 868s
  [val] starting (62 batches)
  [val] 50/62 (39s)
  [val] done (62 batches, 47s)
  Val L:0.2588 ABS:0.4389 RMSE:1.4372 d1:0.5351
  [train] epoch 37 step 200/491 (356s)
  [train] epoch 37 step 400/491 (710s)
Epoch [37/40] L:0.0857 D:0.0857 869s
  [train] epoch 38 step 200/491 (354s)
  [train] epoch 38 step 400/491 (706s)
Epoch [38/40] L:0.0847 D:0.0847 867s
  [train] epoch 39 step 200/491 (358s)
  [train] epoch 39 step 400/491 (700s)
Epoch [39/40] L:0.0822 D:0.0822 861s
  [train] epoch 40 step 200/491 (353s)
  [train] epoch 40 step 400/491 (708s)
Epoch [40/40] L:0.0811 D:0.0811 868s
  [val] starting (62 batches)
  [val] 50/62 (39s)
  [val] done (62 batches, 48s)
  Val L:0.2636 ABS:0.4162 RMSE:1.4440 d1:0.5352

Done. Best score:1.1035 RMSE:1.4000 ABS:0.4116
