/opt/conda/lib/python3.11/site-packages/timm/models/layers/__init__.py:49: FutureWarning: Importing from timm.models.layers is deprecated, please import via timm.layers
  warnings.warn(f"Importing from {__name__} is deprecated, please import via timm.layers", FutureWarning)
============================================================
Model: n9_0426  Dataset: soundspaces
BS: 64  LR: 0.0001  Opt: AdamW
============================================================
Loaded scene split from /root/local1/changwoo/matterport3d_0303_renew/scene_split.json
  train: 72, val: 9, test: 9
[train] 23560 samples (fast cache: samples_train_erp_8b3be925d3ae.json) [ambisonic=ON]
  Precomputed SH basis matrix: (131072, 4) (order=1)
Loaded scene split from /root/local1/changwoo/matterport3d_0303_renew/scene_split.json
  train: 72, val: 9, test: 9
[val] 2951 samples (fast cache: samples_val_erp_be0f29dd7abf.json) [ambisonic=ON]
  Precomputed SH basis matrix: (131072, 4) (order=1)
Train: 23560, Val: 2951
  [n9_0426] n3 ckpt loaded cleanly from /root/storage/implementation/shared_audio/baseline/checkpoints/n3_0425_soundspaces_BS128_Lr0.0001_AdamW_exp503_n3_eigen8_lr1e4_bs128/best_model.pth
  [n9_0426] n3 frozen (eval mode, no_grad in forward)
  [n9_0426] outer backbone=resnet (input_nc=3, pretrained=True, freeze_encoder=False)
Model: n9_0426 (49.8M params)
  [train] epoch 1 step 200/369 (50s)
Epoch [1/40] L:0.4156 D:0.3278 F:0.0000 88s
  [train] epoch 2 step 200/369 (47s)
Epoch [2/40] L:0.3043 D:0.2168 F:0.0000 84s
  [train] epoch 3 step 200/369 (47s)
Epoch [3/40] L:0.2933 D:0.2062 F:0.0000 85s
  [train] epoch 4 step 200/369 (46s)
Epoch [4/40] L:0.2838 D:0.1971 F:0.0000 84s
  [val] starting (47 batches)
  [val] done (47 batches, 14s)
  Val L:0.2680 ABS:0.4798 RMSE:1.4979 d1:0.4581
  >> Best (score:1.1925 RMSE:1.4979 ABS:0.4798)
  [train] epoch 5 step 200/369 (46s)
Epoch [5/40] L:0.2743 D:0.1880 F:0.0000 105s
  [train] epoch 6 step 200/369 (75s)
Epoch [6/40] L:0.2622 D:0.1764 F:0.0000 137s
  [train] epoch 7 step 200/369 (75s)
Epoch [7/40] L:0.2511 D:0.1657 F:0.0000 135s
  [train] epoch 8 step 200/369 (74s)
Epoch [8/40] L:0.2395 D:0.1546 F:0.0000 135s
  [val] starting (47 batches)
  [val] done (47 batches, 16s)
  Val L:0.2690 ABS:0.4772 RMSE:1.4840 d1:0.4847
  >> Best (score:1.1819 RMSE:1.4840 ABS:0.4772)
  [train] epoch 9 step 200/369 (74s)
Epoch [9/40] L:0.2292 D:0.1448 F:0.0000 134s
  [train] epoch 10 step 200/369 (75s)
Epoch [10/40] L:0.2189 D:0.1349 F:0.0000 137s
  [train] epoch 11 step 200/369 (75s)
Epoch [11/40] L:0.2109 D:0.1274 F:0.0000 136s
  [train] epoch 12 step 200/369 (75s)
Epoch [12/40] L:0.2032 D:0.1202 F:0.0000 137s
  [val] starting (47 batches)
  [val] done (47 batches, 16s)
  Val L:0.2712 ABS:0.4450 RMSE:1.4969 d1:0.4830
  >> Best (score:1.1813 RMSE:1.4969 ABS:0.4450)
  [train] epoch 13 step 200/369 (69s)
Epoch [13/40] L:0.1966 D:0.1141 F:0.0000 122s
  [train] epoch 14 step 200/369 (75s)
Epoch [14/40] L:0.1907 D:0.1087 F:0.0000 137s
  [train] epoch 15 step 200/369 (75s)
Epoch [15/40] L:0.1852 D:0.1037 F:0.0000 136s
  [train] epoch 16 step 200/369 (74s)
Epoch [16/40] L:0.1804 D:0.0994 F:0.0000 135s
  [val] starting (47 batches)
  [val] done (47 batches, 15s)
  Val L:0.2733 ABS:0.4879 RMSE:1.4981 d1:0.4814
  [train] epoch 17 step 200/369 (74s)
Epoch [17/40] L:0.1754 D:0.0950 F:0.0000 134s
  [train] epoch 18 step 200/369 (74s)
Epoch [18/40] L:0.1712 D:0.0913 F:0.0000 136s
  [train] epoch 19 step 200/369 (73s)
Epoch [19/40] L:0.1675 D:0.0881 F:0.0000 134s
  [train] epoch 20 step 200/369 (74s)
Epoch [20/40] L:0.1643 D:0.0855 F:0.0000 135s
  [val] starting (47 batches)
  [val] done (47 batches, 16s)
  Val L:0.2725 ABS:0.4882 RMSE:1.4960 d1:0.4931
  [train] epoch 21 step 200/369 (74s)
Epoch [21/40] L:0.1607 D:0.0825 F:0.0000 128s
  [train] epoch 22 step 200/369 (65s)
Epoch [22/40] L:0.1573 D:0.0797 F:0.0000 127s
  [train] epoch 23 step 200/369 (74s)
