/opt/conda/lib/python3.11/site-packages/timm/models/layers/__init__.py:49: FutureWarning: Importing from timm.models.layers is deprecated, please import via timm.layers
  warnings.warn(f"Importing from {__name__} is deprecated, please import via timm.layers", FutureWarning)
============================================================
Model: n9_0426  Dataset: soundspaces
BS: 64  LR: 0.0001  Opt: AdamW
============================================================
Loaded scene split from /root/local1/changwoo/matterport3d_0303_renew/scene_split.json
  train: 72, val: 9, test: 9
[train] 23560 samples (fast cache: samples_train_erp_8b3be925d3ae.json) [ambisonic=ON]
  Precomputed SH basis matrix: (131072, 4) (order=1)
Loaded scene split from /root/local1/changwoo/matterport3d_0303_renew/scene_split.json
  train: 72, val: 9, test: 9
[val] 2951 samples (fast cache: samples_val_erp_be0f29dd7abf.json) [ambisonic=ON]
  Precomputed SH basis matrix: (131072, 4) (order=1)
Train: 23560, Val: 2951
  [n9_0426] n3 ckpt loaded cleanly from /root/storage/implementation/shared_audio/baseline/checkpoints/n3_0425_soundspaces_BS128_Lr0.0001_AdamW_exp503_n3_eigen8_lr1e4_bs128/best_model.pth
  [n9_0426] n3 frozen (eval mode, no_grad in forward)
  [n9_0426] outer backbone=vit (input_nc=3, pretrained=True, freeze_encoder=True)
Model: n9_0426 (109.7M params)
  [train] epoch 1 step 200/369 (94s)
Epoch [1/40] L:0.3822 D:0.2943 F:0.0000 168s
  [train] epoch 2 step 200/369 (89s)
Epoch [2/40] L:0.3305 D:0.2430 F:0.0000 164s
  [train] epoch 3 step 200/369 (90s)
Epoch [3/40] L:0.3239 D:0.2369 F:0.0000 164s
  [train] epoch 4 step 200/369 (90s)
Epoch [4/40] L:0.3198 D:0.2332 F:0.0000 164s
  [val] starting (47 batches)
  [val] done (47 batches, 15s)
  Val L:0.2848 ABS:0.4695 RMSE:1.5661 d1:0.4586
  >> Best (score:1.2371 RMSE:1.5661 ABS:0.4695)
  [train] epoch 5 step 200/369 (90s)
Epoch [5/40] L:0.3164 D:0.2302 F:0.0000 164s
  [train] epoch 6 step 200/369 (90s)
Epoch [6/40] L:0.3128 D:0.2271 F:0.0000 164s
  [train] epoch 7 step 200/369 (90s)
Epoch [7/40] L:0.3105 D:0.2253 F:0.0000 164s
  [train] epoch 8 step 200/369 (90s)
Epoch [8/40] L:0.3088 D:0.2240 F:0.0000 164s
  [val] starting (47 batches)
  [val] done (47 batches, 15s)
  Val L:0.2748 ABS:0.4781 RMSE:1.5201 d1:0.4575
  >> Best (score:1.2075 RMSE:1.5201 ABS:0.4781)
  [train] epoch 9 step 200/369 (90s)
Epoch [9/40] L:0.3061 D:0.2219 F:0.0000 164s
  [train] epoch 10 step 200/369 (90s)
Epoch [10/40] L:0.3046 D:0.2208 F:0.0000 164s
  [train] epoch 11 step 200/369 (90s)
Epoch [11/40] L:0.3028 D:0.2197 F:0.0000 164s
  [train] epoch 12 step 200/369 (90s)
Epoch [12/40] L:0.3011 D:0.2184 F:0.0000 164s
  [val] starting (47 batches)
  [val] done (47 batches, 15s)
  Val L:0.2806 ABS:0.4560 RMSE:1.5476 d1:0.4455
  [train] epoch 13 step 200/369 (90s)
Epoch [13/40] L:0.2997 D:0.2176 F:0.0000 164s
  [train] epoch 14 step 200/369 (90s)
Epoch [14/40] L:0.2979 D:0.2164 F:0.0000 164s
  [train] epoch 15 step 200/369 (90s)
Epoch [15/40] L:0.2969 D:0.2160 F:0.0000 165s
  [train] epoch 16 step 200/369 (89s)
Epoch [16/40] L:0.2950 D:0.2146 F:0.0000 164s
  [val] starting (47 batches)
  [val] done (47 batches, 15s)
  Val L:0.2679 ABS:0.4567 RMSE:1.5053 d1:0.4675
  >> Best (score:1.1907 RMSE:1.5053 ABS:0.4567)
  [train] epoch 17 step 200/369 (90s)
Epoch [17/40] L:0.2936 D:0.2138 F:0.0000 164s
  [train] epoch 18 step 200/369 (90s)
Epoch [18/40] L:0.2920 D:0.2129 F:0.0000 164s
  [train] epoch 19 step 200/369 (90s)
Epoch [19/40] L:0.2907 D:0.2122 F:0.0000 164s
  [train] epoch 20 step 200/369 (90s)
Epoch [20/40] L:0.2892 D:0.2113 F:0.0000 164s
  [val] starting (47 batches)
  [val] done (47 batches, 15s)
  Val L:0.2683 ABS:0.5071 RMSE:1.4694 d1:0.4747
  >> Best (score:1.1807 RMSE:1.4694 ABS:0.5071)
  [train] epoch 21 step 200/369 (90s)
Epoch [21/40] L:0.2881 D:0.2109 F:0.0000 164s
  [train] epoch 22 step 200/369 (90s)
Epoch [22/40] L:0.2868 D:0.2103 F:0.0000 164s
  [train] epoch 23 step 200/369 (90s)
Epoch [23/40] L:0.2859 D:0.2100 F:0.0000 164s
  [train] epoch 24 step 200/369 (90s)
Epoch [24/40] L:0.2843 D:0.2091 F:0.0000 165s
  [val] starting (47 batches)
  [val] done (47 batches, 15s)
  Val L:0.2632 ABS:0.4626 RMSE:1.4872 d1:0.4696
  >> Best (score:1.1798 RMSE:1.4872 ABS:0.4626)
  [train] epoch 25 step 200/369 (90s)
Epoch [25/40] L:0.2832 D:0.2087 F:0.0000 164s
  [train] epoch 26 step 200/369 (90s)
Epoch [26/40] L:0.2823 D:0.2085 F:0.0000 164s
  [train] epoch 27 step 200/369 (90s)
Epoch [27/40] L:0.2808 D:0.2078 F:0.0000 164s
  [train] epoch 28 step 200/369 (89s)
Epoch [28/40] L:0.2791 D:0.2068 F:0.0000 164s
  [val] starting (47 batches)
  [val] done (47 batches, 15s)
  Val L:0.2651 ABS:0.4362 RMSE:1.5057 d1:0.4653
  [train] epoch 29 step 200/369 (90s)
Epoch [29/40] L:0.2783 D:0.2067 F:0.0000 164s
  [train] epoch 30 step 200/369 (90s)
Epoch [30/40] L:0.2772 D:0.2063 F:0.0000 164s
  [train] epoch 31 step 200/369 (90s)
Epoch [31/40] L:0.2759 D:0.2058 F:0.0000 165s
  [train] epoch 32 step 200/369 (90s)
Epoch [32/40] L:0.2753 D:0.2060 F:0.0000 164s
  [val] starting (47 batches)
  [val] done (47 batches, 15s)
  Val L:0.2598 ABS:0.4393 RMSE:1.4789 d1:0.4693
  >> Best (score:1.1670 RMSE:1.4789 ABS:0.4393)
  [train] epoch 33 step 200/369 (90s)
Epoch [33/40] L:0.2734 D:0.2049 F:0.0000 165s
  [train] epoch 34 step 200/369 (90s)
Epoch [34/40] L:0.2720 D:0.2043 F:0.0000 165s
  [train] epoch 35 step 200/369 (90s)
Epoch [35/40] L:0.2707 D:0.2038 F:0.0000 165s
  [train] epoch 36 step 200/369 (90s)
Epoch [36/40] L:0.2695 D:0.2033 F:0.0000 164s
  [val] starting (47 batches)
  [val] done (47 batches, 15s)
  Val L:0.2607 ABS:0.4403 RMSE:1.4873 d1:0.4767
  [train] epoch 37 step 200/369 (90s)
Epoch [37/40] L:0.2685 D:0.2032 F:0.0000 164s
  [train] epoch 38 step 200/369 (90s)
Epoch [38/40] L:0.2674 D:0.2029 F:0.0000 164s
  [train] epoch 39 step 200/369 (90s)
Epoch [39/40] L:0.2662 D:0.2024 F:0.0000 164s
  [train] epoch 40 step 200/369 (90s)
Epoch [40/40] L:0.2651 D:0.2021 F:0.0000 164s
  [val] starting (47 batches)
  [val] done (47 batches, 15s)
  Val L:0.2608 ABS:0.4488 RMSE:1.4819 d1:0.4701

Done. Best score:1.1670 RMSE:1.4789 ABS:0.4393
