/opt/conda/lib/python3.11/site-packages/timm/models/layers/__init__.py:49: FutureWarning: Importing from timm.models.layers is deprecated, please import via timm.layers
  warnings.warn(f"Importing from {__name__} is deprecated, please import via timm.layers", FutureWarning)
============================================================
Model: n9_0426  Dataset: soundspaces
BS: 64  LR: 0.0001  Opt: AdamW
============================================================
Loaded scene split from /root/local1/changwoo/matterport3d_0303_renew/scene_split.json
  train: 72, val: 9, test: 9
[train] 23560 samples (fast cache: samples_train_erp_8b3be925d3ae.json) [ambisonic=ON]
  Precomputed SH basis matrix: (131072, 4) (order=1)
Loaded scene split from /root/local1/changwoo/matterport3d_0303_renew/scene_split.json
  train: 72, val: 9, test: 9
[val] 2951 samples (fast cache: samples_val_erp_be0f29dd7abf.json) [ambisonic=ON]
  Precomputed SH basis matrix: (131072, 4) (order=1)
Train: 23560, Val: 2951
  [n9_0426] n3 ckpt loaded cleanly from /root/storage/implementation/shared_audio/baseline/checkpoints/n3_0425_soundspaces_BS128_Lr0.0001_AdamW_exp503_n3_eigen8_lr1e4_bs128/best_model.pth
  [n9_0426] n3 frozen (eval mode, no_grad in forward)
  [n9_0426] outer backbone=resnet (input_nc=3, pretrained=True, freeze_encoder=True)
Model: n9_0426 (49.8M params)
  [train] epoch 1 step 200/369 (46s)
Epoch [1/40] L:0.3860 D:0.2982 F:0.0000 82s
  [train] epoch 2 step 200/369 (43s)
Epoch [2/40] L:0.3322 D:0.2447 F:0.0000 78s
  [train] epoch 3 step 200/369 (43s)
Epoch [3/40] L:0.3230 D:0.2359 F:0.0000 78s
  [train] epoch 4 step 200/369 (43s)
Epoch [4/40] L:0.3168 D:0.2301 F:0.0000 78s
  [val] starting (47 batches)
  [val] done (47 batches, 15s)
  Val L:0.2826 ABS:0.4874 RMSE:1.5385 d1:0.4591
  >> Best (score:1.2232 RMSE:1.5385 ABS:0.4874)
  [train] epoch 5 step 200/369 (43s)
Epoch [5/40] L:0.3115 D:0.2252 F:0.0000 77s
  [train] epoch 6 step 200/369 (42s)
Epoch [6/40] L:0.3073 D:0.2213 F:0.0000 77s
  [train] epoch 7 step 200/369 (43s)
Epoch [7/40] L:0.3028 D:0.2173 F:0.0000 77s
  [train] epoch 8 step 200/369 (43s)
Epoch [8/40] L:0.2994 D:0.2143 F:0.0000 77s
  [val] starting (47 batches)
  [val] done (47 batches, 14s)
  Val L:0.2852 ABS:0.4701 RMSE:1.5525 d1:0.4488
  [train] epoch 9 step 200/369 (43s)
Epoch [9/40] L:0.2950 D:0.2103 F:0.0000 78s
  [train] epoch 10 step 200/369 (43s)
Epoch [10/40] L:0.2910 D:0.2067 F:0.0000 77s
  [train] epoch 11 step 200/369 (43s)
Epoch [11/40] L:0.2871 D:0.2032 F:0.0000 78s
  [train] epoch 12 step 200/369 (43s)
Epoch [12/40] L:0.2838 D:0.2004 F:0.0000 78s
  [val] starting (47 batches)
  [val] done (47 batches, 14s)
  Val L:0.2838 ABS:0.5158 RMSE:1.5283 d1:0.4641
  [train] epoch 13 step 200/369 (43s)
Epoch [13/40] L:0.2798 D:0.1968 F:0.0000 78s
  [train] epoch 14 step 200/369 (43s)
Epoch [14/40] L:0.2765 D:0.1940 F:0.0000 77s
  [train] epoch 15 step 200/369 (43s)
Epoch [15/40] L:0.2732 D:0.1911 F:0.0000 77s
  [train] epoch 16 step 200/369 (43s)
Epoch [16/40] L:0.2692 D:0.1876 F:0.0000 77s
  [val] starting (47 batches)
  [val] done (47 batches, 14s)
  Val L:0.2956 ABS:0.4587 RMSE:1.5734 d1:0.4408
  [train] epoch 17 step 200/369 (43s)
Epoch [17/40] L:0.2660 D:0.1849 F:0.0000 78s
  [train] epoch 18 step 200/369 (42s)
Epoch [18/40] L:0.2627 D:0.1820 F:0.0000 77s
  [train] epoch 19 step 200/369 (42s)
Epoch [19/40] L:0.2602 D:0.1799 F:0.0000 77s
  [train] epoch 20 step 200/369 (42s)
Epoch [20/40] L:0.2566 D:0.1769 F:0.0000 77s
  [val] starting (47 batches)
  [val] done (47 batches, 14s)
  Val L:0.2965 ABS:0.5058 RMSE:1.5628 d1:0.4459
  [train] epoch 21 step 200/369 (43s)
Epoch [21/40] L:0.2542 D:0.1749 F:0.0000 78s
  [train] epoch 22 step 200/369 (43s)
Epoch [22/40] L:0.2521 D:0.1733 F:0.0000 78s
  [train] epoch 23 step 200/369 (43s)
Epoch [23/40] L:0.2499 D:0.1716 F:0.0000 78s
  [train] epoch 24 step 200/369 (43s)
Epoch [24/40] L:0.2474 D:0.1696 F:0.0000 78s
  [val] starting (47 batches)
  [val] done (47 batches, 14s)
  Val L:0.2945 ABS:0.4871 RMSE:1.5578 d1:0.4578
  [train] epoch 25 step 200/369 (43s)
Epoch [25/40] L:0.2448 D:0.1675 F:0.0000 78s
  [train] epoch 26 step 200/369 (42s)
Epoch [26/40] L:0.2423 D:0.1655 F:0.0000 77s
  [train] epoch 27 step 200/369 (43s)
Epoch [27/40] L:0.2400 D:0.1637 F:0.0000 78s
  [train] epoch 28 step 200/369 (42s)
Epoch [28/40] L:0.2385 D:0.1627 F:0.0000 77s
  [val] starting (47 batches)
  [val] done (47 batches, 14s)
  Val L:0.2934 ABS:0.4631 RMSE:1.5748 d1:0.4545
  [train] epoch 29 step 200/369 (43s)
Epoch [29/40] L:0.2359 D:0.1606 F:0.0000 78s
  [train] epoch 30 step 200/369 (43s)
Epoch [30/40] L:0.2340 D:0.1592 F:0.0000 78s
  [train] epoch 31 step 200/369 (43s)
Epoch [31/40] L:0.2321 D:0.1578 F:0.0000 78s
  [train] epoch 32 step 200/369 (42s)
Epoch [32/40] L:0.2302 D:0.1565 F:0.0000 77s
  [val] starting (47 batches)
  [val] done (47 batches, 14s)
  Val L:0.2978 ABS:0.5001 RMSE:1.5741 d1:0.4520
  [train] epoch 33 step 200/369 (43s)
Epoch [33/40] L:0.2281 D:0.1549 F:0.0000 78s
  [train] epoch 34 step 200/369 (43s)
Epoch [34/40] L:0.2266 D:0.1539 F:0.0000 77s
  [train] epoch 35 step 200/369 (46s)
Epoch [35/40] L:0.2245 D:0.1523 F:0.0000 81s
  [train] epoch 36 step 200/369 (42s)
Epoch [36/40] L:0.2237 D:0.1520 F:0.0000 77s
  [val] starting (47 batches)
  [val] done (47 batches, 14s)
  Val L:0.2912 ABS:0.5125 RMSE:1.5521 d1:0.4635
  [train] epoch 37 step 200/369 (43s)
Epoch [37/40] L:0.2225 D:0.1514 F:0.0000 77s
  [train] epoch 38 step 200/369 (43s)
Epoch [38/40] L:0.2206 D:0.1501 F:0.0000 77s
  [train] epoch 39 step 200/369 (43s)
Epoch [39/40] L:0.2182 D:0.1482 F:0.0000 78s
  [train] epoch 40 step 200/369 (43s)
Epoch [40/40] L:0.2168 D:0.1474 F:0.0000 77s
  [val] starting (47 batches)
  [val] done (47 batches, 14s)
  Val L:0.2993 ABS:0.4861 RMSE:1.5769 d1:0.4559

Done. Best score:1.2232 RMSE:1.5385 ABS:0.4874
