/opt/conda/lib/python3.11/site-packages/timm/models/layers/__init__.py:49: FutureWarning: Importing from timm.models.layers is deprecated, please import via timm.layers
  warnings.warn(f"Importing from {__name__} is deprecated, please import via timm.layers", FutureWarning)
============================================================
Model: n4_0425  Dataset: soundspaces
BS: 64  LR: 0.0005  Opt: AdamW
============================================================
Loaded scene split from /root/local1/changwoo/matterport3d_0303renew/scene_split.json
  train: 72, val: 9, test: 9
[train] 23560 samples (fast cache: samples_train_erp_8b3be925d3ae.json) [ambisonic=ON]
  Precomputed SH basis matrix: (131072, 4) (order=1)
Loaded scene split from /root/local1/changwoo/matterport3d_0303renew/scene_split.json
  train: 72, val: 9, test: 9
[val] 2951 samples (fast cache: samples_val_erp_be0f29dd7abf.json) [ambisonic=ON]
  Precomputed SH basis matrix: (131072, 4) (order=1)
Train: 23560, Val: 2951
Model: n4_0425 (73.9M params)
  [train] epoch 1 step 200/369 (202s)
Epoch [1/40] L:0.3046 D:0.2611 F:0.0000 377s
  [train] epoch 2 step 200/369 (181s)
Epoch [2/40] L:0.2470 D:0.2045 F:0.0000 346s
  [train] epoch 3 step 200/369 (194s)
Epoch [3/40] L:0.2393 D:0.1981 F:0.0000 359s
  [train] epoch 4 step 200/369 (192s)
Epoch [4/40] L:0.2336 D:0.1938 F:0.0000 352s
  [val] starting (47 batches)
  [val] done (47 batches, 34s)
  Val L:0.2332 ABS:0.4014 RMSE:1.4038 d1:0.4902
  >> Best (score:1.1031 RMSE:1.4038 ABS:0.4014)
  [train] epoch 5 step 200/369 (191s)
Epoch [5/40] L:0.2286 D:0.1904 F:0.0000 352s
  [train] epoch 6 step 200/369 (174s)
Epoch [6/40] L:0.2243 D:0.1880 F:0.0000 338s
  [train] epoch 7 step 200/369 (197s)
Epoch [7/40] L:0.2201 D:0.1857 F:0.0000 360s
  [train] epoch 8 step 200/369 (194s)
Epoch [8/40] L:0.2151 D:0.1828 F:0.0000 357s
  [val] starting (47 batches)
  [val] done (47 batches, 34s)
  Val L:0.2283 ABS:0.3790 RMSE:1.3842 d1:0.5124
  >> Best (score:1.0827 RMSE:1.3842 ABS:0.3790)
  [train] epoch 9 step 200/369 (194s)
Epoch [9/40] L:0.2112 D:0.1810 F:0.0000 356s
  [train] epoch 10 step 200/369 (174s)
Epoch [10/40] L:0.2065 D:0.1783 F:0.0000 335s
  [train] epoch 11 step 200/369 (198s)
Epoch [11/40] L:0.2023 D:0.1762 F:0.0000 358s
  [train] epoch 12 step 200/369 (194s)
Epoch [12/40] L:0.1970 D:0.1727 F:0.0000 357s
  [val] starting (47 batches)
  [val] done (47 batches, 34s)
  Val L:0.2249 ABS:0.4067 RMSE:1.3495 d1:0.5172
  >> Best (score:1.0667 RMSE:1.3495 ABS:0.4067)
  [train] epoch 13 step 200/369 (192s)
Epoch [13/40] L:0.1926 D:0.1701 F:0.0000 343s
  [train] epoch 14 step 200/369 (186s)
Epoch [14/40] L:0.1874 D:0.1664 F:0.0000 348s
  [train] epoch 15 step 200/369 (194s)
Epoch [15/40] L:0.1820 D:0.1625 F:0.0000 361s
  [train] epoch 16 step 200/369 (198s)
Epoch [16/40] L:0.1772 D:0.1590 F:0.0000 362s
  [val] starting (47 batches)
  [val] done (47 batches, 35s)
  Val L:0.2340 ABS:0.3855 RMSE:1.3806 d1:0.5152
  [train] epoch 17 step 200/369 (187s)
Epoch [17/40] L:0.1721 D:0.1551 F:0.0000 346s
  [train] epoch 18 step 200/369 (189s)
Epoch [18/40] L:0.1666 D:0.1507 F:0.0000 352s
  [train] epoch 19 step 200/369 (192s)
Epoch [19/40] L:0.1611 D:0.1461 F:0.0000 362s
  [train] epoch 20 step 200/369 (195s)
Epoch [20/40] L:0.1565 D:0.1424 F:0.0000 358s
  [val] starting (47 batches)
  [val] done (47 batches, 33s)
  Val L:0.2410 ABS:0.3865 RMSE:1.3915 d1:0.5231
  [train] epoch 21 step 200/369 (184s)
Epoch [21/40] L:0.1516 D:0.1382 F:0.0000 339s
  [train] epoch 22 step 200/369 (192s)
Epoch [22/40] L:0.1462 D:0.1336 F:0.0000 354s
  [train] epoch 23 step 200/369 (189s)
Epoch [23/40] L:0.1420 D:0.1299 F:0.0000 354s
  [train] epoch 24 step 200/369 (193s)
Epoch [24/40] L:0.1373 D:0.1259 F:0.0000 354s
  [val] starting (47 batches)
  [val] done (47 batches, 35s)
  Val L:0.2488 ABS:0.4111 RMSE:1.4033 d1:0.5228
  [train] epoch 25 step 200/369 (190s)
Epoch [25/40] L:0.1327 D:0.1218 F:0.0000 344s
  [train] epoch 26 step 200/369 (195s)
Epoch [26/40] L:0.1286 D:0.1182 F:0.0000 356s
  [train] epoch 27 step 200/369 (193s)
Epoch [27/40] L:0.1249 D:0.1149 F:0.0000 354s
  [train] epoch 28 step 200/369 (196s)
Epoch [28/40] L:0.1214 D:0.1118 F:0.0000 351s
  [val] starting (47 batches)
  [val] done (47 batches, 36s)
  Val L:0.2507 ABS:0.4242 RMSE:1.4090 d1:0.5195
  [train] epoch 29 step 200/369 (196s)
Epoch [29/40] L:0.1184 D:0.1092 F:0.0000 350s
  [train] epoch 30 step 200/369 (192s)
Epoch [30/40] L:0.1151 D:0.1063 F:0.0000 352s
  [train] epoch 31 step 200/369 (193s)
Epoch [31/40] L:0.1123 D:0.1038 F:0.0000 354s
  [train] epoch 32 step 200/369 (201s)
Epoch [32/40] L:0.1095 D:0.1014 F:0.0000 336s
  [val] starting (47 batches)
  [val] done (47 batches, 40s)
  Val L:0.2510 ABS:0.4157 RMSE:1.4164 d1:0.5304
  [train] epoch 33 step 200/369 (189s)
Epoch [33/40] L:0.1068 D:0.0989 F:0.0000 348s
  [train] epoch 34 step 200/369 (195s)
Epoch [34/40] L:0.1045 D:0.0969 F:0.0000 365s
  [train] epoch 35 step 200/369 (194s)
Epoch [35/40] L:0.1026 D:0.0953 F:0.0000 357s
  [train] epoch 36 step 200/369 (198s)
Epoch [36/40] L:0.1001 D:0.0931 F:0.0000 362s
  [val] starting (47 batches)
  [val] done (47 batches, 38s)
  Val L:0.2548 ABS:0.4297 RMSE:1.4279 d1:0.5275
  [train] epoch 37 step 200/369 (194s)
Epoch [37/40] L:0.0981 D:0.0912 F:0.0000 336s
  [train] epoch 38 step 200/369 (181s)
Epoch [38/40] L:0.0962 D:0.0896 F:0.0000 346s
  [train] epoch 39 step 200/369 (196s)
Epoch [39/40] L:0.0947 D:0.0884 F:0.0000 362s
  [train] epoch 40 step 200/369 (196s)
Epoch [40/40] L:0.0927 D:0.0865 F:0.0000 362s
  [val] starting (47 batches)
  [val] done (47 batches, 34s)
  Val L:0.2572 ABS:0.4056 RMSE:1.4492 d1:0.5200

Done. Best score:1.0667 RMSE:1.3495 ABS:0.4067
