/opt/conda/lib/python3.11/site-packages/timm/models/layers/__init__.py:49: FutureWarning: Importing from timm.models.layers is deprecated, please import via timm.layers
  warnings.warn(f"Importing from {__name__} is deprecated, please import via timm.layers", FutureWarning)
============================================================
Model: echonet  Dataset: soundspaces
BS: 8  LR: 0.001  Opt: AdamW
============================================================
Loaded scene split from /root/local1/changwoo/matterport3d_0303renew/scene_split.json
  train: 72, val: 9, test: 9
[train] 23560 samples (fast cache: samples_train_erp_c7ed256fbb9b.json)
Loaded scene split from /root/local1/changwoo/matterport3d_0303renew/scene_split.json
  train: 72, val: 9, test: 9
[val] 2951 samples (fast cache: samples_val_erp_89df6a83b017.json)
Train: 23560, Val: 2951
Model: echonet (321.9M params)
  [train] epoch 1 step 589/2945 (4614s)
  [train] epoch 1 step 1178/2945 (9231s)
  [train] epoch 1 step 1767/2945 (13852s)
  [train] epoch 1 step 2356/2945 (18470s)
Epoch [1/40] L:0.2580 D:0.2580 23081s
  [train] epoch 2 step 589/2945 (4616s)
  [train] epoch 2 step 1178/2945 (9230s)
  [train] epoch 2 step 1767/2945 (13848s)
  [train] epoch 2 step 2356/2945 (18460s)
