/opt/conda/lib/python3.11/site-packages/timm/models/layers/__init__.py:49: FutureWarning: Importing from timm.models.layers is deprecated, please import via timm.layers
  warnings.warn(f"Importing from {__name__} is deprecated, please import via timm.layers", FutureWarning)
============================================================
Model: pretrained_resnet  Dataset: soundspaces
BS: 96  LR: 0.0001  Opt: AdamW
============================================================
Loaded scene split from /root/local1/changwoo/matterport3d_0303renew/scene_split.json
  train: 72, val: 9, test: 9
[train] 23560 samples (fast cache: samples_train_erp_c7ed256fbb9b.json)
Loaded scene split from /root/local1/changwoo/matterport3d_0303renew/scene_split.json
  train: 72, val: 9, test: 9
[val] 2951 samples (fast cache: samples_val_erp_89df6a83b017.json)
Train: 23560, Val: 2951
Model: pretrained_resnet (30.0M params)
  [train] epoch 1 step 200/246 (264s)
Epoch [1/40] L:0.4293 D:0.4293 324s
  [train] epoch 2 step 200/246 (252s)
Epoch [2/40] L:0.2324 D:0.2324 312s
  [train] epoch 3 step 200/246 (263s)
Epoch [3/40] L:0.2229 D:0.2229 322s
  [train] epoch 4 step 200/246 (262s)
Epoch [4/40] L:0.2132 D:0.2132 321s
  [val] starting (31 batches)
  [val] done (31 batches, 23s)
  Val L:0.2898 ABS:0.4663 RMSE:1.5387 d1:0.4467
  >> Best (score:1.2169 RMSE:1.5387 ABS:0.4663)
  [train] epoch 5 step 200/246 (261s)
Epoch [5/40] L:0.2039 D:0.2039 321s
  [train] epoch 6 step 200/246 (262s)
Epoch [6/40] L:0.1925 D:0.1925 322s
  [train] epoch 7 step 200/246 (263s)
Epoch [7/40] L:0.1819 D:0.1819 322s
  [train] epoch 8 step 200/246 (262s)
Epoch [8/40] L:0.1702 D:0.1702 321s
  [val] starting (31 batches)
  [val] done (31 batches, 22s)
  Val L:0.2778 ABS:0.4638 RMSE:1.5254 d1:0.4697
  >> Best (score:1.2069 RMSE:1.5254 ABS:0.4638)
  [train] epoch 9 step 200/246 (255s)
Epoch [9/40] L:0.1599 D:0.1599 314s
  [train] epoch 10 step 200/246 (259s)
Epoch [10/40] L:0.1509 D:0.1509 319s
  [train] epoch 11 step 200/246 (261s)
Epoch [11/40] L:0.1421 D:0.1421 322s
  [train] epoch 12 step 200/246 (263s)
Epoch [12/40] L:0.1349 D:0.1349 323s
  [val] starting (31 batches)
  [val] done (31 batches, 22s)
  Val L:0.2749 ABS:0.4711 RMSE:1.4909 d1:0.4891
  >> Best (score:1.1850 RMSE:1.4909 ABS:0.4711)
  [train] epoch 13 step 200/246 (263s)
Epoch [13/40] L:0.1283 D:0.1283 323s
  [train] epoch 14 step 200/246 (262s)
Epoch [14/40] L:0.1220 D:0.1220 319s
  [train] epoch 15 step 200/246 (256s)
Epoch [15/40] L:0.1170 D:0.1170 315s
  [train] epoch 16 step 200/246 (255s)
Epoch [16/40] L:0.1123 D:0.1123 315s
  [val] starting (31 batches)
  [val] done (31 batches, 22s)
  Val L:0.2777 ABS:0.4945 RMSE:1.5008 d1:0.4871
  [train] epoch 17 step 200/246 (262s)
Epoch [17/40] L:0.1083 D:0.1083 321s
  [train] epoch 18 step 200/246 (263s)
Epoch [18/40] L:0.1044 D:0.1044 323s
  [train] epoch 19 step 200/246 (262s)
Epoch [19/40] L:0.1009 D:0.1009 321s
  [train] epoch 20 step 200/246 (264s)
Epoch [20/40] L:0.0982 D:0.0982 323s
  [val] starting (31 batches)
  [val] done (31 batches, 22s)
  Val L:0.2858 ABS:0.4816 RMSE:1.5223 d1:0.4836
  [train] epoch 21 step 200/246 (264s)
Epoch [21/40] L:0.0951 D:0.0951 323s
  [train] epoch 22 step 200/246 (263s)
Epoch [22/40] L:0.0924 D:0.0924 323s
  [train] epoch 23 step 200/246 (255s)
Epoch [23/40] L:0.0902 D:0.0902 314s
  [train] epoch 24 step 200/246 (265s)
Epoch [24/40] L:0.0875 D:0.0875 324s
  [val] starting (31 batches)
  [val] done (31 batches, 22s)
  Val L:0.2857 ABS:0.5091 RMSE:1.5138 d1:0.4898
  [train] epoch 25 step 200/246 (263s)
Epoch [25/40] L:0.0856 D:0.0856 323s
  [train] epoch 26 step 200/246 (262s)
Epoch [26/40] L:0.0833 D:0.0833 322s
  [train] epoch 27 step 200/246 (263s)
Epoch [27/40] L:0.0811 D:0.0811 323s
  [train] epoch 28 step 200/246 (263s)
Epoch [28/40] L:0.0794 D:0.0794 323s
  [val] starting (31 batches)
  [val] done (31 batches, 22s)
  Val L:0.2813 ABS:0.5047 RMSE:1.5168 d1:0.4944
  [train] epoch 29 step 200/246 (264s)
Epoch [29/40] L:0.0777 D:0.0777 311s
  [train] epoch 30 step 200/246 (251s)
Epoch [30/40] L:0.0762 D:0.0762 309s
  [train] epoch 31 step 200/246 (255s)
Epoch [31/40] L:0.0744 D:0.0744 313s
  [train] epoch 32 step 200/246 (254s)
Epoch [32/40] L:0.0730 D:0.0730 312s
  [val] starting (31 batches)
  [val] done (31 batches, 22s)
  Val L:0.2851 ABS:0.4933 RMSE:1.5214 d1:0.4864
  [train] epoch 33 step 200/246 (254s)
Epoch [33/40] L:0.0720 D:0.0720 312s
  [train] epoch 34 step 200/246 (255s)
Epoch [34/40] L:0.0701 D:0.0701 312s
  [train] epoch 35 step 200/246 (255s)
Epoch [35/40] L:0.0689 D:0.0689 313s
  [train] epoch 36 step 200/246 (245s)
Epoch [36/40] L:0.0675 D:0.0675 286s
  [val] starting (31 batches)
  [val] done (31 batches, 20s)
  Val L:0.2857 ABS:0.4965 RMSE:1.5279 d1:0.4880
  [train] epoch 37 step 200/246 (263s)
Epoch [37/40] L:0.0664 D:0.0664 325s
  [train] epoch 38 step 200/246 (273s)
Epoch [38/40] L:0.0652 D:0.0652 335s
  [train] epoch 39 step 200/246 (273s)
Epoch [39/40] L:0.0642 D:0.0642 334s
  [train] epoch 40 step 200/246 (273s)
Epoch [40/40] L:0.0631 D:0.0631 335s
  [val] starting (31 batches)
  [val] done (31 batches, 23s)
  Val L:0.2908 ABS:0.4869 RMSE:1.5465 d1:0.4819

Done. Best score:1.1850 RMSE:1.4909 ABS:0.4711
