/opt/conda/lib/python3.11/site-packages/timm/models/layers/__init__.py:49: FutureWarning: Importing from timm.models.layers is deprecated, please import via timm.layers
  warnings.warn(f"Importing from {__name__} is deprecated, please import via timm.layers", FutureWarning)
============================================================
Model: echonet  Dataset: soundspaces
BS: 48  LR: 0.0005  Opt: AdamW
============================================================
Loaded scene split from /root/local1/changwoo/matterport3d_0303renew/scene_split.json
  train: 72, val: 9, test: 9
[train] 23560 samples (fast cache: samples_train_erp_c7ed256fbb9b.json)
Loaded scene split from /root/local1/changwoo/matterport3d_0303renew/scene_split.json
  train: 72, val: 9, test: 9
[val] 2951 samples (fast cache: samples_val_erp_89df6a83b017.json)
Train: 23560, Val: 2951
Model: echonet (321.9M params)
  [train] epoch 1 step 200/491 (6553s)
  [train] epoch 1 step 400/491 (13118s)
Epoch [1/40] L:0.2628 D:0.2628 16176s
  [train] epoch 2 step 200/491 (6720s)
  [train] epoch 2 step 400/491 (13437s)
Epoch [2/40] L:0.2203 D:0.2203 16484s
  [train] epoch 3 step 200/491 (6845s)
  [train] epoch 3 step 400/491 (13702s)
