/opt/conda/lib/python3.11/site-packages/timm/models/layers/__init__.py:49: FutureWarning: Importing from timm.models.layers is deprecated, please import via timm.layers
  warnings.warn(f"Importing from {__name__} is deprecated, please import via timm.layers", FutureWarning)
============================================================
Model: echodiffusion  Dataset: soundspaces
BS: 16  LR: 0.0001  Opt: AdamW
============================================================
Loaded scene split from /root/local1/changwoo/matterport3d_0303renew/scene_split.json
  train: 72, val: 9, test: 9
[train] 23560 samples (fast cache: samples_train_erp_c7ed256fbb9b.json) [waveform=ON]
Loaded scene split from /root/local1/changwoo/matterport3d_0303renew/scene_split.json
  train: 72, val: 9, test: 9
[val] 2951 samples (fast cache: samples_val_erp_89df6a83b017.json) [waveform=ON]
Train: 23560, Val: 2951
Loading weights:   0%|          | 0/210 [00:00<?, ?it/s]Loading weights: 100%|██████████| 210/210 [00:00<00:00, 6817.00it/s]
[transformers] [1mWav2Vec2Model LOAD REPORT[0m from: facebook/wav2vec2-base-960h
Key               | Status     | 
------------------+------------+-
lm_head.bias      | UNEXPECTED | 
lm_head.weight    | UNEXPECTED | 
masked_spec_embed | MISSING    | 

Notes:
- UNEXPECTED:	can be ignored when loading from different task/architecture; not ok if you expect identical arch.
- MISSING:	those params were newly initialized because missing from the checkpoint. Consider training on your downstream task.
Model: echodiffusion (132.6M params)
  [train] epoch 1 step 294/1473 (190s)
  [train] epoch 1 step 588/1473 (371s)
  [train] epoch 1 step 882/1473 (552s)
  [train] epoch 1 step 1176  Val L:0.2566 ABS:0.5068 RMSE:1.3983 d1:0.4953
  >> Best (score:1.1308 RMSE:1.3983 ABS:0.5068)
Epoch [5/40] L:0.2055 D:0.2055 736s
Epoch [6/40] L:0.2016 D:0.2016 733s
Epoch [7/40] L:0.1977 D:0.1977 731s
Epoch [8/40] L:0.1943 D:0.1943 731s
  Val L:0.2390 ABS:0.4642 RMSE:1.3670 d1:0.5200
  >> Best (score:1.0962 RMSE:1.3670 ABS:0.4642)
Epoch [9/40] L:0.1911 D:0.1911 730s
Epoch [10/40] L:0.1878 D:0.1878 732s
Epoch [11/40] L:0.1844 D:0.1844 731s
Epoch [12/40] L:0.1812 D:0.1812 726s
  Val L:0.2439 ABS:0.4375 RMSE:1.4066 d1:0.5084
Epoch [13/40] L:0.1778 D:0.1778 730s
Epoch [14/40] L:0.1738 D:0.1738 734s
Epoch [15/40] L:0.1691 D:0.1691 808s
Epoch [16/40] L:0.1650 D:0.1650 930s
  Val L:0.2392 ABS:0.4147 RMSE:1.3898 d1:0.5087
Epoch [17/40] L:0.1603 D:0.1603 930s
Epoch [18/40] L:0.1553 D:0.1553 938s
Epoch [19/40] L:0.1519 D:0.1519 916s
Epoch [20/40] L:0.1457 D:0.1457 945s
  Val L:0.2488 ABS:0.4477 RMSE:1.3949 d1:0.5237
Epoch [21/40] L:0.1416 D:0.1416 931s
Epoch [22/40] L:0.1367 D:0.1367 933s
Epoch [23/40] L:0.1320 D:0.1320 936s
Epoch [24/40] L:0.1282 D:0.1282 951s
  Val L:0.2442 ABS:0.4366 RMSE:1.3821 d1:0.5295
Epoch [25/40] L:0.1242 D:0.1242 931s
Epoch [26/40] L:0.1206 D:0.1206 1437s
Epoch [27/40] L:0.1174 D:0.1174 1565s
Epoch [28/40] L:0.1146 D:0.1146 1560s
  Val L:0.2623 ABS:0.4482 RMSE:1.4318 d1:0.5335
Epoch [29/40] L:0.1115 D:0.1115 1574s
Epoch [30/40] L:0.1090 D:0.1090 1555s
Epoch [31/40] L:0.1060 D:0.1060 1555s
Epoch [32/40] L:0.1040 D:0.1040 1560s
  Val L:0.2559 ABS:0.4262 RMSE:1.4081 d1:0.5348
Epoch [33/40] L:0.1014 D:0.1014 1563s
Epoch [34/40] L:0.0996 D:0.0996 1555s
Epoch [35/40] L:0.0977 D:0.0977 1542s
Epoch [36/40] L:0.0957 D:0.0957 1567s
  Val L:0.2613 ABS:0.4277 RMSE:1.4316 d1:0.5294
Epoch [37/40] L:0.0943 D:0.0943 1558s
Epoch [38/40] L:0.0923 D:0.0923 1579s
Epoch [39/40] L:0.0907 D:0.0907 1543s
Epoch [40/40] L:0.0891 D:0.0891 1573s
  Val L:0.2580 ABS:0.4297 RMSE:1.4285 d1:0.5289

Done. Best score:1.0962 RMSE:1.3670 ABS:0.4642
batches)
  [val] 50/185 (20s)
  [val] 100/185 (39s)
  [val] 150/185 (59s)
  [val] done (185 batches, 73s)
  Val L:0.2448 ABS:0.4403 RMSE:1.3987 d1:0.5034
  >> Best (score:1.1112 RMSE:1.3987 ABS:0.4403)
  [train] epoch 9 step 294/1473 (190s)
  [train] epoch 9 step 588/1473 (382s)
  [train] epoch 9 step 882/1473 (573s)
  [train] epoch 9 step 1176/1473 (761s)
  [train] epoch 9 step 1470/1473 (949s)
Epoch [9/40] L:0.1838 D:0.1838 951s
  [train] epoch 10 step 294/1473 (191s)
  [train] epoch 10 step 588/1473 (376s)
  [train] epoch 10 step 882/1473 (559s)
  [train] epoch 10 step 1176/1473 (742s)
  [train] epoch 10 step 1470/1473 (926s)
Epoch [10/40] L:0.1801 D:0.1801 928s
  [train] epoch 11 step 294/1473 (188s)
  [train] epoch 11 step 588/1473 (381s)
  [train] epoch 11 step 882/1473 (570s)
  [train] epoch 11 step 1176/1473 (853s)
  [train] epoch 11 step 1470/1473 (1167s)
Epoch [11/40] L:0.1749 D:0.1749 1170s
  [train] epoch 12 step 294/1473 (315s)
  [train] epoch 12 step 588/1473 (628s)
  [train] epoch 12 step 882/1473 (941s)
  [train] epoch 12 step 1176/1473 (1257s)
  [train] epoch 12 step 1470/1473 (1571s)
Epoch [12/40] L:0.1712 D:0.1712 1574s
  [val] starting (185 batches)
  [val] 50/185 (24s)
  [val] 100/185 (49s)
  [val] 150/185 (73s)
  [val] done (185 batches, 91s)
  Val L:0.2486 ABS:0.3916 RMSE:1.4318 d1:0.5126
  [train] epoch 13 step 294/1473 (321s)
  [train] epoch 13 step 588/1473 (636s)
  [train] epoch 13 step 882/1473 (953s)
  [train] epoch 13 step 1176/1473 (1262s)
  [train] epoch 13 step 1470/1473 (1564s)
Epoch [13/40] L:0.1661 D:0.1661 1567s
  [train] epoch 14 step 294/1473 (317s)
  [train] epoch 14 step 588/1473 (625s)
  [train] epoch 14 step 882/1473 (936s)
  [train] epoch 14 step 1176/1473 (1248s)
  [train] epoch 14 step 1470/1473 (1561s)
Epoch [14/40] L:0.1622 D:0.1622 1563s
  [train] epoch 15 step 294/1473 (315s)
  [train] epoch 15 step 588/1473 (629s)
  [train] epoch 15 step 882/1473 (947s)
  [train] epoch 15 step 1176/1473 (1256s)
  [train] epoch 15 step 1470/1473 (1573s)
Epoch [15/40] L:0.1576 D:0.1576 1576s
  [train] epoch 16 step 294/1473 (302s)
  [train] epoch 16 step 588/1473 (616s)
  [train] epoch 16 step 882/1473 (929s)
  [train] epoch 16 step 1176/1473 (1242s)
  [train] epoch 16 step 1470/1473 (1556s)
Epoch [16/40] L:0.1529 D:0.1529 1559s
  [val] starting (185 batches)
  [val] 50/185 (25s)
  [val] 100/185 (50s)
  [val] 150/185 (74s)
  [val] done (185 batches, 90s)
  Val L:0.2504 ABS:0.4273 RMSE:1.4043 d1:0.5310
  [train] epoch 17 step 294/1473 (311s)
  [train] epoch 17 step 588/1473 (626s)
  [train] epoch 17 step 882/1473 (940s)
  [train] epoch 17 step 1176/1473 (1258s)
  [train] epoch 17 step 1470/1473 (1571s)
Epoch [17/40] L:0.1483 D:0.1483 1574s
  [train] epoch 18 step 294/1473 (318s)
  [train] epoch 18 step 588/1473 (614s)
  [train] epoch 18 step 882/1473 (927s)
  [train] epoch 18 step 1176/1473 (1239s)
  [train] epoch 18 step 1470/1473 (1552s)
Epoch [18/40] L:0.1438 D:0.1438 1555s
  [train] epoch 19 step 294/1473 (314s)
  [train] epoch 19 step 588/1473 (626s)
  [train] epoch 19 step 882/1473 (939s)
  [train] epoch 19 step 1176/1473 (1252s)
  [train] epoch 19 step 1470/1473 (1564s)
Epoch [19/40] L:0.1396 D:0.1396 1567s
  [train] epoch 20 step 294/1473 (312s)
  [train] epoch 20 step 588/1473 (623s)
  [train] epoch 20 step 882/1473 (930s)
  [train] epoch 20 step 1176/1473 (1243s)
  [train] epoch 20 step 1470/1473 (1560s)
Epoch [20/40] L:0.1354 D:0.1354 1563s
  [val] starting (185 batches)
  [val] 50/185 (28s)
  [val] 100/185 (52s)
  [val] 150/185 (76s)
  [val] done (185 batches, 93s)
  Val L:0.2541 ABS:0.4751 RMSE:1.4118 d1:0.5278
  [train] epoch 21 step 294/1473 (310s)
  [train] epoch 21 step 588/1473 (623s)
  [train] epoch 21 step 882/1473 (939s)
  [train] epoch 21 step 1176/1473 (1254s)
  [train] epoch 21 step 1470/1473 (1568s)
Epoch [21/40] L:0.1317 D:0.1317 1571s
  [train] epoch 22 step 294/1473 (314s)
  [train] epoch 22 step 588/1473 (616s)
  [train] epoch 22 step 882/1473 (931s)
  [train] epoch 22 step 1176/1473 (1228s)
  [train] epoch 22 step 1470/1473 (1543s)
Epoch [22/40] L:0.1277 D:0.1277 1546s
  [train] epoch 23 step 294/1473 (318s)
  [train] epoch 23 step 588/1473 (630s)
  [train] epoch 23 step 882/1473 (949s)
  [train] epoch 23 step 1176/1473 (1264s)
  [train] epoch 23 step 1470/1473 (1581s)
Epoch [23/40] L:0.1243 D:0.1243 1584s
  [train] epoch 24 step 294/1473 (322s)
  [train] epoch 24 step 588/1473 (633s)
  [train] epoch 24 step 882/1473 (949s)
  [train] epoch 24 step 1176/1473 (1263s)
  [train] epoch 24 step 1470/1473 (1566s)
Epoch [24/40] L:0.1212 D:0.1212 1569s
  [val] starting (185 batches)
  [val] 50/185 (25s)
  [val] 100/185 (49s)
  [val] 150/185 (73s)
  [val] done (185 batches, 91s)
  Val L:0.2622 ABS:0.4205 RMSE:1.4408 d1:0.5243
  [train] epoch 25 step 294/1473 (316s)
  [train] epoch 25 step 588/1473 (631s)
  [train] epoch 25 step 882/1473 (946s)
  [train] epoch 25 step 1176/1473 (1262s)
  [train] epoch 25 step 1470/1473 (1579s)
Epoch [25/40] L:0.1186 D:0.1186 1581s
  [train] epoch 26 step 294/1473 (314s)
  [train] epoch 26 step 588/1473 (597s)
  [train] epoch 26 step 882/1473 (895s)
  [train] epoch 26 step 1176/1473 (1206s)
  [train] epoch 26 step 1470/1473 (1519s)
Epoch [26/40] L:0.1150 D:0.1150 1522s
  [train] epoch 27 step 294/1473 (299s)
  [train] epoch 27 step 588/1473 (613s)
  [train] epoch 27 step 882/1473 (925s)
  [train] epoch 27 step 1176/1473 (1237s)
  [train] epoch 27 step 1470/1473 (1550s)
Epoch [27/40] L:0.1132 D:0.1132 1553s
  [train] epoch 28 step 294/1473 (315s)
  [train] epoch 28 step 588/1473 (629s)
  [train] epoch 28 step 882/1473 (942s)
  [train] epoch 28 step 1176/1473 (1256s)
  [train] epoch 28 step 1470/1473 (1572s)
Epoch [28/40] L:0.1110 D:0.1110 1575s
  [val] starting (185 batches)
  [val] 50/185 (25s)
  [val] 100/185 (49s)
  [val] 150/185 (73s)
  [val] done (185 batches, 91s)
  Val L:0.2553 ABS:0.4373 RMSE:1.4177 d1:0.5422
  [train] epoch 29 step 294/1473 (313s)
  [train] epoch 29 step 588/1473 (617s)
  [train] epoch 29 step 882/1473 (928s)
  [train] epoch 29 step 1176/1473 (1240s)
  [train] epoch 29 step 1470/1473 (1553s)
Epoch [29/40] L:0.1081 D:0.1081 1556s
  [train] epoch 30 step 294/1473 (316s)
  [train] epoch 30 step 588/1473 (632s)
  [train] epoch 30 step 882/1473 (934s)
  [train] epoch 30 step 1176/1473 (1245s)
  [train] epoch 30 step 1470/1473 (1555s)
Epoch [30/40] L:0.1063 D:0.1063 1558s
  [train] epoch 31 step 294/1473 (312s)
  [train] epoch 31 step 588/1473 (625s)
  [train] epoch 31 step 882/1473 (927s)
  [train] epoch 31 step 1176/1473 (1242s)
  [train] epoch 31 step 1470/1473 (1551s)
Epoch [31/40] L:0.1038 D:0.1038 1555s
  [train] epoch 32 step 294/1473 (312s)
  [train] epoch 32 step 588/1473 (626s)
  [train] epoch 32 step 882/1473 (939s)
  [train] epoch 32 step 1176/1473 (1256s)
  [train] epoch 32 step 1470/1473 (1568s)
Epoch [32/40] L:0.1020 D:0.1020 1571s
  [val] starting (185 batches)
  [val] 50/185 (25s)
  [val] 100/185 (50s)
  [val] 150/185 (74s)
  [val] done (185 batches, 91s)
  Val L:0.2615 ABS:0.4361 RMSE:1.4371 d1:0.5365
  [train] epoch 33 step 294/1473 (314s)
  [train] epoch 33 step 588/1473 (625s)
  [train] epoch 33 step 882/1473 (943s)
  [train] epoch 33 step 1176/1473 (1230s)
  [train] epoch 33 step 1470/1473 (1506s)
Epoch [33/40] L:0.1002 D:0.1002 1508s
  [train] epoch 34 step 294/1473 (317s)
  [train] epoch 34 step 588/1473 (631s)
  [train] epoch 34 step 882/1473 (932s)
  [train] epoch 34 step 1176/1473 (1247s)
  [train] epoch 34 step 1470/1473 (1559s)
Epoch [34/40] L:0.0980 D:0.0980 1562s
  [train] epoch 35 step 294/1473 (314s)
  [train] epoch 35 step 588/1473 (627s)
  [train] epoch 35 step 882/1473 (942s)
  [train] epoch 35 step 1176/1473 (1253s)
  [train] epoch 35 step 1470/1473 (1567s)
Epoch [35/40] L:0.0966 D:0.0966 1571s
  [train] epoch 36 step 294/1473 (302s)
  [train] epoch 36 step 588/1473 (617s)
  [train] epoch 36 step 882/1473 (928s)
  [train] epoch 36 step 1176/1473 (1241s)
  [train] epoch 36 step 1470/1473 (1559s)
Epoch [36/40] L:0.0953 D:0.0953 1561s
  [val] starting (185 batches)
  [val] 50/185 (25s)
  [val] 100/185 (50s)
  [val] 150/185 (75s)
  [val] done (185 batches, 92s)
  Val L:0.2671 ABS:0.4729 RMSE:1.4542 d1:0.5269
  [train] epoch 37 step 294/1473 (317s)
  [train] epoch 37 step 588/1473 (630s)
  [train] epoch 37 step 882/1473 (945s)
  [train] epoch 37 step 1176/1473 (1261s)
  [train] epoch 37 step 1470/1473 (1576s)
Epoch [37/40] L:0.0937 D:0.0937 1580s
  [train] epoch 38 step 294/1473 (316s)
  [train] epoch 38 step 588/1473 (620s)
  [train] epoch 38 step 882/1473 (925s)
  [train] epoch 38 step 1176/1473 (1241s)
  [train] epoch 38 step 1470/1473 (1558s)
Epoch [38/40] L:0.0919 D:0.0919 1561s
  [train] epoch 39 step 294/1473 (315s)
