/opt/conda/lib/python3.11/site-packages/timm/models/layers/__init__.py:49: FutureWarning: Importing from timm.models.layers is deprecated, please import via timm.layers
  warnings.warn(f"Importing from {__name__} is deprecated, please import via timm.layers", FutureWarning)
============================================================
Model: pretrained_resnet  Dataset: soundspaces
BS: 160  LR: 0.0003  Opt: AdamW
============================================================
Loaded scene split from /root/local1/changwoo/matterport3d_0303renew/scene_split.json
  train: 72, val: 9, test: 9
[train] 23560 samples (fast cache: samples_train_erp_c7ed256fbb9b.json)
Loaded scene split from /root/local1/changwoo/matterport3d_0303renew/scene_split.json
  train: 72, val: 9, test: 9
[val] 2951 samples (fast cache: samples_val_erp_89df6a83b017.json)
Train: 23560, Val: 2951
Model: pretrained_resnet (30.0M params)
Epoch [1/40] L:0.2831 D:0.2831 314s
Epoch [2/40] L:0.2316 D:0.2316 311s
Epoch [3/40] L:0.2218 D:0.2218 312s
Epoch [4/40] L:0.2120 D:0.2120 313s
  [val] starting (19 batches)
  [val] done (19 batches, 23s)
  Val L:0.2766 ABS:0.5569 RMSE:1.4988 d1:0.4729
  >> Best (score:1.2162 RMSE:1.4988 ABS:0.5569)
Epoch [5/40] L:0.2033 D:0.2033 311s
Epoch [6/40] L:0.1945 D:0.1945 311s
Epoch [7/40] L:0.1833 D:0.1833 312s
Epoch [8/40] L:0.1722 D:0.1722 311s
  [val] starting (19 batches)
  [val] done (19 batches, 23s)
  Val L:0.2701 ABS:0.4512 RMSE:1.5080 d1:0.4654
  >> Best (score:1.1910 RMSE:1.5080 ABS:0.4512)
Epoch [9/40] L:0.1612 D:0.1612 310s
Epoch [10/40] L:0.1501 D:0.1501 311s
Epoch [11/40] L:0.1404 D:0.1404 309s
Epoch [12/40] L:0.1333 D:0.1333 300s
  [val] starting (19 batches)
  [val] done (19 batches, 22s)
  Val L:0.3051 ABS:0.6611 RMSE:1.6097 d1:0.4828
Epoch [13/40] L:0.1249 D:0.1249 313s
Epoch [14/40] L:0.1182 D:0.1182 311s
Epoch [15/40] L:0.1132 D:0.1132 310s
Epoch [16/40] L:0.1082 D:0.1082 296s
  [val] starting (19 batches)
  [val] done (19 batches, 21s)
  Val L:0.2888 ABS:0.4995 RMSE:1.5171 d1:0.4848
Epoch [17/40] L:0.1037 D:0.1037 312s
Epoch [18/40] L:0.0995 D:0.0995 311s
Epoch [19/40] L:0.0959 D:0.0959 312s
Epoch [20/40] L:0.0926 D:0.0926 312s
  [val] starting (19 batches)
  [val] done (19 batches, 22s)
  Val L:0.2892 ABS:0.4650 RMSE:1.5317 d1:0.4783
Epoch [21/40] L:0.0897 D:0.0897 312s
Epoch [22/40] L:0.0872 D:0.0872 304s
Epoch [23/40] L:0.0842 D:0.0842 309s
Epoch [24/40] L:0.0821 D:0.0821 308s
  [val] starting (19 batches)
  [val] done (19 batches, 22s)
  Val L:0.2872 ABS:0.5760 RMSE:1.5223 d1:0.4713
Epoch [25/40] L:0.0799 D:0.0799 308s
Epoch [26/40] L:0.0779 D:0.0779 308s
Epoch [27/40] L:0.0761 D:0.0761 309s
Epoch [28/40] L:0.0745 D:0.0745 300s
  [val] starting (19 batches)
  [val] done (19 batches, 22s)
  Val L:0.2811 ABS:0.5120 RMSE:1.5166 d1:0.4932
Epoch [29/40] L:0.0723 D:0.0723 309s
Epoch [30/40] L:0.0709 D:0.0709 310s
Epoch [31/40] L:0.0691 D:0.0691 308s
Epoch [32/40] L:0.0683 D:0.0683 309s
  [val] starting (19 batches)
  [val] done (19 batches, 22s)
  Val L:0.2837 ABS:0.4809 RMSE:1.5298 d1:0.4910
Epoch [33/40] L:0.0670 D:0.0670 308s
Epoch [34/40] L:0.0660 D:0.0660 300s
Epoch [35/40] L:0.0642 D:0.0642 308s
Epoch [36/40] L:0.0629 D:0.0629 299s
  [val] starting (19 batches)
  [val] done (19 batches, 22s)
  Val L:0.2823 ABS:0.5053 RMSE:1.5186 d1:0.4979
Epoch [37/40] L:0.0619 D:0.0619 309s
Epoch [38/40] L:0.0605 D:0.0605 309s
Epoch [39/40] L:0.0599 D:0.0599 299s
Epoch [40/40] L:0.0590 D:0.0590 309s
  [val] starting (19 batches)
  [val] done (19 batches, 22s)
  Val L:0.2848 ABS:0.5282 RMSE:1.5197 d1:0.5054

Done. Best score:1.1910 RMSE:1.5080 ABS:0.4512
