/opt/conda/lib/python3.11/site-packages/timm/models/layers/__init__.py:49: FutureWarning: Importing from timm.models.layers is deprecated, please import via timm.layers
  warnings.warn(f"Importing from {__name__} is deprecated, please import via timm.layers", FutureWarning)
============================================================
Model: pretrained_vit  Dataset: soundspaces
BS: 48  LR: 0.0001  Opt: AdamW
============================================================
Loaded scene split from /root/local1/changwoo/matterport3d_0303renew/scene_split.json
  train: 72, val: 9, test: 9
[train] 23560 samples (fast cache: samples_train_erp_c7ed256fbb9b.json)
Loaded scene split from /root/local1/changwoo/matterport3d_0303renew/scene_split.json
  train: 72, val: 9, test: 9
[val] 2951 samples (fast cache: samples_val_erp_89df6a83b017.json)
Train: 23560, Val: 2951
Model: pretrained_vit (89.9M params)
  [train] epoch 1 step 200/491 (401s)
  [train] epoch 1 step 400/491 (800s)
Epoch [1/40] L:0.2915 D:0.2915 968s
  [train] epoch 2 step 200/491 (396s)
  [train] epoch 2 step 400/491 (791s)
Epoch [2/40] L:0.2213 D:0.2213 970s
  [train] epoch 3 step 200/491 (396s)
  [train] epoch 3 step 400/491 (782s)
Epoch [3/40] L:0.2102 D:0.2102 960s
  [train] epoch 4 step 200/491 (395s)
  [train] epoch 4 step 400/491 (792s)
Epoch [4/40] L:0.2016 D:0.2016 973s
  [val] starting (62 batches)
  [val] 50/62 (40s)
  [val] done (62 batches, 49s)
  Val L:0.2435 ABS:0.4144 RMSE:1.4233 d1:0.5081
  >> Best (score:1.1206 RMSE:1.4233 ABS:0.4144)
  [train] epoch 5 step 200/491 (397s)
  [train] epoch 5 step 400/491 (773s)
Epoch [5/40] L:0.1960 D:0.1960 954s
  [train] epoch 6 step 200/491 (398s)
  [train] epoch 6 step 400/491 (794s)
Epoch [6/40] L:0.1918 D:0.1918 974s
  [train] epoch 7 step 200/491 (388s)
  [train] epoch 7 step 400/491 (770s)
Epoch [7/40] L:0.1871 D:0.1871 957s
  [train] epoch 8 step 200/491 (412s)
  [train] epoch 8 step 400/491 (822s)
Epoch [8/40] L:0.1831 D:0.1831 1010s
  [val] starting (62 batches)
  [val] 50/62 (41s)
  [val] done (62 batches, 50s)
  Val L:0.2322 ABS:0.4039 RMSE:1.3583 d1:0.5100
  >> Best (score:1.0720 RMSE:1.3583 ABS:0.4039)
  [train] epoch 9 step 200/491 (415s)
  [train] epoch 9 step 400/491 (827s)
Epoch [9/40] L:0.1785 D:0.1785 1012s
  [train] epoch 10 step 200/491 (425s)
  [train] epoch 10 step 400/491 (849s)
Epoch [10/40] L:0.1734 D:0.1734 1041s
  [train] epoch 11 step 200/491 (426s)
  [train] epoch 11 step 400/491 (850s)
Epoch [11/40] L:0.1697 D:0.1697 1042s
  [train] epoch 12 step 200/491 (424s)
  [train] epoch 12 step 400/491 (845s)
Epoch [12/40] L:0.1646 D:0.1646 1037s
  [val] starting (62 batches)
  [val] 50/62 (42s)
  [val] done (62 batches, 51s)
  Val L:0.2361 ABS:0.3806 RMSE:1.3890 d1:0.5396
  [train] epoch 13 step 200/491 (416s)
  [train] epoch 13 step 400/491 (838s)
Epoch [13/40] L:0.1586 D:0.1586 1029s
  [train] epoch 14 step 200/491 (422s)
  [train] epoch 14 step 400/491 (842s)
Epoch [14/40] L:0.1538 D:0.1538 1035s
  [train] epoch 15 step 200/491 (423s)
  [train] epoch 15 step 400/491 (842s)
Epoch [15/40] L:0.1477 D:0.1477 1024s
  [train] epoch 16 step 200/491 (424s)
  [train] epoch 16 step 400/491 (849s)
Epoch [16/40] L:0.1415 D:0.1415 1043s
  [val] starting (62 batches)
  [val] 50/62 (42s)
  [val] done (62 batches, 51s)
  Val L:0.2428 ABS:0.3949 RMSE:1.3952 d1:0.5320
  [train] epoch 17 step 200/491 (424s)
  [train] epoch 17 step 400/491 (846s)
Epoch [17/40] L:0.1363 D:0.1363 1039s
  [train] epoch 18 step 200/491 (425s)
  [train] epoch 18 step 400/491 (848s)
Epoch [18/40] L:0.1302 D:0.1302 1041s
  [train] epoch 19 step 200/491 (415s)
  [train] epoch 19 step 400/491 (836s)
Epoch [19/40] L:0.1252 D:0.1252 1030s
  [train] epoch 20 step 200/491 (421s)
  [train] epoch 20 step 400/491 (842s)
Epoch [20/40] L:0.1199 D:0.1199 1035s
  [val] starting (62 batches)
  [val] 50/62 (42s)
  [val] done (62 batches, 51s)
  Val L:0.2542 ABS:0.4152 RMSE:1.4215 d1:0.5231
  [train] epoch 21 step 200/491 (424s)
  [train] epoch 21 step 400/491 (839s)
Epoch [21/40] L:0.1142 D:0.1142 1033s
  [train] epoch 22 step 200/491 (404s)
  [train] epoch 22 step 400/491 (829s)
Epoch [22/40] L:0.1101 D:0.1101 1022s
  [train] epoch 23 step 200/491 (423s)
  [train] epoch 23 step 400/491 (844s)
Epoch [23/40] L:0.1054 D:0.1054 1037s
  [train] epoch 24 step 200/491 (425s)
  [train] epoch 24 step 400/491 (843s)
Epoch [24/40] L:0.1019 D:0.1019 1034s
  [val] starting (62 batches)
  [val] 50/62 (42s)
  [val] done (62 batches, 51s)
  Val L:0.2582 ABS:0.4273 RMSE:1.4302 d1:0.5312
  [train] epoch 25 step 200/491 (415s)
  [train] epoch 25 step 400/491 (839s)
Epoch [25/40] L:0.0984 D:0.0984 1031s
  [train] epoch 26 step 200/491 (425s)
  [train] epoch 26 step 400/491 (846s)
Epoch [26/40] L:0.0949 D:0.0949 1041s
  [train] epoch 27 step 200/491 (423s)
  [train] epoch 27 step 400/491 (829s)
Epoch [27/40] L:0.0918 D:0.0918 1021s
  [train] epoch 28 step 200/491 (422s)
  [train] epoch 28 step 400/491 (847s)
Epoch [28/40] L:0.0894 D:0.0894 1042s
  [val] starting (62 batches)
  [val] 50/62 (41s)
  [val] done (62 batches, 51s)
  Val L:0.2588 ABS:0.4336 RMSE:1.4420 d1:0.5387
  [train] epoch 29 step 200/491 (423s)
  [train] epoch 29 step 400/491 (845s)
Epoch [29/40] L:0.0863 D:0.0863 1035s
  [train] epoch 30 step 200/491 (423s)
  [train] epoch 30 step 400/491 (845s)
Epoch [30/40] L:0.0835 D:0.0835 1035s
  [train] epoch 31 step 200/491 (414s)
  [train] epoch 31 step 400/491 (835s)
Epoch [31/40] L:0.0829 D:0.0829 1030s
  [train] epoch 32 step 200/491 (423s)
  [train] epoch 32 step 400/491 (848s)
Epoch [32/40] L:0.0797 D:0.0797 1037s
  [val] starting (62 batches)
  [val] 50/62 (42s)
  [val] done (62 batches, 52s)
  Val L:0.2628 ABS:0.4258 RMSE:1.4480 d1:0.5422
  [train] epoch 33 step 200/491 (422s)
  [train] epoch 33 step 400/491 (834s)
Epoch [33/40] L:0.0769 D:0.0769 1026s
  [train] epoch 34 step 200/491 (422s)
  [train] epoch 34 step 400/491 (842s)
Epoch [34/40] L:0.0747 D:0.0747 1033s
  [train] epoch 35 step 200/491 (421s)
  [train] epoch 35 step 400/491 (843s)
Epoch [35/40] L:0.0732 D:0.0732 1036s
  [train] epoch 36 step 200/491 (425s)
  [train] epoch 36 step 400/491 (847s)
Epoch [36/40] L:0.0720 D:0.0720 1040s
  [val] starting (62 batches)
  [val] 50/62 (39s)
  [val] done (62 batches, 48s)
  Val L:0.2652 ABS:0.4433 RMSE:1.4633 d1:0.5420
  [train] epoch 37 step 200/491 (416s)
  [train] epoch 37 step 400/491 (840s)
Epoch [37/40] L:0.0709 D:0.0709 1031s
  [train] epoch 38 step 200/491 (423s)
  [train] epoch 38 step 400/491 (847s)
Epoch [38/40] L:0.0676 D:0.0676 1037s
  [train] epoch 39 step 200/491 (422s)
  [train] epoch 39 step 400/491 (829s)
Epoch [39/40] L:0.0668 D:0.0668 1020s
  [train] epoch 40 step 200/491 (425s)
  [train] epoch 40 step 400/491 (849s)
Epoch [40/40] L:0.0647 D:0.0647 1041s
  [val] starting (62 batches)
  [val] 50/62 (42s)
  [val] done (62 batches, 51s)
  Val L:0.2680 ABS:0.4350 RMSE:1.4705 d1:0.5450

Done. Best score:1.0720 RMSE:1.3583 ABS:0.4039
