/opt/conda/lib/python3.11/site-packages/timm/models/layers/__init__.py:49: FutureWarning: Importing from timm.models.layers is deprecated, please import via timm.layers
  warnings.warn(f"Importing from {__name__} is deprecated, please import via timm.layers", FutureWarning)
============================================================
Model: pretrained_vit  Dataset: soundspaces
BS: 24  LR: 0.0001  Opt: AdamW
============================================================
Loaded scene split from /root/local1/changwoo/matterport3d_0303renew/scene_split.json
  train: 72, val: 9, test: 9
[train] 23560 samples (fast cache: samples_train_erp_c7ed256fbb9b.json)
Loaded scene split from /root/local1/changwoo/matterport3d_0303renew/scene_split.json
  train: 72, val: 9, test: 9
[val] 2951 samples (fast cache: samples_val_erp_89df6a83b017.json)
Train: 23560, Val: 2951
Model: pretrained_vit (89.9M params)
  [train] epoch 1 step 200/982 (240s)
  [train] epoch 1 step 400/982 (478s)
  [train] epoch 1 step 600/982 (716s)
  [train] epoch 1 step 800/982 (953s)
Epoch [1/40] L:0.2557 D:0.2557 1169s
  [train] epoch 2 step 200/982 (228s)
  [train] epoch 2 step 400/982 (466s)
  [train] epoch 2 step 600/982 (702s)
  [train] epoch 2 step 800/982 (940s)
Epoch [2/40] L:0.2245 D:0.2245 1157s
  [train] epoch 3 step 200/982 (236s)
  [train] epoch 3 step 400/982 (473s)
  [train] epoch 3 step 600/982 (700s)
  [train] epoch 3 step 800/982 (937s)
Epoch [3/40] L:0.2124 D:0.2124 1152s
  [train] epoch 4 step 200/982 (237s)
  [train] epoch 4 step 400/982 (474s)
  [train] epoch 4 step 600/982 (712s)
  [train] epoch 4 step 800/982 (947s)
Epoch [4/40] L:0.2053 D:0.2053 1153s
  [val] starting (123 batches)
  [val] 50/123 (24s)
  [val] 100/123 (47s)
  [val] done (123 batches, 58s)
  Val L:0.2544 ABS:0.4133 RMSE:1.4551 d1:0.4874
  >> Best (score:1.1425 RMSE:1.4551 ABS:0.4133)
  [train] epoch 5 step 200/982 (230s)
  [train] epoch 5 step 400/982 (469s)
  [train] epoch 5 step 600/982 (706s)
  [train] epoch 5 step 800/982 (944s)
Epoch [5/40] L:0.1998 D:0.1998 1160s
  [train] epoch 6 step 200/982 (236s)
  [train] epoch 6 step 400/982 (473s)
  [train] epoch 6 step 600/982 (701s)
  [train] epoch 6 step 800/982 (938s)
Epoch [6/40] L:0.1965 D:0.1965 1153s
  [train] epoch 7 step 200/982 (238s)
  [train] epoch 7 step 400/982 (473s)
  [train] epoch 7 step 600/982 (710s)
  [train] epoch 7 step 800/982 (947s)
Epoch [7/40] L:0.1925 D:0.1925 1164s
  [train] epoch 8 step 200/982 (228s)
  [train] epoch 8 step 400/982 (464s)
  [train] epoch 8 step 600/982 (703s)
  [train] epoch 8 step 800/982 (941s)
Epoch [8/40] L:0.1903 D:0.1903 1157s
  [val] starting (123 batches)
  [val] 50/123 (25s)
  [val] 100/123 (49s)
  [val] done (123 batches, 59s)
  Val L:0.2364 ABS:0.4272 RMSE:1.3765 d1:0.5114
  >> Best (score:1.0917 RMSE:1.3765 ABS:0.4272)
  [train] epoch 9 step 200/982 (239s)
  [train] epoch 9 step 400/982 (478s)
  [train] epoch 9 step 600/982 (706s)
  [train] epoch 9 step 800/982 (944s)
Epoch [9/40] L:0.1870 D:0.1870 1160s
  [train] epoch 10 step 200/982 (230s)
  [train] epoch 10 step 400/982 (468s)
  [train] epoch 10 step 600/982 (706s)
  [train] epoch 10 step 800/982 (947s)
Epoch [10/40] L:0.1849 D:0.1849 1163s
  [train] epoch 11 step 200/982 (201s)
  [train] epoch 11 step 400/982 (449s)
  [train] epoch 11 step 600/982 (695s)
  [train] epoch 11 step 800/982 (942s)
Epoch [11/40] L:0.1818 D:0.1818 1169s
  [train] epoch 12 step 200/982 (247s)
  [train] epoch 12 step 400/982 (494s)
  [train] epoch 12 step 600/982 (741s)
  [train] epoch 12 step 800/982 (987s)
Epoch [12/40] L:0.1791 D:0.1791 1211s
  [val] starting (123 batches)
  [val] 50/123 (25s)
  [val] 100/123 (48s)
  [val] done (123 batches, 59s)
  Val L:0.2411 ABS:0.3797 RMSE:1.4103 d1:0.5061
  [train] epoch 13 step 200/982 (248s)
  [train] epoch 13 step 400/982 (495s)
  [train] epoch 13 step 600/982 (753s)
  [train] epoch 13 step 800/982 (1008s)
Epoch [13/40] L:0.1754 D:0.1754 1242s
  [train] epoch 14 step 200/982 (254s)
  [train] epoch 14 step 400/982 (510s)
  [train] epoch 14 step 600/982 (764s)
  [train] epoch 14 step 800/982 (1022s)
Epoch [14/40] L:0.1724 D:0.1724 1254s
  [train] epoch 15 step 200/982 (255s)
  [train] epoch 15 step 400/982 (511s)
  [train] epoch 15 step 600/982 (768s)
  [train] epoch 15 step 800/982 (1026s)
Epoch [15/40] L:0.1694 D:0.1694 1259s
  [train] epoch 16 step 200/982 (256s)
  [train] epoch 16 step 400/982 (513s)
  [train] epoch 16 step 600/982 (769s)
  [train] epoch 16 step 800/982 (1025s)
Epoch [16/40] L:0.1659 D:0.1659 1257s
  [val] starting (123 batches)
  [val] 50/123 (25s)
  [val] 100/123 (49s)
  [val] done (123 batches, 60s)
  Val L:0.2323 ABS:0.4267 RMSE:1.3543 d1:0.5284
  >> Best (score:1.0760 RMSE:1.3543 ABS:0.4267)
  [train] epoch 17 step 200/982 (258s)
  [train] epoch 17 step 400/982 (515s)
  [train] epoch 17 step 600/982 (770s)
  [train] epoch 17 step 800/982 (1026s)
Epoch [17/40] L:0.1627 D:0.1627 1257s
  [train] epoch 18 step 200/982 (240s)
  [train] epoch 18 step 400/982 (496s)
  [train] epoch 18 step 600/982 (750s)
  [train] epoch 18 step 800/982 (1004s)
Epoch [18/40] L:0.1595 D:0.1595 1237s
  [train] epoch 19 step 200/982 (255s)
  [train] epoch 19 step 400/982 (509s)
  [train] epoch 19 step 600/982 (763s)
  [train] epoch 19 step 800/982 (1019s)
Epoch [19/40] L:0.1556 D:0.1556 1252s
  [train] epoch 20 step 200/982 (257s)
  [train] epoch 20 step 400/982 (493s)
  [train] epoch 20 step 600/982 (747s)
  [train] epoch 20 step 800/982 (1001s)
Epoch [20/40] L:0.1517 D:0.1517 1230s
  [val] starting (123 batches)
  [val] 50/123 (25s)
  [val] 100/123 (49s)
  [val] done (123 batches, 60s)
  Val L:0.2458 ABS:0.3860 RMSE:1.3994 d1:0.5356
  [train] epoch 21 step 200/982 (256s)
  [train] epoch 21 step 400/982 (513s)
  [train] epoch 21 step 600/982 (765s)
  [train] epoch 21 step 800/982 (1018s)
Epoch [21/40] L:0.1479 D:0.1479 1251s
  [train] epoch 22 step 200/982 (253s)
  [train] epoch 22 step 400/982 (509s)
  [train] epoch 22 step 600/982 (763s)
  [train] epoch 22 step 800/982 (1020s)
Epoch [22/40] L:0.1444 D:0.1444 1251s
  [train] epoch 23 step 200/982 (256s)
  [train] epoch 23 step 400/982 (512s)
  [train] epoch 23 step 600/982 (768s)
  [train] epoch 23 step 800/982 (1024s)
Epoch [23/40] L:0.1400 D:0.1400 1255s
  [train] epoch 24 step 200/982 (254s)
  [train] epoch 24 step 400/982 (510s)
  [train] epoch 24 step 600/982 (765s)
  [train] epoch 24 step 800/982 (1019s)
Epoch [24/40] L:0.1358 D:0.1358 1252s
  [val] starting (123 batches)
  [val] 50/123 (25s)
  [val] 100/123 (47s)
  [val] done (123 batches, 57s)
  Val L:0.2518 ABS:0.3873 RMSE:1.4078 d1:0.5256
  [train] epoch 25 step 200/982 (243s)
  [train] epoch 25 step 400/982 (497s)
  [train] epoch 25 step 600/982 (753s)
  [train] epoch 25 step 800/982 (1008s)
Epoch [25/40] L:0.1338 D:0.1338 1238s
  [train] epoch 26 step 200/982 (258s)
  [train] epoch 26 step 400/982 (512s)
  [train] epoch 26 step 600/982 (766s)
  [train] epoch 26 step 800/982 (1021s)
Epoch [26/40] L:0.1286 D:0.1286 1252s
  [train] epoch 27 step 200/982 (253s)
  [train] epoch 27 step 400/982 (491s)
  [train] epoch 27 step 600/982 (745s)
  [train] epoch 27 step 800/982 (999s)
Epoch [27/40] L:0.1251 D:0.1251 1231s
  [train] epoch 28 step 200/982 (256s)
  [train] epoch 28 step 400/982 (511s)
  [train] epoch 28 step 600/982 (762s)
  [train] epoch 28 step 800/982 (1018s)
Epoch [28/40] L:0.1217 D:0.1217 1250s
  [val] starting (123 batches)
  [val] 50/123 (25s)
  [val] 100/123 (49s)
  [val] done (123 batches, 60s)
  Val L:0.2526 ABS:0.4138 RMSE:1.4053 d1:0.5398
  [train] epoch 29 step 200/982 (257s)
  [train] epoch 29 step 400/982 (513s)
  [train] epoch 29 step 600/982 (771s)
  [train] epoch 29 step 800/982 (1028s)
Epoch [29/40] L:0.1178 D:0.1178 1261s
  [train] epoch 30 step 200/982 (257s)
  [train] epoch 30 step 400/982 (512s)
  [train] epoch 30 step 600/982 (768s)
  [train] epoch 30 step 800/982 (1020s)
Epoch [30/40] L:0.1158 D:0.1158 1254s
  [train] epoch 31 step 200/982 (258s)
  [train] epoch 31 step 400/982 (513s)
  [train] epoch 31 step 600/982 (767s)
  [train] epoch 31 step 800/982 (1021s)
Epoch [31/40] L:0.1119 D:0.1119 1253s
  [train] epoch 32 step 200/982 (240s)
  [train] epoch 32 step 400/982 (495s)
  [train] epoch 32 step 600/982 (750s)
  [train] epoch 32 step 800/982 (1008s)
Epoch [32/40] L:0.1084 D:0.1084 1242s
  [val] starting (123 batches)
  [val] 50/123 (25s)
  [val] 100/123 (50s)
  [val] done (123 batches, 62s)
  Val L:0.2543 ABS:0.4296 RMSE:1.4042 d1:0.5399
  [train] epoch 33 step 200/982 (256s)
  [train] epoch 33 step 400/982 (514s)
  [train] epoch 33 step 600/982 (770s)
  [train] epoch 33 step 800/982 (1027s)
Epoch [33/40] L:0.1055 D:0.1055 1260s
  [train] epoch 34 step 200/982 (253s)
  [train] epoch 34 step 400/982 (498s)
  [train] epoch 34 step 600/982 (754s)
  [train] epoch 34 step 800/982 (1009s)
Epoch [34/40] L:0.1026 D:0.1026 1241s
  [train] epoch 35 step 200/982 (256s)
  [train] epoch 35 step 400/982 (513s)
  [train] epoch 35 step 600/982 (767s)
  [train] epoch 35 step 800/982 (1022s)
Epoch [35/40] L:0.1000 D:0.1000 1254s
  [train] epoch 36 step 200/982 (254s)
  [train] epoch 36 step 400/982 (510s)
  [train] epoch 36 step 600/982 (766s)
  [train] epoch 36 step 800/982 (1022s)
Epoch [36/40] L:0.0975 D:0.0975 1256s
  [val] starting (123 batches)
  [val] 50/123 (24s)
  [val] 100/123 (48s)
  [val] done (123 batches, 59s)
  Val L:0.2632 ABS:0.4442 RMSE:1.4355 d1:0.5401
  [train] epoch 37 step 200/982 (257s)
  [train] epoch 37 step 400/982 (514s)
  [train] epoch 37 step 600/982 (771s)
  [train] epoch 37 step 800/982 (1026s)
Epoch [37/40] L:0.0954 D:0.0954 1260s
  [train] epoch 38 step 200/982 (256s)
  [train] epoch 38 step 400/982 (512s)
  [train] epoch 38 step 600/982 (768s)
  [train] epoch 38 step 800/982 (1024s)
Epoch [38/40] L:0.0929 D:0.0929 1255s
  [train] epoch 39 step 200/982 (240s)
  [train] epoch 39 step 400/982 (496s)
  [train] epoch 39 step 600/982 (753s)
  [train] epoch 39 step 800/982 (1008s)
Epoch [39/40] L:0.0896 D:0.0896 1239s
  [train] epoch 40 step 200/982 (256s)
  [train] epoch 40 step 400/982 (513s)
  [train] epoch 40 step 600/982 (769s)
  [train] epoch 40 step 800/982 (1024s)
Epoch [40/40] L:0.0876 D:0.0876 1256s
  [val] starting (123 batches)
  [val] 50/123 (25s)
  [val] 100/123 (50s)
  [val] done (123 batches, 61s)
  Val L:0.2624 ABS:0.4274 RMSE:1.4371 d1:0.5373

Done. Best score:1.0760 RMSE:1.3543 ABS:0.4267
