/opt/conda/lib/python3.11/site-packages/timm/models/layers/__init__.py:49: FutureWarning: Importing from timm.models.layers is deprecated, please import via timm.layers
  warnings.warn(f"Importing from {__name__} is deprecated, please import via timm.layers", FutureWarning)
============================================================
Model: pretrained_resnet  Dataset: soundspaces
BS: 160  LR: 0.0005  Opt: AdamW
============================================================
Loaded scene split from /root/local1/changwoo/matterport3d_0303renew/scene_split.json
  train: 72, val: 9, test: 9
[train] 23560 samples (fast cache: samples_train_erp_c7ed256fbb9b.json)
Loaded scene split from /root/local1/changwoo/matterport3d_0303renew/scene_split.json
  train: 72, val: 9, test: 9
[val] 2951 samples (fast cache: samples_val_erp_89df6a83b017.json)
Train: 23560, Val: 2951
Model: pretrained_resnet (30.0M params)
Epoch [1/40] L:0.2898 D:0.2898 347s
Epoch [2/40] L:0.2301 D:0.2301 342s
Epoch [3/40] L:0.2208 D:0.2208 342s
Epoch [4/40] L:0.2126 D:0.2126 330s
  [val] starting (19 batches)
  [val] done (19 batches, 24s)
  Val L:0.2751 ABS:0.4524 RMSE:1.5383 d1:0.4728
  >> Best (score:1.2125 RMSE:1.5383 ABS:0.4524)
Epoch [5/40] L:0.2039 D:0.2039 341s
Epoch [6/40] L:0.1959 D:0.1959 342s
Epoch [7/40] L:0.1854 D:0.1854 342s
Epoch [8/40] L:0.1742 D:0.1742 343s
  [val] starting (19 batches)
  [val] done (19 batches, 24s)
  Val L:0.3010 ABS:0.4406 RMSE:1.5701 d1:0.4566
Epoch [9/40] L:0.1625 D:0.1625 331s
Epoch [10/40] L:0.1525 D:0.1525 343s
Epoch [11/40] L:0.1442 D:0.1442 352s
Epoch [12/40] L:0.1341 D:0.1341 352s
  [val] starting (19 batches)
  [val] done (19 batches, 25s)
  Val L:0.3067 ABS:0.6551 RMSE:1.5937 d1:0.4475
Epoch [13/40] L:0.1278 D:0.1278 352s
Epoch [14/40] L:0.1204 D:0.1204 345s
Epoch [15/40] L:0.1159 D:0.1159 341s
Epoch [16/40] L:0.1105 D:0.1105 352s
  [val] starting (19 batches)
  [val] done (19 batches, 25s)
  Val L:0.2822 ABS:0.4685 RMSE:1.5148 d1:0.4925
  >> Best (score:1.2009 RMSE:1.5148 ABS:0.4685)
Epoch [17/40] L:0.1060 D:0.1060 352s
Epoch [18/40] L:0.1013 D:0.1013 352s
Epoch [19/40] L:0.0984 D:0.0984 351s
Epoch [20/40] L:0.0956 D:0.0956 344s
  [val] starting (19 batches)
  [val] done (19 batches, 23s)
  Val L:0.3003 ABS:0.5861 RMSE:1.5856 d1:0.4819
Epoch [21/40] L:0.0923 D:0.0923 349s
Epoch [22/40] L:0.0900 D:0.0900 351s
Epoch [23/40] L:0.0869 D:0.0869 350s
Epoch [24/40] L:0.0845 D:0.0845 352s
  [val] starting (19 batches)
  [val] done (19 batches, 24s)
  Val L:0.2865 ABS:0.5420 RMSE:1.5313 d1:0.4830
Epoch [25/40] L:0.0824 D:0.0824 345s
Epoch [26/40] L:0.0807 D:0.0807 344s
Epoch [27/40] L:0.0783 D:0.0783 353s
Epoch [28/40] L:0.0768 D:0.0768 352s
  [val] starting (19 batches)
  [val] done (19 batches, 24s)
  Val L:0.2896 ABS:0.4881 RMSE:1.5270 d1:0.4808
Epoch [29/40] L:0.0747 D:0.0747 352s
Epoch [30/40] L:0.0732 D:0.0732 331s
Epoch [31/40] L:0.0720 D:0.0720 345s
Epoch [32/40] L:0.0708 D:0.0708 359s
  [val] starting (19 batches)
  [val] done (19 batches, 24s)
  Val L:0.2834 ABS:0.4652 RMSE:1.5266 d1:0.4961
Epoch [33/40] L:0.0698 D:0.0698 358s
Epoch [34/40] L:0.0683 D:0.0683 359s
Epoch [35/40] L:0.0667 D:0.0667 359s
Epoch [36/40] L:0.0651 D:0.0651 348s
  [val] starting (19 batches)
  [val] done (19 batches, 24s)
  Val L:0.2982 ABS:0.4660 RMSE:1.5567 d1:0.4734
Epoch [37/40] L:0.0637 D:0.0637 359s
Epoch [38/40] L:0.0638 D:0.0638 358s
Epoch [39/40] L:0.0622 D:0.0622 359s
Epoch [40/40] L:0.0615 D:0.0615 358s
  [val] starting (19 batches)
  [val] done (19 batches, 24s)
  Val L:0.2901 ABS:0.5489 RMSE:1.5237 d1:0.4983

Done. Best score:1.2009 RMSE:1.5148 ABS:0.4685
