/opt/conda/lib/python3.11/site-packages/timm/models/layers/__init__.py:49: FutureWarning: Importing from timm.models.layers is deprecated, please import via timm.layers
  warnings.warn(f"Importing from {__name__} is deprecated, please import via timm.layers", FutureWarning)
============================================================
Model: pretrained_vit  Dataset: soundspaces
BS: 16  LR: 3e-05  Opt: AdamW
============================================================
Loaded scene split from /root/local1/changwoo/matterport3d_0303renew/scene_split.json
  train: 72, val: 9, test: 9
[train] 23560 samples (fast cache: samples_train_erp_c7ed256fbb9b.json)
Loaded scene split from /root/local1/changwoo/matterport3d_0303renew/scene_split.json
  train: 72, val: 9, test: 9
[val] 2951 samples (fast cache: samples_val_erp_89df6a83b017.json)
Train: 23560, Val: 2951
Model: pretrained_vit (89.9M params)
  [train] epoch 1 step 294/1473 (309s)
  [train] epoch 1 step 588/1473 (613s)
  [train] epoch 1 step 882/1473 (921s)
  [train] epoch 1 step 1176/1473 (1227s)
  [train] epoch 1 step 1470/1473 (1533s)
Epoch [1/40] L:0.2716 D:0.2716 1535s
  [train] epoch 2 step 294/1473 (305s)
  [train] epoch 2 step 588/1473 (618s)
  [train] epoch 2 step 882/1473 (925s)
  [train] epoch 2 step 1176/1473 (1234s)
  [train] epoch 2 step 1470/1473 (1542s)
Epoch [2/40] L:0.2161 D:0.2161 1545s
  [train] epoch 3 step 294/1473 (305s)
  [train] epoch 3 step 588/1473 (606s)
  [train] epoch 3 step 882/1473 (900s)
  [train] epoch 3 step 1176/1473 (1207s)
  [train] epoch 3 step 1470/1473 (1512s)
Epoch [3/40] L:0.2043 D:0.2043 1515s
  [train] epoch 4 step 294/1473 (306s)
  [train] epoch 4 step 588/1473 (610s)
  [train] epoch 4 step 882/1473 (915s)
  [train] epoch 4 step 1176/1473 (1223s)
  [train] epoch 4 step 1470/1473 (1531s)
Epoch [4/40] L:0.1958 D:0.1958 1533s
  [val] starting (185 batches)
  [val] 50/185 (22s)
  [val] 100/185 (42s)
  [val] 150/185 (63s)
  [val] done (185 batches, 77s)
  Val L:0.2499 ABS:0.4560 RMSE:1.4281 d1:0.4981
  >> Best (score:1.1365 RMSE:1.4281 ABS:0.4560)
  [train] epoch 5 step 294/1473 (307s)
  [train] epoch 5 step 588/1473 (614s)
  [train] epoch 5 step 882/1473 (918s)
  [train] epoch 5 step 1176/1473 (1226s)
  [train] epoch 5 step 1470/1473 (1532s)
Epoch [5/40] L:0.1898 D:0.1898 1535s
  [train] epoch 6 step 294/1473 (308s)
  [train] epoch 6 step 588/1473 (609s)
  [train] epoch 6 step 882/1473 (917s)
  [train] epoch 6 step 1176/1473 (1227s)
  [train] epoch 6 step 1470/1473 (1535s)
Epoch [6/40] L:0.1835 D:0.1835 1538s
  [train] epoch 7 step 294/1473 (309s)
  [train] epoch 7 step 588/1473 (611s)
  [train] epoch 7 step 882/1473 (910s)
  [train] epoch 7 step 1176/1473 (1214s)
  [train] epoch 7 step 1470/1473 (1520s)
Epoch [7/40] L:0.1776 D:0.1776 1523s
  [train] epoch 8 step 294/1473 (306s)
  [train] epoch 8 step 588/1473 (614s)
  [train] epoch 8 step 882/1473 (921s)
  [train] epoch 8 step 1176/1473 (1228s)
  [train] epoch 8 step 1470/1473 (1528s)
Epoch [8/40] L:0.1715 D:0.1715 1530s
  [val] starting (185 batches)
  [val] 50/185 (20s)
  [val] 100/185 (42s)
  [val] 150/185 (63s)
  [val] done (185 batches, 78s)
  Val L:0.2440 ABS:0.3859 RMSE:1.4132 d1:0.5187
  >> Best (score:1.1050 RMSE:1.4132 ABS:0.3859)
  [train] epoch 9 step 294/1473 (307s)
  [train] epoch 9 step 588/1473 (614s)
  [train] epoch 9 step 882/1473 (918s)
  [train] epoch 9 step 1176/1473 (1223s)
  [train] epoch 9 step 1470/1473 (1531s)
Epoch [9/40] L:0.1651 D:0.1651 1534s
  [train] epoch 10 step 294/1473 (306s)
  [train] epoch 10 step 588/1473 (614s)
  [train] epoch 10 step 882/1473 (923s)
  [train] epoch 10 step 1176/1473 (1235s)
  [train] epoch 10 step 1470/1473 (1541s)
Epoch [10/40] L:0.1587 D:0.1587 1544s
  [train] epoch 11 step 294/1473 (307s)
  [train] epoch 11 step 588/1473 (605s)
  [train] epoch 11 step 882/1473 (913s)
  [train] epoch 11 step 1176/1473 (1212s)
  [train] epoch 11 step 1470/1473 (1520s)
Epoch [11/40] L:0.1518 D:0.1518 1523s
  [train] epoch 12 step 294/1473 (308s)
  [train] epoch 12 step 588/1473 (616s)
  [train] epoch 12 step 882/1473 (924s)
  [train] epoch 12 step 1176/1473 (1232s)
  [train] epoch 12 step 1470/1473 (1541s)
Epoch [12/40] L:0.1452 D:0.1452 1543s
  [val] starting (185 batches)
  [val] 50/185 (21s)
  [val] 100/185 (42s)
  [val] 150/185 (64s)
  [val] done (185 batches, 78s)
  Val L:0.2469 ABS:0.3809 RMSE:1.4011 d1:0.5346
  >> Best (score:1.0950 RMSE:1.4011 ABS:0.3809)
  [train] epoch 13 step 294/1473 (307s)
  [train] epoch 13 step 588/1473 (614s)
  [train] epoch 13 step 882/1473 (924s)
  [train] epoch 13 step 1176/1473 (1229s)
  [train] epoch 13 step 1470/1473 (1536s)
Epoch [13/40] L:0.1388 D:0.1388 1538s
  [train] epoch 14 step 294/1473 (309s)
  [train] epoch 14 step 588/1473 (579s)
  [train] epoch 14 step 882/1473 (871s)
  [train] epoch 14 step 1176/1473 (1171s)
  [train] epoch 14 step 1470/1473 (1481s)
Epoch [14/40] L:0.1330 D:0.1330 1485s
  [train] epoch 15 step 294/1473 (306s)
  [train] epoch 15 step 588/1473 (602s)
  [train] epoch 15 step 882/1473 (906s)
  [train] epoch 15 step 1176/1473 (1216s)
  [train] epoch 15 step 1470/1473 (1520s)
Epoch [15/40] L:0.1267 D:0.1267 1523s
  [train] epoch 16 step 294/1473 (306s)
  [train] epoch 16 step 588/1473 (611s)
  [train] epoch 16 step 882/1473 (914s)
  [train] epoch 16 step 1176/1473 (1225s)
  [train] epoch 16 step 1470/1473 (1528s)
Epoch [16/40] L:0.1212 D:0.1212 1530s
  [val] starting (185 batches)
  [val] 50/185 (23s)
  [val] 100/185 (45s)
  [val] 150/185 (67s)
  [val] done (185 batches, 81s)
  Val L:0.2546 ABS:0.4930 RMSE:1.3969 d1:0.5319
  [train] epoch 17 step 294/1473 (303s)
  [train] epoch 17 step 588/1473 (613s)
  [train] epoch 17 step 882/1473 (921s)
  [train] epoch 17 step 1176/1473 (1225s)
  [train] epoch 17 step 1470/1473 (1532s)
Epoch [17/40] L:0.1159 D:0.1159 1534s
  [train] epoch 18 step 294/1473 (310s)
  [train] epoch 18 step 588/1473 (617s)
  [train] epoch 18 step 882/1473 (928s)
  [train] epoch 18 step 1176/1473 (1235s)
  [train] epoch 18 step 1470/1473 (1543s)
Epoch [18/40] L:0.1113 D:0.1113 1545s
  [train] epoch 19 step 294/1473 (307s)
  [train] epoch 19 step 588/1473 (605s)
  [train] epoch 19 step 882/1473 (902s)
  [train] epoch 19 step 1176/1473 (1206s)
  [train] epoch 19 step 1470/1473 (1514s)
Epoch [19/40] L:0.1068 D:0.1068 1517s
  [train] epoch 20 step 294/1473 (309s)
  [train] epoch 20 step 588/1473 (611s)
  [train] epoch 20 step 882/1473 (919s)
  [train] epoch 20 step 1176/1473 (1226s)
  [train] epoch 20 step 1470/1473 (1533s)
Epoch [20/40] L:0.1029 D:0.1029 1536s
  [val] starting (185 batches)
  [val] 50/185 (22s)
  [val] 100/185 (44s)
  [val] 150/185 (66s)
  [val] done (185 batches, 81s)
  Val L:0.2547 ABS:0.4261 RMSE:1.4171 d1:0.5368
  [train] epoch 21 step 294/1473 (292s)
  [train] epoch 21 step 588/1473 (597s)
  [train] epoch 21 step 882/1473 (907s)
  [train] epoch 21 step 1176/1473 (1218s)
  [train] epoch 21 step 1470/1473 (1527s)
Epoch [21/40] L:0.0991 D:0.0991 1530s
  [train] epoch 22 step 294/1473 (312s)
  [train] epoch 22 step 588/1473 (619s)
  [train] epoch 22 step 882/1473 (927s)
  [train] epoch 22 step 1176/1473 (1235s)
  [train] epoch 22 step 1470/1473 (1543s)
Epoch [22/40] L:0.0956 D:0.0956 1546s
  [train] epoch 23 step 294/1473 (309s)
  [train] epoch 23 step 588/1473 (613s)
  [train] epoch 23 step 882/1473 (919s)
  [train] epoch 23 step 1176/1473 (1225s)
  [train] epoch 23 step 1470/1473 (1534s)
Epoch [23/40] L:0.0923 D:0.0923 1537s
  [train] epoch 24 step 294/1473 (308s)
  [train] epoch 24 step 588/1473 (614s)
  [train] epoch 24 step 882/1473 (922s)
  [train] epoch 24 step 1176/1473 (1232s)
  [train] epoch 24 step 1470/1473 (1542s)
Epoch [24/40] L:0.0893 D:0.0893 1546s
  [val] starting (185 batches)
  [val] 50/185 (22s)
  [val] 100/185 (43s)
  [val] 150/185 (65s)
  [val] done (185 batches, 81s)
  Val L:0.2569 ABS:0.4280 RMSE:1.4212 d1:0.5409
  [train] epoch 25 step 294/1473 (307s)
  [train] epoch 25 step 588/1473 (609s)
  [train] epoch 25 step 882/1473 (916s)
  [train] epoch 25 step 1176/1473 (1218s)
  [train] epoch 25 step 1470/1473 (1526s)
Epoch [25/40] L:0.0866 D:0.0866 1529s
  [train] epoch 26 step 294/1473 (310s)
  [train] epoch 26 step 588/1473 (617s)
  [train] epoch 26 step 882/1473 (928s)
  [train] epoch 26 step 1176/1473 (1236s)
  [train] epoch 26 step 1470/1473 (1541s)
Epoch [26/40] L:0.0842 D:0.0842 1544s
  [train] epoch 27 step 294/1473 (304s)
  [train] epoch 27 step 588/1473 (604s)
  [train] epoch 27 step 882/1473 (904s)
  [train] epoch 27 step 1176/1473 (1218s)
  [train] epoch 27 step 1470/1473 (1529s)
Epoch [27/40] L:0.0816 D:0.0816 1531s
  [train] epoch 28 step 294/1473 (304s)
  [train] epoch 28 step 588/1473 (609s)
  [train] epoch 28 step 882/1473 (916s)
  [train] epoch 28 step 1176/1473 (1222s)
  [train] epoch 28 step 1470/1473 (1534s)
Epoch [28/40] L:0.0794 D:0.0794 1537s
  [val] starting (185 batches)
  [val] 50/185 (22s)
  [val] 100/185 (42s)
  [val] 150/185 (64s)
  [val] done (185 batches, 80s)
  Val L:0.2657 ABS:0.4452 RMSE:1.4416 d1:0.5354
  [train] epoch 29 step 294/1473 (299s)
  [train] epoch 29 step 588/1473 (601s)
  [train] epoch 29 step 882/1473 (903s)
  [train] epoch 29 step 1176/1473 (1209s)
  [train] epoch 29 step 1470/1473 (1519s)
Epoch [29/40] L:0.0771 D:0.0771 1523s
  [train] epoch 30 step 294/1473 (307s)
  [train] epoch 30 step 588/1473 (617s)
  [train] epoch 30 step 882/1473 (920s)
  [train] epoch 30 step 1176/1473 (1227s)
  [train] epoch 30 step 1470/1473 (1535s)
Epoch [30/40] L:0.0748 D:0.0748 1538s
  [train] epoch 31 step 294/1473 (303s)
  [train] epoch 31 step 588/1473 (602s)
  [train] epoch 31 step 882/1473 (910s)
  [train] epoch 31 step 1176/1473 (1217s)
  [train] epoch 31 step 1470/1473 (1528s)
Epoch [31/40] L:0.0734 D:0.0734 1530s
  [train] epoch 32 step 294/1473 (303s)
  [train] epoch 32 step 588/1473 (617s)
  [train] epoch 32 step 882/1473 (927s)
  [train] epoch 32 step 1176/1473 (1230s)
  [train] epoch 32 step 1470/1473 (1537s)
Epoch [32/40] L:0.0714 D:0.0714 1540s
  [val] starting (185 batches)
  [val] 50/185 (22s)
  [val] 100/185 (44s)
  [val] 150/185 (66s)
  [val] done (185 batches, 81s)
  Val L:0.2654 ABS:0.4280 RMSE:1.4577 d1:0.5426
  [train] epoch 33 step 294/1473 (307s)
  [train] epoch 33 step 588/1473 (617s)
  [train] epoch 33 step 882/1473 (922s)
  [train] epoch 33 step 1176/1473 (1230s)
  [train] epoch 33 step 1470/1473 (1541s)
Epoch [33/40] L:0.0695 D:0.0695 1544s
  [train] epoch 34 step 294/1473 (299s)
  [train] epoch 34 step 588/1473 (618s)
  [train] epoch 34 step 882/1473 (931s)
  [train] epoch 34 step 1176/1473 (1246s)
  [train] epoch 34 step 1470/1473 (1562s)
Epoch [34/40] L:0.0676 D:0.0676 1565s
  [train] epoch 35 step 294/1473 (313s)
  [train] epoch 35 step 588/1473 (626s)
  [train] epoch 35 step 882/1473 (936s)
