/opt/conda/lib/python3.11/site-packages/timm/models/layers/__init__.py:49: FutureWarning: Importing from timm.models.layers is deprecated, please import via timm.layers
  warnings.warn(f"Importing from {__name__} is deprecated, please import via timm.layers", FutureWarning)
============================================================
Model: vit_baseline  Dataset: soundspaces
BS: 8  LR: 5e-05  Opt: AdamW
============================================================
Loaded scene split from /root/local1/changwoo/matterport3d_0303renew/scene_split.json
  train: 72, val: 9, test: 9
[train] 23560 samples (fast cache: samples_train_erp_c7ed256fbb9b.json)
Loaded scene split from /root/local1/changwoo/matterport3d_0303renew/scene_split.json
  train: 72, val: 9, test: 9
[val] 2951 samples (fast cache: samples_val_erp_89df6a83b017.json)
Train: 23560, Val: 2951
Model: vit_baseline (89.7M params)
Epoch [1/40] L:0.2746 D:0.2746 824s
Epoch [2/40] L:0.2296 D:0.2296 554s
Epoch [3/40] L:0.2220 D:0.2220 554s
Epoch [4/40] L:0.2176 D:0.2176 555s
  Val L:0.2686 ABS:0.4867 RMSE:1.4548 d1:0.4628
  >> Best (score:1.1644 RMSE:1.4548 ABS:0.4867)
Epoch [5/40] L:0.2148 D:0.2148 554s
Epoch [6/40] L:0.2120 D:0.2120 554s
Epoch [7/40] L:0.2091 D:0.2091 554s
Epoch [8/40] L:0.2070 D:0.2070 555s
  Val L:0.2568 ABS:0.4869 RMSE:1.4168 d1:0.4931
  >> Best (score:1.1378 RMSE:1.4168 ABS:0.4869)
Epoch [9/40] L:0.2048 D:0.2048 553s
Epoch [10/40] L:0.2028 D:0.2028 554s
Epoch [11/40] L:0.2011 D:0.2011 555s
Epoch [12/40] L:0.1994 D:0.1994 555s
  Val L:0.2538 ABS:0.4699 RMSE:1.4279 d1:0.4992
Epoch [13/40] L:0.1974 D:0.1974 555s
Epoch [14/40] L:0.1963 D:0.1963 555s
Epoch [15/40] L:0.1945 D:0.1945 554s
Epoch [16/40] L:0.1928 D:0.1928 554s
  Val L:0.2505 ABS:0.4802 RMSE:1.4001 d1:0.5112
  >> Best (score:1.1241 RMSE:1.4001 ABS:0.4802)
Epoch [17/40] L:0.1914 D:0.1914 555s
Epoch [18/40] L:0.1899 D:0.1899 554s
Epoch [19/40] L:0.1885 D:0.1885 555s
Epoch [20/40] L:0.1875 D:0.1875 556s
  Val L:0.2497 ABS:0.4219 RMSE:1.4254 d1:0.5100
Epoch [21/40] L:0.1861 D:0.1861 555s
Epoch [22/40] L:0.1845 D:0.1845 554s
Epoch [23/40] L:0.1832 D:0.1832 554s
Epoch [24/40] L:0.1818 D:0.1818 554s
  Val L:0.2545 ABS:0.4573 RMSE:1.4023 d1:0.5026
  >> Best (score:1.1188 RMSE:1.4023 ABS:0.4573)
Epoch [25/40] L:0.1805 D:0.1805 553s
Epoch [26/40] L:0.1793 D:0.1793 554s
Epoch [27/40] L:0.1778 D:0.1778 554s
Epoch [28/40] L:0.1761 D:0.1761 554s
  Val L:0.2524 ABS:0.4743 RMSE:1.4020 d1:0.5208
Epoch [29/40] L:0.1747 D:0.1747 553s
Epoch [30/40] L:0.1735 D:0.1735 554s
Epoch [31/40] L:0.1722 D:0.1722 554s
Epoch [32/40] L:0.1707 D:0.1707 554s
  Val L:0.2605 ABS:0.4234 RMSE:1.4446 d1:0.5127
Epoch [33/40] L:0.1690 D:0.1690 554s
Epoch [34/40] L:0.1682 D:0.1682 554s
Epoch [35/40] L:0.1664 D:0.1664 554s
Epoch [36/40] L:0.1651 D:0.1651 554s
  Val L:0.2579 ABS:0.4507 RMSE:1.4229 d1:0.5159
Epoch [37/40] L:0.1637 D:0.1637 555s
Epoch [38/40] L:0.1621 D:0.1621 554s
Epoch [39/40] L:0.1608 D:0.1608 554s
Epoch [40/40] L:0.1588 D:0.1588 554s
  Val L:0.2543 ABS:0.4558 RMSE:1.4006 d1:0.5264
  >> Best (score:1.1172 RMSE:1.4006 ABS:0.4558)

Done. Best score:1.1172 RMSE:1.4006 ABS:0.4558
