/opt/conda/lib/python3.11/site-packages/timm/models/layers/__init__.py:49: FutureWarning: Importing from timm.models.layers is deprecated, please import via timm.layers
  warnings.warn(f"Importing from {__name__} is deprecated, please import via timm.layers", FutureWarning)
============================================================
Model: pretrained_resnet  Dataset: soundspaces
BS: 32  LR: 0.0003  Opt: AdamW
============================================================
Loaded scene split from /root/local1/changwoo/matterport3d_0303renew/scene_split.json
  train: 72, val: 9, test: 9
[train] 23560 samples (fast cache: samples_train_erp_c7ed256fbb9b.json)
Loaded scene split from /root/local1/changwoo/matterport3d_0303renew/scene_split.json
  train: 72, val: 9, test: 9
[val] 2951 samples (fast cache: samples_val_erp_89df6a83b017.json)
Train: 23560, Val: 2951
Model: pretrained_resnet (30.0M params)
  [train] epoch 1 step 200/737 (121s)
  [train] epoch 1 step 400/737 (239s)
  [train] epoch 1 step 600/737 (358s)
Epoch [1/40] L:0.2664 D:0.2664 438s
  [train] epoch 2 step 200/737 (117s)
  [train] epoch 2 step 400/737 (223s)
  [train] epoch 2 step 600/737 (342s)
Epoch [2/40] L:0.2358 D:0.2358 423s
  [train] epoch 3 step 200/737 (117s)
  [train] epoch 3 step 400/737 (236s)
  [train] epoch 3 step 600/737 (355s)
Epoch [3/40] L:0.2267 D:0.2267 435s
  [train] epoch 4 step 200/737 (119s)
  [train] epoch 4 step 400/737 (237s)
  [train] epoch 4 step 600/737 (354s)
Epoch [4/40] L:0.2201 D:0.2201 435s
  [val] starting (93 batches)
  [val] 50/93 (15s)
  [val] done (93 batches, 28s)
  Val L:0.2722 ABS:0.4783 RMSE:1.4842 d1:0.4743
  >> Best (score:1.1824 RMSE:1.4842 ABS:0.4783)
  [train] epoch 5 step 200/737 (118s)
  [train] epoch 5 step 400/737 (225s)
  [train] epoch 5 step 600/737 (343s)
Epoch [5/40] L:0.2138 D:0.2138 425s
  [train] epoch 6 step 200/737 (117s)
  [train] epoch 6 step 400/737 (236s)
  [train] epoch 6 step 600/737 (352s)
Epoch [6/40] L:0.2074 D:0.2074 432s
  [train] epoch 7 step 200/737 (119s)
  [train] epoch 7 step 400/737 (237s)
  [train] epoch 7 step 600/737 (355s)
Epoch [7/40] L:0.1994 D:0.1994 437s
  [train] epoch 8 step 200/737 (110s)
  [train] epoch 8 step 400/737 (223s)
  [train] epoch 8 step 600/737 (341s)
Epoch [8/40] L:0.1902 D:0.1902 423s
  [val] starting (93 batches)
  [val] 50/93 (15s)
  [val] done (93 batches, 28s)
  Val L:0.2832 ABS:0.5397 RMSE:1.5166 d1:0.4407
  [train] epoch 9 step 200/737 (118s)
  [train] epoch 9 step 400/737 (238s)
  [train] epoch 9 step 600/737 (356s)
Epoch [9/40] L:0.1797 D:0.1797 436s
  [train] epoch 10 step 200/737 (118s)
  [train] epoch 10 step 400/737 (231s)
  [train] epoch 10 step 600/737 (345s)
Epoch [10/40] L:0.1700 D:0.1700 426s
  [train] epoch 11 step 200/737 (106s)
  [train] epoch 11 step 400/737 (224s)
  [train] epoch 11 step 600/737 (342s)
Epoch [11/40] L:0.1604 D:0.1604 422s
  [train] epoch 12 step 200/737 (119s)
  [train] epoch 12 step 400/737 (237s)
  [train] epoch 12 step 600/737 (355s)
Epoch [12/40] L:0.1522 D:0.1522 436s
  [val] starting (93 batches)
  [val] 50/93 (16s)
  [val] done (93 batches, 28s)
  Val L:0.2727 ABS:0.5248 RMSE:1.4663 d1:0.4887
  [train] epoch 13 step 200/737 (118s)
  [train] epoch 13 step 400/737 (236s)
  [train] epoch 13 step 600/737 (355s)
Epoch [13/40] L:0.1445 D:0.1445 412s
  [train] epoch 14 step 200/737 (93s)
  [train] epoch 14 step 400/737 (210s)
  [train] epoch 14 step 600/737 (328s)
Epoch [14/40] L:0.1374 D:0.1374 407s
  [train] epoch 15 step 200/737 (118s)
  [train] epoch 15 step 400/737 (236s)
  [train] epoch 15 step 600/737 (352s)
Epoch [15/40] L:0.1315 D:0.1315 432s
  [train] epoch 16 step 200/737 (117s)
  [train] epoch 16 step 400/737 (234s)
  [train] epoch 16 step 600/737 (351s)
Epoch [16/40] L:0.1258 D:0.1258 430s
  [val] starting (93 batches)
  [val] 50/93 (15s)
  [val] done (93 batches, 28s)
  Val L:0.2842 ABS:0.4644 RMSE:1.5467 d1:0.4742
  [train] epoch 17 step 200/737 (118s)
  [train] epoch 17 step 400/737 (236s)
  [train] epoch 17 step 600/737 (352s)
Epoch [17/40] L:0.1209 D:0.1209 432s
  [train] epoch 18 step 200/737 (117s)
  [train] epoch 18 step 400/737 (235s)
  [train] epoch 18 step 600/737 (352s)
Epoch [18/40] L:0.1169 D:0.1169 433s
  [train] epoch 19 step 200/737 (118s)
  [train] epoch 19 step 400/737 (237s)
  [train] epoch 19 step 600/737 (354s)
Epoch [19/40] L:0.1130 D:0.1130 433s
  [train] epoch 20 step 200/737 (117s)
  [train] epoch 20 step 400/737 (235s)
  [train] epoch 20 step 600/737 (353s)
Epoch [20/40] L:0.1093 D:0.1093 433s
  [val] starting (93 batches)
  [val] 50/93 (15s)
  [val] done (93 batches, 28s)
  Val L:0.2883 ABS:0.4697 RMSE:1.5456 d1:0.4883
  [train] epoch 21 step 200/737 (118s)
  [train] epoch 21 step 400/737 (235s)
  [train] epoch 21 step 600/737 (352s)
Epoch [21/40] L:0.1061 D:0.1061 432s
  [train] epoch 22 step 200/737 (117s)
  [train] epoch 22 step 400/737 (234s)
  [train] epoch 22 step 600/737 (352s)
Epoch [22/40] L:0.1032 D:0.1032 431s
  [train] epoch 23 step 200/737 (117s)
  [train] epoch 23 step 400/737 (234s)
  [train] epoch 23 step 600/737 (351s)
Epoch [23/40] L:0.1004 D:0.1004 431s
  [train] epoch 24 step 200/737 (117s)
  [train] epoch 24 step 400/737 (228s)
  [train] epoch 24 step 600/737 (339s)
Epoch [24/40] L:0.0977 D:0.0977 409s
  [val] starting (93 batches)
  [val] 50/93 (16s)
  [val] done (93 batches, 28s)
  Val L:0.2867 ABS:0.5281 RMSE:1.5181 d1:0.4995
  [train] epoch 25 step 200/737 (119s)
  [train] epoch 25 step 400/737 (238s)
  [train] epoch 25 step 600/737 (355s)
Epoch [25/40] L:0.0954 D:0.0954 434s
  [train] epoch 26 step 200/737 (118s)
  [train] epoch 26 step 400/737 (234s)
  [train] epoch 26 step 600/737 (352s)
Epoch [26/40] L:0.0931 D:0.0931 432s
  [train] epoch 27 step 200/737 (117s)
  [train] epoch 27 step 400/737 (234s)
  [train] epoch 27 step 600/737 (351s)
Epoch [27/40] L:0.0913 D:0.0913 431s
  [train] epoch 28 step 200/737 (116s)
  [train] epoch 28 step 400/737 (232s)
  [train] epoch 28 step 600/737 (350s)
Epoch [28/40] L:0.0894 D:0.0894 431s
  [val] starting (93 batches)
  [val] 50/93 (16s)
  [val] done (93 batches, 29s)
  Val L:0.3820 ABS:0.5479 RMSE:1.7801 d1:0.3799
  [train] epoch 29 step 200/737 (118s)
  [train] epoch 29 step 400/737 (235s)
  [train] epoch 29 step 600/737 (352s)
Epoch [29/40] L:0.0872 D:0.0872 431s
  [train] epoch 30 step 200/737 (117s)
  [train] epoch 30 step 400/737 (234s)
  [train] epoch 30 step 600/737 (351s)
Epoch [30/40] L:0.0853 D:0.0853 431s
  [train] epoch 31 step 200/737 (118s)
  [train] epoch 31 step 400/737 (234s)
  [train] epoch 31 step 600/737 (351s)
Epoch [31/40] L:0.0841 D:0.0841 431s
  [train] epoch 32 step 200/737 (117s)
  [train] epoch 32 step 400/737 (235s)
  [train] epoch 32 step 600/737 (352s)
Epoch [32/40] L:0.0825 D:0.0825 433s
  [val] starting (93 batches)
  [val] 50/93 (15s)
  [val] done (93 batches, 28s)
  Val L:0.2899 ABS:0.5570 RMSE:1.5459 d1:0.4991
  [train] epoch 33 step 200/737 (117s)
  [train] epoch 33 step 400/737 (234s)
  [train] epoch 33 step 600/737 (352s)
Epoch [33/40] L:0.0804 D:0.0804 432s
  [train] epoch 34 step 200/737 (117s)
  [train] epoch 34 step 400/737 (235s)
  [train] epoch 34 step 600/737 (353s)
Epoch [34/40] L:0.0789 D:0.0789 431s
  [train] epoch 35 step 200/737 (117s)
  [train] epoch 35 step 400/737 (229s)
  [train] epoch 35 step 600/737 (339s)
Epoch [35/40] L:0.0774 D:0.0774 420s
  [train] epoch 36 step 200/737 (118s)
  [train] epoch 36 step 400/737 (235s)
  [train] epoch 36 step 600/737 (353s)
Epoch [36/40] L:0.0758 D:0.0758 433s
  [val] starting (93 batches)
  [val] 50/93 (15s)
  [val] done (93 batches, 28s)
  Val L:0.2936 ABS:0.4820 RMSE:1.5520 d1:0.4890
  [train] epoch 37 step 200/737 (117s)
  [train] epoch 37 step 400/737 (233s)
  [train] epoch 37 step 600/737 (350s)
Epoch [37/40] L:0.0748 D:0.0748 430s
  [train] epoch 38 step 200/737 (115s)
  [train] epoch 38 step 400/737 (224s)
  [train] epoch 38 step 600/737 (342s)
Epoch [38/40] L:0.0737 D:0.0737 422s
  [train] epoch 39 step 200/737 (119s)
  [train] epoch 39 step 400/737 (237s)
  [train] epoch 39 step 600/737 (354s)
Epoch [39/40] L:0.0722 D:0.0722 435s
  [train] epoch 40 step 200/737 (118s)
  [train] epoch 40 step 400/737 (236s)
  [train] epoch 40 step 600/737 (354s)
Epoch [40/40] L:0.0708 D:0.0708 431s
  [val] starting (93 batches)
  [val] 50/93 (15s)
  [val] done (93 batches, 28s)
  Val L:0.2792 ABS:0.4937 RMSE:1.5012 d1:0.5015

Done. Best score:1.1824 RMSE:1.4842 ABS:0.4783
