/opt/conda/lib/python3.11/site-packages/timm/models/layers/__init__.py:49: FutureWarning: Importing from timm.models.layers is deprecated, please import via timm.layers
  warnings.warn(f"Importing from {__name__} is deprecated, please import via timm.layers", FutureWarning)
============================================================
Model: vit_baseline  Dataset: soundspaces
BS: 8  LR: 1e-05  Opt: AdamW
============================================================
Loaded scene split from /root/local1/changwoo/matterport3d_0303renew/scene_split.json
  train: 72, val: 9, test: 9
[train] 23560 samples (fast cache: samples_train_erp_c7ed256fbb9b.json)
Loaded scene split from /root/local1/changwoo/matterport3d_0303renew/scene_split.json
  train: 72, val: 9, test: 9
[val] 2951 samples (fast cache: samples_val_erp_89df6a83b017.json)
Train: 23560, Val: 2951
Model: vit_baseline (89.7M params)
Epoch [1/40] L:0.3154 D:0.3154 555s
Epoch [2/40] L:0.2389 D:0.2389 555s
Epoch [3/40] L:0.2298 D:0.2298 554s
Epoch [4/40] L:0.2225 D:0.2225 554s
  Val L:0.2703 ABS:0.4793 RMSE:1.4840 d1:0.4662
  >> Best (score:1.1826 RMSE:1.4840 ABS:0.4793)
Epoch [5/40] L:0.2178 D:0.2178 553s
Epoch [6/40] L:0.2142 D:0.2142 554s
Epoch [7/40] L:0.2107 D:0.2107 554s
Epoch [8/40] L:0.2072 D:0.2072 554s
  Val L:0.2569 ABS:0.4855 RMSE:1.4252 d1:0.4977
  >> Best (score:1.1433 RMSE:1.4252 ABS:0.4855)
Epoch [9/40] L:0.2037 D:0.2037 555s
Epoch [10/40] L:0.2001 D:0.2001 554s
Epoch [11/40] L:0.1960 D:0.1960 555s
Epoch [12/40] L:0.1914 D:0.1914 555s
  Val L:0.2597 ABS:0.4862 RMSE:1.4223 d1:0.4845
  >> Best (score:1.1415 RMSE:1.4223 ABS:0.4862)
Epoch [13/40] L:0.1863 D:0.1863 554s
Epoch [14/40] L:0.1805 D:0.1805 555s
Epoch [15/40] L:0.1736 D:0.1736 555s
Epoch [16/40] L:0.1674 D:0.1674 555s
  Val L:0.2653 ABS:0.4729 RMSE:1.4464 d1:0.5004
Epoch [17/40] L:0.1598 D:0.1598 555s
Epoch [18/40] L:0.1523 D:0.1523 555s
Epoch [19/40] L:0.1447 D:0.1447 555s
Epoch [20/40] L:0.1374 D:0.1374 555s
  Val L:0.2708 ABS:0.4406 RMSE:1.4558 d1:0.5162
Epoch [21/40] L:0.1305 D:0.1305 554s
Epoch [22/40] L:0.1238 D:0.1238 554s
Epoch [23/40] L:0.1179 D:0.1179 554s
Epoch [24/40] L:0.1122 D:0.1122 554s
  Val L:0.2738 ABS:0.5071 RMSE:1.4519 d1:0.5160
Epoch [25/40] L:0.1073 D:0.1073 553s
Epoch [26/40] L:0.1027 D:0.1027 554s
Epoch [27/40] L:0.0987 D:0.0987 554s
Epoch [28/40] L:0.0953 D:0.0953 555s
  Val L:0.2878 ABS:0.5171 RMSE:1.5046 d1:0.5089
Epoch [29/40] L:0.0918 D:0.0918 554s
Epoch [30/40] L:0.0887 D:0.0887 554s
Epoch [31/40] L:0.0859 D:0.0859 554s
Epoch [32/40] L:0.0834 D:0.0834 553s
  Val L:0.2820 ABS:0.5005 RMSE:1.4823 d1:0.5159
Epoch [33/40] L:0.0809 D:0.0809 553s
Epoch [34/40] L:0.0786 D:0.0786 553s
Epoch [35/40] L:0.0767 D:0.0767 554s
Epoch [36/40] L:0.0748 D:0.0748 554s
  Val L:0.2890 ABS:0.4985 RMSE:1.5131 d1:0.5197
Epoch [37/40] L:0.0727 D:0.0727 554s
Epoch [38/40] L:0.0711 D:0.0711 554s
Epoch [39/40] L:0.0693 D:0.0693 555s
Epoch [40/40] L:0.0676 D:0.0676 554s
  Val L:0.2920 ABS:0.4957 RMSE:1.5317 d1:0.5137

Done. Best score:1.1415 RMSE:1.4223 ABS:0.4862
