/opt/conda/lib/python3.11/site-packages/timm/models/layers/__init__.py:49: FutureWarning: Importing from timm.models.layers is deprecated, please import via timm.layers
  warnings.warn(f"Importing from {__name__} is deprecated, please import via timm.layers", FutureWarning)
============================================================
Model: pretrained_vit  Dataset: soundspaces
BS: 16  LR: 5e-05  Opt: AdamW
============================================================
Loaded scene split from /root/local1/changwoo/matterport3d_0303renew/scene_split.json
  train: 72, val: 9, test: 9
[train] 23560 samples (fast cache: samples_train_erp_c7ed256fbb9b.json)
Loaded scene split from /root/local1/changwoo/matterport3d_0303renew/scene_split.json
  train: 72, val: 9, test: 9
[val] 2951 samples (fast cache: samples_val_erp_89df6a83b017.json)
Train: 23560, Val: 2951
Model: pretrained_vit (89.9M params)
  [train] epoch 1 step 294/1473 (327s)
  [train] epoch 1 step 588/1473 (618s)
  [train] epoch 1 step 882/1473 (943s)
  [train] epoch 1 step 1176/1473 (1267s)
  [train] epoch 1 step 1470/1473 (1589s)
Epoch [1/40] L:0.2582 D:0.2582 1592s
  [train] epoch 2 step 294/1473 (324s)
  [train] epoch 2 step 588/1473 (649s)
  [train] epoch 2 step 882/1473 (972s)
  [train] epoch 2 step 1176/1473 (1292s)
  [train] epoch 2 step 1470/1473 (1617s)
Epoch [2/40] L:0.2107 D:0.2107 1620s
  [train] epoch 3 step 294/1473 (325s)
  [train] epoch 3 step 588/1473 (647s)
  [train] epoch 3 step 882/1473 (970s)
  [train] epoch 3 step 1176/1473 (1297s)
  [train] epoch 3 step 1470/1473 (1608s)
Epoch [3/40] L:0.1988 D:0.1988 1611s
  [train] epoch 4 step 294/1473 (326s)
  [train] epoch 4 step 588/1473 (649s)
  [train] epoch 4 step 882/1473 (972s)
  [train] epoch 4 step 1176/1473 (1294s)
  [train] epoch 4 step 1470/1473 (1617s)
Epoch [4/40] L:0.1918 D:0.1918 1620s
  [val] starting (185 batches)
  [val] 50/185 (22s)
  [val] 100/185 (43s)
  [val] 150/185 (65s)
  [val] done (185 batches, 79s)
  Val L:0.2373 ABS:0.4351 RMSE:1.3717 d1:0.5161
  >> Best (score:1.0907 RMSE:1.3717 ABS:0.4351)
  [train] epoch 5 step 294/1473 (323s)
  [train] epoch 5 step 588/1473 (630s)
  [train] epoch 5 step 882/1473 (952s)
  [train] epoch 5 step 1176/1473 (1277s)
  [train] epoch 5 step 1470/1473 (1598s)
Epoch [5/40] L:0.1855 D:0.1855 1601s
  [train] epoch 6 step 294/1473 (322s)
  [train] epoch 6 step 588/1473 (644s)
  [train] epoch 6 step 882/1473 (967s)
  [train] epoch 6 step 1176/1473 (1281s)
  [train] epoch 6 step 1470/1473 (1602s)
Epoch [6/40] L:0.1801 D:0.1801 1605s
  [train] epoch 7 step 294/1473 (323s)
  [train] epoch 7 step 588/1473 (644s)
  [train] epoch 7 step 882/1473 (967s)
  [train] epoch 7 step 1176/1473 (1291s)
  [train] epoch 7 step 1470/1473 (1612s)
Epoch [7/40] L:0.1749 D:0.1749 1615s
  [train] epoch 8 step 294/1473 (323s)
  [train] epoch 8 step 588/1473 (646s)
  [train] epoch 8 step 882/1473 (972s)
  [train] epoch 8 step 1176/1473 (1294s)
  [train] epoch 8 step 1470/1473 (1618s)
Epoch [8/40] L:0.1691 D:0.1691 1620s
  [val] starting (185 batches)
  [val] 50/185 (22s)
  [val] 100/185 (43s)
  [val] 150/185 (63s)
  [val] done (185 batches, 78s)
  Val L:0.2311 ABS:0.4019 RMSE:1.3664 d1:0.5307
  >> Best (score:1.0771 RMSE:1.3664 ABS:0.4019)
  [train] epoch 9 step 294/1473 (325s)
  [train] epoch 9 step 588/1473 (611s)
  [train] epoch 9 step 882/1473 (933s)
  [train] epoch 9 step 1176/1473 (1256s)
  [train] epoch 9 step 1470/1473 (1579s)
Epoch [9/40] L:0.1629 D:0.1629 1582s
  [train] epoch 10 step 294/1473 (322s)
  [train] epoch 10 step 588/1473 (645s)
  [train] epoch 10 step 882/1473 (968s)
  [train] epoch 10 step 1176/1473 (1290s)
  [train] epoch 10 step 1470/1473 (1614s)
Epoch [10/40] L:0.1568 D:0.1568 1618s
  [train] epoch 11 step 294/1473 (320s)
  [train] epoch 11 step 588/1473 (642s)
  [train] epoch 11 step 882/1473 (963s)
  [train] epoch 11 step 1176/1473 (1286s)
  [train] epoch 11 step 1470/1473 (1607s)
Epoch [11/40] L:0.1501 D:0.1501 1610s
  [train] epoch 12 step 294/1473 (315s)
  [train] epoch 12 step 588/1473 (638s)
  [train] epoch 12 step 882/1473 (961s)
  [train] epoch 12 step 1176/1473 (1282s)
  [train] epoch 12 step 1470/1473 (1606s)
Epoch [12/40] L:0.1435 D:0.1435 1609s
  [val] starting (185 batches)
  [val] 50/185 (21s)
  [val] 100/185 (42s)
  [val] 150/185 (64s)
  [val] done (185 batches, 80s)
  Val L:0.2385 ABS:0.4325 RMSE:1.3722 d1:0.5294
  [train] epoch 13 step 294/1473 (323s)
  [train] epoch 13 step 588/1473 (631s)
  [train] epoch 13 step 882/1473 (953s)
  [train] epoch 13 step 1176/1473 (1276s)
  [train] epoch 13 step 1470/1473 (1597s)
Epoch [13/40] L:0.1370 D:0.1370 1600s
  [train] epoch 14 step 294/1473 (323s)
  [train] epoch 14 step 588/1473 (642s)
  [train] epoch 14 step 882/1473 (965s)
  [train] epoch 14 step 1176/1473 (1279s)
  [train] epoch 14 step 1470/1473 (1599s)
Epoch [14/40] L:0.1304 D:0.1304 1603s
  [train] epoch 15 step 294/1473 (324s)
  [train] epoch 15 step 588/1473 (645s)
  [train] epoch 15 step 882/1473 (967s)
  [train] epoch 15 step 1176/1473 (1290s)
  [train] epoch 15 step 1470/1473 (1615s)
Epoch [15/40] L:0.1246 D:0.1246 1618s
  [train] epoch 16 step 294/1473 (318s)
  [train] epoch 16 step 588/1473 (640s)
  [train] epoch 16 step 882/1473 (962s)
  [train] epoch 16 step 1176/1473 (1285s)
  [train] epoch 16 step 1470/1473 (1608s)
Epoch [16/40] L:0.1191 D:0.1191 1612s
  [val] starting (185 batches)
  [val] 50/185 (22s)
  [val] 100/185 (43s)
  [val] 150/185 (64s)
  [val] done (185 batches, 80s)
  Val L:0.2531 ABS:0.4075 RMSE:1.3983 d1:0.5362
  [train] epoch 17 step 294/1473 (322s)
  [train] epoch 17 step 588/1473 (621s)
  [train] epoch 17 step 882/1473 (946s)
  [train] epoch 17 step 1176/1473 (1268s)
  [train] epoch 17 step 1470/1473 (1590s)
Epoch [17/40] L:0.1137 D:0.1137 1592s
  [train] epoch 18 step 294/1473 (323s)
  [train] epoch 18 step 588/1473 (646s)
  [train] epoch 18 step 882/1473 (970s)
  [train] epoch 18 step 1176/1473 (1290s)
  [train] epoch 18 step 1470/1473 (1614s)
Epoch [18/40] L:0.1091 D:0.1091 1617s
  [train] epoch 19 step 294/1473 (323s)
  [train] epoch 19 step 588/1473 (646s)
  [train] epoch 19 step 882/1473 (968s)
  [train] epoch 19 step 1176/1473 (1289s)
  [train] epoch 19 step 1470/1473 (1611s)
Epoch [19/40] L:0.1042 D:0.1042 1614s
  [train] epoch 20 step 294/1473 (312s)
  [train] epoch 20 step 588/1473 (634s)
  [train] epoch 20 step 882/1473 (955s)
  [train] epoch 20 step 1176/1473 (1277s)
  [train] epoch 20 step 1470/1473 (1600s)
Epoch [20/40] L:0.1000 D:0.1000 1603s
  [val] starting (185 batches)
  [val] 50/185 (22s)
  [val] 100/185 (43s)
  [val] 150/185 (65s)
  [val] done (185 batches, 80s)
  Val L:0.2554 ABS:0.4146 RMSE:1.4171 d1:0.5410
  [train] epoch 21 step 294/1473 (322s)
  [train] epoch 21 step 588/1473 (633s)
  [train] epoch 21 step 882/1473 (956s)
  [train] epoch 21 step 1176/1473 (1281s)
  [train] epoch 21 step 1470/1473 (1605s)
Epoch [21/40] L:0.0961 D:0.0961 1609s
  [train] epoch 22 step 294/1473 (324s)
  [train] epoch 22 step 588/1473 (647s)
  [train] epoch 22 step 882/1473 (969s)
  [train] epoch 22 step 1176/1473 (1265s)
  [train] epoch 22 step 1470/1473 (1576s)
Epoch [22/40] L:0.0926 D:0.0926 1579s
  [train] epoch 23 step 294/1473 (328s)
  [train] epoch 23 step 588/1473 (653s)
  [train] epoch 23 step 882/1473 (980s)
  [train] epoch 23 step 1176/1473 (1308s)
  [train] epoch 23 step 1470/1473 (1632s)
Epoch [23/40] L:0.0894 D:0.0894 1635s
  [train] epoch 24 step 294/1473 (326s)
  [train] epoch 24 step 588/1473 (653s)
  [train] epoch 24 step 882/1473 (981s)
  [train] epoch 24 step 1176/1473 (1308s)
  [train] epoch 24 step 1470/1473 (1634s)
Epoch [24/40] L:0.0864 D:0.0864 1637s
  [val] starting (185 batches)
  [val] 50/185 (22s)
  [val] 100/185 (43s)
  [val] 150/185 (65s)
  [val] done (185 batches, 80s)
  Val L:0.2492 ABS:0.4331 RMSE:1.4021 d1:0.5468
  [train] epoch 25 step 294/1473 (327s)
  [train] epoch 25 step 588/1473 (644s)
  [train] epoch 25 step 882/1473 (970s)
  [train] epoch 25 step 1176/1473 (1298s)
  [train] epoch 25 step 1470/1473 (1624s)
Epoch [25/40] L:0.0840 D:0.0840 1627s
  [train] epoch 26 step 294/1473 (328s)
  [train] epoch 26 step 588/1473 (654s)
  [train] epoch 26 step 882/1473 (980s)
  [train] epoch 26 step 1176/1473 (1298s)
  [train] epoch 26 step 1470/1473 (1632s)
Epoch [26/40] L:0.0811 D:0.0811 1635s
  [train] epoch 27 step 294/1473 (337s)
  [train] epoch 27 step 588/1473 (673s)
  [train] epoch 27 step 882/1473 (1008s)
  [train] epoch 27 step 1176/1473 (1346s)
  [train] epoch 27 step 1470/1473 (1682s)
Epoch [27/40] L:0.0788 D:0.0788 1685s
  [train] epoch 28 step 294/1473 (337s)
  [train] epoch 28 step 588/1473 (674s)
  [train] epoch 28 step 882/1473 (1010s)
  [train] epoch 28 step 1176/1473 (1347s)
  [train] epoch 28 step 1470/1473 (1681s)
Epoch [28/40] L:0.0766 D:0.0766 1684s
  [val] starting (185 batches)
  [val] 50/185 (22s)
  [val] 100/185 (44s)
  [val] 150/185 (66s)
  [val] done (185 batches, 81s)
  Val L:0.2567 ABS:0.4272 RMSE:1.4249 d1:0.5520
  [train] epoch 29 step 294/1473 (337s)
  [train] epoch 29 step 588/1473 (676s)
  [train] epoch 29 step 882/1473 (1011s)
  [train] epoch 29 step 1176/1473 (1347s)
  [train] epoch 29 step 1470/1473 (1682s)
Epoch [29/40] L:0.0743 D:0.0743 1686s
  [train] epoch 30 step 294/1473 (334s)
  [train] epoch 30 step 588/1473 (670s)
  [train] epoch 30 step 882/1473 (1006s)
  [train] epoch 30 step 1176/1473 (1340s)
  [train] epoch 30 step 1470/1473 (1678s)
Epoch [30/40] L:0.0726 D:0.0726 1681s
  [train] epoch 31 step 294/1473 (337s)
  [train] epoch 31 step 588/1473 (672s)
  [train] epoch 31 step 882/1473 (1007s)
  [train] epoch 31 step 1176/1473 (1341s)
  [train] epoch 31 step 1470/1473 (1675s)
Epoch [31/40] L:0.0702 D:0.0702 1679s
  [train] epoch 32 step 294/1473 (336s)
  [train] epoch 32 step 588/1473 (675s)
  [train] epoch 32 step 882/1473 (1012s)
  [train] epoch 32 step 1176/1473 (1345s)
  [train] epoch 32 step 1470/1473 (1681s)
Epoch [32/40] L:0.0686 D:0.0686 1684s
  [val] starting (185 batches)
  [val] 50/185 (22s)
  [val] 100/185 (44s)
  [val] 150/185 (66s)
  [val] done (185 batches, 81s)
  Val L:0.2586 ABS:0.4141 RMSE:1.4333 d1:0.5472
  [train] epoch 33 step 294/1473 (337s)
  [train] epoch 33 step 588/1473 (672s)
  [train] epoch 33 step 882/1473 (1009s)

  [train] epoch 33 step 882/1473 (981s)
  [train] epoch 33 step 1176/1473 (1308s)
  [train] epoch 33 step 1470/1473 (1636s)
Epoch [33/40] L:0.0781 D:0.0781 1639s
  [train] epoch 34 step 294/1473 (326s)
  [train] epoch 34 step 588/1473 (651s)
