/opt/conda/lib/python3.11/site-packages/timm/models/layers/__init__.py:49: FutureWarning: Importing from timm.models.layers is deprecated, please import via timm.layers
  warnings.warn(f"Importing from {__name__} is deprecated, please import via timm.layers", FutureWarning)
============================================================
Model: pretrained_vit  Dataset: soundspaces
BS: 16  LR: 0.0001  Opt: AdamW
============================================================
Loaded scene split from /root/local1/changwoo/matterport3d_0303renew/scene_split.json
  train: 72, val: 9, test: 9
[train] 23560 samples (fast cache: samples_train_erp_c7ed256fbb9b.json)
Loaded scene split from /root/local1/changwoo/matterport3d_0303renew/scene_split.json
  train: 72, val: 9, test: 9
[val] 2951 samples (fast cache: samples_val_erp_89df6a83b017.json)
Train: 23560, Val: 2951
Model: pretrained_vit (89.9M params)
  [train] epoch 1 step 294/1473 (315s)
  [train] epoch 1 step 588/1473 (622s)
  [train] epoch 1 step 882/1473 (928s)
  [train] epoch 1 step 1176/1473 (1232s)
  [train] epoch 1 step 1470/1473 (1539s)
Epoch [1/40] L:0.2914 D:0.2914 1542s
  [train] epoch 2 step 294/1473 (306s)
  [train] epoch 2 step 588/1473 (615s)
  [train] epoch 2 step 882/1473 (922s)
  [train] epoch 2 step 1176/1473 (1229s)
  [train] epoch 2 step 1470/1473 (1533s)
Epoch [2/40] L:0.2375 D:0.2375 1535s
  [train] epoch 3 step 294/1473 (296s)
  [train] epoch 3 step 588/1473 (590s)
  [train] epoch 3 step 882/1473 (897s)
  [train] epoch 3 step 1176/1473 (1204s)
  [train] epoch 3 step 1470/1473 (1510s)
Epoch [3/40] L:0.2286 D:0.2286 1513s
  [train] epoch 4 step 294/1473 (302s)
  [train] epoch 4 step 588/1473 (607s)
  [train] epoch 4 step 882/1473 (912s)
  [train] epoch 4 step 1176/1473 (1216s)
  [train] epoch 4 step 1470/1473 (1522s)
Epoch [4/40] L:0.2205 D:0.2205 1525s
  [val] starting (185 batches)
  [val] 50/185 (21s)
  [val] 100/185 (43s)
  [val] 150/185 (64s)
  [val] done (185 batches, 79s)
  Val L:0.2643 ABS:0.5217 RMSE:1.4298 d1:0.4917
  >> Best (score:1.1573 RMSE:1.4298 ABS:0.5217)
  [train] epoch 5 step 294/1473 (305s)
  [train] epoch 5 step 588/1473 (612s)
  [train] epoch 5 step 882/1473 (920s)
  [train] epoch 5 step 1176/1473 (1220s)
  [train] epoch 5 step 1470/1473 (1526s)
Epoch [5/40] L:0.2117 D:0.2117 1529s
  [train] epoch 6 step 294/1473 (306s)
  [train] epoch 6 step 588/1473 (610s)
  [train] epoch 6 step 882/1473 (916s)
  [train] epoch 6 step 1176/1473 (1226s)
  [train] epoch 6 step 1470/1473 (1534s)
Epoch [6/40] L:0.2050 D:0.2050 1537s
  [train] epoch 7 step 294/1473 (311s)
  [train] epoch 7 step 588/1473 (604s)
  [train] epoch 7 step 882/1473 (910s)
  [train] epoch 7 step 1176/1473 (1220s)
  [train] epoch 7 step 1470/1473 (1524s)
Epoch [7/40] L:0.2001 D:0.2001 1527s
  [train] epoch 8 step 294/1473 (306s)
  [train] epoch 8 step 588/1473 (610s)
  [train] epoch 8 step 882/1473 (908s)
  [train] epoch 8 step 1176/1473 (1210s)
  [train] epoch 8 step 1470/1473 (1517s)
Epoch [8/40] L:0.1965 D:0.1965 1520s
  [val] starting (185 batches)
  [val] 50/185 (21s)
  [val] 100/185 (43s)
  [val] 150/185 (64s)
  [val] done (185 batches, 79s)
  Val L:0.2444 ABS:0.4254 RMSE:1.4081 d1:0.5040
  >> Best (score:1.1133 RMSE:1.4081 ABS:0.4254)
  [train] epoch 9 step 294/1473 (307s)
  [train] epoch 9 step 588/1473 (591s)
  [train] epoch 9 step 882/1473 (894s)
  [train] epoch 9 step 1176/1473 (1205s)
  [train] epoch 9 step 1470/1473 (1513s)
Epoch [9/40] L:0.1938 D:0.1938 1515s
  [train] epoch 10 step 294/1473 (304s)
  [train] epoch 10 step 588/1473 (609s)
  [train] epoch 10 step 882/1473 (920s)
  [train] epoch 10 step 1176/1473 (1225s)
  [train] epoch 10 step 1470/1473 (1533s)
Epoch [10/40] L:0.1912 D:0.1912 1536s
  [train] epoch 11 step 294/1473 (305s)
  [train] epoch 11 step 588/1473 (591s)
  [train] epoch 11 step 882/1473 (900s)
  [train] epoch 11 step 1176/1473 (1210s)
  [train] epoch 11 step 1470/1473 (1515s)
Epoch [11/40] L:0.1883 D:0.1883 1517s
  [train] epoch 12 step 294/1473 (304s)
  [train] epoch 12 step 588/1473 (612s)
  [train] epoch 12 step 882/1473 (919s)
  [train] epoch 12 step 1176/1473 (1224s)
  [train] epoch 12 step 1470/1473 (1526s)
Epoch [12/40] L:0.1858 D:0.1858 1529s
  [val] starting (185 batches)
  [val] 50/185 (21s)
  [val] 100/185 (43s)
  [val] 150/185 (63s)
  [val] done (185 batches, 78s)
  Val L:0.2442 ABS:0.4141 RMSE:1.4111 d1:0.5025
  >> Best (score:1.1120 RMSE:1.4111 ABS:0.4141)
  [train] epoch 13 step 294/1473 (304s)
  [train] epoch 13 step 588/1473 (612s)
  [train] epoch 13 step 882/1473 (919s)
  [train] epoch 13 step 1176/1473 (1230s)
  [train] epoch 13 step 1470/1473 (1529s)
Epoch [13/40] L:0.1834 D:0.1834 1532s
  [train] epoch 14 step 294/1473 (306s)
  [train] epoch 14 step 588/1473 (614s)
  [train] epoch 14 step 882/1473 (917s)
  [train] epoch 14 step 1176/1473 (1223s)
  [train] epoch 14 step 1470/1473 (1532s)
Epoch [14/40] L:0.1812 D:0.1812 1534s
  [train] epoch 15 step 294/1473 (306s)
  [train] epoch 15 step 588/1473 (596s)
  [train] epoch 15 step 882/1473 (903s)
  [train] epoch 15 step 1176/1473 (1209s)
  [train] epoch 15 step 1470/1473 (1515s)
Epoch [15/40] L:0.1791 D:0.1791 1518s
  [train] epoch 16 step 294/1473 (307s)
  [train] epoch 16 step 588/1473 (617s)
  [train] epoch 16 step 882/1473 (921s)
  [train] epoch 16 step 1176/1473 (1219s)
  [train] epoch 16 step 1470/1473 (1528s)
Epoch [16/40] L:0.1768 D:0.1768 1531s
  [val] starting (185 batches)
  [val] 50/185 (22s)
  [val] 100/185 (43s)
  [val] 150/185 (64s)
  [val] done (185 batches, 79s)
  Val L:0.2448 ABS:0.3810 RMSE:1.3985 d1:0.5322
  >> Best (score:1.0932 RMSE:1.3985 ABS:0.3810)
  [train] epoch 17 step 294/1473 (305s)
  [train] epoch 17 step 588/1473 (612s)
  [train] epoch 17 step 882/1473 (918s)
  [train] epoch 17 step 1176/1473 (1225s)
  [train] epoch 17 step 1470/1473 (1530s)
Epoch [17/40] L:0.1735 D:0.1735 1533s
  [train] epoch 18 step 294/1473 (308s)
  [train] epoch 18 step 588/1473 (616s)
  [train] epoch 18 step 882/1473 (922s)
  [train] epoch 18 step 1176/1473 (1228s)
  [train] epoch 18 step 1470/1473 (1533s)
Epoch [18/40] L:0.1708 D:0.1708 1536s
  [train] epoch 19 step 294/1473 (307s)
  [train] epoch 19 step 588/1473 (588s)
  [train] epoch 19 step 882/1473 (891s)
  [train] epoch 19 step 1176/1473 (1197s)
  [train] epoch 19 step 1470/1473 (1503s)
Epoch [19/40] L:0.1690 D:0.1690 1506s
  [train] epoch 20 step 294/1473 (304s)
  [train] epoch 20 step 588/1473 (612s)
  [train] epoch 20 step 882/1473 (916s)
  [train] epoch 20 step 1176/1473 (1223s)
  [train] epoch 20 step 1470/1473 (1525s)
Epoch [20/40] L:0.1655 D:0.1655 1528s
  [val] starting (185 batches)
  [val] 50/185 (22s)
  [val] 100/185 (44s)
  [val] 150/185 (65s)
  [val] done (185 batches, 80s)
  Val L:0.2417 ABS:0.4248 RMSE:1.3750 d1:0.5220
  >> Best (score:1.0899 RMSE:1.3750 ABS:0.4248)
  [train] epoch 21 step 294/1473 (304s)
  [train] epoch 21 step 588/1473 (607s)
  [train] epoch 21 step 882/1473 (914s)
  [train] epoch 21 step 1176/1473 (1221s)
  [train] epoch 21 step 1470/1473 (1526s)
Epoch [21/40] L:0.1625 D:0.1625 1529s
  [train] epoch 22 step 294/1473 (265s)
  [train] epoch 22 step 588/1473 (571s)
  [train] epoch 22 step 882/1473 (874s)
  [train] epoch 22 step 1176/1473 (1180s)
  [train] epoch 22 step 1470/1473 (1487s)
Epoch [22/40] L:0.1597 D:0.1597 1490s
  [train] epoch 23 step 294/1473 (306s)
  [train] epoch 23 step 588/1473 (602s)
  [train] epoch 23 step 882/1473 (907s)
  [train] epoch 23 step 1176/1473 (1215s)
  [train] epoch 23 step 1470/1473 (1523s)
Epoch [23/40] L:0.1570 D:0.1570 1526s
  [train] epoch 24 step 294/1473 (308s)
  [train] epoch 24 step 588/1473 (615s)
  [train] epoch 24 step 882/1473 (921s)
  [train] epoch 24 step 1176/1473 (1230s)
  [train] epoch 24 step 1470/1473 (1524s)
Epoch [24/40] L:0.1534 D:0.1534 1527s
  [val] starting (185 batches)
  [val] 50/185 (21s)
  [val] 100/185 (42s)
  [val] 150/185 (62s)
  [val] done (185 batches, 78s)
  Val L:0.2396 ABS:0.4485 RMSE:1.3680 d1:0.5257
  [train] epoch 25 step 294/1473 (305s)
  [train] epoch 25 step 588/1473 (612s)
  [train] epoch 25 step 882/1473 (919s)
  [train] epoch 25 step 1176/1473 (1224s)
  [train] epoch 25 step 1470/1473 (1530s)
Epoch [25/40] L:0.1502 D:0.1502 1533s
  [train] epoch 26 step 294/1473 (306s)
  [train] epoch 26 step 588/1473 (611s)
  [train] epoch 26 step 882/1473 (919s)
  [train] epoch 26 step 1176/1473 (1227s)
  [train] epoch 26 step 1470/1473 (1536s)
Epoch [26/40] L:0.1472 D:0.1472 1539s
  [train] epoch 27 step 294/1473 (310s)
  [train] epoch 27 step 588/1473 (606s)
  [train] epoch 27 step 882/1473 (897s)
  [train] epoch 27 step 1176/1473 (1205s)
  [train] epoch 27 step 1470/1473 (1514s)
Epoch [27/40] L:0.1440 D:0.1440 1517s
  [train] epoch 28 step 294/1473 (307s)
  [train] epoch 28 step 588/1473 (612s)
  [train] epoch 28 step 882/1473 (919s)
  [train] epoch 28 step 1176/1473 (1229s)
  [train] epoch 28 step 1470/1473 (1533s)
Epoch [28/40] L:0.1403 D:0.1403 1536s
  [val] starting (185 batches)
  [val] 50/185 (21s)
  [val] 100/185 (42s)
  [val] 150/185 (64s)
  [val] done (185 batches, 78s)
  Val L:0.2434 ABS:0.3974 RMSE:1.3851 d1:0.5389
  >> Best (score:1.0888 RMSE:1.3851 ABS:0.3974)
  [train] epoch 29 step 294/1473 (305s)
  [train] epoch 29 step 588/1473 (611s)
  [train] epoch 29 step 882/1473 (918s)
  [train] epoch 29 step 1176/1473 (1225s)
  [train] epoch 29 step 1470/1473 (1531s)
Epoch [29/40] L:0.1371 D:0.1371 1534s
  [train] epoch 30 step 294/1473 (304s)
  [train] epoch 30 step 588/1473 (599s)
  [train] epoch 30 step 882/1473 (910s)
  [train] epoch 30 step 1176/1473 (1220s)
  [train] epoch 30 step 1470/1473 (1526s)
Epoch [30/40] L:0.1341 D:0.1341 1528s
  [train] epoch 31 step 294/1473 (307s)
  [train] epoch 31 step 588/1473 (602s)
  [train] epoch 31 step 882/1473 (911s)
  [train] epoch 31 step 1176/1473 (1219s)
  [train] epoch 31 step 1470/1473 (1527s)
Epoch [31/40] L:0.1306 D:0.1306 1530s
  [train] epoch 32 step 294/1473 (309s)
  [train] epoch 32 step 588/1473 (616s)
  [train] epoch 32 step 882/1473 (925s)
  [train] epoch 32 step 1176/1473 (1231s)
  [train] epoch 32 step 1470/1473 (1533s)
Epoch [32/40] L:0.1273 D:0.1273 1535s
  [val] starting (185 batches)
  [val] 50/185 (17s)
  [val] 100/185 (38s)
  [val] 150/185 (59s)
  [val] done (185 batches, 73s)
  Val L:0.2587 ABS:0.4212 RMSE:1.4243 d1:0.5308
  [train] epoch 33 step 294/1473 (308s)
  [train] epoch 33 step 588/1473 (615s)
  [train] epoch 33 step 882/1473 (920s)
  [train] epoch 33 step 1176/1473 (1228s)
  [train] epoch 33 step 1470/1473 (1537s)
Epoch [33/40] L:0.1252 D:0.1252 1540s
  [train] epoch 34 step 294/1473 (307s)
  [train] epoch 34 step 588/1473 (608s)
  [train] epoch 34 step 882/1473 (917s)
  [train] epoch 34 step 1176/1473 (1223s)
  [train] epoch 34 step 1470/1473 (1532s)
Epoch [34/40] L:0.1213 D:0.1213 1535s
  [train] epoch 35 step 294/1473 (306s)
  [train] epoch 35 step 588/1473 (611s)
  [train] epoch 35 step 882/1473 (917s)
  [train] epoch 35 step 1176/1473 (1213s)
