/opt/conda/lib/python3.11/site-packages/timm/models/layers/__init__.py:49: FutureWarning: Importing from timm.models.layers is deprecated, please import via timm.layers
  warnings.warn(f"Importing from {__name__} is deprecated, please import via timm.layers", FutureWarning)
Warning: You are sending unauthenticated requests to the HF Hub. Please set a HF_TOKEN to enable higher rate limits and faster downloads.
============================================================
Model: echodiffusion  Dataset: soundspaces
BS: 32  LR: 0.0001  Opt: AdamW
============================================================
Loaded scene split from /root/local1/changwoo/matterport3d_0303renew/scene_split.json
  train: 72, val: 9, test: 9
[train] 23560 samples (fast cache: samples_train_erp_c7ed256fbb9b.json) [waveform=ON]
Loaded scene split from /root/local1/changwoo/matterport3d_0303renew/scene_split.json
  train: 72, val: 9, test: 9
[val] 2951 samples (fast cache: samples_val_erp_89df6a83b017.json) [waveform=ON]
Train: 23560, Val: 2951
Loading weights:   0%|          | 0/210 [00:00<?, ?it/s]Loading weights: 100%|██████████| 210/210 [00:00<00:00, 8900.96it/s]
[transformers] [1mWav2Vec2Model LOAD REPORT[0m from: facebook/wav2vec2-base-960h
Key               | Status     | 
------------------+------------+-
lm_head.weight    | UNEXPECTED | 
lm_head.bias      | UNEXPECTED | 
masked_spec_embed | MISSING    | 

Notes:
- UNEXPECTED:	can be ignored when loading from different task/architecture; not ok if you expect identical arch.
- MISSING:	those params were newly initialized because missing from the checkpoint. Consider training on your downstream task.
Model: echodiffusion (132.6M params)
  [train] epoch 1 step 200/737 (275s)
  [train] epoch 1 step 400/737 (543s)
  [train] epoch 1 step 600/737 (815s)
Epoch [1/40] L:0.3419 D:0.3419 1002s
  [train] epoch 2 step 200/737 (270s)
  [train] epoch 2 step 400/737 (541s)
  [train] epoch 2 step 600/737 (809s)
Epoch [2/40] L:0.2279 D:0.2279 994s
  [train] epoch 3 step 200/737 (270s)
  [train] epoch 3 step 400/737 (538s)
  [train] epoch 3 step 600/737 (811s)
Epoch [3/40] L:0.2128 D:0.2128 995s
  [train] epoch 4 step 200/737 (271s)
  [train] epoch 4 step 400/737 (541s)
  [train] epoch 4 step 600/737 (812s)
Epoch [4/40] L:0.2063 D:0.2063 998s
  [val] starting (93 batches)
  [val] 50/93 (30s)
  [val] done (93 batches, 56s)
  Val L:0.2518 ABS:0.4134 RMSE:1.4640 d1:0.4676
  >> Best (score:1.1488 RMSE:1.4640 ABS:0.4134)
  [train] epoch 5 step 200/737 (258s)
  [train] epoch 5 step 400/737 (522s)
  [train] epoch 5 step 600/737 (794s)
Epoch [5/40] L:0.2007 D:0.2007 969s
  [train] epoch 6 step 200/737 (266s)
  [train] epoch 6 step 400/737 (535s)
  [train] epoch 6 step 600/737 (803s)
Epoch [6/40] L:0.1953 D:0.1953 987s
  [train] epoch 7 step 200/737 (270s)
  [train] epoch 7 step 400/737 (538s)
  [train] epoch 7 step 600/737 (807s)
Epoch [7/40] L:0.1910 D:0.1910 992s
  [train] epoch 8 step 200/737 (270s)
  [train] epoch 8 step 400/737 (542s)
  [train] epoch 8 step 600/737 (813s)
Epoch [8/40] L:0.1859 D:0.1859 997s
  [val] starting (93 batches)
  [val] 50/93 (31s)
  [val] done (93 batches, 56s)
  Val L:0.2380 ABS:0.4161 RMSE:1.3892 d1:0.5165
  >> Best (score:1.0973 RMSE:1.3892 ABS:0.4161)
  [train] epoch 9 step 200/737 (271s)
  [train] epoch 9 step 400/737 (541s)
  [train] epoch 9 step 600/737 (812s)
Epoch [9/40] L:0.1808 D:0.1808 995s
  [train] epoch 10 step 200/737 (272s)
  [train] epoch 10 step 400/737 (544s)
  [train] epoch 10 step 600/737 (814s)
Epoch [10/40] L:0.1754 D:0.1754 1000s
  [train] epoch 11 step 200/737 (269s)
  [train] epoch 11 step 400/737 (540s)
  [train] epoch 11 step 600/737 (808s)
Epoch [11/40] L:0.1689 D:0.1689 994s
  [train] epoch 12 step 200/737 (271s)
  [train] epoch 12 step 400/737 (541s)
  [train] epoch 12 step 600/737 (808s)
Epoch [12/40] L:0.1618 D:0.1618 991s
  [val] starting (93 batches)
  [val] 50/93 (35s)
  [val] done (93 batches, 62s)
  Val L:0.2530 ABS:0.4165 RMSE:1.4324 d1:0.4916
  [train] epoch 13 step 200/737 (271s)
  [train] epoch 13 step 400/737 (540s)
  [train] epoch 13 step 600/737 (814s)
Epoch [13/40] L:0.1557 D:0.1557 1000s
  [train] epoch 14 step 200/737 (269s)
  [train] epoch 14 step 400/737 (540s)
  [train] epoch 14 step 600/737 (810s)
Epoch [14/40] L:0.1501 D:0.1501 995s
  [train] epoch 15 step 200/737 (263s)
  [train] epoch 15 step 400/737 (520s)
  [train] epoch 15 step 600/737 (790s)
Epoch [15/40] L:0.1431 D:0.1431 967s
  [train] epoch 16 step 200/737 (261s)
  [train] epoch 16 step 400/737 (528s)
  [train] epoch 16 step 600/737 (797s)
Epoch [16/40] L:0.1366 D:0.1366 982s
  [val] starting (93 batches)
  [val] 50/93 (32s)
  [val] done (93 batches, 57s)
  Val L:0.2528 ABS:0.4369 RMSE:1.4088 d1:0.5178
  [train] epoch 17 step 200/737 (268s)
  [train] epoch 17 step 400/737 (535s)
  [train] epoch 17 step 600/737 (804s)
Epoch [17/40] L:0.1311 D:0.1311 990s
  [train] epoch 18 step 200/737 (272s)
  [train] epoch 18 step 400/737 (543s)
  [train] epoch 18 step 600/737 (813s)
Epoch [18/40] L:0.1266 D:0.1266 999s
  [train] epoch 19 step 200/737 (268s)
  [train] epoch 19 step 400/737 (541s)
  [train] epoch 19 step 600/737 (807s)
Epoch [19/40] L:0.1222 D:0.1222 992s
  [train] epoch 20 step 200/737 (270s)
  [train] epoch 20 step 400/737 (542s)
  [train] epoch 20 step 600/737 (813s)
Epoch [20/40] L:0.1183 D:0.1183 997s
  [val] starting (93 batches)
  [val] 50/93 (33s)
  [val] done (93 batches, 58s)
  Val L:0.2541 ABS:0.4393 RMSE:1.4097 d1:0.5227
  [train] epoch 21 step 200/737 (271s)
  [train] epoch 21 step 400/737 (540s)
  [train] epoch 21 step 600/737 (809s)
Epoch [21/40] L:0.1154 D:0.1154 993s
  [train] epoch 22 step 200/737 (270s)
  [train] epoch 22 step 400/737 (538s)
  [train] epoch 22 step 600/737 (806s)
Epoch [22/40] L:0.1117 D:0.1117 991s
  [train] epoch 23 step 200/737 (267s)
  [train] epoch 23 step 400/737 (534s)
  [train] epoch 23 step 600/737 (808s)
Epoch [23/40] L:0.1079 D:0.1079 993s
  [train] epoch 24 step 200/737 (272s)
  [train] epoch 24 step 400/737 (541s)
  [train] epoch 24 step 600/737 (811s)
Epoch [24/40] L:0.1057 D:0.1057 996s
  [val] starting (93 batches)
  [val] 50/93 (31s)
  [val] done (93 batches, 56s)
  Val L:0.2570 ABS:0.4436 RMSE:1.4248 d1:0.5300
  [train] epoch 25 step 200/737 (256s)
  [train] epoch 25 step 400/737 (518s)
  [train] epoch 25 step 600/737 (789s)
Epoch [25/40] L:0.1032 D:0.1032 961s
  [train] epoch 26 step 200/737 (264s)
  [train] epoch 26 step 400/737 (531s)
  [train] epoch 26 step 600/737 (803s)
Epoch [26/40] L:0.1005 D:0.1005 987s
  [train] epoch 27 step 200/737 (266s)
  [train] epoch 27 step 400/737 (536s)
  [train] epoch 27 step 600/737 (803s)
Epoch [27/40] L:0.0982 D:0.0982 986s
  [train] epoch 28 step 200/737 (269s)
  [train] epoch 28 step 400/737 (538s)
  [train] epoch 28 step 600/737 (806s)
Epoch [28/40] L:0.0963 D:0.0963 992s
  [val] starting (93 batches)
  [val] 50/93 (31s)
  [val] done (93 batches, 56s)
  Val L:0.2603 ABS:0.4435 RMSE:1.4417 d1:0.5343
  [train] epoch 29 step 200/737 (273s)
  [train] epoch 29 step 400/737 (541s)
  [train] epoch 29 step 600/737 (814s)
Epoch [29/40] L:0.0943 D:0.0943 998s
  [train] epoch 30 step 200/737 (269s)
  [train] epoch 30 step 400/737 (541s)
  [train] epoch 30 step 600/737 (815s)
Epoch [30/40] L:0.0920 D:0.0920 1001s
  [train] epoch 31 step 200/737 (270s)
  [train] epoch 31 step 400/737 (542s)
  [train] epoch 31 step 600/737 (811s)
Epoch [31/40] L:0.0900 D:0.0900 996s
  [train] epoch 32 step 200/737 (269s)
  [train] epoch 32 step 400/737 (538s)
  [train] epoch 32 step 600/737 (811s)
Epoch [32/40] L:0.0888 D:0.0888 996s
  [val] starting (93 batches)
  [val] 50/93 (33s)
  [val] done (93 batches, 58s)
  Val L:0.2524 ABS:0.4561 RMSE:1.4150 d1:0.5361
  [train] epoch 33 step 200/737 (269s)
  [train] epoch 33 step 400/737 (541s)
  [train] epoch 33 step 600/737 (807s)
Epoch [33/40] L:0.0878 D:0.0878 995s
  [train] epoch 34 step 200/737 (276s)
  [train] epoch 34 step 400/737 (553s)
  [train] epoch 34 step 600/737 (831s)
Epoch [34/40] L:0.0868 D:0.0868 1021s
  [train] epoch 35 step 200/737 (269s)
  [train] epoch 35 step 400/737 (528s)
  [train] epoch 35 step 600/737 (803s)
Epoch [35/40] L:0.0844 D:0.0844 992s
  [train] epoch 36 step 200/737 (277s)
  [train] epoch 36 step 400/737 (553s)
  [train] epoch 36 step 600/737 (827s)
Epoch [36/40] L:0.0834 D:0.0834 1016s
  [val] starting (93 batches)
  [val] 50/93 (38s)
  [val] done (93 batches, 65s)
  Val L:0.2643 ABS:0.4621 RMSE:1.4524 d1:0.5349
  [train] epoch 37 step 200/737 (267s)
  [train] epoch 37 step 400/737 (543s)
  [train] epoch 37 step 600/737 (817s)
Epoch [37/40] L:0.0822 D:0.0822 1005s
  [train] epoch 38 step 200/737 (273s)
  [train] epoch 38 step 400/737 (548s)
  [train] epoch 38 step 600/737 (825s)
Epoch [38/40] L:0.0804 D:0.0804 1004s
  [train] epoch 39 step 200/737 (274s)
  [train] epoch 39 step 400/737 (551s)
  [train] epoch 39 step 600/737 (828s)
Epoch [39/40] L:0.0788 D:0.0788 1017s
  [train] epoch 40 step 200/737 (277s)
  [train] epoch 40 step 400/737 (554s)
  [train] epoch 40 step 600/737 (818s)
Epoch [40/40] L:0.0774 D:0.0774 1008s
  [val] starting (93 batches)
  [val] 50/93 (32s)
  [val] done (93 batches, 58s)
  Val L:0.2626 ABS:0.4399 RMSE:1.4518 d1:0.5307

Done. Best score:1.0973 RMSE:1.3892 ABS:0.4161
