/opt/conda/lib/python3.11/site-packages/timm/models/layers/__init__.py:49: FutureWarning: Importing from timm.models.layers is deprecated, please import via timm.layers
  warnings.warn(f"Importing from {__name__} is deprecated, please import via timm.layers", FutureWarning)
============================================================
Model: pretrained_resnet  Dataset: soundspaces
BS: 32  LR: 0.0005  Opt: AdamW
============================================================
Loaded scene split from /root/local1/changwoo/matterport3d_0303renew/scene_split.json
  train: 72, val: 9, test: 9
[train] 23560 samples (fast cache: samples_train_erp_c7ed256fbb9b.json)
Loaded scene split from /root/local1/changwoo/matterport3d_0303renew/scene_split.json
  train: 72, val: 9, test: 9
[val] 2951 samples (fast cache: samples_val_erp_89df6a83b017.json)
Train: 23560, Val: 2951
Model: pretrained_resnet (30.0M params)
  [train] epoch 1 step 200/737 (130s)
  [train] epoch 1 step 400/737 (256s)
  [train] epoch 1 step 600/737 (384s)
Epoch [1/40] L:0.2674 D:0.2674 471s
  [train] epoch 2 step 200/737 (127s)
  [train] epoch 2 step 400/737 (255s)
  [train] epoch 2 step 600/737 (382s)
Epoch [2/40] L:0.2369 D:0.2369 459s
  [train] epoch 3 step 200/737 (127s)
  [train] epoch 3 step 400/737 (253s)
  [train] epoch 3 step 600/737 (379s)
Epoch [3/40] L:0.2274 D:0.2274 466s
  [train] epoch 4 step 200/737 (127s)
  [train] epoch 4 step 400/737 (244s)
  [train] epoch 4 step 600/737 (371s)
Epoch [4/40] L:0.2208 D:0.2208 458s
  [val] starting (93 batches)
  [val] 50/93 (16s)
  [val] done (93 batches, 30s)
  Val L:0.2651 ABS:0.4454 RMSE:1.5003 d1:0.4649
  >> Best (score:1.1839 RMSE:1.5003 ABS:0.4454)
  [train] epoch 5 step 200/737 (127s)
  [train] epoch 5 step 400/737 (254s)
  [train] epoch 5 step 600/737 (381s)
Epoch [5/40] L:0.2148 D:0.2148 456s
  [train] epoch 6 step 200/737 (128s)
  [train] epoch 6 step 400/737 (254s)
  [train] epoch 6 step 600/737 (381s)
Epoch [6/40] L:0.2082 D:0.2082 468s
  [train] epoch 7 step 200/737 (126s)
  [train] epoch 7 step 400/737 (252s)
  [train] epoch 7 step 600/737 (379s)
Epoch [7/40] L:0.2013 D:0.2013 467s
  [train] epoch 8 step 200/737 (126s)
  [train] epoch 8 step 400/737 (244s)
  [train] epoch 8 step 600/737 (371s)
Epoch [8/40] L:0.1942 D:0.1942 457s
  [val] starting (93 batches)
  [val] 50/93 (14s)
  [val] done (93 batches, 25s)
  Val L:0.2635 ABS:0.4888 RMSE:1.4420 d1:0.4834
  >> Best (score:1.1560 RMSE:1.4420 ABS:0.4888)
  [train] epoch 9 step 200/737 (128s)
  [train] epoch 9 step 400/737 (254s)
  [train] epoch 9 step 600/737 (380s)
Epoch [9/40] L:0.1859 D:0.1859 466s
  [train] epoch 10 step 200/737 (127s)
  [train] epoch 10 step 400/737 (254s)
  [train] epoch 10 step 600/737 (381s)
Epoch [10/40] L:0.1763 D:0.1763 468s
  [train] epoch 11 step 200/737 (127s)
  [train] epoch 11 step 400/737 (254s)
  [train] epoch 11 step 600/737 (381s)
Epoch [11/40] L:0.1666 D:0.1666 466s
  [train] epoch 12 step 200/737 (119s)
  [train] epoch 12 step 400/737 (238s)
  [train] epoch 12 step 600/737 (365s)
Epoch [12/40] L:0.1590 D:0.1590 451s
  [val] starting (93 batches)
  [val] 50/93 (16s)
  [val] done (93 batches, 30s)
  Val L:0.2683 ABS:0.4686 RMSE:1.4544 d1:0.4925
  [train] epoch 13 step 200/737 (127s)
  [train] epoch 13 step 400/737 (253s)
  [train] epoch 13 step 600/737 (381s)
Epoch [13/40] L:0.1514 D:0.1514 468s
  [train] epoch 14 step 200/737 (127s)
  [train] epoch 14 step 400/737 (254s)
  [train] epoch 14 step 600/737 (382s)
Epoch [14/40] L:0.1444 D:0.1444 468s
  [train] epoch 15 step 200/737 (120s)
  [train] epoch 15 step 400/737 (245s)
  [train] epoch 15 step 600/737 (372s)
Epoch [15/40] L:0.1382 D:0.1382 457s
  [train] epoch 16 step 200/737 (127s)
  [train] epoch 16 step 400/737 (233s)
  [train] epoch 16 step 600/737 (347s)
Epoch [16/40] L:0.1320 D:0.1320 435s
  [val] starting (93 batches)
  [val] 50/93 (17s)
  [val] done (93 batches, 31s)
  Val L:0.2775 ABS:0.4604 RMSE:1.4766 d1:0.4863
  [train] epoch 17 step 200/737 (128s)
  [train] epoch 17 step 400/737 (257s)
  [train] epoch 17 step 600/737 (387s)
Epoch [17/40] L:0.1274 D:0.1274 475s
  [train] epoch 18 step 200/737 (120s)
  [train] epoch 18 step 400/737 (250s)
  [train] epoch 18 step 600/737 (380s)
Epoch [18/40] L:0.1232 D:0.1232 467s
  [train] epoch 19 step 200/737 (129s)
  [train] epoch 19 step 400/737 (259s)
  [train] epoch 19 step 600/737 (388s)
Epoch [19/40] L:0.1185 D:0.1185 476s
  [train] epoch 20 step 200/737 (130s)
  [train] epoch 20 step 400/737 (258s)
  [train] epoch 20 step 600/737 (387s)
Epoch [20/40] L:0.1146 D:0.1146 476s
  [val] starting (93 batches)
  [val] 50/93 (17s)
  [val] done (93 batches, 32s)
  Val L:0.2809 ABS:0.4339 RMSE:1.5150 d1:0.4783
  [train] epoch 21 step 200/737 (122s)
  [train] epoch 21 step 400/737 (251s)
  [train] epoch 21 step 600/737 (380s)
Epoch [21/40] L:0.1116 D:0.1116 468s
  [train] epoch 22 step 200/737 (130s)
  [train] epoch 22 step 400/737 (259s)
  [train] epoch 22 step 600/737 (387s)
Epoch [22/40] L:0.1084 D:0.1084 476s
  [train] epoch 23 step 200/737 (129s)
  [train] epoch 23 step 400/737 (258s)
  [train] epoch 23 step 600/737 (387s)
Epoch [23/40] L:0.1055 D:0.1055 476s
  [train] epoch 24 step 200/737 (106s)
  [train] epoch 24 step 400/737 (222s)
  [train] epoch 24 step 600/737 (353s)
Epoch [24/40] L:0.1028 D:0.1028 443s
  [val] starting (93 batches)
  [val] 50/93 (17s)
  [val] done (93 batches, 31s)
  Val L:0.2715 ABS:0.4956 RMSE:1.4658 d1:0.5016
  [train] epoch 25 step 200/737 (131s)
  [train] epoch 25 step 400/737 (263s)
  [train] epoch 25 step 600/737 (394s)
Epoch [25/40] L:0.1008 D:0.1008 483s
  [train] epoch 26 step 200/737 (131s)
  [train] epoch 26 step 400/737 (263s)
  [train] epoch 26 step 600/737 (395s)
Epoch [26/40] L:0.0979 D:0.0979 484s
  [train] epoch 27 step 200/737 (131s)
  [train] epoch 27 step 400/737 (263s)
  [train] epoch 27 step 600/737 (394s)
Epoch [27/40] L:0.0958 D:0.0958 483s
  [train] epoch 28 step 200/737 (131s)
  [train] epoch 28 step 400/737 (262s)
  [train] epoch 28 step 600/737 (394s)
Epoch [28/40] L:0.0935 D:0.0935 483s
  [val] starting (93 batches)
  [val] 50/93 (17s)
  [val] done (93 batches, 31s)
  Val L:0.2771 ABS:0.4786 RMSE:1.4905 d1:0.5013
  [train] epoch 29 step 200/737 (126s)
  [train] epoch 29 step 400/737 (247s)
  [train] epoch 29 step 600/737 (378s)
Epoch [29/40] L:0.0916 D:0.0916 469s
  [train] epoch 30 step 200/737 (131s)
  [train] epoch 30 step 400/737 (262s)
  [train] epoch 30 step 600/737 (393s)
Epoch [30/40] L:0.0892 D:0.0892 482s
  [train] epoch 31 step 200/737 (132s)
  [train] epoch 31 step 400/737 (263s)
  [train] epoch 31 step 600/737 (394s)
Epoch [31/40] L:0.0879 D:0.0879 483s
  [train] epoch 32 step 200/737 (132s)
  [train] epoch 32 step 400/737 (262s)
  [train] epoch 32 step 600/737 (393s)
Epoch [32/40] L:0.0858 D:0.0858 483s
  [val] starting (93 batches)
  [val] 50/93 (17s)
  [val] done (93 batches, 30s)
  Val L:0.2854 ABS:0.4776 RMSE:1.5268 d1:0.4900
  [train] epoch 33 step 200/737 (120s)
  [train] epoch 33 step 400/737 (251s)
  [train] epoch 33 step 600/737 (382s)
Epoch [33/40] L:0.0848 D:0.0848 471s
  [train] epoch 34 step 200/737 (132s)
  [train] epoch 34 step 400/737 (262s)
  [train] epoch 34 step 600/737 (393s)
Epoch [34/40] L:0.0831 D:0.0831 483s
  [train] epoch 35 step 200/737 (131s)
  [train] epoch 35 step 400/737 (262s)
  [train] epoch 35 step 600/737 (393s)
Epoch [35/40] L:0.0813 D:0.0813 483s
  [train] epoch 36 step 200/737 (132s)
  [train] epoch 36 step 400/737 (263s)
  [train] epoch 36 step 600/737 (394s)
Epoch [36/40] L:0.0800 D:0.0800 483s
  [val] starting (93 batches)
  [val] 50/93 (17s)
  [val] done (93 batches, 31s)
  Val L:0.2876 ABS:0.5219 RMSE:1.5467 d1:0.5010
  [train] epoch 37 step 200/737 (132s)
  [train] epoch 37 step 400/737 (263s)
  [train] epoch 37 step 600/737 (394s)
Epoch [37/40] L:0.0779 D:0.0779 483s
  [train] epoch 38 step 200/737 (131s)
  [train] epoch 38 step 400/737 (262s)
  [train] epoch 38 step 600/737 (393s)
Epoch [38/40] L:0.0773 D:0.0773 483s
  [train] epoch 39 step 200/737 (131s)
  [train] epoch 39 step 400/737 (263s)
  [train] epoch 39 step 600/737 (393s)
Epoch [39/40] L:0.0757 D:0.0757 483s
  [train] epoch 40 step 200/737 (132s)
  [train] epoch 40 step 400/737 (263s)
  [train] epoch 40 step 600/737 (395s)
Epoch [40/40] L:0.0742 D:0.0742 484s
  [val] starting (93 batches)
  [val] 50/93 (17s)
  [val] done (93 batches, 31s)
  Val L:0.2821 ABS:0.4864 RMSE:1.5077 d1:0.5029

Done. Best score:1.1560 RMSE:1.4420 ABS:0.4888
 Val L:0.3129 ABS:0.5066 RMSE:1.6123 d1:0.4664

Done. Best score:1.1739 RMSE:1.4706 ABS:0.4817
