/opt/conda/lib/python3.11/site-packages/timm/models/layers/__init__.py:49: FutureWarning: Importing from timm.models.layers is deprecated, please import via timm.layers
  warnings.warn(f"Importing from {__name__} is deprecated, please import via timm.layers", FutureWarning)
============================================================
Model: pretrained_vit  Dataset: soundspaces
BS: 48  LR: 5e-05  Opt: AdamW
============================================================
Loaded scene split from /root/local1/changwoo/matterport3d_0303renew/scene_split.json
  train: 72, val: 9, test: 9
[train] 23560 samples (fast cache: samples_train_erp_c7ed256fbb9b.json)
Loaded scene split from /root/local1/changwoo/matterport3d_0303renew/scene_split.json
  train: 72, val: 9, test: 9
[val] 2951 samples (fast cache: samples_val_erp_89df6a83b017.json)
Train: 23560, Val: 2951
Model: pretrained_vit (89.9M params)
  [train] epoch 1 step 200/491 (434s)
  [train] epoch 1 step 400/491 (873s)
Epoch [1/40] L:0.3094 D:0.3094 1070s
  [train] epoch 2 step 200/491 (439s)
  [train] epoch 2 step 400/491 (877s)
Epoch [2/40] L:0.2101 D:0.2101 1076s
  [train] epoch 3 step 200/491 (418s)
  [train] epoch 3 step 400/491 (854s)
Epoch [3/40] L:0.1997 D:0.1997 1052s
  [train] epoch 4 step 200/491 (436s)
  [train] epoch 4 step 400/491 (873s)
Epoch [4/40] L:0.1932 D:0.1932 1065s
  [val] starting (62 batches)
  [val] 50/62 (42s)
  [val] done (62 batches, 52s)
  Val L:0.2392 ABS:0.4044 RMSE:1.4270 d1:0.5113
  >> Best (score:1.1202 RMSE:1.4270 ABS:0.4044)
  [train] epoch 5 step 200/491 (437s)
  [train] epoch 5 step 400/491 (874s)
Epoch [5/40] L:0.1870 D:0.1870 1073s
  [train] epoch 6 step 200/491 (438s)
  [train] epoch 6 step 400/491 (868s)
Epoch [6/40] L:0.1818 D:0.1818 1067s
  [train] epoch 7 step 200/491 (439s)
  [train] epoch 7 step 400/491 (874s)
Epoch [7/40] L:0.1760 D:0.1760 1073s
  [train] epoch 8 step 200/491 (438s)
  [train] epoch 8 step 400/491 (848s)
Epoch [8/40] L:0.1702 D:0.1702 1048s
  [val] starting (62 batches)
  [val] 50/62 (43s)
  [val] done (62 batches, 52s)
  Val L:0.2438 ABS:0.3689 RMSE:1.4382 d1:0.5198
  >> Best (score:1.1174 RMSE:1.4382 ABS:0.3689)
  [train] epoch 9 step 200/491 (434s)
  [train] epoch 9 step 400/491 (876s)
Epoch [9/40] L:0.1633 D:0.1633 1075s
  [train] epoch 10 step 200/491 (441s)
  [train] epoch 10 step 400/491 (883s)
Epoch [10/40] L:0.1563 D:0.1563 1083s
  [train] epoch 11 step 200/491 (445s)
  [train] epoch 11 step 400/491 (886s)
Epoch [11/40] L:0.1492 D:0.1492 1088s
  [train] epoch 12 step 200/491 (440s)
  [train] epoch 12 step 400/491 (885s)
Epoch [12/40] L:0.1431 D:0.1431 1086s
  [val] starting (62 batches)
  [val] 50/62 (43s)
  [val] done (62 batches, 53s)
  Val L:0.2527 ABS:0.3963 RMSE:1.4324 d1:0.5386
  [train] epoch 13 step 200/491 (442s)
  [train] epoch 13 step 400/491 (888s)
Epoch [13/40] L:0.1363 D:0.1363 1088s
  [train] epoch 14 step 200/491 (442s)
  [train] epoch 14 step 400/491 (874s)
Epoch [14/40] L:0.1297 D:0.1297 1071s
  [train] epoch 15 step 200/491 (433s)
  [train] epoch 15 step 400/491 (876s)
Epoch [15/40] L:0.1242 D:0.1242 1077s
  [train] epoch 16 step 200/491 (441s)
  [train] epoch 16 step 400/491 (882s)
Epoch [16/40] L:0.1185 D:0.1185 1082s
  [val] starting (62 batches)
  [val] 50/62 (42s)
  [val] done (62 batches, 52s)
  Val L:0.2527 ABS:0.4077 RMSE:1.4281 d1:0.5272
  [train] epoch 17 step 200/491 (443s)
  [train] epoch 17 step 400/491 (882s)
Epoch [17/40] L:0.1141 D:0.1141 1084s
  [train] epoch 18 step 200/491 (441s)
  [train] epoch 18 step 400/491 (881s)
Epoch [18/40] L:0.1091 D:0.1091 1080s
  [train] epoch 19 step 200/491 (441s)
  [train] epoch 19 step 400/491 (882s)
Epoch [19/40] L:0.1053 D:0.1053 1083s
  [train] epoch 20 step 200/491 (441s)
  [train] epoch 20 step 400/491 (866s)
Epoch [20/40] L:0.1012 D:0.1012 1063s
  [val] starting (62 batches)
  [val] 50/62 (40s)
  [val] done (62 batches, 49s)
  Val L:0.2604 ABS:0.4104 RMSE:1.4393 d1:0.5342
  [train] epoch 21 step 200/491 (443s)
  [train] epoch 21 step 400/491 (884s)
Epoch [21/40] L:0.0981 D:0.0981 1085s
  [train] epoch 22 step 200/491 (442s)
  [train] epoch 22 step 400/491 (885s)
Epoch [22/40] L:0.0944 D:0.0944 1083s
  [train] epoch 23 step 200/491 (443s)
  [train] epoch 23 step 400/491 (878s)
Epoch [23/40] L:0.0919 D:0.0919 1079s
  [train] epoch 24 step 200/491 (440s)
  [train] epoch 24 step 400/491 (881s)
Epoch [24/40] L:0.0891 D:0.0891 1081s
  [val] starting (62 batches)
  [val] 50/62 (42s)
  [val] done (62 batches, 52s)
  Val L:0.2544 ABS:0.4164 RMSE:1.4232 d1:0.5374
  [train] epoch 25 step 200/491 (445s)
  [train] epoch 25 step 400/491 (885s)
Epoch [25/40] L:0.0865 D:0.0865 1085s
  [train] epoch 26 step 200/491 (442s)
  [train] epoch 26 step 400/491 (876s)
Epoch [26/40] L:0.0840 D:0.0840 1067s
  [train] epoch 27 step 200/491 (442s)
  [train] epoch 27 step 400/491 (882s)
Epoch [27/40] L:0.0815 D:0.0815 1082s
  [train] epoch 28 step 200/491 (440s)
  [train] epoch 28 step 400/491 (881s)
Epoch [28/40] L:0.0786 D:0.0786 1081s
  [val] starting (62 batches)
  [val] 50/62 (44s)
  [val] done (62 batches, 54s)
  Val L:0.2591 ABS:0.4169 RMSE:1.4302 d1:0.5391
  [train] epoch 29 step 200/491 (443s)
  [train] epoch 29 step 400/491 (883s)
Epoch [29/40] L:0.0773 D:0.0773 1085s
  [train] epoch 30 step 200/491 (440s)
  [train] epoch 30 step 400/491 (883s)
Epoch [30/40] L:0.0756 D:0.0756 1085s
  [train] epoch 31 step 200/491 (441s)
  [train] epoch 31 step 400/491 (881s)
Epoch [31/40] L:0.0731 D:0.0731 1082s
  [train] epoch 32 step 200/491 (441s)
  [train] epoch 32 step 400/491 (874s)
Epoch [32/40] L:0.0721 D:0.0721 1067s
  [val] starting (62 batches)
  [val] 50/62 (42s)
  [val] done (62 batches, 52s)
  Val L:0.2598 ABS:0.4403 RMSE:1.4440 d1:0.5420
  [train] epoch 33 step 200/491 (442s)
  [train] epoch 33 step 400/491 (883s)
Epoch [33/40] L:0.0703 D:0.0703 1082s
  [train] epoch 34 step 200/491 (442s)
  [train] epoch 34 step 400/491 (884s)
Epoch [34/40] L:0.0683 D:0.0683 1084s
  [train] epoch 35 step 200/491 (443s)
  [train] epoch 35 step 400/491 (884s)
Epoch [35/40] L:0.0674 D:0.0674 1083s
  [train] epoch 36 step 200/491 (440s)
  [train] epoch 36 step 400/491 (881s)
Epoch [36/40] L:0.0655 D:0.0655 1080s
  [val] starting (62 batches)
  [val] 50/62 (42s)
  [val] done (62 batches, 52s)
  Val L:0.2599 ABS:0.4247 RMSE:1.4405 d1:0.5426
  [train] epoch 37 step 200/491 (441s)
  [train] epoch 37 step 400/491 (882s)
Epoch [37/40] L:0.0636 D:0.0636 1082s
  [train] epoch 38 step 200/491 (436s)
  [train] epoch 38 step 400/491 (871s)
Epoch [38/40] L:0.0621 D:0.0621 1065s
  [train] epoch 39 step 200/491 (441s)
  [train] epoch 39 step 400/491 (883s)
Epoch [39/40] L:0.0611 D:0.0611 1084s
  [train] epoch 40 step 200/491 (441s)
  [train] epoch 40 step 400/491 (882s)
Epoch [40/40] L:0.0598 D:0.0598 1083s
  [val] starting (62 batches)
  [val] 50/62 (43s)
  [val] done (62 batches, 53s)
  Val L:0.2640 ABS:0.4308 RMSE:1.4558 d1:0.5436

Done. Best score:1.1174 RMSE:1.4382 ABS:0.3689
