/opt/conda/lib/python3.11/site-packages/timm/models/layers/__init__.py:49: FutureWarning: Importing from timm.models.layers is deprecated, please import via timm.layers
  warnings.warn(f"Importing from {__name__} is deprecated, please import via timm.layers", FutureWarning)
============================================================
Model: pretrained_vit  Dataset: soundspaces
BS: 16  LR: 0.0005  Opt: AdamW
============================================================
Loaded scene split from /root/local1/changwoo/matterport3d_0303renew/scene_split.json
  train: 72, val: 9, test: 9
[train] 23560 samples (fast cache: samples_train_erp_c7ed256fbb9b.json)
Loaded scene split from /root/local1/changwoo/matterport3d_0303renew/scene_split.json
  train: 72, val: 9, test: 9
[val] 2951 samples (fast cache: samples_val_erp_89df6a83b017.json)
Train: 23560, Val: 2951
Model: pretrained_vit (89.9M params)
  [train] epoch 1 step 294/1473 (306s)
  [train] epoch 1 step 588/1473 (612s)
  [train] epoch 1 step 882/1473 (917s)
  [train] epoch 1 step 1176/1473 (1221s)
  [train] epoch 1 step 1470/1473 (1510s)
Epoch [1/40] L:0.2751 D:0.2751 1512s
  [train] epoch 2 step 294/1473 (305s)
  [train] epoch 2 step 588/1473 (608s)
  [train] epoch 2 step 882/1473 (912s)
  [train] epoch 2 step 1176/1473 (1217s)
  [train] epoch 2 step 1470/1473 (1519s)
Epoch [2/40] L:0.2498 D:0.2498 1522s
  [train] epoch 3 step 294/1473 (305s)
  [train] epoch 3 step 588/1473 (608s)
  [train] epoch 3 step 882/1473 (905s)
  [train] epoch 3 step 1176/1473 (1210s)
  [train] epoch 3 step 1470/1473 (1513s)
Epoch [3/40] L:0.2455 D:0.2455 1516s
  [train] epoch 4 step 294/1473 (305s)
  [train] epoch 4 step 588/1473 (610s)
  [train] epoch 4 step 882/1473 (916s)
  [train] epoch 4 step 1176/1473 (1219s)
  [train] epoch 4 step 1470/1473 (1520s)
Epoch [4/40] L:0.2420 D:0.2420 1523s
  [val] starting (185 batches)
  [val] 50/185 (21s)
  [val] 100/185 (42s)
  [val] 150/185 (63s)
  [val] done (185 batches, 78s)
  Val L:0.3410 ABS:0.7779 RMSE:1.6296 d1:0.4002
  >> Best (score:1.3741 RMSE:1.6296 ABS:0.7779)
  [train] epoch 5 step 294/1473 (303s)
  [train] epoch 5 step 588/1473 (609s)
  [train] epoch 5 step 882/1473 (912s)
  [train] epoch 5 step 1176/1473 (1215s)
  [train] epoch 5 step 1470/1473 (1506s)
Epoch [5/40] L:0.2390 D:0.2390 1509s
  [train] epoch 6 step 294/1473 (307s)
  [train] epoch 6 step 588/1473 (599s)
  [train] epoch 6 step 882/1473 (905s)
  [train] epoch 6 step 1176/1473 (1209s)
  [train] epoch 6 step 1470/1473 (1512s)
Epoch [6/40] L:0.2362 D:0.2362 1515s
  [train] epoch 7 step 294/1473 (303s)
  [train] epoch 7 step 588/1473 (607s)
  [train] epoch 7 step 882/1473 (911s)
  [train] epoch 7 step 1176/1473 (1213s)
  [train] epoch 7 step 1470/1473 (1516s)
Epoch [7/40] L:0.2343 D:0.2343 1519s
  [train] epoch 8 step 294/1473 (304s)
  [train] epoch 8 step 588/1473 (608s)
  [train] epoch 8 step 882/1473 (914s)
  [train] epoch 8 step 1176/1473 (1217s)
  [train] epoch 8 step 1470/1473 (1508s)
Epoch [8/40] L:0.2333 D:0.2333 1511s
  [val] starting (185 batches)
  [val] 50/185 (21s)
  [val] 100/185 (42s)
  [val] 150/185 (63s)
  [val] done (185 batches, 77s)
  Val L:0.2867 ABS:0.4799 RMSE:1.5512 d1:0.4425
  >> Best (score:1.2298 RMSE:1.5512 ABS:0.4799)
  [train] epoch 9 step 294/1473 (303s)
  [train] epoch 9 step 588/1473 (610s)
  [train] epoch 9 step 882/1473 (916s)
  [train] epoch 9 step 1176/1473 (1222s)
  [train] epoch 9 step 1470/1473 (1512s)
Epoch [9/40] L:0.2310 D:0.2310 1514s
  [train] epoch 10 step 294/1473 (305s)
  [train] epoch 10 step 588/1473 (609s)
  [train] epoch 10 step 882/1473 (914s)
  [train] epoch 10 step 1176/1473 (1217s)
  [train] epoch 10 step 1470/1473 (1521s)
Epoch [10/40] L:0.2278 D:0.2278 1524s
  [train] epoch 11 step 294/1473 (301s)
  [train] epoch 11 step 588/1473 (605s)
  [train] epoch 11 step 882/1473 (910s)
  [train] epoch 11 step 1176/1473 (1208s)
  [train] epoch 11 step 1470/1473 (1511s)
Epoch [11/40] L:0.2205 D:0.2205 1514s
  [train] epoch 12 step 294/1473 (306s)
  [train] epoch 12 step 588/1473 (609s)
  [train] epoch 12 step 882/1473 (912s)
  [train] epoch 12 step 1176/1473 (1214s)
  [train] epoch 12 step 1470/1473 (1518s)
Epoch [12/40] L:0.2170 D:0.2170 1521s
  [val] starting (185 batches)
  [val] 50/185 (21s)
  [val] 100/185 (44s)
  [val] 150/185 (65s)
  [val] done (185 batches, 79s)
  Val L:0.2930 ABS:0.4168 RMSE:1.5951 d1:0.4493
  [train] epoch 13 step 294/1473 (304s)
  [train] epoch 13 step 588/1473 (609s)
  [train] epoch 13 step 882/1473 (916s)
  [train] epoch 13 step 1176/1473 (1220s)
  [train] epoch 13 step 1470/1473 (1514s)
Epoch [13/40] L:0.2150 D:0.2150 1517s
  [train] epoch 14 step 294/1473 (304s)
  [train] epoch 14 step 588/1473 (567s)
  [train] epoch 14 step 882/1473 (859s)
  [train] epoch 14 step 1176/1473 (1166s)
  [train] epoch 14 step 1470/1473 (1474s)
Epoch [14/40] L:0.2131 D:0.2131 1477s
  [train] epoch 15 step 294/1473 (307s)
  [train] epoch 15 step 588/1473 (612s)
  [train] epoch 15 step 882/1473 (919s)
  [train] epoch 15 step 1176/1473 (1227s)
  [train] epoch 15 step 1470/1473 (1534s)
Epoch [15/40] L:0.2116 D:0.2116 1537s
  [train] epoch 16 step 294/1473 (308s)
  [train] epoch 16 step 588/1473 (613s)
  [train] epoch 16 step 882/1473 (919s)
  [train] epoch 16 step 1176/1473 (1226s)
  [train] epoch 16 step 1470/1473 (1530s)
Epoch [16/40] L:0.2104 D:0.2104 1533s
  [val] starting (185 batches)
  [val] 50/185 (22s)
  [val] 100/185 (43s)
  [val] 150/185 (64s)
  [val] done (185 batches, 80s)
  Val L:0.2586 ABS:0.4571 RMSE:1.4447 d1:0.4839
  >> Best (score:1.1484 RMSE:1.4447 ABS:0.4571)
  [train] epoch 17 step 294/1473 (308s)
  [train] epoch 17 step 588/1473 (615s)
  [train] epoch 17 step 882/1473 (921s)
  [train] epoch 17 step 1176/1473 (1228s)
  [train] epoch 17 step 1470/1473 (1527s)
Epoch [17/40] L:0.2081 D:0.2081 1530s
  [train] epoch 18 step 294/1473 (304s)
  [train] epoch 18 step 588/1473 (613s)
  [train] epoch 18 step 882/1473 (922s)
  [train] epoch 18 step 1176/1473 (1228s)
  [train] epoch 18 step 1470/1473 (1538s)
Epoch [18/40] L:0.2052 D:0.2052 1540s
  [train] epoch 19 step 294/1473 (307s)
  [train] epoch 19 step 588/1473 (614s)
  [train] epoch 19 step 882/1473 (924s)
  [train] epoch 19 step 1176/1473 (1234s)
  [train] epoch 19 step 1470/1473 (1541s)
Epoch [19/40] L:0.2032 D:0.2032 1544s
  [train] epoch 20 step 294/1473 (308s)
  [train] epoch 20 step 588/1473 (618s)
  [train] epoch 20 step 882/1473 (925s)
  [train] epoch 20 step 1176/1473 (1230s)
  [train] epoch 20 step 1470/1473 (1539s)
Epoch [20/40] L:0.2014 D:0.2014 1541s
  [val] starting (185 batches)
  [val] 50/185 (22s)
  [val] 100/185 (43s)
  [val] 150/185 (65s)
  [val] done (185 batches, 79s)
  Val L:0.2551 ABS:0.4162 RMSE:1.4750 d1:0.4882
  [train] epoch 21 step 294/1473 (308s)
  [train] epoch 21 step 588/1473 (615s)
  [train] epoch 21 step 882/1473 (922s)
  [train] epoch 21 step 1176/1473 (1227s)
  [train] epoch 21 step 1470/1473 (1530s)
Epoch [21/40] L:0.1999 D:0.1999 1533s
  [train] epoch 22 step 294/1473 (308s)
  [train] epoch 22 step 588/1473 (620s)
  [train] epoch 22 step 882/1473 (949s)
  [train] epoch 22 step 1176/1473 (1281s)
  [train] epoch 22 step 1470/1473 (1609s)
Epoch [22/40] L:0.1980 D:0.1980 1612s
  [train] epoch 23 step 294/1473 (329s)
  [train] epoch 23 step 588/1473 (659s)
  [train] epoch 23 step 882/1473 (990s)
  [train] epoch 23 step 1176/1473 (1323s)
  [train] epoch 23 step 1470/1473 (1650s)
Epoch [23/40] L:0.1970 D:0.1970 1653s
  [train] epoch 24 step 294/1473 (331s)
  [train] epoch 24 step 588/1473 (660s)
  [train] epoch 24 step 882/1473 (988s)
  [train] epoch 24 step 1176/1473 (1315s)
  [train] epoch 24 step 1470/1473 (1645s)
Epoch [24/40] L:0.1956 D:0.1956 1648s
  [val] starting (185 batches)
  [val] 50/185 (22s)
  [val] 100/185 (43s)
  [val] 150/185 (64s)
  [val] done (185 batches, 80s)
  Val L:0.2531 ABS:0.4324 RMSE:1.4262 d1:0.5015
  >> Best (score:1.1280 RMSE:1.4262 ABS:0.4324)
  [train] epoch 25 step 294/1473 (329s)
  [train] epoch 25 step 588/1473 (655s)
  [train] epoch 25 step 882/1473 (987s)
  [train] epoch 25 step 1176/1473 (1313s)
  [train] epoch 25 step 1470/1473 (1641s)
Epoch [25/40] L:0.1942 D:0.1942 1644s
  [train] epoch 26 step 294/1473 (329s)
  [train] epoch 26 step 588/1473 (657s)
  [train] epoch 26 step 882/1473 (988s)
  [train] epoch 26 step 1176/1473 (1317s)
  [train] epoch 26 step 1470/1473 (1647s)
Epoch [26/40] L:0.1928 D:0.1928 1650s
  [train] epoch 27 step 294/1473 (327s)
  [train] epoch 27 step 588/1473 (655s)
  [train] epoch 27 step 882/1473 (980s)
  [train] epoch 27 step 1176/1473 (1310s)
  [train] epoch 27 step 1470/1473 (1637s)
Epoch [27/40] L:0.1915 D:0.1915 1640s
  [train] epoch 28 step 294/1473 (330s)
  [train] epoch 28 step 588/1473 (662s)
  [train] epoch 28 step 882/1473 (993s)
  [train] epoch 28 step 1176/1473 (1325s)
  [train] epoch 28 step 1470/1473 (1658s)
Epoch [28/40] L:0.1902 D:0.1902 1662s
  [val] starting (185 batches)
  [val] 50/185 (22s)
  [val] 100/185 (43s)
  [val] 150/185 (65s)
  [val] done (185 batches, 81s)
  Val L:0.2479 ABS:0.4134 RMSE:1.4204 d1:0.5056
  >> Best (score:1.1183 RMSE:1.4204 ABS:0.4134)
  [train] epoch 29 step 294/1473 (332s)
  [train] epoch 29 step 588/1473 (663s)
  [train] epoch 29 step 882/1473 (994s)
  [train] epoch 29 step 1176/1473 (1323s)
  [train] epoch 29 step 1470/1473 (1655s)
Epoch [29/40] L:0.1890 D:0.1890 1658s
  [train] epoch 30 step 294/1473 (327s)
  [train] epoch 30 step 588/1473 (656s)
  [train] epoch 30 step 882/1473 (987s)
  [train] epoch 30 step 1176/1473 (1316s)
  [train] epoch 30 step 1470/1473 (1645s)
Epoch [30/40] L:0.1882 D:0.1882 1648s
  [train] epoch 31 step 294/1473 (331s)
  [train] epoch 31 step 588/1473 (658s)
  [train] epoch 31 step 882/1473 (987s)
  [train] epoch 31 step 1176/1473 (1316s)
  [train] epoch 31 step 1470/1473 (1644s)
Epoch [31/40] L:0.1869 D:0.1869 1647s
  [train] epoch 32 step 294/1473 (330s)
  [train] epoch 32 step 588/1473 (658s)
  [train] epoch 32 step 882/1473 (986s)
  [train] epoch 32 step 1176/1473 (1317s)
  [train] epoch 32 step 1470/1473 (1646s)
Epoch [32/40] L:0.1856 D:0.1856 1649s
  [val] starting (185 batches)
  [val] 50/185 (23s)
  [val] 100/185 (44s)
  [val] 150/185 (66s)
  [val] done (185 batches, 81s)
  Val L:0.2522 ABS:0.4094 RMSE:1.4256 d1:0.5166
  [train] epoch 33 step 294/1473 (326s)
  [train] epoch 33 step 588/1473 (654s)
  [train] epoch 33 step 882/1473 (983s)
  [train] epoch 33 step 1176/1473 (1311s)
  [train] epoch 33 step 1470/1473 (1638s)
Epoch [33/40] L:0.1843 D:0.1843 1641s
  [train] epoch 34 step 294/1473 (329s)
  [train] epoch 34 step 588/1473 (655s)
  [train] epoch 34 step 882/1473 (986s)
  [train] epoch 34 step 1176/1473 (1315s)
  [train] epoch 34 step 1470/1473 (1543s)
Epoch [34/40] L:0.1853 D:0.1853 1546s
  [train] epoch 35 step 294/1473 (306s)
  [train] epoch 35 step 588/1473 (614s)
  [train] epoch 35 step 882/1473 (924s)
  [train] epoch 35 step 1176/1473 (1230s)
  [train] epoch 35 step 1470/1473 (1536s)
Epoch [35/40] L:0.1844 D:0.1844 1539s
  [train] epoch 36 step 294/1473 (298s)
  [train] epoch 36 step 588/1473 (605s)
  [train] epoch 36 step 882/1473 (914s)
  [train] epoch 36 step 1176/1473 (1220s)
  [train] epoch 36 step 1470/1473 (1525s)
Epoch [36/40] L:0.1830 D:0.1830 1528s
  [val] starting (185 batches)
  [val] 50/185 (22s)
  [val] 100/185 (44s)
  [val] 150/185 (65s)
  [val] done (185 batches, 80s)
  Val L:0.2525 ABS:0.4131 RMSE:1.4388 d1:0.5017
  [train] epoch 37 step 294/1473 (310s)
