/opt/conda/lib/python3.11/site-packages/timm/models/layers/__init__.py:49: FutureWarning: Importing from timm.models.layers is deprecated, please import via timm.layers
  warnings.warn(f"Importing from {__name__} is deprecated, please import via timm.layers", FutureWarning)
Traceback (most recent call last):
  File "/root/storage/implementation/shared_audio/baseline/train.py", line 12, in <module>
    from utils.config import load_config
  File "/root/storage/implementation/shared_audio/baseline/utils/__init__.py", line 4, in <module>
    from .train_utils import (
  File "/root/storage/implementation/shared_audio/baseline/utils/train_utils.py", line 6, in <module>
    from models import (
  File "/root/storage/implementation/shared_audio/baseline/models/__init__.py", line 37, in <module>
    from .batvision import BatVisionUNet
  File "/root/storage/implementation/shared_audio/baseline/models/batvision/__init__.py", line 1, in <module>
    from .batvision import BatVisionUNet
  File "<frozen importlib._bootstrap>", line 1176, in _find_and_load
  File "<frozen importlib._bootstrap>", line 1147, in _find_and_load_unlocked
  File "<frozen importlib._bootstrap>", line 690, in _load_unlocked
  File "<frozen importlib._bootstrap_external>", line 936, in exec_module
  File "<frozen importlib._bootstrap_external>", line 1032, in get_code
  File "<frozen importlib._bootstrap_external>", line 1130, in get_data
KeyboardInterrupt
