/opt/conda/lib/python3.11/site-packages/timm/models/layers/__init__.py:49: FutureWarning: Importing from timm.models.layers is deprecated, please import via timm.layers
  warnings.warn(f"Importing from {__name__} is deprecated, please import via timm.layers", FutureWarning)
============================================================
Model: pretrained_vit  Dataset: soundspaces
BS: 48  LR: 3e-05  Opt: AdamW
============================================================
Loaded scene split from /root/local1/changwoo/matterport3d_0303renew/scene_split.json
  train: 72, val: 9, test: 9
[train] 23560 samples (fast cache: samples_train_erp_c7ed256fbb9b.json)
Loaded scene split from /root/local1/changwoo/matterport3d_0303renew/scene_split.json
  train: 72, val: 9, test: 9
[val] 2951 samples (fast cache: samples_val_erp_89df6a83b017.json)
Train: 23560, Val: 2951
Model: pretrained_vit (89.9M params)
  [train] epoch 1 step 200/491 (426s)
  [train] epoch 1 step 400/491 (848s)
Epoch [1/40] L:0.3988 D:0.3988 1040s
  [train] epoch 2 step 200/491 (422s)
  [train] epoch 2 step 400/491 (838s)
Epoch [2/40] L:0.2225 D:0.2225 1029s
  [train] epoch 3 step 200/491 (426s)
  [train] epoch 3 step 400/491 (850s)
Epoch [3/40] L:0.2120 D:0.2120 1042s
  [train] epoch 4 step 200/491 (424s)
  [train] epoch 4 step 400/491 (845s)
Epoch [4/40] L:0.2037 D:0.2037 1039s
  [val] starting (62 batches)
  [val] 50/62 (41s)
  [val] done (62 batches, 50s)
  Val L:0.2504 ABS:0.4060 RMSE:1.4586 d1:0.4839
  >> Best (score:1.1428 RMSE:1.4586 ABS:0.4060)
  [train] epoch 5 step 200/491 (417s)
  [train] epoch 5 step 400/491 (838s)
Epoch [5/40] L:0.1966 D:0.1966 1030s
  [train] epoch 6 step 200/491 (423s)
  [train] epoch 6 step 400/491 (847s)
Epoch [6/40] L:0.1899 D:0.1899 1039s
  [train] epoch 7 step 200/491 (427s)
  [train] epoch 7 step 400/491 (851s)
Epoch [7/40] L:0.1843 D:0.1843 1044s
  [train] epoch 8 step 200/491 (426s)
  [train] epoch 8 step 400/491 (841s)
Epoch [8/40] L:0.1780 D:0.1780 1033s
  [val] starting (62 batches)
  [val] 50/62 (41s)
  [val] done (62 batches, 50s)
  Val L:0.2430 ABS:0.4111 RMSE:1.4139 d1:0.5112
  >> Best (score:1.1131 RMSE:1.4139 ABS:0.4111)
  [train] epoch 9 step 200/491 (426s)
  [train] epoch 9 step 400/491 (848s)
Epoch [9/40] L:0.1713 D:0.1713 1041s
  [train] epoch 10 step 200/491 (423s)
  [train] epoch 10 step 400/491 (850s)
Epoch [10/40] L:0.1645 D:0.1645 1042s
  [train] epoch 11 step 200/491 (412s)
  [train] epoch 11 step 400/491 (833s)
Epoch [11/40] L:0.1578 D:0.1578 1025s
  [train] epoch 12 step 200/491 (426s)
  [train] epoch 12 step 400/491 (849s)
Epoch [12/40] L:0.1509 D:0.1509 1041s
  [val] starting (62 batches)
  [val] 50/62 (41s)
  [val] done (62 batches, 50s)
  Val L:0.2435 ABS:0.4409 RMSE:1.3826 d1:0.5222
  >> Best (score:1.1001 RMSE:1.3826 ABS:0.4409)
  [train] epoch 13 step 200/491 (428s)
  [train] epoch 13 step 400/491 (854s)
Epoch [13/40] L:0.1438 D:0.1438 1045s
  [train] epoch 14 step 200/491 (421s)
  [train] epoch 14 step 400/491 (835s)
Epoch [14/40] L:0.1370 D:0.1370 1028s
  [train] epoch 15 step 200/491 (424s)
  [train] epoch 15 step 400/491 (849s)
Epoch [15/40] L:0.1311 D:0.1311 1043s
  [train] epoch 16 step 200/491 (426s)
  [train] epoch 16 step 400/491 (847s)
Epoch [16/40] L:0.1256 D:0.1256 1039s
  [val] starting (62 batches)
  [val] 50/62 (41s)
  [val] done (62 batches, 50s)
  Val L:0.2502 ABS:0.4359 RMSE:1.3963 d1:0.5256
  [train] epoch 17 step 200/491 (419s)
  [train] epoch 17 step 400/491 (844s)
Epoch [17/40] L:0.1199 D:0.1199 1036s
  [train] epoch 18 step 200/491 (426s)
  [train] epoch 18 step 400/491 (849s)
Epoch [18/40] L:0.1159 D:0.1159 1036s
  [train] epoch 19 step 200/491 (425s)
  [train] epoch 19 step 400/491 (850s)
Epoch [19/40] L:0.1110 D:0.1110 1041s
  [train] epoch 20 step 200/491 (423s)
  [train] epoch 20 step 400/491 (845s)
Epoch [20/40] L:0.1067 D:0.1067 1038s
  [val] starting (62 batches)
  [val] 50/62 (41s)
  [val] done (62 batches, 51s)
  Val L:0.2519 ABS:0.4156 RMSE:1.4099 d1:0.5270
  [train] epoch 21 step 200/491 (418s)
  [train] epoch 21 step 400/491 (840s)
Epoch [21/40] L:0.1027 D:0.1027 1031s
  [train] epoch 22 step 200/491 (423s)
  [train] epoch 22 step 400/491 (844s)
Epoch [22/40] L:0.0991 D:0.0991 1036s
  [train] epoch 23 step 200/491 (429s)
  [train] epoch 23 step 400/491 (851s)
Epoch [23/40] L:0.0953 D:0.0953 1045s
  [train] epoch 24 step 200/491 (421s)
  [train] epoch 24 step 400/491 (839s)
Epoch [24/40] L:0.0924 D:0.0924 1026s
  [val] starting (62 batches)
  [val] 50/62 (42s)
  [val] done (62 batches, 51s)
  Val L:0.2651 ABS:0.4659 RMSE:1.4495 d1:0.5256
  [train] epoch 25 step 200/491 (423s)
  [train] epoch 25 step 400/491 (847s)
Epoch [25/40] L:0.0894 D:0.0894 1040s
  [train] epoch 26 step 200/491 (423s)
  [train] epoch 26 step 400/491 (845s)
Epoch [26/40] L:0.0868 D:0.0868 1039s
  [train] epoch 27 step 200/491 (412s)
  [train] epoch 27 step 400/491 (835s)
Epoch [27/40] L:0.0835 D:0.0835 1026s
  [train] epoch 28 step 200/491 (422s)
  [train] epoch 28 step 400/491 (845s)
Epoch [28/40] L:0.0815 D:0.0815 1038s
  [val] starting (62 batches)
  [val] 50/62 (41s)
  [val] done (62 batches, 50s)
  Val L:0.2661 ABS:0.4409 RMSE:1.4520 d1:0.5338
  [train] epoch 29 step 200/491 (427s)
  [train] epoch 29 step 400/491 (850s)
Epoch [29/40] L:0.0793 D:0.0793 1043s
  [train] epoch 30 step 200/491 (425s)
  [train] epoch 30 step 400/491 (839s)
Epoch [30/40] L:0.0773 D:0.0773 1032s
  [train] epoch 31 step 200/491 (424s)
  [train] epoch 31 step 400/491 (845s)
Epoch [31/40] L:0.0751 D:0.0751 1038s
  [train] epoch 32 step 200/491 (422s)
  [train] epoch 32 step 400/491 (846s)
Epoch [32/40] L:0.0735 D:0.0735 1036s
  [val] starting (62 batches)
  [val] 50/62 (42s)
  [val] done (62 batches, 51s)
  Val L:0.2669 ABS:0.4566 RMSE:1.4624 d1:0.5365
  [train] epoch 33 step 200/491 (412s)
  [train] epoch 33 step 400/491 (833s)
Epoch [33/40] L:0.0711 D:0.0711 1026s
  [train] epoch 34 step 200/491 (425s)
  [train] epoch 34 step 400/491 (847s)
Epoch [34/40] L:0.0693 D:0.0693 1042s
  [train] epoch 35 step 200/491 (424s)
  [train] epoch 35 step 400/491 (848s)
Epoch [35/40] L:0.0680 D:0.0680 1039s
  [train] epoch 36 step 200/491 (417s)
  [train] epoch 36 step 400/491 (833s)
Epoch [36/40] L:0.0668 D:0.0668 1026s
  [val] starting (62 batches)
  [val] 50/62 (41s)
  [val] done (62 batches, 51s)
  Val L:0.2667 ABS:0.4530 RMSE:1.4673 d1:0.5390
  [train] epoch 37 step 200/491 (428s)
  [train] epoch 37 step 400/491 (853s)
Epoch [37/40] L:0.0654 D:0.0654 1044s
  [train] epoch 38 step 200/491 (426s)
  [train] epoch 38 step 400/491 (851s)
Epoch [38/40] L:0.0638 D:0.0638 1041s
  [train] epoch 39 step 200/491 (415s)
  [train] epoch 39 step 400/491 (839s)
Epoch [39/40] L:0.0624 D:0.0624 1033s
  [train] epoch 40 step 200/491 (425s)
  [train] epoch 40 step 400/491 (849s)
Epoch [40/40] L:0.0610 D:0.0610 1042s
  [val] starting (62 batches)
  [val] 50/62 (41s)
  [val] done (62 batches, 51s)
  Val L:0.2780 ABS:0.4467 RMSE:1.5022 d1:0.5326

Done. Best score:1.1001 RMSE:1.3826 ABS:0.4409
