/opt/conda/lib/python3.11/site-packages/timm/models/layers/__init__.py:49: FutureWarning: Importing from timm.models.layers is deprecated, please import via timm.layers
  warnings.warn(f"Importing from {__name__} is deprecated, please import via timm.layers", FutureWarning)
============================================================
Model: vit_baseline  Dataset: soundspaces
BS: 4  LR: 0.0001  Opt: AdamW
============================================================
Loaded scene split from /root/local1/changwoo/matterport3d_0303renew/scene_split.json
  train: 72, val: 9, test: 9
[train] 23560 samples (fast cache: samples_train_erp_c7ed256fbb9b.json)
Loaded scene split from /root/local1/changwoo/matterport3d_0303renew/scene_split.json
  train: 72, val: 9, test: 9
[val] 2951 samples (fast cache: samples_val_erp_89df6a83b017.json)
Train: 23560, Val: 2951
Model: vit_baseline (89.7M params)
Epoch [1/40] L:0.2563 D:0.2563 1154s
Epoch [2/40] L:0.2305 D:0.2305 838s
Epoch [3/40] L:0.2253 D:0.2253 839s
Epoch [4/40] L:0.2223 D:0.2223 838s
  Val L:0.2691 ABS:0.4690 RMSE:1.4880 d1:0.4771
  >> Best (score:1.1823 RMSE:1.4880 ABS:0.4690)
Epoch [5/40] L:0.2207 D:0.2207 838s
Epoch [6/40] L:0.2195 D:0.2195 837s
Epoch [7/40] L:0.2178 D:0.2178 838s
Epoch [8/40] L:0.2181 D:0.2181 839s
  Val L:0.2646 ABS:0.4729 RMSE:1.4675 d1:0.4872
  >> Best (score:1.1691 RMSE:1.4675 ABS:0.4729)
Epoch [9/40] L:0.2161 D:0.2161 838s
Epoch [10/40] L:0.2163 D:0.2163 837s
Epoch [11/40] L:0.2154 D:0.2154 838s
Epoch [12/40] L:0.2144 D:0.2144 837s
  Val L:0.2631 ABS:0.4895 RMSE:1.4607 d1:0.4845
Epoch [13/40] L:0.2147 D:0.2147 840s
Epoch [14/40] L:0.2140 D:0.2140 842s
Epoch [15/40] L:0.2133 D:0.2133 839s
Epoch [16/40] L:0.2131 D:0.2131 837s
  Val L:0.2608 ABS:0.4840 RMSE:1.4515 d1:0.4889
  >> Best (score:1.1612 RMSE:1.4515 ABS:0.4840)
Epoch [17/40] L:0.2124 D:0.2124 836s
Epoch [18/40] L:0.2123 D:0.2123 836s
Epoch [19/40] L:0.2122 D:0.2122 836s
Epoch [20/40] L:0.2122 D:0.2122 837s
  Val L:0.2600 ABS:0.4390 RMSE:1.4639 d1:0.4886
  >> Best (score:1.1565 RMSE:1.4639 ABS:0.4390)
Epoch [21/40] L:0.2115 D:0.2115 836s
Epoch [22/40] L:0.2113 D:0.2113 836s
Epoch [23/40] L:0.2102 D:0.2102 837s
Epoch [24/40] L:0.2101 D:0.2101 836s
  Val L:0.2621 ABS:0.4400 RMSE:1.4699 d1:0.4887
Epoch [25/40] L:0.2114 D:0.2114 836s
Epoch [26/40] L:0.2110 D:0.2110 835s
Epoch [27/40] L:0.2118 D:0.2118 835s
Epoch [28/40] L:0.2117 D:0.2117 833s
  Val L:0.2724 ABS:0.4526 RMSE:1.5164 d1:0.4750
Epoch [29/40] L:0.2106 D:0.2106 835s
Epoch [30/40] L:0.2120 D:0.2120 835s
Epoch [31/40] L:0.2112 D:0.2112 835s
Epoch [32/40] L:0.2116 D:0.2116 834s
  Val L:0.2661 ABS:0.4955 RMSE:1.4577 d1:0.4891
Epoch [33/40] L:0.2125 D:0.2125 833s
Epoch [34/40] L:0.2115 D:0.2115 835s
Epoch [35/40] L:0.2115 D:0.2115 837s
Epoch [36/40] L:0.2118 D:0.2118 835s
  Val L:0.2645 ABS:0.5027 RMSE:1.4519 d1:0.4867
Epoch [37/40] L:0.2121 D:0.2121 836s
Epoch [38/40] L:0.2125 D:0.2125 835s
Epoch [39/40] L:0.2116 D:0.2116 835s
Epoch [40/40] L:0.2120 D:0.2120 835s
  Val L:0.2681 ABS:0.4554 RMSE:1.4897 d1:0.4938

Done. Best score:1.1565 RMSE:1.4639 ABS:0.4390
