/opt/conda/lib/python3.11/site-packages/timm/models/layers/__init__.py:49: FutureWarning: Importing from timm.models.layers is deprecated, please import via timm.layers
  warnings.warn(f"Importing from {__name__} is deprecated, please import via timm.layers", FutureWarning)
============================================================
Model: vit_baseline  Dataset: soundspaces
BS: 8  LR: 0.0005  Opt: AdamW
============================================================
Loaded scene split from /root/local1/changwoo/matterport3d_0303renew/scene_split.json
  train: 72, val: 9, test: 9
[train] 23560 samples (fast cache: samples_train_erp_c7ed256fbb9b.json)
Loaded scene split from /root/local1/changwoo/matterport3d_0303renew/scene_split.json
  train: 72, val: 9, test: 9
[val] 2951 samples (fast cache: samples_val_erp_89df6a83b017.json)
Train: 23560, Val: 2951
Model: vit_baseline (89.7M params)
Epoch [1/40] L:0.2865 D:0.2865 1408s
Epoch [2/40] L:0.2732 D:0.2732 1419s
Epoch [3/40] L:0.2621 D:0.2621 1423s
Epoch [4/40] L:0.2622 D:0.2622 1414s
  Val L:0.3278 ABS:0.5324 RMSE:1.6682 d1:0.4240
  >> Best (score:1.3274 RMSE:1.6682 ABS:0.5324)
Epoch [5/40] L:0.2599 D:0.2599 1413s
Epoch [6/40] L:0.2607 D:0.2607 1412s
Epoch [7/40] L:0.2529 D:0.2529 1408s
Epoch [8/40] L:0.2619 D:0.2619 1064s
  Val L:0.3104 ABS:0.5204 RMSE:1.6142 d1:0.4496
  >> Best (score:1.2860 RMSE:1.6142 ABS:0.5204)
Epoch [9/40] L:0.2569 D:0.2569 548s
Epoch [10/40] L:0.2546 D:0.2546 548s
Epoch [11/40] L:0.2586 D:0.2586 550s
Epoch [12/40] L:0.2634 D:0.2634 551s
  Val L:0.3256 ABS:0.4828 RMSE:1.6940 d1:0.4161
Epoch [13/40] L:0.2594 D:0.2594 550s
Epoch [14/40] L:0.2537 D:0.2537 550s
Epoch [15/40] L:0.2538 D:0.2538 551s
Epoch [16/40] L:0.2568 D:0.2568 550s
  Val L:0.3106 ABS:0.5458 RMSE:1.5917 d1:0.4572
  >> Best (score:1.2779 RMSE:1.5917 ABS:0.5458)
Epoch [17/40] L:0.2541 D:0.2541 550s
Epoch [18/40] L:0.2540 D:0.2540 550s
Epoch [19/40] L:0.2590 D:0.2590 550s
Epoch [20/40] L:0.2687 D:0.2687 550s
  Val L:0.3227 ABS:0.5569 RMSE:1.6280 d1:0.4419
Epoch [21/40] L:0.2623 D:0.2623 551s
Epoch [22/40] L:0.2619 D:0.2619 550s
Epoch [23/40] L:0.2575 D:0.2575 551s
Epoch [24/40] L:0.2560 D:0.2560 551s
  Val L:0.3108 ABS:0.5778 RMSE:1.5795 d1:0.4491
Epoch [25/40] L:0.2627 D:0.2627 551s
Epoch [26/40] L:0.2592 D:0.2592 551s
Epoch [27/40] L:0.2602 D:0.2602 551s
Epoch [28/40] L:0.2632 D:0.2632 551s
  Val L:0.3544 ABS:0.4709 RMSE:1.7874 d1:0.3880
Epoch [29/40] L:0.2588 D:0.2588 550s
Epoch [30/40] L:0.2619 D:0.2619 550s
Epoch [31/40] L:0.2559 D:0.2559 550s
Epoch [32/40] L:0.2619 D:0.2619 550s
  Val L:0.3257 ABS:0.5619 RMSE:1.6530 d1:0.4361
Epoch [33/40] L:0.2642 D:0.2642 549s
Epoch [34/40] L:0.2562 D:0.2562 550s
Epoch [35/40] L:0.2559 D:0.2559 549s
Epoch [36/40] L:0.2561 D:0.2561 549s
  Val L:0.3091 ABS:0.5282 RMSE:1.5965 d1:0.4441
  >> Best (score:1.2760 RMSE:1.5965 ABS:0.5282)
Epoch [37/40] L:0.2569 D:0.2569 548s
Epoch [38/40] L:0.2519 D:0.2519 549s
Epoch [39/40] L:0.2489 D:0.2489 549s
Epoch [40/40] L:0.2485 D:0.2485 548s
  Val L:0.3132 ABS:0.4843 RMSE:1.6385 d1:0.4258

Done. Best score:1.2760 RMSE:1.5965 ABS:0.5282
