/opt/conda/lib/python3.11/site-packages/timm/models/layers/__init__.py:49: FutureWarning: Importing from timm.models.layers is deprecated, please import via timm.layers
  warnings.warn(f"Importing from {__name__} is deprecated, please import via timm.layers", FutureWarning)
============================================================
Model: pretrained_resnet  Dataset: soundspaces
BS: 160  LR: 5e-05  Opt: AdamW
============================================================
Loaded scene split from /root/local1/changwoo/matterport3d_0303renew/scene_split.json
  train: 72, val: 9, test: 9
[train] 23560 samples (fast cache: samples_train_erp_c7ed256fbb9b.json)
Loaded scene split from /root/local1/changwoo/matterport3d_0303renew/scene_split.json
  train: 72, val: 9, test: 9
[val] 2951 samples (fast cache: samples_val_erp_89df6a83b017.json)
Train: 23560, Val: 2951
Model: pretrained_resnet (30.0M params)
Traceback (most recent call last):
  File "/root/storage/implementation/shared_audio/baseline/train.py", line 917, in <module>
    train(cfg)
  File "/root/storage/implementation/shared_audio/baseline/train.py", line 747, in train
    for _bi, batch in enumerate(train_loader):
  File "/opt/conda/lib/python3.11/site-packages/torch/utils/data/dataloader.py", line 734, in __next__
    data = self._next_data()
           ^^^^^^^^^^^^^^^^^
  File "/opt/conda/lib/python3.11/site-packages/torch/utils/data/dataloader.py", line 1516, in _next_data
    return self._process_data(data, worker_id)
           ^^^^^^^^^^^^^^^^^^^^^^^^^^^^^^^^^^^
  File "/opt/conda/lib/python3.11/site-packages/torch/utils/data/dataloader.py", line 1551, in _process_data
    data.reraise()
  File "/opt/conda/lib/python3.11/site-packages/torch/_utils.py", line 769, in reraise
    raise exception
torch.AcceleratorError: Caught AcceleratorError in pin memory thread for device 0.
Original Traceback (most recent call last):
  File "/opt/conda/lib/python3.11/site-packages/torch/utils/data/_utils/pin_memory.py", line 43, in do_one_step
    data = pin_memory(data, device)
           ^^^^^^^^^^^^^^^^^^^^^^^^
  File "/opt/conda/lib/python3.11/site-packages/torch/utils/data/_utils/pin_memory.py", line 100, in pin_memory
    clone[i] = pin_memory(item, device)
               ^^^^^^^^^^^^^^^^^^^^^^^^
  File "/opt/conda/lib/python3.11/site-packages/torch/utils/data/_utils/pin_memory.py", line 66, in pin_memory
    return data.pin_memory(device)
           ^^^^^^^^^^^^^^^^^^^^^^^
torch.AcceleratorError: CUDA error: invalid argument
CUDA kernel errors might be asynchronously reported at some other API call, so the stacktrace below might be incorrect.
For debugging consider passing CUDA_LAUNCH_BLOCKING=1
Compile with `TORCH_USE_CUDA_DSA` to enable device-side assertions.


