wandb: [wandb.login()] Loaded credentials for https://api.wandb.ai from /root/.netrc.
wandb: Currently logged in as: branden to https://api.wandb.ai. Use `wandb login --relogin` to force relogin
wandb: setting up run oex25ic6
wandb: Tracking run with wandb version 0.25.1
wandb: Run data is saved locally in /root/storage/implementation/shared_audio/baseline/wandb/run-20260407_234753-oex25ic6
wandb: Run `wandb offline` to turn off syncing.
wandb: Syncing run vit_soundspaces_BS16_Lr0.0001_AdamW_exp08_vit_lr1e4_bs16
wandb: ⭐️ View project at https://wandb.ai/branden/neurips_audio_depth
wandb: 🚀 View run at https://wandb.ai/branden/neurips_audio_depth/runs/oex25ic6
============================================================
Model: vit_baseline  Dataset: soundspaces
BS: 16  LR: 0.0001  Opt: AdamW
============================================================
Loaded scene split from /root/storage/matterport3d_0303renew/scene_split.json
  train: 72, val: 9, test: 9
[train] 23560 samples from 72 scenes (filtered 5240 with >10% no-depth)
Loaded scene split from /root/storage/matterport3d_0303renew/scene_split.json
  train: 72, val: 9, test: 9
[val] 2951 samples from 9 scenes (filtered 592 with >10% no-depth)
Train: 23560, Val: 2951
Model: vit_baseline (89.7M params)
Epoch [1/40] L:0.2600 D:0.2600 538s
Epoch [2/40] L:0.2158 D:0.2158 536s
Epoch [3/40] L:0.2083 D:0.2083 494s
Epoch [4/40] L:0.2040 D:0.2040 487s
  Val L:0.2449 ABS:0.4607 RMSE:1.3100 d1:0.4953
  >> Best (score:1.0552 RMSE:1.3100 ABS:0.4607)
Epoch [5/40] L:0.2006 D:0.2006 487s
Epoch [6/40] L:0.1978 D:0.1978 488s
Epoch [7/40] L:0.1960 D:0.1960 487s
Epoch [8/40] L:0.1935 D:0.1935 487s
  Val L:0.2414 ABS:0.4861 RMSE:1.2794 d1:0.4922
  >> Best (score:1.0414 RMSE:1.2794 ABS:0.4861)
Epoch [9/40] L:0.1918 D:0.1918 488s
Epoch [10/40] L:0.1900 D:0.1900 491s
Epoch [11/40] L:0.1888 D:0.1888 489s
Epoch [12/40] L:0.1874 D:0.1874 489s
  Val L:0.2290 ABS:0.4312 RMSE:1.2626 d1:0.4961
  >> Best (score:1.0132 RMSE:1.2626 ABS:0.4312)
Epoch [13/40] L:0.1859 D:0.1859 493s
Epoch [14/40] L:0.1848 D:0.1848 487s
Epoch [15/40] L:0.1839 D:0.1839 491s
Epoch [16/40] L:0.1825 D:0.1825 487s
  Val L:0.2324 ABS:0.4576 RMSE:1.2656 d1:0.5124
Epoch [17/40] L:0.1816 D:0.1816 487s
Epoch [18/40] L:0.1806 D:0.1806 488s
Epoch [19/40] L:0.1796 D:0.1796 488s
Epoch [20/40] L:0.1788 D:0.1788 489s
  Val L:0.2326 ABS:0.4300 RMSE:1.2687 d1:0.5121
Epoch [21/40] L:0.1776 D:0.1776 490s
Epoch [22/40] L:0.1765 D:0.1765 488s
Epoch [23/40] L:0.1759 D:0.1759 489s
Epoch [24/40] L:0.1754 D:0.1754 488s
  Val L:0.2473 ABS:0.4220 RMSE:1.3032 d1:0.4910
Epoch [25/40] L:0.1744 D:0.1744 489s
Epoch [26/40] L:0.1734 D:0.1734 488s
Epoch [27/40] L:0.1726 D:0.1726 488s
Epoch [28/40] L:0.1719 D:0.1719 488s
  Val L:0.2421 ABS:0.4189 RMSE:1.2894 d1:0.5094
Epoch [29/40] L:0.1713 D:0.1713 488s
Epoch [30/40] L:0.1698 D:0.1698 488s
Epoch [31/40] L:0.1693 D:0.1693 490s
Epoch [32/40] L:0.1683 D:0.1683 488s
  Val L:0.2326 ABS:0.4566 RMSE:1.2424 d1:0.5307
  >> Best (score:1.0067 RMSE:1.2424 ABS:0.4566)
Epoch [33/40] L:0.1680 D:0.1680 489s
Epoch [34/40] L:0.1669 D:0.1669 488s
Epoch [35/40] L:0.1661 D:0.1661 481s
Epoch [36/40] L:0.1655 D:0.1655 479s
  Val L:0.2346 ABS:0.4471 RMSE:1.2573 d1:0.5296
Epoch [37/40] L:0.1649 D:0.1649 480s
Epoch [38/40] L:0.1638 D:0.1638 473s
Epoch [39/40] L:0.1631 D:0.1631 473s
Epoch [40/40] L:0.1614 D:0.1614 473s
wandb: updating run metadata
wandb: uploading output.log; uploading wandb-summary.json; uploading config.yaml
wandb: uploading output.log; uploading wandb-summary.json
wandb: uploading history steps 39-39, summary, console lines 54-55
wandb: 
wandb: Run history:
wandb: best/abs_rel ▅█▁▄
wandb:   best/epoch ▁▂▃█
wandb:    best/rmse █▅▃▁
wandb:   best/score █▆▂▁
wandb:        epoch ▁▁▁▂▂▂▂▂▂▃▃▃▃▃▄▄▄▄▄▄▅▅▅▅▅▅▆▆▆▆▆▇▇▇▇▇▇███
wandb:  train/depth █▅▄▄▄▄▃▃▃▃▃▃▃▃▃▃▂▂▂▂▂▂▂▂▂▂▂▂▂▂▂▁▁▁▁▁▁▁▁▁
wandb:   train/loss █▅▄▄▄▄▃▃▃▃▃▃▃▃▃▃▂▂▂▂▂▂▂▂▂▂▂▂▂▂▂▁▁▁▁▁▁▁▁▁
wandb:  val/abs_rel ▅█▂▅▂▁▁▅▄▄
wandb:   val/delta1 ▂▁▂▅▅▁▄██▃
wandb:   val/delta2 ▁▁▄▆▆▂▅██▃
wandb:           +5 ...
wandb: 
wandb: Run summary:
wandb: best/abs_rel 0.45662
wandb:   best/epoch 32
wandb:    best/rmse 1.24245
wandb:   best/score 1.0067
wandb:        epoch 40
wandb:  train/depth 0.16138
wandb:   train/loss 0.16138
wandb:  val/abs_rel 0.45197
wandb:   val/delta1 0.50247
wandb:   val/delta2 0.70321
wandb:           +5 ...
wandb: 
wandb: 🚀 View run vit_soundspaces_BS16_Lr0.0001_AdamW_exp08_vit_lr1e4_bs16 at: https://wandb.ai/branden/neurips_audio_depth/runs/oex25ic6
wandb: ⭐️ View project at: https://wandb.ai/branden/neurips_audio_depth
wandb: Synced 5 W&B file(s), 0 media file(s), 0 artifact file(s) and 0 other file(s)
wandb: Find logs at: ./wandb/run-20260407_234753-oex25ic6/logs
  Val L:0.2460 ABS:0.4520 RMSE:1.2952 d1:0.5025

Done. Best score:1.0067 RMSE:1.2424 ABS:0.4566
