wandb: [wandb.login()] Loaded credentials for https://api.wandb.ai from /root/.netrc.
wandb: Currently logged in as: branden to https://api.wandb.ai. Use `wandb login --relogin` to force relogin
wandb: setting up run t23hijqc
wandb: Tracking run with wandb version 0.25.1
wandb: Run data is saved locally in /root/storage/implementation/shared_audio/baseline/wandb/run-20260408_175616-t23hijqc
wandb: Run `wandb offline` to turn off syncing.
wandb: Syncing run unet_256_soundspaces_BS32_Lr0.001_AdamW_exp16_crossattn_lr1e3_fw0.1
wandb: ⭐️ View project at https://wandb.ai/branden/neurips_audio_depth
wandb: 🚀 View run at https://wandb.ai/branden/neurips_audio_depth/runs/t23hijqc
============================================================
Model: foa_crossattn  Dataset: soundspaces
BS: 32  LR: 0.001  Opt: AdamW
============================================================
Loaded scene split from /root/storage/matterport3d_0303renew/scene_split.json
  train: 72, val: 9, test: 9
[train] 23560 samples from 72 scenes (filtered 5240 with >10% no-depth) [ambisonic=ON]
  Precomputed SH basis matrix: (131072, 4) (order=1)
Loaded scene split from /root/storage/matterport3d_0303renew/scene_split.json
  train: 72, val: 9, test: 9
[val] 2951 samples from 9 scenes (filtered 592 with >10% no-depth) [ambisonic=ON]
  Precomputed SH basis matrix: (131072, 4) (order=1)
Train: 23560, Val: 2951
Model: foa_crossattn (56.3M params)
/opt/conda/lib/python3.9/site-packages/torch/nn/parallel/_functions.py:71: UserWarning: Was asked to gather along dimension 0, but all input tensors were scalars; will instead unsqueeze and return a vector.
  warnings.warn(
Epoch [1/40] L:0.3042 D:0.2568 F:0.1078 H:0.3440 KL:0.2148 195s
Epoch [2/40] L:0.2633 D:0.2246 F:0.0600 H:0.3165 KL:0.0987 187s
Epoch [3/40] L:0.2547 D:0.2162 F:0.0482 H:0.3282 KL:0.0867 142s
Epoch [4/40] L:0.2488 D:0.2110 F:0.0418 H:0.3282 KL:0.0751 141s
  Val L:0.2844 ABS:0.4734 RMSE:1.3056 d1:0.4903
  >> Best (score:1.0559 RMSE:1.3056 ABS:0.4734)
Epoch [5/40] L:0.2430 D:0.2043 F:0.0405 H:0.3389 KL:0.0803 174s
Epoch [6/40] L:0.2341 D:0.1948 F:0.0387 H:0.3473 KL:0.0702 284s
Epoch [7/40] L:0.2283 D:0.1887 F:0.0375 H:0.3513 KL:0.0672 191s
Epoch [8/40] L:0.2244 D:0.1846 F:0.0369 H:0.3542 KL:0.0702 325s
  Val L:0.2658 ABS:0.4261 RMSE:1.2652 d1:0.5049
  >> Best (score:1.0134 RMSE:1.2652 ABS:0.4261)
Epoch [9/40] L:0.2212 D:0.1815 F:0.0360 H:0.3550 KL:0.0654 211s
Epoch [10/40] L:0.2183 D:0.1785 F:0.0356 H:0.3558 KL:0.0641 178s
Epoch [11/40] L:0.2150 D:0.1750 F:0.0356 H:0.3584 KL:0.0678 174s
Epoch [12/40] L:0.2121 D:0.1719 F:0.0352 H:0.3597 KL:0.0631 403s
  Val L:0.2662 ABS:0.4216 RMSE:1.2418 d1:0.5115
  >> Best (score:0.9958 RMSE:1.2418 ABS:0.4216)
Epoch [13/40] L:0.2084 D:0.1682 F:0.0349 H:0.3605 KL:0.0632 421s
Epoch [14/40] L:0.2046 D:0.1643 F:0.0347 H:0.3620 KL:0.0646 186s
Epoch [15/40] L:0.2016 D:0.1611 F:0.0350 H:0.3632 KL:0.0644 265s
Epoch [16/40] L:0.1977 D:0.1572 F:0.0347 H:0.3638 KL:0.0660 350s
  Val L:0.2639 ABS:0.4206 RMSE:1.2355 d1:0.5204
  >> Best (score:0.9911 RMSE:1.2355 ABS:0.4206)
Epoch [17/40] L:0.1942 D:0.1535 F:0.0348 H:0.3656 KL:0.0680 513s
Epoch [18/40] L:0.1903 D:0.1496 F:0.0347 H:0.3658 KL:0.0706 737s
Epoch [19/40] L:0.1855 D:0.1447 F:0.0345 H:0.3670 KL:0.0716 651s
Epoch [20/40] L:0.1810 D:0.1404 F:0.0347 H:0.3641 KL:0.0761 454s
  Val L:0.2713 ABS:0.4330 RMSE:1.2451 d1:0.5255
Epoch [21/40] L:0.1750 D:0.1357 F:0.0347 H:0.3500 KL:0.0881 329s
Epoch [22/40] L:0.1696 D:0.1312 F:0.0347 H:0.3401 KL:0.0933 238s
Epoch [23/40] L:0.1647 D:0.1267 F:0.0347 H:0.3352 KL:0.0956 441s
Epoch [24/40] L:0.1594 D:0.1224 F:0.0346 H:0.3259 KL:0.1024 264s
  Val L:0.2739 ABS:0.4069 RMSE:1.2539 d1:0.5324
Epoch [25/40] L:0.1548 D:0.1182 F:0.0347 H:0.3205 KL:0.1031 178s
Epoch [26/40] L:0.1494 D:0.1130 F:0.0345 H:0.3182 KL:0.1079 151s
Epoch [27/40] L:0.1437 D:0.1079 F:0.0344 H:0.3134 KL:0.1081 215s
Epoch [28/40] L:0.1398 D:0.1039 F:0.0346 H:0.3134 KL:0.1090 342s
  Val L:0.2820 ABS:0.4286 RMSE:1.2790 d1:0.5289
Epoch [29/40] L:0.1354 D:0.0996 F:0.0345 H:0.3122 KL:0.1125 548s
Epoch [30/40] L:0.1309 D:0.0954 F:0.0344 H:0.3098 KL:0.1125 188s
Epoch [31/40] L:0.1264 D:0.0911 F:0.0345 H:0.3075 KL:0.1152 186s
Epoch [32/40] L:0.1232 D:0.0879 F:0.0344 H:0.3072 KL:0.1177 195s
  Val L:0.2848 ABS:0.4438 RMSE:1.2818 d1:0.5313
Epoch [33/40] L:0.1191 D:0.0839 F:0.0344 H:0.3058 KL:0.1168 539s
Epoch [34/40] L:0.1160 D:0.0810 F:0.0343 H:0.3038 KL:0.1193 568s
Epoch [35/40] L:0.1124 D:0.0776 F:0.0342 H:0.3020 KL:0.1208 516s
Epoch [36/40] L:0.1090 D:0.0742 F:0.0342 H:0.3019 KL:0.1184 465s
  Val L:0.2859 ABS:0.4413 RMSE:1.2963 d1:0.5308
Epoch [37/40] L:0.1064 D:0.0718 F:0.0341 H:0.2997 KL:0.1200 186s
Epoch [38/40] L:0.1037 D:0.0691 F:0.0341 H:0.2995 KL:0.1208 345s
Epoch [39/40] L:0.1008 D:0.0664 F:0.0343 H:0.2979 KL:0.1208 751s
Epoch [40/40] L:0.0986 D:0.0644 F:0.0340 H:0.2958 KL:0.1205 1325s
wandb: updating run metadata
wandb: uploading config.yaml
wandb: uploading config.yaml; uploading output.log; uploading wandb-summary.json
wandb: 
wandb: Run history:
wandb: best/abs_rel █▂▁▁
wandb:   best/epoch ▁▃▆█
wandb:    best/rmse █▄▂▁
wandb:   best/score █▃▂▁
wandb:        epoch ▁▁▁▂▂▂▂▂▂▃▃▃▃▃▄▄▄▄▄▄▅▅▅▅▅▅▆▆▆▆▆▇▇▇▇▇▇███
wandb:  train/depth █▇▇▆▆▆▆▅▅▅▅▅▅▅▅▄▄▄▄▄▄▃▃▃▃▃▃▂▂▂▂▂▂▂▁▁▁▁▁▁
wandb:    train/foa █▃▂▂▂▁▁▁▁▁▁▁▁▁▁▁▁▁▁▁▁▁▁▁▁▁▁▁▁▁▁▁▁▁▁▁▁▁▁▁
wandb:   train/hist ▆▃▄▄▅▆▆▇▇▇▇▇▇███████▆▅▅▄▃▃▃▃▃▂▂▂▂▂▂▂▁▁▁▁
wandb:     train/kl █▃▂▂▂▁▁▁▁▁▁▁▁▁▁▁▁▁▁▂▂▂▂▃▃▃▃▃▃▃▃▄▃▄▄▄▄▄▄▄
wandb:   train/loss █▇▆▆▆▆▅▅▅▅▅▅▅▅▅▄▄▄▄▄▄▃▃▃▃▃▃▂▂▂▂▂▂▂▁▁▁▁▁▁
wandb:           +8 ...
wandb: 
wandb: Run summary:
wandb: best/abs_rel 0.42057
wandb:   best/epoch 16
wandb:    best/rmse 1.23555
wandb:   best/score 0.99105
wandb:        epoch 40
wandb:  train/depth 0.06441
wandb:    train/foa 0.03401
wandb:   train/hist 0.29579
wandb:     train/kl 0.12053
wandb:   train/loss 0.0986
wandb:           +8 ...
wandb: 
wandb: 🚀 View run unet_256_soundspaces_BS32_Lr0.001_AdamW_exp16_crossattn_lr1e3_fw0.1 at: https://wandb.ai/branden/neurips_audio_depth/runs/t23hijqc
wandb: ⭐️ View project at: https://wandb.ai/branden/neurips_audio_depth
wandb: Synced 5 W&B file(s), 0 media file(s), 0 artifact file(s) and 0 other file(s)
wandb: Find logs at: ./wandb/run-20260408_175616-t23hijqc/logs
  Val L:0.2943 ABS:0.4460 RMSE:1.3151 d1:0.5282

Done. Best score:0.9911 RMSE:1.2355 ABS:0.4206
