wandb: [wandb.login()] Loaded credentials for https://api.wandb.ai from /root/.netrc.
wandb: Currently logged in as: branden to https://api.wandb.ai. Use `wandb login --relogin` to force relogin
wandb: setting up run bto3w664
wandb: Tracking run with wandb version 0.25.1
wandb: Run data is saved locally in /root/storage/implementation/shared_audio/baseline/wandb/run-20260408_221611-bto3w664
wandb: Run `wandb offline` to turn off syncing.
wandb: Syncing run unet_256_soundspaces_BS32_Lr0.001_AdamW_exp21_featbank_lr1e3_fw0.1
wandb: ⭐️ View project at https://wandb.ai/branden/neurips_audio_depth
wandb: 🚀 View run at https://wandb.ai/branden/neurips_audio_depth/runs/bto3w664
============================================================
Model: foa_featbank  Dataset: soundspaces
BS: 32  LR: 0.001  Opt: AdamW
============================================================
Loaded scene split from /root/storage/matterport3d_0303renew/scene_split.json
  train: 72, val: 9, test: 9
[train] 23560 samples from 72 scenes (filtered 5240 with >10% no-depth) [ambisonic=ON]
  Precomputed SH basis matrix: (131072, 4) (order=1)
Loaded scene split from /root/storage/matterport3d_0303renew/scene_split.json
  train: 72, val: 9, test: 9
[val] 2951 samples from 9 scenes (filtered 592 with >10% no-depth) [ambisonic=ON]
  Precomputed SH basis matrix: (131072, 4) (order=1)
Train: 23560, Val: 2951
Model: foa_featbank (56.5M params)
/opt/conda/lib/python3.9/site-packages/torch/nn/parallel/_functions.py:71: UserWarning: Was asked to gather along dimension 0, but all input tensors were scalars; will instead unsqueeze and return a vector.
  warnings.warn(
Epoch [1/40] L:0.2946 D:0.2540 F:0.0702 H:0.3359 KL:0.0003 283s
Epoch [2/40] L:0.2629 D:0.2272 F:0.0526 H:0.3048 KL:0.0000 936s
Epoch [3/40] L:0.2567 D:0.2217 F:0.0462 H:0.3042 KL:0.0000 715s
Epoch [4/40] L:0.2511 D:0.2153 F:0.0442 H:0.3134 KL:0.0000 679s
  Val L:0.2981 ABS:0.4555 RMSE:1.3921 d1:0.4441
  >> Best (score:1.1111 RMSE:1.3921 ABS:0.4555)
Epoch [5/40] L:0.2468 D:0.2112 F:0.0424 H:0.3140 KL:0.0000 864s
Epoch [6/40] L:0.2437 D:0.2081 F:0.0404 H:0.3157 KL:0.0000 1023s
Epoch [7/40] L:0.2398 D:0.2032 F:0.0400 H:0.3264 KL:0.0000 666s
Epoch [8/40] L:0.2310 D:0.1930 F:0.0395 H:0.3400 KL:0.0000 578s
  Val L:0.2680 ABS:0.4225 RMSE:1.2839 d1:0.5023
  >> Best (score:1.0255 RMSE:1.2839 ABS:0.4225)
Epoch [9/40] L:0.2263 D:0.1881 F:0.0382 H:0.3437 KL:0.0000 541s
Epoch [10/40] L:0.2217 D:0.1841 F:0.0372 H:0.3389 KL:0.0000 627s
Epoch [11/40] L:0.2168 D:0.1801 F:0.0366 H:0.3307 KL:0.0000 390s
Epoch [12/40] L:0.2128 D:0.1764 F:0.0359 H:0.3281 KL:0.0000 750s
  Val L:0.2601 ABS:0.4114 RMSE:1.2597 d1:0.5176
  >> Best (score:1.0052 RMSE:1.2597 ABS:0.4114)
Epoch [13/40] L:0.2089 D:0.1726 F:0.0352 H:0.3282 KL:0.0000 960s
Epoch [14/40] L:0.2054 D:0.1692 F:0.0345 H:0.3269 KL:0.0000 893s
Epoch [15/40] L:0.2010 D:0.1651 F:0.0342 H:0.3251 KL:0.0000 893s
Epoch [16/40] L:0.1963 D:0.1614 F:0.0338 H:0.3158 KL:0.0000 722s
  Val L:0.2516 ABS:0.4231 RMSE:1.2341 d1:0.5236
  >> Best (score:0.9908 RMSE:1.2341 ABS:0.4231)
Epoch [17/40] L:0.1899 D:0.1562 F:0.0334 H:0.3030 KL:0.0000 739s
Epoch [18/40] L:0.1845 D:0.1519 F:0.0325 H:0.2936 KL:0.0000 441s
Epoch [19/40] L:0.1786 D:0.1465 F:0.0320 H:0.2885 KL:0.0000 426s
Epoch [20/40] L:0.1735 D:0.1419 F:0.0316 H:0.2849 KL:0.0000 395s
  Val L:0.2554 ABS:0.4326 RMSE:1.2283 d1:0.5243
  >> Best (score:0.9895 RMSE:1.2283 ABS:0.4326)
Epoch [21/40] L:0.1687 D:0.1372 F:0.0310 H:0.2834 KL:0.0000 274s
Epoch [22/40] L:0.1634 D:0.1324 F:0.0306 H:0.2796 KL:0.0000 468s
Epoch [23/40] L:0.1587 D:0.1279 F:0.0303 H:0.2777 KL:0.0000 223s
Epoch [24/40] L:0.1530 D:0.1225 F:0.0298 H:0.2752 KL:0.0000 196s
  Val L:0.2681 ABS:0.4164 RMSE:1.2546 d1:0.5320
Epoch [25/40] L:0.1488 D:0.1186 F:0.0296 H:0.2724 KL:0.0000 260s
Epoch [26/40] L:0.1436 D:0.1138 F:0.0291 H:0.2689 KL:0.0000 251s
Epoch [27/40] L:0.1392 D:0.1098 F:0.0289 H:0.2651 KL:0.0000 192s
Epoch [28/40] L:0.1343 D:0.1052 F:0.0288 H:0.2624 KL:0.0000 197s
  Val L:0.2711 ABS:0.4218 RMSE:1.2685 d1:0.5314
Epoch [29/40] L:0.1295 D:0.1008 F:0.0286 H:0.2590 KL:0.0000 607s
Epoch [30/40] L:0.1253 D:0.0968 F:0.0283 H:0.2569 KL:0.0000 568s
Epoch [31/40] L:0.1218 D:0.0936 F:0.0280 H:0.2546 KL:0.0000 506s
Epoch [32/40] L:0.1176 D:0.0897 F:0.0275 H:0.2516 KL:0.0000 238s
  Val L:0.2810 ABS:0.4091 RMSE:1.2928 d1:0.5330
Epoch [33/40] L:0.1132 D:0.0856 F:0.0275 H:0.2495 KL:0.0000 240s
Epoch [34/40] L:0.1103 D:0.0828 F:0.0272 H:0.2475 KL:0.0000 164s
Epoch [35/40] L:0.1068 D:0.0796 F:0.0268 H:0.2456 KL:0.0000 151s
Epoch [36/40] L:0.1035 D:0.0765 F:0.0265 H:0.2435 KL:0.0000 155s
  Val L:0.2809 ABS:0.4367 RMSE:1.2912 d1:0.5306
Epoch [37/40] L:0.1009 D:0.0741 F:0.0265 H:0.2416 KL:0.0000 176s
Epoch [38/40] L:0.0986 D:0.0720 F:0.0261 H:0.2394 KL:0.0000 144s
Epoch [39/40] L:0.0957 D:0.0693 F:0.0260 H:0.2381 KL:0.0000 145s
Epoch [40/40] L:0.0934 D:0.0671 F:0.0258 H:0.2370 KL:0.0000 148s
wandb: updating run metadata
wandb: uploading wandb-summary.json; uploading config.yaml; uploading output.log
wandb: uploading summary, console lines 57-58
wandb: 
wandb: Run history:
wandb: best/abs_rel █▃▁▃▄
wandb:   best/epoch ▁▃▅▆█
wandb:    best/rmse █▃▂▁▁
wandb:   best/score █▃▂▁▁
wandb:        epoch ▁▁▁▂▂▂▂▂▂▃▃▃▃▃▄▄▄▄▄▄▅▅▅▅▅▅▆▆▆▆▆▇▇▇▇▇▇███
wandb:  train/depth █▇▇▇▆▆▆▆▆▅▅▅▅▅▅▅▄▄▄▄▄▃▃▃▃▃▃▂▂▂▂▂▂▂▁▁▁▁▁▁
wandb:    train/foa █▅▄▄▄▃▃▃▃▃▃▃▂▂▂▂▂▂▂▂▂▂▂▂▂▂▁▁▁▁▁▁▁▁▁▁▁▁▁▁
wandb:   train/hist ▇▅▅▆▆▆▇███▇▇▇▇▇▆▅▅▄▄▄▄▄▄▃▃▃▃▂▂▂▂▂▂▂▁▁▁▁▁
wandb:     train/kl █▁▁▁▁▁▁▁▁▁▁▁▁▁▁▁▁▁▁▁▁▁▁▁▁▁▁▁▁▁▁▁▁▁▁▁▁▁▁▁
wandb:   train/loss █▇▇▆▆▆▆▆▆▅▅▅▅▅▅▅▄▄▄▄▄▃▃▃▃▃▃▂▂▂▂▂▂▂▁▁▁▁▁▁
wandb:           +8 ...
wandb: 
wandb: Run summary:
wandb: best/abs_rel 0.43257
wandb:   best/epoch 20
wandb:    best/rmse 1.22825
wandb:   best/score 0.98955
wandb:        epoch 40
wandb:  train/depth 0.06711
wandb:    train/foa 0.02585
wandb:   train/hist 0.23704
wandb:     train/kl 0.0
wandb:   train/loss 0.0934
wandb:           +8 ...
wandb: 
wandb: 🚀 View run unet_256_soundspaces_BS32_Lr0.001_AdamW_exp21_featbank_lr1e3_fw0.1 at: https://wandb.ai/branden/neurips_audio_depth/runs/bto3w664
wandb: ⭐️ View project at: https://wandb.ai/branden/neurips_audio_depth
wandb: Synced 5 W&B file(s), 0 media file(s), 0 artifact file(s) and 0 other file(s)
wandb: Find logs at: ./wandb/run-20260408_221611-bto3w664/logs
  Val L:0.2845 ABS:0.4384 RMSE:1.3033 d1:0.5354

Done. Best score:0.9895 RMSE:1.2283 ABS:0.4326
