wandb: [wandb.login()] Loaded credentials for https://api.wandb.ai from /root/.netrc.
wandb: Currently logged in as: branden to https://api.wandb.ai. Use `wandb login --relogin` to force relogin
wandb: setting up run 3hkuit9b
wandb: Tracking run with wandb version 0.25.1
wandb: Run data is saved locally in /root/storage/implementation/shared_audio/baseline/wandb/run-20260408_093920-3hkuit9b
wandb: Run `wandb offline` to turn off syncing.
wandb: Syncing run unet_256_soundspaces_BS32_Lr0.001_AdamW_exp26_msattn_lr1e3_fw0.1
wandb: ⭐️ View project at https://wandb.ai/branden/neurips_audio_depth
wandb: 🚀 View run at https://wandb.ai/branden/neurips_audio_depth/runs/3hkuit9b
============================================================
Model: foa_msattn  Dataset: soundspaces
BS: 32  LR: 0.001  Opt: AdamW
============================================================
Loaded scene split from /root/storage/matterport3d_0303renew/scene_split.json
  train: 72, val: 9, test: 9
[train] 23560 samples from 72 scenes (filtered 5240 with >10% no-depth) [ambisonic=ON]
  Precomputed SH basis matrix: (131072, 4) (order=1)
Loaded scene split from /root/storage/matterport3d_0303renew/scene_split.json
  train: 72, val: 9, test: 9
[val] 2951 samples from 9 scenes (filtered 592 with >10% no-depth) [ambisonic=ON]
  Precomputed SH basis matrix: (131072, 4) (order=1)
Train: 23560, Val: 2951
Model: foa_msattn (57.0M params)
/opt/conda/lib/python3.9/site-packages/torch/nn/parallel/_functions.py:71: UserWarning: Was asked to gather along dimension 0, but all input tensors were scalars; will instead unsqueeze and return a vector.
  warnings.warn(
Traceback (most recent call last):
  File "/root/storage/implementation/shared_audio/baseline/train.py", line 313, in <module>
    train(cfg)
  File "/root/storage/implementation/shared_audio/baseline/train.py", line 210, in train
    s = _train_step_foa(model, batch, criterion, optimizer,
  File "/root/storage/implementation/shared_audio/baseline/train.py", line 69, in _train_step_foa
    ld["total"].backward()
  File "/opt/conda/lib/python3.9/site-packages/torch/_tensor.py", line 647, in backward
    torch.autograd.backward(
  File "/opt/conda/lib/python3.9/site-packages/torch/autograd/__init__.py", line 347, in backward
    grad_tensors_ = _make_grads(tensors, grad_tensors_, is_grads_batched=False)
  File "/opt/conda/lib/python3.9/site-packages/torch/autograd/__init__.py", line 199, in _make_grads
    raise RuntimeError(
RuntimeError: grad can be implicitly created only for scalar outputs
Traceback (most recent call last):
  File "/root/storage/implementation/shared_audio/baseline/train.py", line 313, in <module>
    train(cfg)
  File "/root/storage/implementation/shared_audio/baseline/train.py", line 210, in train
    s = _train_step_foa(model, batch, criterion, optimizer,
  File "/root/storage/implementation/shared_audio/baseline/train.py", line 69, in _train_step_foa
    ld["total"].backward()
  File "/opt/conda/lib/python3.9/site-packages/torch/_tensor.py", line 647, in backward
    torch.autograd.backward(
  File "/opt/conda/lib/python3.9/site-packages/torch/autograd/__init__.py", line 347, in backward
    grad_tensors_ = _make_grads(tensors, grad_tensors_, is_grads_batched=False)
  File "/opt/conda/lib/python3.9/site-packages/torch/autograd/__init__.py", line 199, in _make_grads
    raise RuntimeError(
RuntimeError: grad can be implicitly created only for scalar outputs
[1;34mwandb[0m: 
[1;34mwandb[0m: 🚀 View run [33munet_256_soundspaces_BS32_Lr0.001_AdamW_exp26_msattn_lr1e3_fw0.1[0m at: [34mhttps://wandb.ai/branden/neurips_audio_depth/runs/3hkuit9b[0m
[1;34mwandb[0m: Find logs at: [1;35mwandb/run-20260408_093920-3hkuit9b/logs[0m
