wandb: [wandb.login()] Loaded credentials for https://api.wandb.ai from /root/.netrc.
wandb: Currently logged in as: branden to https://api.wandb.ai. Use `wandb login --relogin` to force relogin
wandb: setting up run gm437z8s
wandb: Tracking run with wandb version 0.25.1
wandb: Run data is saved locally in /root/storage/implementation/shared_audio/baseline/wandb/run-20260409_034507-gm437z8s
wandb: Run `wandb offline` to turn off syncing.
wandb: Syncing run unet_256_soundspaces_BS32_Lr0.0001_AdamW_exp23_featbank_lr1e4_fw0.1
wandb: ⭐️ View project at https://wandb.ai/branden/neurips_audio_depth
wandb: 🚀 View run at https://wandb.ai/branden/neurips_audio_depth/runs/gm437z8s
============================================================
Model: foa_featbank  Dataset: soundspaces
BS: 32  LR: 0.0001  Opt: AdamW
============================================================
Loaded scene split from /root/storage/matterport3d_0303renew/scene_split.json
  train: 72, val: 9, test: 9
[train] 23560 samples from 72 scenes (filtered 5240 with >10% no-depth) [ambisonic=ON]
  Precomputed SH basis matrix: (131072, 4) (order=1)
Loaded scene split from /root/storage/matterport3d_0303renew/scene_split.json
  train: 72, val: 9, test: 9
[val] 2951 samples from 9 scenes (filtered 592 with >10% no-depth) [ambisonic=ON]
  Precomputed SH basis matrix: (131072, 4) (order=1)
Train: 23560, Val: 2951
Model: foa_featbank (56.5M params)
/opt/conda/lib/python3.9/site-packages/torch/nn/parallel/_functions.py:71: UserWarning: Was asked to gather along dimension 0, but all input tensors were scalars; will instead unsqueeze and return a vector.
  warnings.warn(
Epoch [1/40] L:0.3137 D:0.2613 F:0.1233 H:0.4000 KL:0.0010 220s
Epoch [2/40] L:0.2562 D:0.2184 F:0.0481 H:0.3295 KL:0.0006 193s
Epoch [3/40] L:0.2429 D:0.2039 F:0.0444 H:0.3451 KL:0.0004 210s
Epoch [4/40] L:0.2343 D:0.1952 F:0.0421 H:0.3488 KL:0.0003 212s
  Val L:0.2693 ABS:0.4365 RMSE:1.2952 d1:0.4899
  >> Best (score:1.0376 RMSE:1.2952 ABS:0.4365)
Epoch [5/40] L:0.2284 D:0.1893 F:0.0397 H:0.3509 KL:0.0002 344s
Epoch [6/40] L:0.2236 D:0.1846 F:0.0387 H:0.3518 KL:0.0001 314s
Epoch [7/40] L:0.2191 D:0.1801 F:0.0374 H:0.3529 KL:0.0001 697s
Epoch [8/40] L:0.2141 D:0.1751 F:0.0370 H:0.3533 KL:0.0001 444s
  Val L:0.2637 ABS:0.4073 RMSE:1.2779 d1:0.5075
  >> Best (score:1.0168 RMSE:1.2779 ABS:0.4073)
Epoch [9/40] L:0.2093 D:0.1704 F:0.0360 H:0.3537 KL:0.0000 311s
Epoch [10/40] L:0.2037 D:0.1646 F:0.0356 H:0.3556 KL:0.0000 205s
Epoch [11/40] L:0.1985 D:0.1594 F:0.0348 H:0.3560 KL:0.0000 157s
Epoch [12/40] L:0.1921 D:0.1530 F:0.0345 H:0.3570 KL:0.0000 153s
  Val L:0.2616 ABS:0.4375 RMSE:1.2465 d1:0.5255
  >> Best (score:1.0038 RMSE:1.2465 ABS:0.4375)
Epoch [13/40] L:0.1868 D:0.1476 F:0.0340 H:0.3575 KL:0.0000 182s
Epoch [14/40] L:0.1809 D:0.1419 F:0.0338 H:0.3560 KL:0.0000 146s
Epoch [15/40] L:0.1746 D:0.1359 F:0.0341 H:0.3527 KL:0.0000 142s
Epoch [16/40] L:0.1681 D:0.1300 F:0.0338 H:0.3470 KL:0.0000 156s
  Val L:0.2653 ABS:0.4287 RMSE:1.2426 d1:0.5305
  >> Best (score:0.9984 RMSE:1.2426 ABS:0.4287)
Epoch [17/40] L:0.1620 D:0.1243 F:0.0334 H:0.3437 KL:0.0000 420s
Epoch [18/40] L:0.1561 D:0.1186 F:0.0330 H:0.3424 KL:0.0000 307s
Epoch [19/40] L:0.1497 D:0.1129 F:0.0327 H:0.3354 KL:0.0000 223s
Epoch [20/40] L:0.1434 D:0.1074 F:0.0326 H:0.3271 KL:0.0000 240s
  Val L:0.2706 ABS:0.4307 RMSE:1.2527 d1:0.5277
Epoch [21/40] L:0.1377 D:0.1022 F:0.0324 H:0.3223 KL:0.0000 281s
Epoch [22/40] L:0.1322 D:0.0972 F:0.0323 H:0.3172 KL:0.0000 202s
Epoch [23/40] L:0.1271 D:0.0929 F:0.0318 H:0.3106 KL:0.0000 175s
Epoch [24/40] L:0.1215 D:0.0881 F:0.0316 H:0.3018 KL:0.0000 143s
  Val L:0.2778 ABS:0.4413 RMSE:1.2688 d1:0.5371
Epoch [25/40] L:0.1163 D:0.0838 F:0.0315 H:0.2933 KL:0.0000 138s
Epoch [26/40] L:0.1122 D:0.0804 F:0.0311 H:0.2867 KL:0.0000 140s
Epoch [27/40] L:0.1079 D:0.0767 F:0.0309 H:0.2812 KL:0.0000 148s
Epoch [28/40] L:0.1041 D:0.0733 F:0.0306 H:0.2771 KL:0.0000 165s
  Val L:0.2780 ABS:0.4278 RMSE:1.2771 d1:0.5386
Epoch [29/40] L:0.1009 D:0.0708 F:0.0305 H:0.2702 KL:0.0000 139s
Epoch [30/40] L:0.0973 D:0.0681 F:0.0299 H:0.2613 KL:0.0000 138s
Epoch [31/40] L:0.0943 D:0.0658 F:0.0297 H:0.2551 KL:0.0000 264s
Epoch [32/40] L:0.0910 D:0.0630 F:0.0293 H:0.2506 KL:0.0000 171s
  Val L:0.2848 ABS:0.4371 RMSE:1.2950 d1:0.5343
Epoch [33/40] L:0.0883 D:0.0607 F:0.0288 H:0.2471 KL:0.0000 184s
Epoch [34/40] L:0.0863 D:0.0590 F:0.0288 H:0.2442 KL:0.0000 194s
Epoch [35/40] L:0.0842 D:0.0571 F:0.0284 H:0.2427 KL:0.0000 329s
Epoch [36/40] L:0.0822 D:0.0554 F:0.0281 H:0.2400 KL:0.0000 228s
  Val L:0.2812 ABS:0.4434 RMSE:1.2956 d1:0.5400
Epoch [37/40] L:0.0799 D:0.0533 F:0.0277 H:0.2377 KL:0.0000 317s
Epoch [38/40] L:0.0778 D:0.0515 F:0.0274 H:0.2357 KL:0.0000 169s
Epoch [39/40] L:0.0765 D:0.0503 F:0.0272 H:0.2347 KL:0.0000 169s
Epoch [40/40] L:0.0750 D:0.0490 F:0.0270 H:0.2327 KL:0.0000 181s
wandb: updating run metadata
wandb: uploading config.yaml; uploading output.log; uploading wandb-summary.json
wandb: uploading config.yaml; uploading output.log
wandb: 
wandb: Run history:
wandb: best/abs_rel █▁█▆
wandb:   best/epoch ▁▃▆█
wandb:    best/rmse █▆▂▁
wandb:   best/score █▄▂▁
wandb:        epoch ▁▁▁▂▂▂▂▂▂▃▃▃▃▃▄▄▄▄▄▄▅▅▅▅▅▅▆▆▆▆▆▇▇▇▇▇▇███
wandb:  train/depth █▇▆▆▆▅▅▅▅▅▅▄▄▄▄▄▃▃▃▃▃▃▂▂▂▂▂▂▂▂▂▁▁▁▁▁▁▁▁▁
wandb:    train/foa █▃▂▂▂▂▂▂▂▂▂▂▂▁▂▁▁▁▁▁▁▁▁▁▁▁▁▁▁▁▁▁▁▁▁▁▁▁▁▁
wandb:   train/hist █▅▆▆▆▆▆▆▆▆▆▆▆▆▆▆▆▆▅▅▅▅▄▄▄▃▃▃▃▂▂▂▂▁▁▁▁▁▁▁
wandb:     train/kl █▆▄▃▂▂▂▁▁▁▁▁▁▁▁▁▁▁▁▁▁▁▁▁▁▁▁▁▁▁▁▁▁▁▁▁▁▁▁▁
wandb:   train/loss █▆▆▆▅▅▅▅▅▅▅▄▄▄▄▄▄▃▃▃▃▃▃▂▂▂▂▂▂▂▂▁▁▁▁▁▁▁▁▁
wandb:           +8 ...
wandb: 
wandb: Run summary:
wandb: best/abs_rel 0.42866
wandb:   best/epoch 16
wandb:    best/rmse 1.24257
wandb:   best/score 0.9984
wandb:        epoch 40
wandb:  train/depth 0.049
wandb:    train/foa 0.02696
wandb:   train/hist 0.23273
wandb:     train/kl 0.0
wandb:   train/loss 0.07497
wandb:           +8 ...
wandb: 
wandb: 🚀 View run unet_256_soundspaces_BS32_Lr0.0001_AdamW_exp23_featbank_lr1e4_fw0.1 at: https://wandb.ai/branden/neurips_audio_depth/runs/gm437z8s
wandb: ⭐️ View project at: https://wandb.ai/branden/neurips_audio_depth
wandb: Synced 5 W&B file(s), 0 media file(s), 0 artifact file(s) and 0 other file(s)
wandb: Find logs at: ./wandb/run-20260409_034507-gm437z8s/logs
  Val L:0.2876 ABS:0.4417 RMSE:1.3118 d1:0.5366

Done. Best score:0.9984 RMSE:1.2426 ABS:0.4287
