wandb: [wandb.login()] Loaded credentials for https://api.wandb.ai from /root/.netrc.
wandb: Currently logged in as: branden to https://api.wandb.ai. Use `wandb login --relogin` to force relogin
wandb: setting up run 0yo16abe
wandb: Tracking run with wandb version 0.25.1
wandb: Run data is saved locally in /root/storage/implementation/shared_audio/baseline/wandb/run-20260408_221611-0yo16abe
wandb: Run `wandb offline` to turn off syncing.
wandb: Syncing run unet_256_soundspaces_BS32_Lr0.0005_AdamW_exp25_featbank_lr5e4_fw0.2
wandb: ⭐️ View project at https://wandb.ai/branden/neurips_audio_depth
wandb: 🚀 View run at https://wandb.ai/branden/neurips_audio_depth/runs/0yo16abe
============================================================
Model: foa_featbank  Dataset: soundspaces
BS: 32  LR: 0.0005  Opt: AdamW
============================================================
Loaded scene split from /root/storage/matterport3d_0303renew/scene_split.json
  train: 72, val: 9, test: 9
[train] 23560 samples from 72 scenes (filtered 5240 with >10% no-depth) [ambisonic=ON]
  Precomputed SH basis matrix: (131072, 4) (order=1)
Loaded scene split from /root/storage/matterport3d_0303renew/scene_split.json
  train: 72, val: 9, test: 9
[val] 2951 samples from 9 scenes (filtered 592 with >10% no-depth) [ambisonic=ON]
  Precomputed SH basis matrix: (131072, 4) (order=1)
Train: 23560, Val: 2951
Model: foa_featbank (56.5M params)
/opt/conda/lib/python3.9/site-packages/torch/nn/parallel/_functions.py:71: UserWarning: Was asked to gather along dimension 0, but all input tensors were scalars; will instead unsqueeze and return a vector.
  warnings.warn(
Epoch [1/40] L:0.3084 D:0.2588 F:0.0736 H:0.3494 KL:0.0005 283s
Epoch [2/40] L:0.2644 D:0.2235 F:0.0483 H:0.3119 KL:0.0000 909s
Epoch [3/40] L:0.2554 D:0.2144 F:0.0449 H:0.3192 KL:0.0000 735s
Epoch [4/40] L:0.2494 D:0.2080 F:0.0436 H:0.3266 KL:0.0000 645s
  Val L:0.2919 ABS:0.5216 RMSE:1.2982 d1:0.4841
  >> Best (score:1.0652 RMSE:1.2982 ABS:0.5216)
Epoch [5/40] L:0.2423 D:0.2002 F:0.0422 H:0.3364 KL:0.0000 867s
Epoch [6/40] L:0.2355 D:0.1932 F:0.0404 H:0.3425 KL:0.0000 1010s
Epoch [7/40] L:0.2309 D:0.1886 F:0.0391 H:0.3449 KL:0.0000 679s
Epoch [8/40] L:0.2268 D:0.1845 F:0.0379 H:0.3471 KL:0.0000 574s
  Val L:0.2700 ABS:0.4262 RMSE:1.2655 d1:0.5101
  >> Best (score:1.0137 RMSE:1.2655 ABS:0.4262)
Epoch [9/40] L:0.2228 D:0.1808 F:0.0362 H:0.3476 KL:0.0000 539s
Epoch [10/40] L:0.2193 D:0.1773 F:0.0354 H:0.3495 KL:0.0000 621s
Epoch [11/40] L:0.2147 D:0.1735 F:0.0338 H:0.3447 KL:0.0000 390s
Epoch [12/40] L:0.2097 D:0.1698 F:0.0331 H:0.3320 KL:0.0000 754s
  Val L:0.2632 ABS:0.4345 RMSE:1.2281 d1:0.5173
  >> Best (score:0.9900 RMSE:1.2281 ABS:0.4345)
Epoch [13/40] L:0.2054 D:0.1660 F:0.0324 H:0.3288 KL:0.0000 973s
Epoch [14/40] L:0.2012 D:0.1621 F:0.0317 H:0.3277 KL:0.0000 918s
Epoch [15/40] L:0.1967 D:0.1577 F:0.0312 H:0.3280 KL:0.0000 869s
Epoch [16/40] L:0.1930 D:0.1541 F:0.0307 H:0.3282 KL:0.0000 732s
  Val L:0.2591 ABS:0.3953 RMSE:1.2409 d1:0.5279
  >> Best (score:0.9872 RMSE:1.2409 ABS:0.3953)
Epoch [17/40] L:0.1879 D:0.1490 F:0.0301 H:0.3287 KL:0.0000 739s
Epoch [18/40] L:0.1838 D:0.1449 F:0.0295 H:0.3293 KL:0.0000 435s
Epoch [19/40] L:0.1786 D:0.1397 F:0.0294 H:0.3296 KL:0.0000 417s
Epoch [20/40] L:0.1738 D:0.1351 F:0.0288 H:0.3288 KL:0.0000 397s
  Val L:0.2665 ABS:0.4167 RMSE:1.2318 d1:0.5343
Epoch [21/40] L:0.1686 D:0.1303 F:0.0288 H:0.3256 KL:0.0000 272s
Epoch [22/40] L:0.1623 D:0.1253 F:0.0284 H:0.3128 KL:0.0000 467s
Epoch [23/40] L:0.1556 D:0.1200 F:0.0281 H:0.3000 KL:0.0000 223s
Epoch [24/40] L:0.1503 D:0.1153 F:0.0278 H:0.2943 KL:0.0000 195s
  Val L:0.2772 ABS:0.4226 RMSE:1.2630 d1:0.5242
Epoch [25/40] L:0.1449 D:0.1104 F:0.0275 H:0.2901 KL:0.0000 260s
Epoch [26/40] L:0.1403 D:0.1061 F:0.0272 H:0.2872 KL:0.0000 254s
Epoch [27/40] L:0.1349 D:0.1012 F:0.0267 H:0.2833 KL:0.0000 192s
Epoch [28/40] L:0.1304 D:0.0970 F:0.0267 H:0.2812 KL:0.0000 198s
  Val L:0.2834 ABS:0.4342 RMSE:1.2878 d1:0.5316
Epoch [29/40] L:0.1260 D:0.0928 F:0.0264 H:0.2794 KL:0.0000 601s
Epoch [30/40] L:0.1219 D:0.0890 F:0.0260 H:0.2770 KL:0.0000 556s
Epoch [31/40] L:0.1180 D:0.0853 F:0.0257 H:0.2753 KL:0.0000 517s
Epoch [32/40] L:0.1143 D:0.0820 F:0.0254 H:0.2724 KL:0.0000 236s
  Val L:0.2813 ABS:0.4432 RMSE:1.2781 d1:0.5323
Epoch [33/40] L:0.1107 D:0.0786 F:0.0253 H:0.2708 KL:0.0000 240s
Epoch [34/40] L:0.1073 D:0.0754 F:0.0250 H:0.2685 KL:0.0000 163s
Epoch [35/40] L:0.1041 D:0.0726 F:0.0247 H:0.2658 KL:0.0000 153s
Epoch [36/40] L:0.1013 D:0.0700 F:0.0245 H:0.2636 KL:0.0000 152s
  Val L:0.2862 ABS:0.4528 RMSE:1.2934 d1:0.5333
Epoch [37/40] L:0.0984 D:0.0674 F:0.0241 H:0.2622 KL:0.0000 177s
Epoch [38/40] L:0.0962 D:0.0653 F:0.0239 H:0.2608 KL:0.0000 142s
Epoch [39/40] L:0.0934 D:0.0630 F:0.0236 H:0.2576 KL:0.0000 143s
Epoch [40/40] L:0.0910 D:0.0608 F:0.0233 H:0.2556 KL:0.0000 149s
wandb: updating run metadata
wandb: uploading output.log; uploading wandb-summary.json; uploading config.yaml
wandb: uploading summary, console lines 56-57
wandb: 
wandb: Run history:
wandb: best/abs_rel █▃▃▁
wandb:   best/epoch ▁▃▆█
wandb:    best/rmse █▅▁▂
wandb:   best/score █▃▁▁
wandb:        epoch ▁▁▁▂▂▂▂▂▂▃▃▃▃▃▄▄▄▄▄▄▅▅▅▅▅▅▆▆▆▆▆▇▇▇▇▇▇███
wandb:  train/depth █▇▆▆▆▆▆▅▅▅▅▅▅▅▄▄▄▄▄▄▃▃▃▃▃▃▂▂▂▂▂▂▂▂▁▁▁▁▁▁
wandb:    train/foa █▄▄▄▄▃▃▃▃▃▂▂▂▂▂▂▂▂▂▂▂▂▂▂▂▂▁▁▁▁▁▁▁▁▁▁▁▁▁▁
wandb:   train/hist █▅▆▆▇▇█████▇▆▆▆▆▆▆▇▆▆▅▄▄▄▃▃▃▃▃▂▂▂▂▂▂▁▁▁▁
wandb:     train/kl █▂▁▁▁▁▁▁▁▁▁▁▁▁▁▁▁▁▁▁▁▁▁▁▁▁▁▁▁▁▁▁▁▁▁▁▁▁▁▁
wandb:   train/loss █▇▆▆▆▆▆▅▅▅▅▅▅▅▄▄▄▄▄▄▃▃▃▃▃▃▂▂▂▂▂▂▂▂▁▁▁▁▁▁
wandb:           +8 ...
wandb: 
wandb: Run summary:
wandb: best/abs_rel 0.3953
wandb:   best/epoch 16
wandb:    best/rmse 1.2409
wandb:   best/score 0.98722
wandb:        epoch 40
wandb:  train/depth 0.06081
wandb:    train/foa 0.02333
wandb:   train/hist 0.2556
wandb:     train/kl 0.0
wandb:   train/loss 0.09103
wandb:           +8 ...
wandb: 
wandb: 🚀 View run unet_256_soundspaces_BS32_Lr0.0005_AdamW_exp25_featbank_lr5e4_fw0.2 at: https://wandb.ai/branden/neurips_audio_depth/runs/0yo16abe
wandb: ⭐️ View project at: https://wandb.ai/branden/neurips_audio_depth
wandb: Synced 5 W&B file(s), 0 media file(s), 0 artifact file(s) and 0 other file(s)
wandb: Find logs at: ./wandb/run-20260408_221611-0yo16abe/logs
  Val L:0.2863 ABS:0.4319 RMSE:1.2996 d1:0.5408

Done. Best score:0.9872 RMSE:1.2409 ABS:0.3953
