wandb: [wandb.login()] Loaded credentials for https://api.wandb.ai from /root/.netrc.
wandb: Currently logged in as: branden to https://api.wandb.ai. Use `wandb login --relogin` to force relogin
wandb: setting up run td63icfg
wandb: Tracking run with wandb version 0.25.1
wandb: Run data is saved locally in /root/storage/implementation/shared_audio/baseline/wandb/run-20260409_062759-td63icfg
wandb: Run `wandb offline` to turn off syncing.
wandb: Syncing run unet_256_soundspaces_BS32_Lr0.0005_AdamW_exp32_channelattn_lr5e4_fw0.1
wandb: ⭐️ View project at https://wandb.ai/branden/neurips_audio_depth
wandb: 🚀 View run at https://wandb.ai/branden/neurips_audio_depth/runs/td63icfg
============================================================
Model: foa_channelattn  Dataset: soundspaces
BS: 32  LR: 0.0005  Opt: AdamW
============================================================
Loaded scene split from /root/storage/matterport3d_0303renew/scene_split.json
  train: 72, val: 9, test: 9
[train] 23560 samples from 72 scenes (filtered 5240 with >10% no-depth) [ambisonic=ON]
  Precomputed SH basis matrix: (131072, 4) (order=1)
Loaded scene split from /root/storage/matterport3d_0303renew/scene_split.json
  train: 72, val: 9, test: 9
[val] 2951 samples from 9 scenes (filtered 592 with >10% no-depth) [ambisonic=ON]
  Precomputed SH basis matrix: (131072, 4) (order=1)
Train: 23560, Val: 2951
Model: foa_channelattn (55.1M params)
/opt/conda/lib/python3.9/site-packages/torch/nn/parallel/_functions.py:71: UserWarning: Was asked to gather along dimension 0, but all input tensors were scalars; will instead unsqueeze and return a vector.
  warnings.warn(
Epoch [1/40] L:0.2944 D:0.2529 F:0.0679 H:0.3463 KL:0.0099 223s
Epoch [2/40] L:0.2574 D:0.2196 F:0.0491 H:0.3281 KL:0.0107 195s
Epoch [3/40] L:0.2484 D:0.2103 F:0.0458 H:0.3336 KL:0.0115 171s
Epoch [4/40] L:0.2393 D:0.2008 F:0.0432 H:0.3409 KL:0.0106 138s
  Val L:0.2900 ABS:0.4657 RMSE:1.3355 d1:0.4333
  >> Best (score:1.0745 RMSE:1.3355 ABS:0.4657)
Epoch [5/40] L:0.2328 D:0.1940 F:0.0414 H:0.3450 KL:0.0105 180s
Epoch [6/40] L:0.2275 D:0.1894 F:0.0397 H:0.3407 KL:0.0099 146s
Epoch [7/40] L:0.2213 D:0.1849 F:0.0378 H:0.3259 KL:0.0100 146s
Epoch [8/40] L:0.2168 D:0.1808 F:0.0370 H:0.3223 KL:0.0102 137s
  Val L:0.2642 ABS:0.3987 RMSE:1.2707 d1:0.4911
  >> Best (score:1.0091 RMSE:1.2707 ABS:0.3987)
Epoch [9/40] L:0.2127 D:0.1771 F:0.0360 H:0.3187 KL:0.0112 142s
Epoch [10/40] L:0.2070 D:0.1731 F:0.0355 H:0.3017 KL:0.0118 133s
Epoch [11/40] L:0.2020 D:0.1689 F:0.0349 H:0.2948 KL:0.0111 153s
Epoch [12/40] L:0.1975 D:0.1647 F:0.0342 H:0.2923 KL:0.0117 170s
  Val L:0.2588 ABS:0.4039 RMSE:1.2554 d1:0.5047
  >> Best (score:1.0000 RMSE:1.2554 ABS:0.4039)
Epoch [13/40] L:0.1930 D:0.1606 F:0.0333 H:0.2897 KL:0.0113 163s
Epoch [14/40] L:0.1880 D:0.1557 F:0.0333 H:0.2880 KL:0.0108 144s
Epoch [15/40] L:0.1823 D:0.1504 F:0.0329 H:0.2854 KL:0.0108 316s
Epoch [16/40] L:0.1771 D:0.1455 F:0.0325 H:0.2828 KL:0.0107 388s
  Val L:0.2563 ABS:0.4035 RMSE:1.2375 d1:0.5253
  >> Best (score:0.9873 RMSE:1.2375 ABS:0.4035)
Epoch [17/40] L:0.1714 D:0.1400 F:0.0320 H:0.2811 KL:0.0104 213s
Epoch [18/40] L:0.1665 D:0.1353 F:0.0317 H:0.2788 KL:0.0107 256s
Epoch [19/40] L:0.1607 D:0.1300 F:0.0313 H:0.2742 KL:0.0106 281s
Epoch [20/40] L:0.1554 D:0.1249 F:0.0312 H:0.2726 KL:0.0101 135s
  Val L:0.2646 ABS:0.4138 RMSE:1.2482 d1:0.5234
Epoch [21/40] L:0.1492 D:0.1191 F:0.0309 H:0.2689 KL:0.0102 144s
Epoch [22/40] L:0.1438 D:0.1140 F:0.0306 H:0.2665 KL:0.0101 145s
Epoch [23/40] L:0.1391 D:0.1097 F:0.0301 H:0.2629 KL:0.0100 135s
Epoch [24/40] L:0.1332 D:0.1041 F:0.0302 H:0.2607 KL:0.0096 136s
  Val L:0.2746 ABS:0.4117 RMSE:1.2726 d1:0.5198
Epoch [25/40] L:0.1280 D:0.0993 F:0.0296 H:0.2563 KL:0.0100 136s
Epoch [26/40] L:0.1229 D:0.0945 F:0.0295 H:0.2539 KL:0.0095 132s
Epoch [27/40] L:0.1184 D:0.0904 F:0.0292 H:0.2503 KL:0.0094 133s
Epoch [28/40] L:0.1143 D:0.0867 F:0.0289 H:0.2463 KL:0.0093 134s
  Val L:0.2753 ABS:0.4181 RMSE:1.2710 d1:0.5338
Epoch [29/40] L:0.1098 D:0.0825 F:0.0287 H:0.2436 KL:0.0092 131s
Epoch [30/40] L:0.1062 D:0.0792 F:0.0285 H:0.2401 KL:0.0091 132s
Epoch [31/40] L:0.1035 D:0.0767 F:0.0285 H:0.2384 KL:0.0090 141s
Epoch [32/40] L:0.1001 D:0.0736 F:0.0281 H:0.2359 KL:0.0089 136s
  Val L:0.2894 ABS:0.4254 RMSE:1.3008 d1:0.5254
Epoch [33/40] L:0.0970 D:0.0707 F:0.0278 H:0.2337 KL:0.0091 133s
Epoch [34/40] L:0.0942 D:0.0683 F:0.0275 H:0.2309 KL:0.0087 133s
Epoch [35/40] L:0.0918 D:0.0660 F:0.0274 H:0.2296 KL:0.0088 134s
Epoch [36/40] L:0.0893 D:0.0636 F:0.0273 H:0.2284 KL:0.0086 134s
  Val L:0.2866 ABS:0.4421 RMSE:1.3049 d1:0.5310
Epoch [37/40] L:0.0870 D:0.0616 F:0.0270 H:0.2264 KL:0.0085 133s
Epoch [38/40] L:0.0846 D:0.0593 F:0.0268 H:0.2248 KL:0.0083 133s
Epoch [39/40] L:0.0830 D:0.0579 F:0.0264 H:0.2242 KL:0.0085 133s
Epoch [40/40] L:0.0811 D:0.0561 F:0.0263 H:0.2229 KL:0.0082 133s
wandb: updating run metadata
wandb: uploading config.yaml; uploading output.log; uploading wandb-summary.json
wandb: uploading config.yaml; uploading output.log
wandb: 
wandb: Run history:
wandb: best/abs_rel █▁▂▁
wandb:   best/epoch ▁▃▆█
wandb:    best/rmse █▃▂▁
wandb:   best/score █▃▂▁
wandb:        epoch ▁▁▁▂▂▂▂▂▂▃▃▃▃▃▄▄▄▄▄▄▅▅▅▅▅▅▆▆▆▆▆▇▇▇▇▇▇███
wandb:  train/depth █▇▆▆▆▆▆▅▅▅▅▅▅▅▄▄▄▄▄▃▃▃▃▃▃▂▂▂▂▂▂▂▂▁▁▁▁▁▁▁
wandb:    train/foa █▅▄▄▄▃▃▃▃▃▂▂▂▂▂▂▂▂▂▂▂▂▂▂▂▂▁▁▁▁▁▁▁▁▁▁▁▁▁▁
wandb:   train/hist █▇▇███▇▇▆▅▅▅▅▅▅▄▄▄▄▄▄▃▃▃▃▃▃▂▂▂▂▂▂▁▁▁▁▁▁▁
wandb:     train/kl ▄▆▇▆▅▄▅▅▇█▇█▇▆▆▆▅▆▆▅▅▅▅▄▅▄▃▃▃▃▃▂▃▂▂▂▂▁▂▁
wandb:   train/loss █▇▆▆▆▆▆▅▅▅▅▅▅▅▄▄▄▄▄▃▃▃▃▃▃▂▂▂▂▂▂▂▂▁▁▁▁▁▁▁
wandb:           +8 ...
wandb: 
wandb: Run summary:
wandb: best/abs_rel 0.40351
wandb:   best/epoch 16
wandb:    best/rmse 1.23752
wandb:   best/score 0.98731
wandb:        epoch 40
wandb:  train/depth 0.0561
wandb:    train/foa 0.0263
wandb:   train/hist 0.22289
wandb:     train/kl 0.00815
wandb:   train/loss 0.0811
wandb:           +8 ...
wandb: 
wandb: 🚀 View run unet_256_soundspaces_BS32_Lr0.0005_AdamW_exp32_channelattn_lr5e4_fw0.1 at: https://wandb.ai/branden/neurips_audio_depth/runs/td63icfg
wandb: ⭐️ View project at: https://wandb.ai/branden/neurips_audio_depth
wandb: Synced 5 W&B file(s), 0 media file(s), 0 artifact file(s) and 0 other file(s)
wandb: Find logs at: ./wandb/run-20260409_062759-td63icfg/logs
  Val L:0.2846 ABS:0.4462 RMSE:1.3036 d1:0.5373

Done. Best score:0.9873 RMSE:1.2375 ABS:0.4035
