wandb: [wandb.login()] Loaded credentials for https://api.wandb.ai from /root/.netrc.
wandb: Currently logged in as: branden to https://api.wandb.ai. Use `wandb login --relogin` to force relogin
wandb: setting up run qozn5kru
wandb: Tracking run with wandb version 0.25.1
wandb: Run data is saved locally in /root/storage/implementation/shared_audio/baseline/wandb/run-20260409_062759-qozn5kru
wandb: Run `wandb offline` to turn off syncing.
wandb: Syncing run unet_256_soundspaces_BS32_Lr0.0001_AdamW_exp33_channelattn_lr1e4_fw0.1
wandb: ⭐️ View project at https://wandb.ai/branden/neurips_audio_depth
wandb: 🚀 View run at https://wandb.ai/branden/neurips_audio_depth/runs/qozn5kru
============================================================
Model: foa_channelattn  Dataset: soundspaces
BS: 32  LR: 0.0001  Opt: AdamW
============================================================
Loaded scene split from /root/storage/matterport3d_0303renew/scene_split.json
  train: 72, val: 9, test: 9
[train] 23560 samples from 72 scenes (filtered 5240 with >10% no-depth) [ambisonic=ON]
  Precomputed SH basis matrix: (131072, 4) (order=1)
Loaded scene split from /root/storage/matterport3d_0303renew/scene_split.json
  train: 72, val: 9, test: 9
[val] 2951 samples from 9 scenes (filtered 592 with >10% no-depth) [ambisonic=ON]
  Precomputed SH basis matrix: (131072, 4) (order=1)
Train: 23560, Val: 2951
Model: foa_channelattn (55.1M params)
/opt/conda/lib/python3.9/site-packages/torch/nn/parallel/_functions.py:71: UserWarning: Was asked to gather along dimension 0, but all input tensors were scalars; will instead unsqueeze and return a vector.
  warnings.warn(
Epoch [1/40] L:0.3062 D:0.2576 F:0.0895 H:0.3954 KL:0.0039 220s
Epoch [2/40] L:0.2515 D:0.2131 F:0.0473 H:0.3367 KL:0.0045 190s
Epoch [3/40] L:0.2385 D:0.1995 F:0.0432 H:0.3458 KL:0.0051 173s
Epoch [4/40] L:0.2309 D:0.1921 F:0.0404 H:0.3475 KL:0.0055 136s
  Val L:0.2682 ABS:0.4174 RMSE:1.3146 d1:0.4989
  >> Best (score:1.0454 RMSE:1.3146 ABS:0.4174)
Epoch [5/40] L:0.2249 D:0.1862 F:0.0388 H:0.3481 KL:0.0053 177s
Epoch [6/40] L:0.2200 D:0.1813 F:0.0376 H:0.3488 KL:0.0054 142s
Epoch [7/40] L:0.2157 D:0.1770 F:0.0367 H:0.3506 KL:0.0054 143s
Epoch [8/40] L:0.2097 D:0.1710 F:0.0359 H:0.3502 KL:0.0056 133s
  Val L:0.2588 ABS:0.4026 RMSE:1.2609 d1:0.5136
  >> Best (score:1.0034 RMSE:1.2609 ABS:0.4026)
Epoch [9/40] L:0.2040 D:0.1653 F:0.0356 H:0.3513 KL:0.0057 141s
Epoch [10/40] L:0.1980 D:0.1595 F:0.0351 H:0.3495 KL:0.0059 132s
Epoch [11/40] L:0.1909 D:0.1526 F:0.0349 H:0.3484 KL:0.0055 146s
Epoch [12/40] L:0.1837 D:0.1457 F:0.0348 H:0.3444 KL:0.0055 169s
  Val L:0.2665 ABS:0.4142 RMSE:1.2550 d1:0.5180
  >> Best (score:1.0027 RMSE:1.2550 ABS:0.4142)
Epoch [13/40] L:0.1768 D:0.1392 F:0.0340 H:0.3411 KL:0.0055 156s
Epoch [14/40] L:0.1685 D:0.1318 F:0.0339 H:0.3333 KL:0.0052 142s
Epoch [15/40] L:0.1611 D:0.1252 F:0.0337 H:0.3249 KL:0.0050 286s
Epoch [16/40] L:0.1548 D:0.1193 F:0.0334 H:0.3212 KL:0.0049 348s
  Val L:0.2721 ABS:0.3980 RMSE:1.2588 d1:0.5267
  >> Best (score:1.0006 RMSE:1.2588 ABS:0.3980)
Epoch [17/40] L:0.1481 D:0.1130 F:0.0332 H:0.3175 KL:0.0047 218s
Epoch [18/40] L:0.1422 D:0.1075 F:0.0328 H:0.3141 KL:0.0045 243s
Epoch [19/40] L:0.1365 D:0.1023 F:0.0327 H:0.3088 KL:0.0044 293s
Epoch [20/40] L:0.1309 D:0.0971 F:0.0323 H:0.3051 KL:0.0043 132s
  Val L:0.2757 ABS:0.4282 RMSE:1.2653 d1:0.5293
Epoch [21/40] L:0.1256 D:0.0923 F:0.0325 H:0.3001 KL:0.0041 144s
Epoch [22/40] L:0.1209 D:0.0880 F:0.0319 H:0.2960 KL:0.0040 145s
Epoch [23/40] L:0.1166 D:0.0843 F:0.0315 H:0.2910 KL:0.0041 133s
Epoch [24/40] L:0.1132 D:0.0813 F:0.0315 H:0.2876 KL:0.0040 131s
  Val L:0.2771 ABS:0.4267 RMSE:1.2675 d1:0.5308
Epoch [25/40] L:0.1095 D:0.0781 F:0.0313 H:0.2818 KL:0.0038 132s
Epoch [26/40] L:0.1057 D:0.0751 F:0.0310 H:0.2743 KL:0.0036 131s
Epoch [27/40] L:0.1018 D:0.0726 F:0.0308 H:0.2605 KL:0.0036 130s
Epoch [28/40] L:0.0987 D:0.0704 F:0.0305 H:0.2526 KL:0.0036 131s
  Val L:0.2781 ABS:0.4382 RMSE:1.2772 d1:0.5368
Epoch [29/40] L:0.0954 D:0.0676 F:0.0301 H:0.2475 KL:0.0035 130s
Epoch [30/40] L:0.0927 D:0.0653 F:0.0299 H:0.2437 KL:0.0035 130s
Epoch [31/40] L:0.0906 D:0.0634 F:0.0299 H:0.2411 KL:0.0034 138s
Epoch [32/40] L:0.0882 D:0.0614 F:0.0293 H:0.2386 KL:0.0034 133s
  Val L:0.2778 ABS:0.4325 RMSE:1.2839 d1:0.5411
Epoch [33/40] L:0.0864 D:0.0598 F:0.0292 H:0.2360 KL:0.0034 130s
Epoch [34/40] L:0.0843 D:0.0579 F:0.0289 H:0.2342 KL:0.0032 131s
Epoch [35/40] L:0.0823 D:0.0562 F:0.0286 H:0.2322 KL:0.0032 132s
Epoch [36/40] L:0.0803 D:0.0544 F:0.0283 H:0.2305 KL:0.0032 132s
  Val L:0.2817 ABS:0.4489 RMSE:1.2986 d1:0.5389
Epoch [37/40] L:0.0787 D:0.0529 F:0.0281 H:0.2289 KL:0.0033 132s
Epoch [38/40] L:0.0773 D:0.0516 F:0.0280 H:0.2280 KL:0.0031 131s
Epoch [39/40] L:0.0758 D:0.0503 F:0.0278 H:0.2263 KL:0.0031 132s
Epoch [40/40] L:0.0742 D:0.0489 F:0.0274 H:0.2249 KL:0.0030 132s
wandb: updating run metadata
wandb: uploading wandb-summary.json; uploading config.yaml; uploading output.log
wandb: uploading summary, console lines 56-57
wandb: 
wandb: Run history:
wandb: best/abs_rel █▃▇▁
wandb:   best/epoch ▁▃▆█
wandb:    best/rmse █▂▁▁
wandb:   best/score █▁▁▁
wandb:        epoch ▁▁▁▂▂▂▂▂▂▃▃▃▃▃▄▄▄▄▄▄▅▅▅▅▅▅▆▆▆▆▆▇▇▇▇▇▇███
wandb:  train/depth █▇▆▆▆▅▅▅▅▅▄▄▄▄▄▃▃▃▃▃▂▂▂▂▂▂▂▂▂▂▁▁▁▁▁▁▁▁▁▁
wandb:    train/foa █▃▃▂▂▂▂▂▂▂▂▂▂▂▂▂▂▂▂▂▂▂▁▁▁▁▁▁▁▁▁▁▁▁▁▁▁▁▁▁
wandb:   train/hist █▆▆▆▆▆▆▆▆▆▆▆▆▅▅▅▅▅▄▄▄▄▄▄▃▃▂▂▂▂▂▂▁▁▁▁▁▁▁▁
wandb:     train/kl ▃▅▆▇▇▇▇▇██▇▇▇▆▆▆▅▅▅▄▄▄▄▄▃▃▃▃▂▂▂▂▂▂▂▂▂▁▁▁
wandb:   train/loss █▆▆▆▆▅▅▅▅▅▅▄▄▄▄▃▃▃▃▃▃▂▂▂▂▂▂▂▂▂▁▁▁▁▁▁▁▁▁▁
wandb:           +8 ...
wandb: 
wandb: Run summary:
wandb: best/abs_rel 0.39803
wandb:   best/epoch 16
wandb:    best/rmse 1.2588
wandb:   best/score 1.00057
wandb:        epoch 40
wandb:  train/depth 0.04891
wandb:    train/foa 0.02737
wandb:   train/hist 0.22494
wandb:     train/kl 0.00295
wandb:   train/loss 0.07417
wandb:           +8 ...
wandb: 
wandb: 🚀 View run unet_256_soundspaces_BS32_Lr0.0001_AdamW_exp33_channelattn_lr1e4_fw0.1 at: https://wandb.ai/branden/neurips_audio_depth/runs/qozn5kru
wandb: ⭐️ View project at: https://wandb.ai/branden/neurips_audio_depth
wandb: Synced 5 W&B file(s), 0 media file(s), 0 artifact file(s) and 0 other file(s)
wandb: Find logs at: ./wandb/run-20260409_062759-qozn5kru/logs
  Val L:0.2883 ABS:0.4204 RMSE:1.3166 d1:0.5354

Done. Best score:1.0006 RMSE:1.2588 ABS:0.3980
