wandb: [wandb.login()] Loaded credentials for https://api.wandb.ai from /root/.netrc.
wandb: Currently logged in as: branden to https://api.wandb.ai. Use `wandb login --relogin` to force relogin
wandb: setting up run 7za4t2bm
wandb: Tracking run with wandb version 0.25.1
wandb: Run data is saved locally in /root/storage/implementation/shared_audio/baseline/wandb/run-20260409_095715-7za4t2bm
wandb: Run `wandb offline` to turn off syncing.
wandb: Syncing run unet_256_soundspaces_BS32_Lr0.0005_AdamW_exp35_channelattn_lr5e4_fw0.2
wandb: ⭐️ View project at https://wandb.ai/branden/neurips_audio_depth
wandb: 🚀 View run at https://wandb.ai/branden/neurips_audio_depth/runs/7za4t2bm
============================================================
Model: foa_channelattn  Dataset: soundspaces
BS: 32  LR: 0.0005  Opt: AdamW
============================================================
Loaded scene split from /root/storage/matterport3d_0303renew/scene_split.json
  train: 72, val: 9, test: 9
[train] 23560 samples from 72 scenes (filtered 5240 with >10% no-depth) [ambisonic=ON]
  Precomputed SH basis matrix: (131072, 4) (order=1)
Loaded scene split from /root/storage/matterport3d_0303renew/scene_split.json
  train: 72, val: 9, test: 9
[val] 2951 samples from 9 scenes (filtered 592 with >10% no-depth) [ambisonic=ON]
  Precomputed SH basis matrix: (131072, 4) (order=1)
Train: 23560, Val: 2951
Model: foa_channelattn (55.1M params)
/opt/conda/lib/python3.9/site-packages/torch/nn/parallel/_functions.py:71: UserWarning: Was asked to gather along dimension 0, but all input tensors were scalars; will instead unsqueeze and return a vector.
  warnings.warn(
Epoch [1/40] L:0.3021 D:0.2534 F:0.0695 H:0.3468 KL:0.0093 134s
Epoch [2/40] L:0.2630 D:0.2208 F:0.0482 H:0.3241 KL:0.0095 134s
Epoch [3/40] L:0.2540 D:0.2119 F:0.0447 H:0.3308 KL:0.0091 142s
Epoch [4/40] L:0.2460 D:0.2034 F:0.0425 H:0.3395 KL:0.0096 139s
  Val L:0.2843 ABS:0.4555 RMSE:1.3166 d1:0.4776
  >> Best (score:1.0583 RMSE:1.3166 ABS:0.4555)
Epoch [5/40] L:0.2384 D:0.1957 F:0.0404 H:0.3453 KL:0.0097 138s
Epoch [6/40] L:0.2322 D:0.1897 F:0.0385 H:0.3466 KL:0.0096 145s
Epoch [7/40] L:0.2267 D:0.1858 F:0.0372 H:0.3343 KL:0.0095 153s
Epoch [8/40] L:0.2215 D:0.1814 F:0.0362 H:0.3268 KL:0.0094 150s
  Val L:0.2609 ABS:0.4427 RMSE:1.2429 d1:0.5029
  >> Best (score:1.0028 RMSE:1.2429 ABS:0.4427)
Epoch [9/40] L:0.2177 D:0.1781 F:0.0352 H:0.3238 KL:0.0093 149s
Epoch [10/40] L:0.2132 D:0.1739 F:0.0343 H:0.3239 KL:0.0094 170s
Epoch [11/40] L:0.2094 D:0.1703 F:0.0336 H:0.3225 KL:0.0096 147s
Epoch [12/40] L:0.2053 D:0.1665 F:0.0330 H:0.3214 KL:0.0098 141s
  Val L:0.2626 ABS:0.4180 RMSE:1.2425 d1:0.5053
  >> Best (score:0.9951 RMSE:1.2425 ABS:0.4180)
Epoch [13/40] L:0.2004 D:0.1616 F:0.0324 H:0.3214 KL:0.0097 148s
Epoch [14/40] L:0.1952 D:0.1568 F:0.0322 H:0.3180 KL:0.0096 155s
Epoch [15/40] L:0.1884 D:0.1518 F:0.0317 H:0.3017 KL:0.0095 148s
Epoch [16/40] L:0.1826 D:0.1467 F:0.0310 H:0.2965 KL:0.0090 146s
  Val L:0.2606 ABS:0.4180 RMSE:1.2364 d1:0.5219
  >> Best (score:0.9909 RMSE:1.2364 ABS:0.4180)
Epoch [17/40] L:0.1765 D:0.1411 F:0.0306 H:0.2919 KL:0.0091 151s
Epoch [18/40] L:0.1713 D:0.1363 F:0.0302 H:0.2880 KL:0.0087 147s
Epoch [19/40] L:0.1654 D:0.1309 F:0.0302 H:0.2837 KL:0.0088 146s
Epoch [20/40] L:0.1597 D:0.1256 F:0.0298 H:0.2807 KL:0.0085 142s
  Val L:0.2768 ABS:0.3843 RMSE:1.2709 d1:0.5212
Epoch [21/40] L:0.1540 D:0.1202 F:0.0294 H:0.2777 KL:0.0084 142s
Epoch [22/40] L:0.1485 D:0.1152 F:0.0292 H:0.2738 KL:0.0081 139s
Epoch [23/40] L:0.1429 D:0.1100 F:0.0288 H:0.2702 KL:0.0080 153s
Epoch [24/40] L:0.1374 D:0.1050 F:0.0284 H:0.2668 KL:0.0082 141s
  Val L:0.2743 ABS:0.4144 RMSE:1.2689 d1:0.5233
Epoch [25/40] L:0.1324 D:0.1002 F:0.0285 H:0.2641 KL:0.0081 139s
Epoch [26/40] L:0.1271 D:0.0954 F:0.0280 H:0.2599 KL:0.0078 142s
Epoch [27/40] L:0.1228 D:0.0914 F:0.0277 H:0.2571 KL:0.0077 139s
Epoch [28/40] L:0.1178 D:0.0871 F:0.0273 H:0.2522 KL:0.0073 136s
  Val L:0.2798 ABS:0.4367 RMSE:1.2740 d1:0.5282
Epoch [29/40] L:0.1139 D:0.0834 F:0.0271 H:0.2502 KL:0.0075 136s
Epoch [30/40] L:0.1099 D:0.0799 F:0.0270 H:0.2459 KL:0.0073 136s
Epoch [31/40] L:0.1068 D:0.0769 F:0.0269 H:0.2437 KL:0.0072 137s
Epoch [32/40] L:0.1034 D:0.0739 F:0.0266 H:0.2411 KL:0.0070 138s
  Val L:0.2858 ABS:0.4553 RMSE:1.2894 d1:0.5309
Epoch [33/40] L:0.1005 D:0.0713 F:0.0263 H:0.2394 KL:0.0069 152s
Epoch [34/40] L:0.0976 D:0.0686 F:0.0261 H:0.2371 KL:0.0067 147s
Epoch [35/40] L:0.0948 D:0.0661 F:0.0255 H:0.2352 KL:0.0067 146s
Epoch [36/40] L:0.0923 D:0.0638 F:0.0254 H:0.2335 KL:0.0065 135s
  Val L:0.2850 ABS:0.4447 RMSE:1.2977 d1:0.5347
Epoch [37/40] L:0.0901 D:0.0618 F:0.0251 H:0.2330 KL:0.0065 123s
Epoch [38/40] L:0.0877 D:0.0596 F:0.0249 H:0.2309 KL:0.0064 123s
Epoch [39/40] L:0.0857 D:0.0578 F:0.0246 H:0.2292 KL:0.0065 123s
Epoch [40/40] L:0.0840 D:0.0562 F:0.0243 H:0.2290 KL:0.0063 123s
wandb: uploading history steps 39-39, summary; updating run metadata
wandb: uploading output.log; uploading wandb-summary.json; uploading config.yaml
wandb: 
wandb: Run history:
wandb: best/abs_rel █▆▁▁
wandb:   best/epoch ▁▃▆█
wandb:    best/rmse █▂▂▁
wandb:   best/score █▂▁▁
wandb:        epoch ▁▁▁▂▂▂▂▂▂▃▃▃▃▃▄▄▄▄▄▄▅▅▅▅▅▅▆▆▆▆▆▇▇▇▇▇▇███
wandb:  train/depth █▇▇▆▆▆▆▅▅▅▅▅▅▅▄▄▄▄▄▃▃▃▃▃▃▂▂▂▂▂▂▂▂▁▁▁▁▁▁▁
wandb:    train/foa █▅▄▄▄▃▃▃▃▃▂▂▂▂▂▂▂▂▂▂▂▂▂▂▂▂▂▁▁▁▁▁▁▁▁▁▁▁▁▁
wandb:   train/hist █▇▇███▇▇▇▇▇▆▆▆▅▅▅▅▄▄▄▄▃▃▃▃▃▂▂▂▂▂▂▁▁▁▁▁▁▁
wandb:     train/kl ▇▇▇███▇▇▇▇████▇▆▇▆▆▅▅▅▄▅▅▄▄▃▃▃▃▂▂▂▂▁▁▁▁▁
wandb:   train/loss █▇▆▆▆▆▆▅▅▅▅▅▅▅▄▄▄▄▄▃▃▃▃▃▃▂▂▂▂▂▂▂▂▁▁▁▁▁▁▁
wandb:           +8 ...
wandb: 
wandb: Run summary:
wandb: best/abs_rel 0.41802
wandb:   best/epoch 16
wandb:    best/rmse 1.23637
wandb:   best/score 0.99087
wandb:        epoch 40
wandb:  train/depth 0.05623
wandb:    train/foa 0.02428
wandb:   train/hist 0.22901
wandb:     train/kl 0.00627
wandb:   train/loss 0.08405
wandb:           +8 ...
wandb: 
wandb: 🚀 View run unet_256_soundspaces_BS32_Lr0.0005_AdamW_exp35_channelattn_lr5e4_fw0.2 at: https://wandb.ai/branden/neurips_audio_depth/runs/7za4t2bm
wandb: ⭐️ View project at: https://wandb.ai/branden/neurips_audio_depth
wandb: Synced 5 W&B file(s), 0 media file(s), 0 artifact file(s) and 0 other file(s)
wandb: Find logs at: ./wandb/run-20260409_095715-7za4t2bm/logs
  Val L:0.2887 ABS:0.4469 RMSE:1.3028 d1:0.5360

Done. Best score:0.9909 RMSE:1.2364 ABS:0.4180
