wandb: [wandb.login()] Loaded credentials for https://api.wandb.ai from /root/.netrc.
wandb: Currently logged in as: branden to https://api.wandb.ai. Use `wandb login --relogin` to force relogin
wandb: setting up run sk42jb7w
wandb: Tracking run with wandb version 0.25.1
wandb: Run data is saved locally in /root/storage/implementation/shared_audio/baseline/wandb/run-20260409_062759-sk42jb7w
wandb: Run `wandb offline` to turn off syncing.
wandb: Syncing run unet_256_soundspaces_BS32_Lr0.001_AdamW_exp31_channelattn_lr1e3_fw0.1
wandb: ⭐️ View project at https://wandb.ai/branden/neurips_audio_depth
wandb: 🚀 View run at https://wandb.ai/branden/neurips_audio_depth/runs/sk42jb7w
============================================================
Model: foa_channelattn  Dataset: soundspaces
BS: 32  LR: 0.001  Opt: AdamW
============================================================
Loaded scene split from /root/storage/matterport3d_0303renew/scene_split.json
  train: 72, val: 9, test: 9
[train] 23560 samples from 72 scenes (filtered 5240 with >10% no-depth) [ambisonic=ON]
  Precomputed SH basis matrix: (131072, 4) (order=1)
Loaded scene split from /root/storage/matterport3d_0303renew/scene_split.json
  train: 72, val: 9, test: 9
[val] 2951 samples from 9 scenes (filtered 592 with >10% no-depth) [ambisonic=ON]
  Precomputed SH basis matrix: (131072, 4) (order=1)
Train: 23560, Val: 2951
Model: foa_channelattn (55.1M params)
/opt/conda/lib/python3.9/site-packages/torch/nn/parallel/_functions.py:71: UserWarning: Was asked to gather along dimension 0, but all input tensors were scalars; will instead unsqueeze and return a vector.
  warnings.warn(
Epoch [1/40] L:0.2973 D:0.2562 F:0.0735 H:0.3363 KL:0.0078 224s
Epoch [2/40] L:0.2602 D:0.2237 F:0.0501 H:0.3141 KL:0.0110 190s
Epoch [3/40] L:0.2521 D:0.2159 F:0.0448 H:0.3158 KL:0.0121 171s
Epoch [4/40] L:0.2470 D:0.2110 F:0.0417 H:0.3163 KL:0.0127 139s
  Val L:0.2851 ABS:0.4470 RMSE:1.3490 d1:0.4673
  >> Best (score:1.0784 RMSE:1.3490 ABS:0.4470)
Epoch [5/40] L:0.2425 D:0.2066 F:0.0406 H:0.3174 KL:0.0123 178s
Epoch [6/40] L:0.2347 D:0.1987 F:0.0390 H:0.3203 KL:0.0091 145s
Epoch [7/40] L:0.2274 D:0.1910 F:0.0379 H:0.3248 KL:0.0090 145s
Epoch [8/40] L:0.2227 D:0.1864 F:0.0368 H:0.3248 KL:0.0089 137s
  Val L:0.2701 ABS:0.4214 RMSE:1.2962 d1:0.4822
  >> Best (score:1.0337 RMSE:1.2962 ABS:0.4214)
Epoch [9/40] L:0.2160 D:0.1812 F:0.0354 H:0.3123 KL:0.0090 144s
Epoch [10/40] L:0.2112 D:0.1772 F:0.0347 H:0.3038 KL:0.0089 134s
Epoch [11/40] L:0.2062 D:0.1730 F:0.0343 H:0.2977 KL:0.0086 148s
Epoch [12/40] L:0.2020 D:0.1692 F:0.0336 H:0.2931 KL:0.0084 169s
  Val L:0.2583 ABS:0.3854 RMSE:1.2658 d1:0.5086
  >> Best (score:1.0017 RMSE:1.2658 ABS:0.3854)
Epoch [13/40] L:0.1976 D:0.1650 F:0.0333 H:0.2918 KL:0.0082 165s
Epoch [14/40] L:0.1928 D:0.1606 F:0.0324 H:0.2891 KL:0.0097 145s
Epoch [15/40] L:0.1874 D:0.1556 F:0.0318 H:0.2854 KL:0.0081 313s
Epoch [16/40] L:0.1818 D:0.1501 F:0.0313 H:0.2849 KL:0.0094 382s
  Val L:0.2518 ABS:0.3989 RMSE:1.2393 d1:0.5236
  >> Best (score:0.9872 RMSE:1.2393 ABS:0.3989)
Epoch [17/40] L:0.1771 D:0.1456 F:0.0314 H:0.2834 KL:0.0083 212s
Epoch [18/40] L:0.1711 D:0.1399 F:0.0305 H:0.2802 KL:0.0090 247s
Epoch [19/40] L:0.1659 D:0.1349 F:0.0305 H:0.2784 KL:0.0085 290s
Epoch [20/40] L:0.1593 D:0.1286 F:0.0302 H:0.2750 KL:0.0087 136s
  Val L:0.2623 ABS:0.4360 RMSE:1.2423 d1:0.5291
Epoch [21/40] L:0.1540 D:0.1237 F:0.0298 H:0.2723 KL:0.0083 146s
Epoch [22/40] L:0.1485 D:0.1184 F:0.0297 H:0.2700 KL:0.0085 148s
Epoch [23/40] L:0.1420 D:0.1123 F:0.0293 H:0.2669 KL:0.0084 137s
Epoch [24/40] L:0.1361 D:0.1069 F:0.0288 H:0.2629 KL:0.0083 136s
  Val L:0.2738 ABS:0.3907 RMSE:1.2795 d1:0.5261
Epoch [25/40] L:0.1308 D:0.1017 F:0.0287 H:0.2610 KL:0.0079 134s
Epoch [26/40] L:0.1258 D:0.0971 F:0.0283 H:0.2579 KL:0.0081 132s
Epoch [27/40] L:0.1210 D:0.0925 F:0.0281 H:0.2558 KL:0.0079 133s
Epoch [28/40] L:0.1160 D:0.0880 F:0.0279 H:0.2517 KL:0.0076 134s
  Val L:0.2766 ABS:0.4666 RMSE:1.2799 d1:0.5278
Epoch [29/40] L:0.1119 D:0.0841 F:0.0278 H:0.2497 KL:0.0078 132s
Epoch [30/40] L:0.1081 D:0.0805 F:0.0277 H:0.2476 KL:0.0079 133s
Epoch [31/40] L:0.1040 D:0.0767 F:0.0273 H:0.2447 KL:0.0078 145s
Epoch [32/40] L:0.1008 D:0.0736 F:0.0270 H:0.2439 KL:0.0077 137s
  Val L:0.2826 ABS:0.4354 RMSE:1.2933 d1:0.5360
Epoch [33/40] L:0.0977 D:0.0708 F:0.0267 H:0.2413 KL:0.0075 134s
Epoch [34/40] L:0.0945 D:0.0679 F:0.0267 H:0.2390 KL:0.0073 134s
Epoch [35/40] L:0.0920 D:0.0655 F:0.0266 H:0.2375 KL:0.0074 134s
Epoch [36/40] L:0.0896 D:0.0633 F:0.0261 H:0.2365 KL:0.0073 134s
  Val L:0.2884 ABS:0.4405 RMSE:1.3109 d1:0.5326
Epoch [37/40] L:0.0871 D:0.0609 F:0.0261 H:0.2350 KL:0.0072 134s
Epoch [38/40] L:0.0848 D:0.0589 F:0.0257 H:0.2332 KL:0.0071 134s
Epoch [39/40] L:0.0827 D:0.0569 F:0.0256 H:0.2319 KL:0.0071 134s
Epoch [40/40] L:0.0809 D:0.0551 F:0.0255 H:0.2316 KL:0.0070 135s
wandb: updating run metadata
wandb: uploading output.log; uploading wandb-summary.json; uploading config.yaml
wandb: uploading wandb-summary.json; uploading config.yaml
wandb: 
wandb: Run history:
wandb: best/abs_rel █▅▁▃
wandb:   best/epoch ▁▃▆█
wandb:    best/rmse █▅▃▁
wandb:   best/score █▅▂▁
wandb:        epoch ▁▁▁▂▂▂▂▂▂▃▃▃▃▃▄▄▄▄▄▄▅▅▅▅▅▅▆▆▆▆▆▇▇▇▇▇▇███
wandb:  train/depth █▇▇▆▆▆▆▆▅▅▅▅▅▅▄▄▄▄▄▄▃▃▃▃▃▂▂▂▂▂▂▂▂▁▁▁▁▁▁▁
wandb:    train/foa █▅▄▃▃▃▃▃▂▂▂▂▂▂▂▂▂▂▂▂▂▂▂▁▁▁▁▁▁▁▁▁▁▁▁▁▁▁▁▁
wandb:   train/hist █▇▇▇▇▇▇▇▆▆▅▅▅▅▅▅▄▄▄▄▄▄▃▃▃▃▃▂▂▂▂▂▂▁▁▁▁▁▁▁
wandb:     train/kl ▂▆▇██▄▃▃▃▃▃▃▂▄▂▄▃▃▃▃▃▃▃▃▂▂▂▂▂▂▂▂▂▁▁▁▁▁▁▁
wandb:   train/loss █▇▇▆▆▆▆▆▅▅▅▅▅▅▄▄▄▄▄▄▃▃▃▃▃▂▂▂▂▂▂▂▂▁▁▁▁▁▁▁
wandb:           +8 ...
wandb: 
wandb: Run summary:
wandb: best/abs_rel 0.39891
wandb:   best/epoch 16
wandb:    best/rmse 1.23929
wandb:   best/score 0.98718
wandb:        epoch 40
wandb:  train/depth 0.05512
wandb:    train/foa 0.02552
wandb:   train/hist 0.23156
wandb:     train/kl 0.00696
wandb:   train/loss 0.0809
wandb:           +8 ...
wandb: 
wandb: 🚀 View run unet_256_soundspaces_BS32_Lr0.001_AdamW_exp31_channelattn_lr1e3_fw0.1 at: https://wandb.ai/branden/neurips_audio_depth/runs/sk42jb7w
wandb: ⭐️ View project at: https://wandb.ai/branden/neurips_audio_depth
wandb: Synced 5 W&B file(s), 0 media file(s), 0 artifact file(s) and 0 other file(s)
wandb: Find logs at: ./wandb/run-20260409_062759-sk42jb7w/logs
  Val L:0.2830 ABS:0.4293 RMSE:1.3059 d1:0.5344

Done. Best score:0.9872 RMSE:1.2393 ABS:0.3989
