wandb: [wandb.login()] Loaded credentials for https://api.wandb.ai from /root/.netrc.
wandb: Currently logged in as: branden to https://api.wandb.ai. Use `wandb login --relogin` to force relogin
wandb: setting up run gr2lv33l
wandb: Tracking run with wandb version 0.25.1
wandb: Run data is saved locally in /root/storage/implementation/shared_audio/baseline/wandb/run-20260408_130417-gr2lv33l
wandb: Run `wandb offline` to turn off syncing.
wandb: Syncing run unet_256_soundspaces_BS32_Lr0.001_AdamW_exp46_foa_lr1e3_dw0.5_fw0.1_hw0.1
wandb: ⭐️ View project at https://wandb.ai/branden/neurips_audio_depth
wandb: 🚀 View run at https://wandb.ai/branden/neurips_audio_depth/runs/gr2lv33l
============================================================
Model: audio_depth_foa  Dataset: soundspaces
BS: 32  LR: 0.001  Opt: AdamW
============================================================
Loaded scene split from /root/storage/matterport3d_0303renew/scene_split.json
  train: 72, val: 9, test: 9
[train] 23560 samples from 72 scenes (filtered 5240 with >10% no-depth) [ambisonic=ON]
  Precomputed SH basis matrix: (131072, 4) (order=1)
Loaded scene split from /root/storage/matterport3d_0303renew/scene_split.json
  train: 72, val: 9, test: 9
[val] 2951 samples from 9 scenes (filtered 592 with >10% no-depth) [ambisonic=ON]
  Precomputed SH basis matrix: (131072, 4) (order=1)
Train: 23560, Val: 2951
Model: audio_depth_foa (55.0M params)
Epoch [1/40] L:0.1740 D:0.2681 F:0.0700 H:0.3295 KL:0.0000 132s
Epoch [2/40] L:0.1499 D:0.2293 F:0.0489 H:0.3038 KL:0.0000 132s
Epoch [3/40] L:0.1445 D:0.2204 F:0.0447 H:0.2988 KL:0.0000 135s
Epoch [4/40] L:0.1413 D:0.2140 F:0.0429 H:0.2999 KL:0.0000 143s
  Val L:0.1608 ABS:0.4469 RMSE:1.3640 d1:0.4608
  >> Best (score:1.0889 RMSE:1.3640 ABS:0.4469)
Epoch [5/40] L:0.1387 D:0.2083 F:0.0412 H:0.3043 KL:0.0000 151s
Epoch [6/40] L:0.1363 D:0.2027 F:0.0399 H:0.3096 KL:0.0000 153s
Epoch [7/40] L:0.1335 D:0.1967 F:0.0386 H:0.3124 KL:0.0000 152s
Epoch [8/40] L:0.1309 D:0.1925 F:0.0379 H:0.3087 KL:0.0000 197s
  Val L:0.1528 ABS:0.4567 RMSE:1.2810 d1:0.4808
  >> Best (score:1.0337 RMSE:1.2810 ABS:0.4567)
Epoch [9/40] L:0.1274 D:0.1875 F:0.0368 H:0.2994 KL:0.0000 262s
Epoch [10/40] L:0.1252 D:0.1838 F:0.0355 H:0.2971 KL:0.0000 172s
Epoch [11/40] L:0.1228 D:0.1797 F:0.0341 H:0.2948 KL:0.0000 164s
Epoch [12/40] L:0.1210 D:0.1768 F:0.0334 H:0.2926 KL:0.0000 166s
  Val L:0.1441 ABS:0.4000 RMSE:1.2638 d1:0.5088
  >> Best (score:1.0047 RMSE:1.2638 ABS:0.4000)
Epoch [13/40] L:0.1179 D:0.1720 F:0.0332 H:0.2853 KL:0.0000 166s
Epoch [14/40] L:0.1151 D:0.1683 F:0.0323 H:0.2771 KL:0.0000 160s
Epoch [15/40] L:0.1128 D:0.1643 F:0.0316 H:0.2746 KL:0.0000 161s
Epoch [16/40] L:0.1105 D:0.1602 F:0.0314 H:0.2732 KL:0.0000 163s
  Val L:0.1429 ABS:0.3923 RMSE:1.2697 d1:0.5088
Epoch [17/40] L:0.1077 D:0.1555 F:0.0306 H:0.2689 KL:0.0000 172s
Epoch [18/40] L:0.1050 D:0.1506 F:0.0304 H:0.2669 KL:0.0000 162s
Epoch [19/40] L:0.1025 D:0.1460 F:0.0301 H:0.2653 KL:0.0000 146s
Epoch [20/40] L:0.0995 D:0.1408 F:0.0294 H:0.2620 KL:0.0000 118s
  Val L:0.1448 ABS:0.4252 RMSE:1.2377 d1:0.5219
  >> Best (score:0.9939 RMSE:1.2377 ABS:0.4252)
Epoch [21/40] L:0.0967 D:0.1355 F:0.0293 H:0.2603 KL:0.0000 142s
Epoch [22/40] L:0.0941 D:0.1308 F:0.0290 H:0.2581 KL:0.0000 139s
Epoch [23/40] L:0.0910 D:0.1252 F:0.0285 H:0.2549 KL:0.0000 136s
Epoch [24/40] L:0.0884 D:0.1202 F:0.0285 H:0.2542 KL:0.0000 138s
  Val L:0.1475 ABS:0.4306 RMSE:1.2475 d1:0.5211
Epoch [25/40] L:0.0853 D:0.1150 F:0.0278 H:0.2503 KL:0.0000 248s
Epoch [26/40] L:0.0825 D:0.1100 F:0.0278 H:0.2475 KL:0.0000 271s
Epoch [27/40] L:0.0795 D:0.1048 F:0.0273 H:0.2433 KL:0.0000 248s
Epoch [28/40] L:0.0771 D:0.1005 F:0.0270 H:0.2414 KL:0.0000 233s
  Val L:0.1558 ABS:0.4200 RMSE:1.2810 d1:0.5214
