wandb: [wandb.login()] Loaded credentials for https://api.wandb.ai from /root/.netrc.
wandb: Currently logged in as: branden to https://api.wandb.ai. Use `wandb login --relogin` to force relogin
wandb: setting up run rmuarjiq
wandb: Tracking run with wandb version 0.25.1
wandb: Run data is saved locally in /root/storage/implementation/shared_audio/baseline/wandb/run-20260409_113659-rmuarjiq
wandb: Run `wandb offline` to turn off syncing.
wandb: Syncing run unet_256_soundspaces_BS32_Lr0.0001_AdamW_exp54_foa_lr1e4_dw1.0_fw0.2_hw0.1
wandb: ⭐️ View project at https://wandb.ai/branden/neurips_audio_depth
wandb: 🚀 View run at https://wandb.ai/branden/neurips_audio_depth/runs/rmuarjiq
============================================================
Model: audio_depth_foa  Dataset: soundspaces
BS: 32  LR: 0.0001  Opt: AdamW
============================================================
Loaded scene split from /root/storage/matterport3d_0303renew/scene_split.json
  train: 72, val: 9, test: 9
[train] 23560 samples from 72 scenes (filtered 5240 with >10% no-depth) [ambisonic=ON]
  Precomputed SH basis matrix: (131072, 4) (order=1)
Loaded scene split from /root/storage/matterport3d_0303renew/scene_split.json
  train: 72, val: 9, test: 9
[val] 2951 samples from 9 scenes (filtered 592 with >10% no-depth) [ambisonic=ON]
  Precomputed SH basis matrix: (131072, 4) (order=1)
Train: 23560, Val: 2951
Model: audio_depth_foa (55.0M params)
Epoch [1/40] L:0.3179 D:0.2642 F:0.0691 H:0.3993 KL:0.0000 117s
Epoch [2/40] L:0.2578 D:0.2146 F:0.0445 H:0.3434 KL:0.0000 116s
Epoch [3/40] L:0.2434 D:0.2000 F:0.0404 H:0.3538 KL:0.0000 116s
Epoch [4/40] L:0.2365 D:0.1934 F:0.0384 H:0.3539 KL:0.0000 116s
  Val L:0.2839 ABS:0.5230 RMSE:1.2872 d1:0.4851
  >> Best (score:1.0579 RMSE:1.2872 ABS:0.5230)
Epoch [5/40] L:0.2312 D:0.1884 F:0.0368 H:0.3548 KL:0.0000 116s
Epoch [6/40] L:0.2268 D:0.1841 F:0.0357 H:0.3558 KL:0.0000 116s
Epoch [7/40] L:0.2223 D:0.1798 F:0.0348 H:0.3562 KL:0.0000 117s
Epoch [8/40] L:0.2170 D:0.1747 F:0.0337 H:0.3563 KL:0.0000 117s
  Val L:0.2672 ABS:0.3965 RMSE:1.2849 d1:0.5059
  >> Best (score:1.0184 RMSE:1.2849 ABS:0.3965)
Epoch [9/40] L:0.2131 D:0.1707 F:0.0336 H:0.3568 KL:0.0000 118s
Epoch [10/40] L:0.2077 D:0.1655 F:0.0328 H:0.3571 KL:0.0000 117s
Epoch [11/40] L:0.2024 D:0.1602 F:0.0325 H:0.3573 KL:0.0000 119s
Epoch [12/40] L:0.1957 D:0.1537 F:0.0325 H:0.3546 KL:0.0000 116s
  Val L:0.2745 ABS:0.3961 RMSE:1.2652 d1:0.5112
  >> Best (score:1.0045 RMSE:1.2652 ABS:0.3961)
Epoch [13/40] L:0.1889 D:0.1473 F:0.0318 H:0.3518 KL:0.0000 119s
Epoch [14/40] L:0.1829 D:0.1417 F:0.0312 H:0.3502 KL:0.0000 118s
Epoch [15/40] L:0.1759 D:0.1346 F:0.0311 H:0.3501 KL:0.0000 118s
Epoch [16/40] L:0.1696 D:0.1287 F:0.0307 H:0.3484 KL:0.0000 117s
  Val L:0.2670 ABS:0.4095 RMSE:1.2432 d1:0.5300
  >> Best (score:0.9931 RMSE:1.2432 ABS:0.4095)
Epoch [17/40] L:0.1629 D:0.1222 F:0.0299 H:0.3472 KL:0.0000 116s
Epoch [18/40] L:0.1568 D:0.1166 F:0.0295 H:0.3437 KL:0.0000 117s
Epoch [19/40] L:0.1498 D:0.1105 F:0.0294 H:0.3339 KL:0.0000 120s
Epoch [20/40] L:0.1434 D:0.1050 F:0.0292 H:0.3252 KL:0.0000 117s
  Val L:0.2762 ABS:0.4121 RMSE:1.2762 d1:0.5339
Epoch [21/40] L:0.1375 D:0.0998 F:0.0286 H:0.3191 KL:0.0000 116s
Epoch [22/40] L:0.1319 D:0.0950 F:0.0285 H:0.3123 KL:0.0000 117s
Epoch [23/40] L:0.1265 D:0.0905 F:0.0280 H:0.3047 KL:0.0000 117s
Epoch [24/40] L:0.1208 D:0.0865 F:0.0278 H:0.2872 KL:0.0000 117s
  Val L:0.2767 ABS:0.4320 RMSE:1.2651 d1:0.5357
Epoch [25/40] L:0.1154 D:0.0826 F:0.0275 H:0.2727 KL:0.0000 120s
Epoch [26/40] L:0.1113 D:0.0792 F:0.0273 H:0.2662 KL:0.0000 117s
Epoch [27/40] L:0.1078 D:0.0762 F:0.0271 H:0.2609 KL:0.0000 117s
Epoch [28/40] L:0.1044 D:0.0735 F:0.0266 H:0.2558 KL:0.0000 116s
  Val L:0.2794 ABS:0.4363 RMSE:1.2909 d1:0.5351
Epoch [29/40] L:0.1014 D:0.0708 F:0.0259 H:0.2533 KL:0.0000 116s
Epoch [30/40] L:0.0981 D:0.0680 F:0.0256 H:0.2499 KL:0.0000 116s
Epoch [31/40] L:0.0956 D:0.0658 F:0.0255 H:0.2473 KL:0.0000 116s
Epoch [32/40] L:0.0931 D:0.0635 F:0.0252 H:0.2457 KL:0.0000 134s
  Val L:0.2824 ABS:0.4391 RMSE:1.2864 d1:0.5308
Epoch [33/40] L:0.0911 D:0.0617 F:0.0250 H:0.2445 KL:0.0000 117s
Epoch [34/40] L:0.0888 D:0.0596 F:0.0245 H:0.2426 KL:0.0000 117s
Epoch [35/40] L:0.0867 D:0.0577 F:0.0244 H:0.2409 KL:0.0000 117s
Epoch [36/40] L:0.0850 D:0.0562 F:0.0240 H:0.2397 KL:0.0000 116s
  Val L:0.2855 ABS:0.4418 RMSE:1.2922 d1:0.5368
Epoch [37/40] L:0.0832 D:0.0546 F:0.0238 H:0.2386 KL:0.0000 117s
Epoch [38/40] L:0.0817 D:0.0533 F:0.0238 H:0.2369 KL:0.0000 116s
Epoch [39/40] L:0.0798 D:0.0517 F:0.0233 H:0.2347 KL:0.0000 118s
Epoch [40/40] L:0.0784 D:0.0504 F:0.0231 H:0.2345 KL:0.0000 117s
wandb: updating run metadata
wandb: uploading output.log; uploading wandb-summary.json; uploading config.yaml
wandb: 
wandb: Run history:
wandb: best/abs_rel █▁▁▂
wandb:   best/epoch ▁▃▆█
wandb:    best/rmse ██▅▁
wandb:   best/score █▄▂▁
wandb:        epoch ▁▁▁▂▂▂▂▂▂▃▃▃▃▃▄▄▄▄▄▄▅▅▅▅▅▅▆▆▆▆▆▇▇▇▇▇▇███
wandb:  train/depth █▆▆▆▆▅▅▅▅▅▅▄▄▄▄▄▃▃▃▃▃▂▂▂▂▂▂▂▂▂▂▁▁▁▁▁▁▁▁▁
wandb:    train/foa █▄▄▃▃▃▃▃▃▂▂▂▂▂▂▂▂▂▂▂▂▂▂▂▂▂▂▂▁▁▁▁▁▁▁▁▁▁▁▁
wandb:   train/hist █▆▆▆▆▆▆▆▆▆▆▆▆▆▆▆▆▆▅▅▅▄▄▃▃▂▂▂▂▂▂▁▁▁▁▁▁▁▁▁
wandb:     train/kl ▁▁▁▁▁▁▁▁▁▁▁▁▁▁▁▁▁▁▁▁▁▁▁▁▁▁▁▁▁▁▁▁▁▁▁▁▁▁▁▁
wandb:   train/loss █▆▆▆▅▅▅▅▅▅▅▄▄▄▄▄▃▃▃▃▃▃▂▂▂▂▂▂▂▂▂▁▁▁▁▁▁▁▁▁
wandb:           +8 ...
wandb: 
wandb: Run summary:
wandb: best/abs_rel 0.40951
wandb:   best/epoch 16
wandb:    best/rmse 1.24317
wandb:   best/score 0.99307
wandb:        epoch 40
wandb:  train/depth 0.05036
wandb:    train/foa 0.02306
wandb:   train/hist 0.23453
wandb:     train/kl 0
wandb:   train/loss 0.07843
wandb:           +8 ...
wandb: 
wandb: 🚀 View run unet_256_soundspaces_BS32_Lr0.0001_AdamW_exp54_foa_lr1e4_dw1.0_fw0.2_hw0.1 at: https://wandb.ai/branden/neurips_audio_depth/runs/rmuarjiq
wandb: ⭐️ View project at: https://wandb.ai/branden/neurips_audio_depth
wandb: Synced 5 W&B file(s), 0 media file(s), 0 artifact file(s) and 0 other file(s)
wandb: Find logs at: ./wandb/run-20260409_113659-rmuarjiq/logs
  Val L:0.2869 ABS:0.4430 RMSE:1.2997 d1:0.5368

Done. Best score:0.9931 RMSE:1.2432 ABS:0.4095
