wandb: [wandb.login()] Loaded credentials for https://api.wandb.ai from /root/.netrc.
wandb: Currently logged in as: branden to https://api.wandb.ai. Use `wandb login --relogin` to force relogin
wandb: setting up run j5tak27t
wandb: Tracking run with wandb version 0.25.1
wandb: Run data is saved locally in /root/storage/implementation/shared_audio/baseline/wandb/run-20260409_130528-j5tak27t
wandb: Run `wandb offline` to turn off syncing.
wandb: Syncing run unet_256_soundspaces_BS32_Lr0.0005_AdamW_exp60_foav2_lr5e4_dw1.0_fw0.2_hw0.2
wandb: ⭐️ View project at https://wandb.ai/branden/neurips_audio_depth
wandb: 🚀 View run at https://wandb.ai/branden/neurips_audio_depth/runs/j5tak27t
============================================================
Model: foa_v2  Dataset: soundspaces
BS: 32  LR: 0.0005  Opt: AdamW
============================================================
Loaded scene split from /root/storage/matterport3d_0303renew/scene_split.json
  train: 72, val: 9, test: 9
[train] 23560 samples from 72 scenes (filtered 5240 with >10% no-depth) [ambisonic=ON]
  Precomputed SH basis matrix: (131072, 4) (order=1)
Loaded scene split from /root/storage/matterport3d_0303renew/scene_split.json
  train: 72, val: 9, test: 9
[val] 2951 samples from 9 scenes (filtered 592 with >10% no-depth) [ambisonic=ON]
  Precomputed SH basis matrix: (131072, 4) (order=1)
Train: 23560, Val: 2951
Model: foa_v2 (55.1M params)
/opt/conda/lib/python3.9/site-packages/torch/nn/parallel/_functions.py:71: UserWarning: Was asked to gather along dimension 0, but all input tensors were scalars; will instead unsqueeze and return a vector.
  warnings.warn(
Epoch [1/40] L:0.3627 D:0.2628 F:0.0739 H:0.3282 KL:0.0000 CON:0.3908 393s
Epoch [2/40] L:0.3092 D:0.2312 F:0.0509 H:0.2958 KL:0.0000 CON:0.1730 373s
Epoch [3/40] L:0.2959 D:0.2211 F:0.0473 H:0.2992 KL:0.0000 CON:0.1117 374s
Epoch [4/40] L:0.2859 D:0.2109 F:0.0445 H:0.3072 KL:0.0000 CON:0.0917 376s
  Val L:0.3253 ABS:0.4688 RMSE:1.3225 d1:0.4649
  >> Best (score:1.0664 RMSE:1.3225 ABS:0.4688)
Epoch [5/40] L:0.2783 D:0.2037 F:0.0424 H:0.3095 KL:0.0000 CON:0.0837 377s
Epoch [6/40] L:0.2736 D:0.1995 F:0.0412 H:0.3101 KL:0.0000 CON:0.0766 378s
Epoch [7/40] L:0.2692 D:0.1956 F:0.0395 H:0.3101 KL:0.0000 CON:0.0727 386s
Epoch [8/40] L:0.2657 D:0.1921 F:0.0383 H:0.3122 KL:0.0000 CON:0.0704 384s
  Val L:0.3000 ABS:0.4563 RMSE:1.2639 d1:0.4959
  >> Best (score:1.0216 RMSE:1.2639 ABS:0.4563)
Epoch [9/40] L:0.2619 D:0.1888 F:0.0374 H:0.3110 KL:0.0000 CON:0.0682 389s
Epoch [10/40] L:0.2555 D:0.1848 F:0.0366 H:0.3006 KL:0.0000 CON:0.0658 375s
Epoch [11/40] L:0.2507 D:0.1810 F:0.0355 H:0.2969 KL:0.0000 CON:0.0654 401s
Epoch [12/40] L:0.2474 D:0.1779 F:0.0342 H:0.2974 KL:0.0000 CON:0.0636 440s
  Val L:0.2920 ABS:0.4220 RMSE:1.2676 d1:0.4967
  >> Best (score:1.0139 RMSE:1.2676 ABS:0.4220)
Epoch [13/40] L:0.2434 D:0.1744 F:0.0338 H:0.2956 KL:0.0000 CON:0.0618 433s
Epoch [14/40] L:0.2394 D:0.1705 F:0.0332 H:0.2960 KL:0.0000 CON:0.0622 427s
Epoch [15/40] L:0.2352 D:0.1667 F:0.0326 H:0.2950 KL:0.0000 CON:0.0601 442s
Epoch [16/40] L:0.2306 D:0.1621 F:0.0322 H:0.2948 KL:0.0000 CON:0.0625 421s
  Val L:0.3004 ABS:0.4304 RMSE:1.2531 d1:0.5129
  >> Best (score:1.0063 RMSE:1.2531 ABS:0.4304)
Epoch [17/40] L:0.2265 D:0.1580 F:0.0318 H:0.2953 KL:0.0000 CON:0.0618 395s
Epoch [18/40] L:0.2221 D:0.1537 F:0.0312 H:0.2954 KL:0.0000 CON:0.0622 397s
Epoch [19/40] L:0.2154 D:0.1483 F:0.0312 H:0.2884 KL:0.0000 CON:0.0644 400s
Epoch [20/40] L:0.2065 D:0.1428 F:0.0313 H:0.2707 KL:0.0000 CON:0.0660 394s
  Val L:0.2891 ABS:0.4439 RMSE:1.2353 d1:0.5174
  >> Best (score:0.9979 RMSE:1.2353 ABS:0.4439)
Epoch [21/40] L:0.2002 D:0.1381 F:0.0305 H:0.2635 KL:0.0000 CON:0.0654 392s
Epoch [22/40] L:0.1934 D:0.1324 F:0.0303 H:0.2584 KL:0.0000 CON:0.0664 397s
Epoch [23/40] L:0.1873 D:0.1270 F:0.0300 H:0.2547 KL:0.0000 CON:0.0677 398s
Epoch [24/40] L:0.1828 D:0.1232 F:0.0296 H:0.2515 KL:0.0000 CON:0.0666 396s
  Val L:0.2974 ABS:0.4295 RMSE:1.2591 d1:0.5163
Epoch [25/40] L:0.1765 D:0.1176 F:0.0296 H:0.2478 KL:0.0000 CON:0.0676 397s
Epoch [26/40] L:0.1708 D:0.1129 F:0.0290 H:0.2435 KL:0.0000 CON:0.0685 399s
Epoch [27/40] L:0.1659 D:0.1085 F:0.0290 H:0.2405 KL:0.0000 CON:0.0706 393s
Epoch [28/40] L:0.1609 D:0.1044 F:0.0288 H:0.2360 KL:0.0000 CON:0.0709 400s
  Val L:0.3069 ABS:0.4166 RMSE:1.2746 d1:0.5127
Epoch [29/40] L:0.1553 D:0.0999 F:0.0284 H:0.2315 KL:0.0000 CON:0.0689 376s
