/opt/conda/lib/python3.11/site-packages/timm/models/layers/__init__.py:49: FutureWarning: Importing from timm.models.layers is deprecated, please import via timm.layers
  warnings.warn(f"Importing from {__name__} is deprecated, please import via timm.layers", FutureWarning)
============================================================
Model: n4_0425  Dataset: soundspaces
BS: 64  LR: 0.0001  Opt: AdamW
============================================================
Loaded scene split from /root/local1/changwoo/matterport3d_0303renew/scene_split.json
  train: 72, val: 9, test: 9
[train] 23560 samples (fast cache: samples_train_erp_8b3be925d3ae.json) [ambisonic=ON]
  Precomputed SH basis matrix: (131072, 4) (order=1)
Loaded scene split from /root/local1/changwoo/matterport3d_0303renew/scene_split.json
  train: 72, val: 9, test: 9
[val] 2951 samples (fast cache: samples_val_erp_be0f29dd7abf.json) [ambisonic=ON]
  Precomputed SH basis matrix: (131072, 4) (order=1)
Train: 23560, Val: 2951
Model: n4_0425 (73.9M params)
  [train] epoch 1 step 200/369 (222s)
Epoch [1/40] L:0.7140 D:0.2747 F:0.0000 406s
  [train] epoch 2 step 200/369 (214s)
Epoch [2/40] L:0.6399 D:0.2027 F:0.0000 396s
  [train] epoch 3 step 200/369 (210s)
Epoch [3/40] L:0.6306 D:0.1955 F:0.0000 391s
  [train] epoch 4 step 200/369 (209s)
Epoch [4/40] L:0.6246 D:0.1917 F:0.0000 385s
  [val] starting (47 batches)
  [val] done (47 batches, 39s)
  Val L:0.2277 ABS:0.4238 RMSE:1.3822 d1:0.4987
  >> Best (score:1.0947 RMSE:1.3822 ABS:0.4238)
  [train] epoch 5 step 200/369 (216s)
Epoch [5/40] L:0.6197 D:0.1892 F:0.0000 394s
  [train] epoch 6 step 200/369 (214s)
Epoch [6/40] L:0.6143 D:0.1861 F:0.0000 393s
  [train] epoch 7 step 200/369 (206s)
Epoch [7/40] L:0.6096 D:0.1838 F:0.0000 389s
  [train] epoch 8 step 200/369 (214s)
Epoch [8/40] L:0.6034 D:0.1802 F:0.0000 392s
  [val] starting (47 batches)
  [val] done (47 batches, 40s)
  Val L:0.2239 ABS:0.4006 RMSE:1.3712 d1:0.5174
  >> Best (score:1.0800 RMSE:1.3712 ABS:0.4006)
  [train] epoch 9 step 200/369 (215s)
Epoch [9/40] L:0.5980 D:0.1775 F:0.0000 392s
  [train] epoch 10 step 200/369 (213s)
Epoch [10/40] L:0.5919 D:0.1740 F:0.0000 388s
  [train] epoch 11 step 200/369 (202s)
Epoch [11/40] L:0.5861 D:0.1710 F:0.0000 382s
  [train] epoch 12 step 200/369 (210s)
Epoch [12/40] L:0.5783 D:0.1660 F:0.0000 389s
  [val] starting (47 batches)
  [val] done (47 batches, 39s)
  Val L:0.2345 ABS:0.3803 RMSE:1.4058 d1:0.5147
  [train] epoch 13 step 200/369 (209s)
Epoch [13/40] L:0.5710 D:0.1616 F:0.0000 392s
  [train] epoch 14 step 200/369 (208s)
Epoch [14/40] L:0.5628 D:0.1565 F:0.0000 391s
  [train] epoch 15 step 200/369 (185s)
Epoch [15/40] L:0.5545 D:0.1512 F:0.0000 354s
  [train] epoch 16 step 200/369 (224s)
Epoch [16/40] L:0.5465 D:0.1463 F:0.0000 412s
  [val] starting (47 batches)
  [val] done (47 batches, 38s)
  Val L:0.2385 ABS:0.3935 RMSE:1.3917 d1:0.5232
  [train] epoch 17 step 200/369 (227s)
Epoch [17/40] L:0.5366 D:0.1397 F:0.0000 414s
  [train] epoch 18 step 200/369 (236s)
Epoch [18/40] L:0.5276 D:0.1339 F:0.0000 424s
  [train] epoch 19 step 200/369 (225s)
Epoch [19/40] L:0.5196 D:0.1292 F:0.0000 420s
  [train] epoch 20 step 200/369 (226s)
Epoch [20/40] L:0.5105 D:0.1236 F:0.0000 418s
  [val] starting (47 batches)
  [val] done (47 batches, 40s)
  Val L:0.2384 ABS:0.4316 RMSE:1.3711 d1:0.5315
  [train] epoch 21 step 200/369 (218s)
Epoch [21/40] L:0.5031 D:0.1196 F:0.0000 410s
  [train] epoch 22 step 200/369 (230s)
Epoch [22/40] L:0.4948 D:0.1149 F:0.0000 408s
  [train] epoch 23 step 200/369 (222s)
Epoch [23/40] L:0.4872 D:0.1108 F:0.0000 421s
  [train] epoch 24 step 200/369 (230s)
Epoch [24/40] L:0.4802 D:0.1076 F:0.0000 426s
  [val] starting (47 batches)
  [val] done (47 batches, 56s)
  Val L:0.2459 ABS:0.4333 RMSE:1.4004 d1:0.5324
  [train] epoch 25 step 200/369 (235s)
Epoch [25/40] L:0.4736 D:0.1047 F:0.0000 433s
  [train] epoch 26 step 200/369 (218s)
Epoch [26/40] L:0.4664 D:0.1013 F:0.0000 399s
  [train] epoch 27 step 200/369 (226s)
Epoch [27/40] L:0.4608 D:0.0995 F:0.0000 415s
  [train] epoch 28 step 200/369 (224s)
Epoch [28/40] L:0.4543 D:0.0970 F:0.0000 421s
  [val] starting (47 batches)
  [val] done (47 batches, 41s)
  Val L:0.2417 ABS:0.4413 RMSE:1.3901 d1:0.5345
  [train] epoch 29 step 200/369 (234s)
Epoch [29/40] L:0.4470 D:0.0937 F:0.0000 425s
  [train] epoch 30 step 200/369 (222s)
Epoch [30/40] L:0.4416 D:0.0923 F:0.0000 414s
  [train] epoch 31 step 200/369 (232s)
Epoch [31/40] L:0.4348 D:0.0897 F:0.0000 414s
  [train] epoch 32 step 200/369 (226s)
Epoch [32/40] L:0.4289 D:0.0879 F:0.0000 419s
  [val] starting (47 batches)
  [val] done (47 batches, 50s)
  Val L:0.2503 ABS:0.4093 RMSE:1.4239 d1:0.5311
  [train] epoch 33 step 200/369 (227s)
Epoch [33/40] L:0.4229 D:0.0860 F:0.0000 416s
  [train] epoch 34 step 200/369 (220s)
Epoch [34/40] L:0.4173 D:0.0848 F:0.0000 411s
  [train] epoch 35 step 200/369 (231s)
Epoch [35/40] L:0.4113 D:0.0830 F:0.0000 421s
  [train] epoch 36 step 200/369 (230s)
Epoch [36/40] L:0.4052 D:0.0813 F:0.0000 418s
  [val] starting (47 batches)
  [val] done (47 batches, 40s)
  Val L:0.2535 ABS:0.4194 RMSE:1.4328 d1:0.5333
  [train] epoch 37 step 200/369 (227s)
Epoch [37/40] L:0.4001 D:0.0805 F:0.0000 415s
  [train] epoch 38 step 200/369 (228s)
Epoch [38/40] L:0.3943 D:0.0792 F:0.0000 425s
  [train] epoch 39 step 200/369 (229s)
Epoch [39/40] L:0.3883 D:0.0776 F:0.0000 419s
  [train] epoch 40 step 200/369 (238s)
Epoch [40/40] L:0.3822 D:0.0761 F:0.0000 428s
  [val] starting (47 batches)
  [val] done (47 batches, 41s)
  Val L:0.2501 ABS:0.4318 RMSE:1.4167 d1:0.5369

Done. Best score:1.0800 RMSE:1.3712 ABS:0.4006
